Archive member included to satisfy reference by file (symbol)

.\CortexM3\ARM_GCC_541\Debug\Design01.a(UART_1.o)
                              .\CortexM3\ARM_GCC_541\Debug\main.o (UART_1_Start)
.\CortexM3\ARM_GCC_541\Debug\Design01.a(UART_1_IntClock.o)
                              .\CortexM3\ARM_GCC_541\Debug\Design01.a(UART_1.o) (UART_1_IntClock_Start)
.\CortexM3\ARM_GCC_541\Debug\Design01.a(CyLib.o)
                              .\CortexM3\ARM_GCC_541\Debug\Cm3Start.o (CyHalt)
.\CortexM3\ARM_GCC_541\Debug\Design01.a(cyPm.o)
                              .\CortexM3\ARM_GCC_541\Debug\Design01.a(CyLib.o) (CyPmReadStatus)
.\CortexM3\ARM_GCC_541\Debug\Design01.a(USBUART.o)
                              .\CortexM3\ARM_GCC_541\Debug\main.o (USBUART_Start)
.\CortexM3\ARM_GCC_541\Debug\Design01.a(USBUART_cdc.o)
                              .\CortexM3\ARM_GCC_541\Debug\main.o (USBUART_CDC_Init)
.\CortexM3\ARM_GCC_541\Debug\Design01.a(USBUART_drv.o)
                              .\CortexM3\ARM_GCC_541\Debug\Design01.a(USBUART.o) (USBUART_lastPacketSize)
.\CortexM3\ARM_GCC_541\Debug\Design01.a(USBUART_episr.o)
                              .\CortexM3\ARM_GCC_541\Debug\Design01.a(USBUART.o) (USBUART_EP_1_ISR)
.\CortexM3\ARM_GCC_541\Debug\Design01.a(USBUART_pm.o)
                              .\CortexM3\ARM_GCC_541\Debug\Design01.a(USBUART.o) (USBUART_DP_ISR)
.\CortexM3\ARM_GCC_541\Debug\Design01.a(USBUART_std.o)
                              .\CortexM3\ARM_GCC_541\Debug\Design01.a(USBUART_pm.o) (USBUART_ConfigReg)
.\CortexM3\ARM_GCC_541\Debug\Design01.a(USBUART_vnd.o)
                              .\CortexM3\ARM_GCC_541\Debug\Design01.a(USBUART_drv.o) (USBUART_HandleVendorRqst)
.\CortexM3\ARM_GCC_541\Debug\Design01.a(USBUART_Dp.o)
                              .\CortexM3\ARM_GCC_541\Debug\Design01.a(USBUART.o) (USBUART_Dp_ClearInterrupt)
.\CortexM3\ARM_GCC_541\Debug\Design01.a(ADC_DelSig_1.o)
                              .\CortexM3\ARM_GCC_541\Debug\main.o (ADC_DelSig_1_Start)
.\CortexM3\ARM_GCC_541\Debug\Design01.a(ADC_DelSig_1_INT.o)
                              .\CortexM3\ARM_GCC_541\Debug\Design01.a(ADC_DelSig_1.o) (ADC_DelSig_1_ISR1)
.\CortexM3\ARM_GCC_541\Debug\Design01.a(TIA_1.o)
                              .\CortexM3\ARM_GCC_541\Debug\main.o (TIA_1_SetResFB)
.\CortexM3\ARM_GCC_541\Debug\Design01.a(VDAC_Vgs.o)
                              .\CortexM3\ARM_GCC_541\Debug\main.o (VDAC_Vgs_SetValue)
.\CortexM3\ARM_GCC_541\Debug\Design01.a(VDAC_Vds.o)
                              .\CortexM3\ARM_GCC_541\Debug\main.o (VDAC_Vds_SetValue)
.\CortexM3\ARM_GCC_541\Debug\Design01.a(ADC_DelSig_1_Ext_CP_Clk.o)
                              .\CortexM3\ARM_GCC_541\Debug\Design01.a(ADC_DelSig_1.o) (ADC_DelSig_1_Ext_CP_Clk_SetModeRegister)
.\CortexM3\ARM_GCC_541\Debug\Design01.a(ADC_DelSig_1_theACLK.o)
                              .\CortexM3\ARM_GCC_541\Debug\Design01.a(ADC_DelSig_1.o) (ADC_DelSig_1_theACLK_SetModeRegister)
.\CortexM3\ARM_GCC_541\Debug\Design01.a(VDAC_Ref.o)
                              .\CortexM3\ARM_GCC_541\Debug\main.o (VDAC_Ref_SetValue)
.\CortexM3\ARM_GCC_541\Debug\Design01.a(I2C_1.o)
                              .\CortexM3\ARM_GCC_541\Debug\main.o (I2C_1_Start)
.\CortexM3\ARM_GCC_541\Debug\Design01.a(I2C_1_INT.o)
                              .\CortexM3\ARM_GCC_541\Debug\Design01.a(I2C_1.o) (I2C_1_ISR)
.\CortexM3\ARM_GCC_541\Debug\Design01.a(I2C_1_MASTER.o)
                              .\CortexM3\ARM_GCC_541\Debug\main.o (I2C_1_MasterWriteBuf)
.\CortexM3\ARM_GCC_541\Debug\Design01.a(CommunicationTimer.o)
                              .\CortexM3\ARM_GCC_541\Debug\main.o (CommunicationTimer_ReadStatusRegister)
.\CortexM3\ARM_GCC_541\Debug\Design01.a(CommunicationInterrupt.o)
                              .\CortexM3\ARM_GCC_541\Debug\main.o (CommunicationInterrupt_StartEx)
.\CortexM3\ARM_GCC_541\Debug\Design01.a(ADC_SAR_1.o)
                              .\CortexM3\ARM_GCC_541\Debug\main.o (ADC_SAR_1_Start)
.\CortexM3\ARM_GCC_541\Debug\Design01.a(ADC_SAR_1_INT.o)
                              .\CortexM3\ARM_GCC_541\Debug\Design01.a(ADC_SAR_1.o) (ADC_SAR_1_ISR)
.\CortexM3\ARM_GCC_541\Debug\Design01.a(ADC_SAR_2.o)
                              .\CortexM3\ARM_GCC_541\Debug\main.o (ADC_SAR_2_Start)
.\CortexM3\ARM_GCC_541\Debug\Design01.a(ADC_SAR_2_INT.o)
                              .\CortexM3\ARM_GCC_541\Debug\Design01.a(ADC_SAR_2.o) (ADC_SAR_2_ISR)
.\CortexM3\ARM_GCC_541\Debug\Design01.a(ADC_SAR_1_theACLK.o)
                              .\CortexM3\ARM_GCC_541\Debug\Design01.a(ADC_SAR_1.o) (ADC_SAR_1_theACLK_SetModeRegister)
.\CortexM3\ARM_GCC_541\Debug\Design01.a(ADC_SAR_2_theACLK.o)
                              .\CortexM3\ARM_GCC_541\Debug\Design01.a(ADC_SAR_2.o) (ADC_SAR_2_theACLK_SetModeRegister)
.\CortexM3\ARM_GCC_541\Debug\Design01.a(Opamp_1.o)
                              .\CortexM3\ARM_GCC_541\Debug\main.o (Opamp_1_Start)
.\CortexM3\ARM_GCC_541\Debug\Design01.a(Opamp_2.o)
[...]
Memory Configuration

Name             Origin             Length             Attributes
rom              0x00000000         0x00040000         xr
ram              0x1fff8000         0x00010000         xrw
*default*        0x00000000         0xffffffff

Linker script and memory map

LOAD c:/program files (x86)/cypress/psoc creator/4.1/psoc creator/import/gnu/arm/5.4.1/bin/../lib/gcc/arm-none-eabi/5.4.1/armv7-m/crti.o
LOAD c:/program files (x86)/cypress/psoc creator/4.1/psoc creator/import/gnu/arm/5.4.1/bin/../lib/gcc/arm-none-eabi/5.4.1/armv7-m/crtbegin.o
LOAD c:/program files (x86)/cypress/psoc creator/4.1/psoc creator/import/gnu/arm/5.4.1/bin/../lib/gcc/arm-none-eabi/5.4.1/../../../../arm-none-eabi/lib/armv7-m/crt0.o
START GROUP
LOAD .\CortexM3\ARM_GCC_541\Debug\main.o
LOAD .\CortexM3\ARM_GCC_541\Debug\cyfitter_cfg.o
LOAD .\CortexM3\ARM_GCC_541\Debug\cymetadata.o
LOAD .\CortexM3\ARM_GCC_541\Debug\Cm3Start.o
LOAD .\CortexM3\ARM_GCC_541\Debug\Design01.a
LOAD C:\Program Files (x86)\Cypress\PSoC Creator\4.1\PSoC Creator\psoc\content\cycomponentlibrary\CyComponentLibrary.cylib\CortexM3\ARM_GCC_541\Debug\CyComponentLibrary.a
END GROUP
START GROUP
LOAD c:/program files (x86)/cypress/psoc creator/4.1/psoc creator/import/gnu/arm/5.4.1/bin/../lib/gcc/arm-none-eabi/5.4.1/armv7-m\libgcc.a
LOAD c:/program files (x86)/cypress/psoc creator/4.1/psoc creator/import/gnu/arm/5.4.1/bin/../lib/gcc/arm-none-eabi/5.4.1/../../../../arm-none-eabi/lib/armv7-m\libg_nano.a
LOAD c:/program files (x86)/cypress/psoc creator/4.1/psoc creator/import/gnu/arm/5.4.1/bin/../lib/gcc/arm-none-eabi/5.4.1/../../../../arm-none-eabi/lib/armv7-m\libc_nano.a
END GROUP
START GROUP
LOAD c:/program files (x86)/cypress/psoc creator/4.1/psoc creator/import/gnu/arm/5.4.1/bin/../lib/gcc/arm-none-eabi/5.4.1/armv7-m\libgcc.a
LOAD c:/program files (x86)/cypress/psoc creator/4.1/psoc creator/import/gnu/arm/5.4.1/bin/../lib/gcc/arm-none-eabi/5.4.1/../../../../arm-none-eabi/lib/armv7-m\libc_nano.a
END GROUP
LOAD c:/program files (x86)/cypress/psoc creator/4.1/psoc creator/import/gnu/arm/5.4.1/bin/../lib/gcc/arm-none-eabi/5.4.1/armv7-m/crtend.o
LOAD c:/program files (x86)/cypress/psoc creator/4.1/psoc creator/import/gnu/arm/5.4.1/bin/../lib/gcc/arm-none-eabi/5.4.1/armv7-m/crtn.o
START GROUP
LOAD c:/program files (x86)/cypress/psoc creator/4.1/psoc creator/import/gnu/arm/5.4.1/bin/../lib/gcc/arm-none-eabi/5.4.1/armv7-m\libgcc.a
LOAD c:/program files (x86)/cypress/psoc creator/4.1/psoc creator/import/gnu/arm/5.4.1/bin/../lib/gcc/arm-none-eabi/5.4.1/../../../../arm-none-eabi/lib/armv7-m\libc.a
LOAD c:/program files (x86)/cypress/psoc creator/4.1/psoc creator/import/gnu/arm/5.4.1/bin/../lib/gcc/arm-none-eabi/5.4.1/../../../../arm-none-eabi/lib/armv7-m\libnosys.a
END GROUP
                0x00000000                CY_APPL_ORIGIN = 0x0
                0x00000100                CY_FLASH_ROW_SIZE = 0x100
                0x00000020                CY_ECC_ROW_SIZE = 0x20
                0x00000000                CY_EE_IN_BTLDR = 0x0
                0x00000000                CY_APPL_LOADABLE = 0x0
                0x00000800                CY_EE_SIZE = 0x800
                0x00000001                CY_APPL_NUM = 0x1
                0x00000001                CY_APPL_MAX = 0x1
                0x00000040                CY_METADATA_SIZE = 0x40
                0x00000000                CY_APPL_LOADABLE = 0x0
                0x00000000                CY_CHECKSUM_EXCLUDE_SIZE = ALIGN (0x0, CY_FLASH_ROW_SIZE)
                [!provide]                PROVIDE (__cy_heap_start, _end)
                0x00000001                PROVIDE (__cy_region_num, ((__cy_regions_end - __cy_regions) / 0x10))
                0x20008000                PROVIDE (__cy_stack, (ORIGIN (ram) + LENGTH (ram)))
                [!provide]                PROVIDE (__cy_heap_end, (__cy_stack - 0x800))

.cybootloader   0x00000000        0x0
 *(.cybootloader)
                0x00000000                appl1_start = CY_APPL_ORIGIN?CY_APPL_ORIGIN:ALIGN (CY_FLASH_ROW_SIZE)
                0x0001ff00                appl2_start = (appl1_start + ALIGN ((((LENGTH (rom) - appl1_start) - (0x2 * CY_FLASH_ROW_SIZE)) / 0x2), CY_FLASH_ROW_SIZE))
                0x00000000                appl_start = (CY_APPL_NUM == 0x1)?appl1_start:appl2_start
                0x00000000                ecc_offset = ((appl_start / CY_FLASH_ROW_SIZE) * CY_ECC_ROW_SIZE)
                0x00000000                ee_offset = (CY_APPL_LOADABLE && ! (CY_EE_IN_BTLDR))?((CY_EE_SIZE / CY_APPL_MAX) * (CY_APPL_NUM - 0x1)):0x0
                0x00000800                ee_size = (CY_APPL_LOADABLE && ! (CY_EE_IN_BTLDR))?(CY_EE_SIZE / CY_APPL_MAX):CY_EE_SIZE
                [!provide]                PROVIDE (CY_ECC_OFFSET, ecc_offset)

.text           0x00000000     0x8798
 CREATE_OBJECT_SYMBOLS
                0x00000000                PROVIDE (__cy_interrupt_vector, RomVectors)
 *(.romvectors)
 .romvectors    0x00000000       0x10 .\CortexM3\ARM_GCC_541\Debug\Cm3Start.o
                0x00000000                RomVectors
                0x00000001                ASSERT ((. != __cy_interrupt_vector), No interrupt vector)
                0x00000001                ASSERT (CY_APPL_ORIGIN?(SIZEOF (.cybootloader) <= CY_APPL_ORIGIN):0x1, Wrong image location)
                0x00000010                PROVIDE (__cy_reset, Reset)
 *(.text.Reset)
 .text.Reset    0x00000010       0x18 .\CortexM3\ARM_GCC_541\Debug\Cm3Start.o
                0x00000010                Reset
                0x00000001                ASSERT ((. != __cy_reset), No reset code)
 *(.dma_init)
                0x00000001                ASSERT ((((appl_start + .) <= 0x10000) || 0x1), DMA Init must be within the first 64k of flash)
 *(.text .text.* .gnu.linkonce.t.*)
 .text          0x00000028       0x5c c:/program files (x86)/cypress/psoc creator/4.1/psoc creator/import/gnu/arm/5.4.1/bin/../lib/gcc/arm-none-eabi/5.4.1/armv7-m/crtbegin.o
 .text.USBUARTH_Maintain_Configuration
                0x00000084       0x18 .\CortexM3\ARM_GCC_541\Debug\main.o
                0x00000084                USBUARTH_Maintain_Configuration
 .text.USBUARTH_DataIsReady
                0x0000009c       0x20 .\CortexM3\ARM_GCC_541\Debug\main.o
                0x0000009c                USBUARTH_DataIsReady
 .text.CommunicationHandlerISR
                0x000000bc      0x1b0 .\CortexM3\ARM_GCC_541\Debug\main.o
                0x000000bc                CommunicationHandlerISR
 .text.USBUARTH_Send
                0x0000026c       0x50 .\CortexM3\ARM_GCC_541\Debug\main.o
                0x0000026c                USBUARTH_Send
 .text.sendTransmitBuffer
                0x000002bc       0x30 .\CortexM3\ARM_GCC_541\Debug\main.o
                0x000002bc                sendTransmitBuffer
 .text.Setup_Selector_I2C_Struct
                0x000002ec       0x34 .\CortexM3\ARM_GCC_541\Debug\main.o
                0x000002ec                Setup_Selector_I2C_Struct
 .text.Update_Selector
                0x00000320      0x128 .\CortexM3\ARM_GCC_541\Debug\main.o
                0x00000320                Update_Selector
 .text.Setup_Selectors
                0x00000448       0x3c .\CortexM3\ARM_GCC_541\Debug\main.o
                0x00000448                Setup_Selectors
 .text.Connect_Channel_On_Intermediate
                0x00000484       0x2c .\CortexM3\ARM_GCC_541\Debug\main.o
                0x00000484                Connect_Channel_On_Intermediate
 .text.Connect_Contact_To_Intermediate
                0x000004b0       0x34 .\CortexM3\ARM_GCC_541\Debug\main.o
                0x000004b0                Connect_Contact_To_Intermediate
 .text.Disconnect_Contact_From_Intermediate
                0x000004e4       0x40 .\CortexM3\ARM_GCC_541\Debug\main.o
                0x000004e4                Disconnect_Contact_From_Intermediate
 .text.Disconnect_Contact_From_All_Intermediates
                0x00000524       0x40 .\CortexM3\ARM_GCC_541\Debug\main.o
                0x00000524                Disconnect_Contact_From_All_Intermediates
 .text.Disconnect_All_Contacts_From_All_Intermediates
                0x00000564       0x34 .\CortexM3\ARM_GCC_541\Debug\main.o
                0x00000564                Disconnect_All_Contacts_From_All_Intermediates
 .text.Disconnect_All_Contacts_From_Intermediate
                0x00000598       0x2c .\CortexM3\ARM_GCC_541\Debug\main.o
                0x00000598                Disconnect_All_Contacts_From_Intermediate
 .text.Connect_Intermediate
                0x000005c4       0x38 .\CortexM3\ARM_GCC_541\Debug\main.o
                0x000005c4                Connect_Intermediate
 .text.Connect_Intermediates
                0x000005fc       0x18 .\CortexM3\ARM_GCC_541\Debug\main.o
                0x000005fc                Connect_Intermediates
 .text.TIA_Set_Resistor
                0x00000614       0x1c .\CortexM3\ARM_GCC_541\Debug\main.o
                0x00000614                TIA_Set_Resistor
 .text.ADC_Increase_Range
                0x00000630       0x18 .\CortexM3\ARM_GCC_541\Debug\main.o
                0x00000630                ADC_Increase_Range
 .text.ADC_Decrease_Range
                0x00000648       0x14 .\CortexM3\ARM_GCC_541\Debug\main.o
                0x00000648                ADC_Decrease_Range
 .text.sortArray
                0x0000065c       0x34 .\CortexM3\ARM_GCC_541\Debug\main.o
                0x0000065c                sortArray
 .text.medianOfArray
                0x00000690       0x34 .\CortexM3\ARM_GCC_541\Debug\main.o
                0x00000690                medianOfArray
 .text.ADC_Measure_uV
                0x000006c4       0xf4 .\CortexM3\ARM_GCC_541\Debug\main.o
                0x000006c4                ADC_Measure_uV
 .text.ADC_Adjust_Range
                0x000007b8       0x54 .\CortexM3\ARM_GCC_541\Debug\main.o
                0x000007b8                ADC_Adjust_Range
 *fill*         0x0000080c        0x4 
 .text.Measure_Current_Vss
                0x00000810      0x190 .\CortexM3\ARM_GCC_541\Debug\main.o
                0x00000810                Measure_Current_Vss
 .text.At_Compliance
                0x000009a0       0x5c .\CortexM3\ARM_GCC_541\Debug\main.o
                0x000009a0                At_Compliance
 .text.Handle_Compliance_Breach
                0x000009fc       0x68 .\CortexM3\ARM_GCC_541\Debug\main.o
                0x000009fc                Handle_Compliance_Breach
 *fill*         0x00000a64        0x4 
 .text.Get_Ref  0x00000a68       0x30 .\CortexM3\ARM_GCC_541\Debug\main.o
                0x00000a68                Get_Ref
 .text.Get_Vgs  0x00000a98       0x48 .\CortexM3\ARM_GCC_541\Debug\main.o
                0x00000a98                Get_Vgs
 .text.Get_Vds  0x00000ae0       0x48 .\CortexM3\ARM_GCC_541\Debug\main.o
                0x00000ae0                Get_Vds
 .text.Set_Vds_Raw
                0x00000b28       0x78 .\CortexM3\ARM_GCC_541\Debug\main.o
                0x00000b28                Set_Vds_Raw
 .text.Set_Vgs_Raw
                0x00000ba0       0x78 .\CortexM3\ARM_GCC_541\Debug\main.o
                0x00000ba0                Set_Vgs_Raw
 .text.Set_Ref_Raw
                0x00000c18       0xc0 .\CortexM3\ARM_GCC_541\Debug\main.o
                0x00000c18                Set_Ref_Raw
 .text.Set_Vds_Rel
                0x00000cd8       0xc8 .\CortexM3\ARM_GCC_541\Debug\main.o
                0x00000cd8                Set_Vds_Rel
 .text.Set_Vgs_Rel
                0x00000da0       0xc8 .\CortexM3\ARM_GCC_541\Debug\main.o
                0x00000da0                Set_Vgs_Rel
 .text.Set_Vgs  0x00000e68       0x38 .\CortexM3\ARM_GCC_541\Debug\main.o
                0x00000e68                Set_Vgs
 .text.Set_Vds  0x00000ea0       0x38 .\CortexM3\ARM_GCC_541\Debug\main.o
                0x00000ea0                Set_Vds
 .text.Set_Vgs_mV
                0x00000ed8       0x14 .\CortexM3\ARM_GCC_541\Debug\main.o
                0x00000ed8                Set_Vgs_mV
 .text.Set_Vds_mV
                0x00000eec       0x14 .\CortexM3\ARM_GCC_541\Debug\main.o
                0x00000eec                Set_Vds_mV
 .text.Zero_All_DACs
                0x00000f00       0x1c .\CortexM3\ARM_GCC_541\Debug\main.o
                0x00000f00                Zero_All_DACs
 .text.Calibrate_ADC_Offset
                0x00000f1c       0xa8 .\CortexM3\ARM_GCC_541\Debug\main.o
                0x00000f1c                Calibrate_ADC_Offset
 *fill*         0x00000fc4        0x4 
 .text.Measure  0x00000fc8       0x70 .\CortexM3\ARM_GCC_541\Debug\main.o
                0x00000fc8                Measure
 .text.Measure_Multiple
                0x00001038       0x1c .\CortexM3\ARM_GCC_541\Debug\main.o
                0x00001038                Measure_Multiple
 .text.Measure_Sweep
                0x00001054       0x2c .\CortexM3\ARM_GCC_541\Debug\main.o
                0x00001054                Measure_Sweep
 .text.Measure_Gate_Sweep
                0x00001080       0xac .\CortexM3\ARM_GCC_541\Debug\main.o
                0x00001080                Measure_Gate_Sweep
 .text.Measure_Wide_Gate_Sweep
                0x0000112c       0x84 .\CortexM3\ARM_GCC_541\Debug\main.o
                0x0000112c                Measure_Wide_Gate_Sweep
 .text.Scan     0x000011b0       0x7c .\CortexM3\ARM_GCC_541\Debug\main.o
                0x000011b0                Scan
 .text.Scan_Range
                0x0000122c       0x8c .\CortexM3\ARM_GCC_541\Debug\main.o
                0x0000122c                Scan_Range
 .text.main     0x000012b8      0x87c .\CortexM3\ARM_GCC_541\Debug\main.o
                0x000012b8                main
 .text.CyClockStartupError
                0x00001b34        0x4 .\CortexM3\ARM_GCC_541\Debug\cyfitter_cfg.o
 .text.cfg_write_bytes32
                0x00001b38       0x34 .\CortexM3\ARM_GCC_541\Debug\cyfitter_cfg.o
 .text.CYMEMZERO
                0x00001b6c        0xc .\CortexM3\ARM_GCC_541\Debug\cyfitter_cfg.o
 .text.AnalogSetDefault
                0x00001b78      0x114 .\CortexM3\ARM_GCC_541\Debug\cyfitter_cfg.o
 .text.CYCONFIGCPY
                0x00001c8c        0x8 .\CortexM3\ARM_GCC_541\Debug\cyfitter_cfg.o
 .text.ClockSetup
                0x00001c94      0x104 .\CortexM3\ARM_GCC_541\Debug\cyfitter_cfg.o
 .text.cyfitter_cfg
                0x00001d98      0x148 .\CortexM3\ARM_GCC_541\Debug\cyfitter_cfg.o
                0x00001d98                cyfitter_cfg
 .text.IntDefaultHandler
                0x00001ee0       0x10 .\CortexM3\ARM_GCC_541\Debug\Cm3Start.o
                0x00001ee0                IntDefaultHandler
 .text._sbrk    0x00001ef0       0x30 .\CortexM3\ARM_GCC_541\Debug\Cm3Start.o
                0x00001ef0                _sbrk
 .text.Start_c  0x00001f20       0x4c .\CortexM3\ARM_GCC_541\Debug\Cm3Start.o
                0x00001f20                Start_c
 .text.initialize_psoc
                0x00001f6c       0x68 .\CortexM3\ARM_GCC_541\Debug\Cm3Start.o
                0x00001f6c                initialize_psoc
 .text.UART_1_Init
                0x00001fd4       0x24 .\CortexM3\ARM_GCC_541\Debug\Design01.a(UART_1.o)
                0x00001fd4                UART_1_Init
 .text.UART_1_Enable
                0x00001ff8       0x38 .\CortexM3\ARM_GCC_541\Debug\Design01.a(UART_1.o)
                0x00001ff8                UART_1_Enable
 .text.UART_1_Start
                0x00002030       0x1c .\CortexM3\ARM_GCC_541\Debug\Design01.a(UART_1.o)
                0x00002030                UART_1_Start
 .text.UART_1_GetChar
                0x0000204c       0x2c .\CortexM3\ARM_GCC_541\Debug\Design01.a(UART_1.o)
                0x0000204c                UART_1_GetChar
 .text.UART_1_GetRxBufferSize
                0x00002078       0x18 .\CortexM3\ARM_GCC_541\Debug\Design01.a(UART_1.o)
                0x00002078                UART_1_GetRxBufferSize
 .text.UART_1_PutChar
                0x00002090       0x18 .\CortexM3\ARM_GCC_541\Debug\Design01.a(UART_1.o)
                0x00002090                UART_1_PutChar
 .text.UART_1_PutString
                0x000020a8       0x24 .\CortexM3\ARM_GCC_541\Debug\Design01.a(UART_1.o)
                0x000020a8                UART_1_PutString
 .text.UART_1_IntClock_Start
                0x000020cc       0x1c .\CortexM3\ARM_GCC_541\Debug\Design01.a(UART_1_IntClock.o)
                0x000020cc                UART_1_IntClock_Start
 .text.CyHalt   0x000020e8        0x4 .\CortexM3\ARM_GCC_541\Debug\Design01.a(CyLib.o)
                0x000020e8                CyHalt
 .text.CyDelay  0x000020ec       0x2c .\CortexM3\ARM_GCC_541\Debug\Design01.a(CyLib.o)
                0x000020ec                CyDelay
 .text.CyDelayUs
                0x00002118       0x14 .\CortexM3\ARM_GCC_541\Debug\Design01.a(CyLib.o)
                0x00002118                CyDelayUs
 .text.CyIntSetVector
                0x0000212c       0x28 .\CortexM3\ARM_GCC_541\Debug\Design01.a(CyLib.o)
                0x0000212c                CyIntSetVector
 .text.CyIntSetPriority
                0x00002154       0x30 .\CortexM3\ARM_GCC_541\Debug\Design01.a(CyLib.o)
                0x00002154                CyIntSetPriority
 .text.CyGetUniqueId
                0x00002184       0x70 .\CortexM3\ARM_GCC_541\Debug\Design01.a(CyLib.o)
                0x00002184                CyGetUniqueId
 .text.USBUART_Init
                0x000021f4      0x140 .\CortexM3\ARM_GCC_541\Debug\Design01.a(USBUART.o)
                0x000021f4                USBUART_Init
 .text.USBUART_InitComponent
                0x00002334       0xb8 .\CortexM3\ARM_GCC_541\Debug\Design01.a(USBUART.o)
                0x00002334                USBUART_InitComponent
 .text.USBUART_Start
                0x000023ec       0x24 .\CortexM3\ARM_GCC_541\Debug\Design01.a(USBUART.o)
                0x000023ec                USBUART_Start
 .text.USBUART_ReInitComponent
                0x00002410       0x4c .\CortexM3\ARM_GCC_541\Debug\Design01.a(USBUART.o)
                0x00002410                USBUART_ReInitComponent
 .text.USBUART_GetConfiguration
                0x0000245c        0xc .\CortexM3\ARM_GCC_541\Debug\Design01.a(USBUART.o)
                0x0000245c                USBUART_GetConfiguration
 .text.USBUART_IsConfigurationChanged
                0x00002468       0x20 .\CortexM3\ARM_GCC_541\Debug\Design01.a(USBUART.o)
                0x00002468                USBUART_IsConfigurationChanged
 .text.USBUART_GetEPState
                0x00002488       0x14 .\CortexM3\ARM_GCC_541\Debug\Design01.a(USBUART.o)
                0x00002488                USBUART_GetEPState
 .text.USBUART_GetEPCount
                0x0000249c       0x28 .\CortexM3\ARM_GCC_541\Debug\Design01.a(USBUART.o)
                0x0000249c                USBUART_GetEPCount
 .text.USBUART_LoadInEP
                0x000024c4       0x94 .\CortexM3\ARM_GCC_541\Debug\Design01.a(USBUART.o)
                0x000024c4                USBUART_LoadInEP
 .text.USBUART_EnableOutEP
                0x00002558       0x2c .\CortexM3\ARM_GCC_541\Debug\Design01.a(USBUART.o)
                0x00002558                USBUART_EnableOutEP
 .text.USBUART_ReadOutEP
                0x00002584       0x50 .\CortexM3\ARM_GCC_541\Debug\Design01.a(USBUART.o)
                0x00002584                USBUART_ReadOutEP
 .text.USBUART_GetInterfaceComPort
                0x000025d4       0x38 .\CortexM3\ARM_GCC_541\Debug\Design01.a(USBUART_cdc.o)
                0x000025d4                USBUART_GetInterfaceComPort
 .text.USBUART_DispatchCDCClassRqst
                0x0000260c       0x98 .\CortexM3\ARM_GCC_541\Debug\Design01.a(USBUART_cdc.o)
                0x0000260c                USBUART_DispatchCDCClassRqst
 .text.USBUART_CDC_Init
                0x000026a4       0x98 .\CortexM3\ARM_GCC_541\Debug\Design01.a(USBUART_cdc.o)
                0x000026a4                USBUART_CDC_Init
 .text.USBUART_PutData
                0x0000273c       0x50 .\CortexM3\ARM_GCC_541\Debug\Design01.a(USBUART_cdc.o)
                0x0000273c                USBUART_PutData
 .text.USBUART_DataIsReady
                0x0000278c       0x18 .\CortexM3\ARM_GCC_541\Debug\Design01.a(USBUART_cdc.o)
                0x0000278c                USBUART_DataIsReady
 .text.USBUART_CDCIsReady
                0x000027a4       0x18 .\CortexM3\ARM_GCC_541\Debug\Design01.a(USBUART_cdc.o)
                0x000027a4                USBUART_CDCIsReady
 .text.USBUART_GetAll
                0x000027bc       0x30 .\CortexM3\ARM_GCC_541\Debug\Design01.a(USBUART_cdc.o)
                0x000027bc                USBUART_GetAll
 .text.USBUART_Cdc_EpInit
                0x000027ec       0x50 .\CortexM3\ARM_GCC_541\Debug\Design01.a(USBUART_cdc.o)
                0x000027ec                USBUART_Cdc_EpInit
 .text.USBUART_LoadEP0
                0x0000283c       0x98 .\CortexM3\ARM_GCC_541\Debug\Design01.a(USBUART_drv.o)
                0x0000283c                USBUART_LoadEP0
 .text.USBUART_InitZeroLengthControlTransfer
                0x000028d4       0x34 .\CortexM3\ARM_GCC_541\Debug\Design01.a(USBUART_drv.o)
                0x000028d4                USBUART_InitZeroLengthControlTransfer
 .text.USBUART_ControlReadDataStage
                0x00002908        0x8 .\CortexM3\ARM_GCC_541\Debug\Design01.a(USBUART_drv.o)
                0x00002908                USBUART_ControlReadDataStage
 .text.USBUART_ControlWriteDataStage
                0x00002910       0x84 .\CortexM3\ARM_GCC_541\Debug\Design01.a(USBUART_drv.o)
                0x00002910                USBUART_ControlWriteDataStage
 .text.USBUART_InitNoDataControlTransfer
                0x00002994       0x2c .\CortexM3\ARM_GCC_541\Debug\Design01.a(USBUART_drv.o)
                0x00002994                USBUART_InitNoDataControlTransfer
 .text.USBUART_UpdateStatusBlock
                0x000029c0       0x24 .\CortexM3\ARM_GCC_541\Debug\Design01.a(USBUART_drv.o)
                0x000029c0                USBUART_UpdateStatusBlock
 .text.USBUART_HandleSetup
                0x000029e4       0x5c .\CortexM3\ARM_GCC_541\Debug\Design01.a(USBUART_drv.o)
                0x000029e4                USBUART_HandleSetup
 .text.USBUART_ControlReadStatusStage
                0x00002a40       0x38 .\CortexM3\ARM_GCC_541\Debug\Design01.a(USBUART_drv.o)
                0x00002a40                USBUART_ControlReadStatusStage
 .text.USBUART_HandleOUT
                0x00002a78       0x38 .\CortexM3\ARM_GCC_541\Debug\Design01.a(USBUART_drv.o)
                0x00002a78                USBUART_HandleOUT
 .text.USBUART_ControlWriteStatusStage
                0x00002ab0       0x20 .\CortexM3\ARM_GCC_541\Debug\Design01.a(USBUART_drv.o)
                0x00002ab0                USBUART_ControlWriteStatusStage
 .text.USBUART_NoDataControlStatusStage
                0x00002ad0       0x40 .\CortexM3\ARM_GCC_541\Debug\Design01.a(USBUART_drv.o)
                0x00002ad0                USBUART_NoDataControlStatusStage
 .text.USBUART_HandleIN
                0x00002b10       0x2c .\CortexM3\ARM_GCC_541\Debug\Design01.a(USBUART_drv.o)
                0x00002b10                USBUART_HandleIN
 .text.USBUART_EP_0_ISR
                0x00002b3c       0xb8 .\CortexM3\ARM_GCC_541\Debug\Design01.a(USBUART_drv.o)
                0x00002b3c                USBUART_EP_0_ISR
 .text.USBUART_InitializeStatusBlock
                0x00002bf4       0x24 .\CortexM3\ARM_GCC_541\Debug\Design01.a(USBUART_drv.o)
                0x00002bf4                USBUART_InitializeStatusBlock
 .text.USBUART_InitControlRead
                0x00002c18       0x50 .\CortexM3\ARM_GCC_541\Debug\Design01.a(USBUART_drv.o)
                0x00002c18                USBUART_InitControlRead
 .text.USBUART_InitControlWrite
                0x00002c68       0x48 .\CortexM3\ARM_GCC_541\Debug\Design01.a(USBUART_drv.o)
                0x00002c68                USBUART_InitControlWrite
 .text.USBUART_EP_1_ISR
                0x00002cb0       0x30 .\CortexM3\ARM_GCC_541\Debug\Design01.a(USBUART_episr.o)
                0x00002cb0                USBUART_EP_1_ISR
 .text.USBUART_EP_2_ISR
                0x00002ce0       0x34 .\CortexM3\ARM_GCC_541\Debug\Design01.a(USBUART_episr.o)
                0x00002ce0                USBUART_EP_2_ISR
 .text.USBUART_EP_3_ISR
                0x00002d14       0x3c .\CortexM3\ARM_GCC_541\Debug\Design01.a(USBUART_episr.o)
                0x00002d14                USBUART_EP_3_ISR
 .text.USBUART_SOF_ISR
                0x00002d50        0x4 .\CortexM3\ARM_GCC_541\Debug\Design01.a(USBUART_episr.o)
                0x00002d50                USBUART_SOF_ISR
 .text.USBUART_BUS_RESET_ISR
                0x00002d54        0x8 .\CortexM3\ARM_GCC_541\Debug\Design01.a(USBUART_episr.o)
                0x00002d54                USBUART_BUS_RESET_ISR
 .text.USBUART_DP_ISR
                0x00002d5c        0x8 .\CortexM3\ARM_GCC_541\Debug\Design01.a(USBUART_pm.o)
                0x00002d5c                USBUART_DP_ISR
 .text.USBUART_ReadDieID
                0x00002d64       0x6c .\CortexM3\ARM_GCC_541\Debug\Design01.a(USBUART_std.o)
                0x00002d64                USBUART_ReadDieID
 .text.USBUART_ConfigReg
                0x00002dd0       0xa4 .\CortexM3\ARM_GCC_541\Debug\Design01.a(USBUART_std.o)
                0x00002dd0                USBUART_ConfigReg
 .text.USBUART_GetConfigTablePtr
                0x00002e74       0x28 .\CortexM3\ARM_GCC_541\Debug\Design01.a(USBUART_std.o)
                0x00002e74                USBUART_GetConfigTablePtr
 .text.USBUART_ConfigAltChanged
                0x00002e9c      0x11c .\CortexM3\ARM_GCC_541\Debug\Design01.a(USBUART_std.o)
                0x00002e9c                USBUART_ConfigAltChanged
 .text.USBUART_GetDeviceTablePtr
                0x00002fb8       0x18 .\CortexM3\ARM_GCC_541\Debug\Design01.a(USBUART_std.o)
                0x00002fb8                USBUART_GetDeviceTablePtr
 .text.USBUART_GetInterfaceClassTablePtr
                0x00002fd0       0x28 .\CortexM3\ARM_GCC_541\Debug\Design01.a(USBUART_std.o)
                0x00002fd0                USBUART_GetInterfaceClassTablePtr
 .text.USBUART_Config
                0x00002ff8      0x1ec .\CortexM3\ARM_GCC_541\Debug\Design01.a(USBUART_std.o)
                0x00002ff8                USBUART_Config
 .text.USBUART_SetEndpointHalt
                0x000031e4       0x64 .\CortexM3\ARM_GCC_541\Debug\Design01.a(USBUART_std.o)
                0x000031e4                USBUART_SetEndpointHalt
 .text.USBUART_ClearEndpointHalt
                0x00003248       0xac .\CortexM3\ARM_GCC_541\Debug\Design01.a(USBUART_std.o)
                0x00003248                USBUART_ClearEndpointHalt
 .text.USBUART_ValidateAlternateSetting
                0x000032f4       0x4c .\CortexM3\ARM_GCC_541\Debug\Design01.a(USBUART_std.o)
                0x000032f4                USBUART_ValidateAlternateSetting
 .text.USBUART_HandleStandardRqst
                0x00003340      0x354 .\CortexM3\ARM_GCC_541\Debug\Design01.a(USBUART_std.o)
                0x00003340                USBUART_HandleStandardRqst
 .text.USBUART_HandleVendorRqst
                0x00003694       0x18 .\CortexM3\ARM_GCC_541\Debug\Design01.a(USBUART_vnd.o)
                0x00003694                USBUART_HandleVendorRqst
 .text.USBUART_Dp_ClearInterrupt
                0x000036ac       0x10 .\CortexM3\ARM_GCC_541\Debug\Design01.a(USBUART_Dp.o)
                0x000036ac                USBUART_Dp_ClearInterrupt
 .text.ADC_DelSig_1_GainCompensation
                0x000036bc       0xe0 .\CortexM3\ARM_GCC_541\Debug\Design01.a(ADC_DelSig_1.o)
 .text.ADC_DelSig_1_SetDSMRef0Reg
                0x0000379c       0x4c .\CortexM3\ARM_GCC_541\Debug\Design01.a(ADC_DelSig_1.o)
 .text.ADC_DelSig_1_InitConfig
                0x000037e8      0x320 .\CortexM3\ARM_GCC_541\Debug\Design01.a(ADC_DelSig_1.o)
 .text.ADC_DelSig_1_Init
                0x00003b08      0x108 .\CortexM3\ARM_GCC_541\Debug\Design01.a(ADC_DelSig_1.o)
                0x00003b08                ADC_DelSig_1_Init
 .text.ADC_DelSig_1_Enable
                0x00003c10       0xd8 .\CortexM3\ARM_GCC_541\Debug\Design01.a(ADC_DelSig_1.o)
                0x00003c10                ADC_DelSig_1_Enable
 .text.ADC_DelSig_1_Start
                0x00003ce8       0x28 .\CortexM3\ARM_GCC_541\Debug\Design01.a(ADC_DelSig_1.o)
                0x00003ce8                ADC_DelSig_1_Start
 .text.ADC_DelSig_1_StartConvert
                0x00003d10       0x10 .\CortexM3\ARM_GCC_541\Debug\Design01.a(ADC_DelSig_1.o)
                0x00003d10                ADC_DelSig_1_StartConvert
 .text.ADC_DelSig_1_IsEndConversion
                0x00003d20       0x30 .\CortexM3\ARM_GCC_541\Debug\Design01.a(ADC_DelSig_1.o)
                0x00003d20                ADC_DelSig_1_IsEndConversion
 .text.ADC_DelSig_1_GetResult32
                0x00003d50       0x6c .\CortexM3\ARM_GCC_541\Debug\Design01.a(ADC_DelSig_1.o)
                0x00003d50                ADC_DelSig_1_GetResult32
 .text.ADC_DelSig_1_CountsTo_uVolts
                0x00003dbc       0x4c .\CortexM3\ARM_GCC_541\Debug\Design01.a(ADC_DelSig_1.o)
                0x00003dbc                ADC_DelSig_1_CountsTo_uVolts
 .text.ADC_DelSig_1_ISR1
                0x00003e08        0x4 .\CortexM3\ARM_GCC_541\Debug\Design01.a(ADC_DelSig_1_INT.o)
                0x00003e08                ADC_DelSig_1_ISR1
 .text.ADC_DelSig_1_ISR2
                0x00003e0c        0x4 .\CortexM3\ARM_GCC_541\Debug\Design01.a(ADC_DelSig_1_INT.o)
                0x00003e0c                ADC_DelSig_1_ISR2
 .text.ADC_DelSig_1_ISR3
                0x00003e10        0x4 .\CortexM3\ARM_GCC_541\Debug\Design01.a(ADC_DelSig_1_INT.o)
                0x00003e10                ADC_DelSig_1_ISR3
 .text.ADC_DelSig_1_ISR4
                0x00003e14        0x4 .\CortexM3\ARM_GCC_541\Debug\Design01.a(ADC_DelSig_1_INT.o)
                0x00003e14                ADC_DelSig_1_ISR4
 .text.TIA_1_Enable
                0x00003e18       0x28 .\CortexM3\ARM_GCC_541\Debug\Design01.a(TIA_1.o)
                0x00003e18                TIA_1_Enable
 .text.TIA_1_SetPower
                0x00003e40       0x18 .\CortexM3\ARM_GCC_541\Debug\Design01.a(TIA_1.o)
                0x00003e40                TIA_1_SetPower
 .text.TIA_1_SetResFB
                0x00003e58       0x20 .\CortexM3\ARM_GCC_541\Debug\Design01.a(TIA_1.o)
                0x00003e58                TIA_1_SetResFB
 .text.TIA_1_SetCapFB
                0x00003e78       0x20 .\CortexM3\ARM_GCC_541\Debug\Design01.a(TIA_1.o)
                0x00003e78                TIA_1_SetCapFB
 .text.TIA_1_Init
                0x00003e98       0x2c .\CortexM3\ARM_GCC_541\Debug\Design01.a(TIA_1.o)
                0x00003e98                TIA_1_Init
 .text.TIA_1_Start
                0x00003ec4       0x1c .\CortexM3\ARM_GCC_541\Debug\Design01.a(TIA_1.o)
                0x00003ec4                TIA_1_Start
 .text.VDAC_Vgs_Enable
                0x00003ee0       0x1c .\CortexM3\ARM_GCC_541\Debug\Design01.a(VDAC_Vgs.o)
                0x00003ee0                VDAC_Vgs_Enable
 .text.VDAC_Vgs_SetSpeed
                0x00003efc       0x1c .\CortexM3\ARM_GCC_541\Debug\Design01.a(VDAC_Vgs.o)
                0x00003efc                VDAC_Vgs_SetSpeed
 .text.VDAC_Vgs_SetValue
                0x00003f18        0xc .\CortexM3\ARM_GCC_541\Debug\Design01.a(VDAC_Vgs.o)
                0x00003f18                VDAC_Vgs_SetValue
 .text.VDAC_Vgs_DacTrim
                0x00003f24       0x24 .\CortexM3\ARM_GCC_541\Debug\Design01.a(VDAC_Vgs.o)
                0x00003f24                VDAC_Vgs_DacTrim
 .text.VDAC_Vgs_SetRange
                0x00003f48       0x20 .\CortexM3\ARM_GCC_541\Debug\Design01.a(VDAC_Vgs.o)
                0x00003f48                VDAC_Vgs_SetRange
 .text.VDAC_Vgs_Init
                0x00003f68       0x20 .\CortexM3\ARM_GCC_541\Debug\Design01.a(VDAC_Vgs.o)
                0x00003f68                VDAC_Vgs_Init
 .text.VDAC_Vgs_Start
                0x00003f88       0x24 .\CortexM3\ARM_GCC_541\Debug\Design01.a(VDAC_Vgs.o)
                0x00003f88                VDAC_Vgs_Start
 .text.VDAC_Vds_Enable
                0x00003fac       0x1c .\CortexM3\ARM_GCC_541\Debug\Design01.a(VDAC_Vds.o)
                0x00003fac                VDAC_Vds_Enable
 .text.VDAC_Vds_SetSpeed
                0x00003fc8       0x1c .\CortexM3\ARM_GCC_541\Debug\Design01.a(VDAC_Vds.o)
                0x00003fc8                VDAC_Vds_SetSpeed
 .text.VDAC_Vds_SetValue
                0x00003fe4        0xc .\CortexM3\ARM_GCC_541\Debug\Design01.a(VDAC_Vds.o)
                0x00003fe4                VDAC_Vds_SetValue
 .text.VDAC_Vds_DacTrim
                0x00003ff0       0x24 .\CortexM3\ARM_GCC_541\Debug\Design01.a(VDAC_Vds.o)
                0x00003ff0                VDAC_Vds_DacTrim
 .text.VDAC_Vds_SetRange
                0x00004014       0x20 .\CortexM3\ARM_GCC_541\Debug\Design01.a(VDAC_Vds.o)
                0x00004014                VDAC_Vds_SetRange
 .text.VDAC_Vds_Init
                0x00004034       0x20 .\CortexM3\ARM_GCC_541\Debug\Design01.a(VDAC_Vds.o)
                0x00004034                VDAC_Vds_Init
 .text.VDAC_Vds_Start
                0x00004054       0x24 .\CortexM3\ARM_GCC_541\Debug\Design01.a(VDAC_Vds.o)
                0x00004054                VDAC_Vds_Start
 .text.ADC_DelSig_1_Ext_CP_Clk_GetDividerRegister
                0x00004078        0xc .\CortexM3\ARM_GCC_541\Debug\Design01.a(ADC_DelSig_1_Ext_CP_Clk.o)
                0x00004078                ADC_DelSig_1_Ext_CP_Clk_GetDividerRegister
 .text.ADC_DelSig_1_Ext_CP_Clk_SetModeRegister
                0x00004084       0x14 .\CortexM3\ARM_GCC_541\Debug\Design01.a(ADC_DelSig_1_Ext_CP_Clk.o)
                0x00004084                ADC_DelSig_1_Ext_CP_Clk_SetModeRegister
 .text.ADC_DelSig_1_Ext_CP_Clk_GetSourceRegister
                0x00004098       0x10 .\CortexM3\ARM_GCC_541\Debug\Design01.a(ADC_DelSig_1_Ext_CP_Clk.o)
                0x00004098                ADC_DelSig_1_Ext_CP_Clk_GetSourceRegister
 .text.ADC_DelSig_1_Ext_CP_Clk_SetDividerRegister
                0x000040a8       0xd8 .\CortexM3\ARM_GCC_541\Debug\Design01.a(ADC_DelSig_1_Ext_CP_Clk.o)
                0x000040a8                ADC_DelSig_1_Ext_CP_Clk_SetDividerRegister
 .text.ADC_DelSig_1_theACLK_GetDividerRegister
                0x00004180        0xc .\CortexM3\ARM_GCC_541\Debug\Design01.a(ADC_DelSig_1_theACLK.o)
                0x00004180                ADC_DelSig_1_theACLK_GetDividerRegister
 .text.ADC_DelSig_1_theACLK_SetModeRegister
                0x0000418c       0x14 .\CortexM3\ARM_GCC_541\Debug\Design01.a(ADC_DelSig_1_theACLK.o)
                0x0000418c                ADC_DelSig_1_theACLK_SetModeRegister
 .text.ADC_DelSig_1_theACLK_GetSourceRegister
                0x000041a0       0x10 .\CortexM3\ARM_GCC_541\Debug\Design01.a(ADC_DelSig_1_theACLK.o)
                0x000041a0                ADC_DelSig_1_theACLK_GetSourceRegister
 .text.ADC_DelSig_1_theACLK_SetDividerRegister
                0x000041b0       0xd8 .\CortexM3\ARM_GCC_541\Debug\Design01.a(ADC_DelSig_1_theACLK.o)
                0x000041b0                ADC_DelSig_1_theACLK_SetDividerRegister
 .text.VDAC_Ref_Enable
                0x00004288       0x1c .\CortexM3\ARM_GCC_541\Debug\Design01.a(VDAC_Ref.o)
                0x00004288                VDAC_Ref_Enable
 .text.VDAC_Ref_SetSpeed
                0x000042a4       0x1c .\CortexM3\ARM_GCC_541\Debug\Design01.a(VDAC_Ref.o)
                0x000042a4                VDAC_Ref_SetSpeed
 .text.VDAC_Ref_SetValue
                0x000042c0        0xc .\CortexM3\ARM_GCC_541\Debug\Design01.a(VDAC_Ref.o)
                0x000042c0                VDAC_Ref_SetValue
 .text.VDAC_Ref_DacTrim
                0x000042cc       0x24 .\CortexM3\ARM_GCC_541\Debug\Design01.a(VDAC_Ref.o)
                0x000042cc                VDAC_Ref_DacTrim
 .text.VDAC_Ref_SetRange
                0x000042f0       0x20 .\CortexM3\ARM_GCC_541\Debug\Design01.a(VDAC_Ref.o)
                0x000042f0                VDAC_Ref_SetRange
 .text.VDAC_Ref_Init
                0x00004310       0x20 .\CortexM3\ARM_GCC_541\Debug\Design01.a(VDAC_Ref.o)
                0x00004310                VDAC_Ref_Init
 .text.VDAC_Ref_Start
                0x00004330       0x24 .\CortexM3\ARM_GCC_541\Debug\Design01.a(VDAC_Ref.o)
                0x00004330                VDAC_Ref_Start
 .text.I2C_1_Init
                0x00004354       0x7c .\CortexM3\ARM_GCC_541\Debug\Design01.a(I2C_1.o)
                0x00004354                I2C_1_Init
 .text.I2C_1_Enable
                0x000043d0       0x10 .\CortexM3\ARM_GCC_541\Debug\Design01.a(I2C_1.o)
                0x000043d0                I2C_1_Enable
 .text.I2C_1_Start
                0x000043e0       0x28 .\CortexM3\ARM_GCC_541\Debug\Design01.a(I2C_1.o)
                0x000043e0                I2C_1_Start
 .text.I2C_1_Stop
                0x00004408       0x40 .\CortexM3\ARM_GCC_541\Debug\Design01.a(I2C_1.o)
                0x00004408                I2C_1_Stop
 .text.I2C_1_ISR
                0x00004448      0x328 .\CortexM3\ARM_GCC_541\Debug\Design01.a(I2C_1_INT.o)
                0x00004448                I2C_1_ISR
 .text.I2C_1_MasterWriteBuf
                0x00004770       0xdc .\CortexM3\ARM_GCC_541\Debug\Design01.a(I2C_1_MASTER.o)
                0x00004770                I2C_1_MasterWriteBuf
 .text.I2C_1_MasterStatus
                0x0000484c       0x30 .\CortexM3\ARM_GCC_541\Debug\Design01.a(I2C_1_MASTER.o)
                0x0000484c                I2C_1_MasterStatus
 .text.I2C_1_MasterClearStatus
                0x0000487c       0x20 .\CortexM3\ARM_GCC_541\Debug\Design01.a(I2C_1_MASTER.o)
                0x0000487c                I2C_1_MasterClearStatus
 .text.CommunicationTimer_Enable
                0x0000489c       0x28 .\CortexM3\ARM_GCC_541\Debug\Design01.a(CommunicationTimer.o)
                0x0000489c                CommunicationTimer_Enable
 .text.CommunicationTimer_SetInterruptMode
                0x000048c4        0xc .\CortexM3\ARM_GCC_541\Debug\Design01.a(CommunicationTimer.o)
                0x000048c4                CommunicationTimer_SetInterruptMode
 .text.CommunicationTimer_ReadStatusRegister
                0x000048d0        0xc .\CortexM3\ARM_GCC_541\Debug\Design01.a(CommunicationTimer.o)
                0x000048d0                CommunicationTimer_ReadStatusRegister
 .text.CommunicationTimer_WritePeriod
                0x000048dc        0xc .\CortexM3\ARM_GCC_541\Debug\Design01.a(CommunicationTimer.o)
                0x000048dc                CommunicationTimer_WritePeriod
 .text.CommunicationTimer_WriteCounter
                0x000048e8        0xc .\CortexM3\ARM_GCC_541\Debug\Design01.a(CommunicationTimer.o)
                0x000048e8                CommunicationTimer_WriteCounter
 .text.CommunicationTimer_Init
                0x000048f4       0x64 .\CortexM3\ARM_GCC_541\Debug\Design01.a(CommunicationTimer.o)
                0x000048f4                CommunicationTimer_Init
 .text.CommunicationTimer_Start
                0x00004958       0x1c .\CortexM3\ARM_GCC_541\Debug\Design01.a(CommunicationTimer.o)
                0x00004958                CommunicationTimer_Start
 .text.CommunicationInterrupt_SetVector
                0x00004974       0x10 .\CortexM3\ARM_GCC_541\Debug\Design01.a(CommunicationInterrupt.o)
                0x00004974                CommunicationInterrupt_SetVector
 .text.CommunicationInterrupt_SetPriority
                0x00004984       0x10 .\CortexM3\ARM_GCC_541\Debug\Design01.a(CommunicationInterrupt.o)
                0x00004984                CommunicationInterrupt_SetPriority
 .text.CommunicationInterrupt_Enable
                0x00004994       0x10 .\CortexM3\ARM_GCC_541\Debug\Design01.a(CommunicationInterrupt.o)
                0x00004994                CommunicationInterrupt_Enable
 .text.CommunicationInterrupt_Disable
                0x000049a4       0x10 .\CortexM3\ARM_GCC_541\Debug\Design01.a(CommunicationInterrupt.o)
                0x000049a4                CommunicationInterrupt_Disable
 .text.CommunicationInterrupt_StartEx
                0x000049b4       0x1c .\CortexM3\ARM_GCC_541\Debug\Design01.a(CommunicationInterrupt.o)
                0x000049b4                CommunicationInterrupt_StartEx
 .text.CommunicationInterrupt_ClearPending
                0x000049d0       0x10 .\CortexM3\ARM_GCC_541\Debug\Design01.a(CommunicationInterrupt.o)
                0x000049d0                CommunicationInterrupt_ClearPending
 .text.ADC_SAR_1_CalcGain
                0x000049e0       0x68 .\CortexM3\ARM_GCC_541\Debug\Design01.a(ADC_SAR_1.o)
 .text.ADC_SAR_1_Enable
                0x00004a48       0x94 .\CortexM3\ARM_GCC_541\Debug\Design01.a(ADC_SAR_1.o)
                0x00004a48                ADC_SAR_1_Enable
 .text.ADC_SAR_1_SetResolution
                0x00004adc       0x38 .\CortexM3\ARM_GCC_541\Debug\Design01.a(ADC_SAR_1.o)
                0x00004adc                ADC_SAR_1_SetResolution
 .text.ADC_SAR_1_Init
                0x00004b14       0x3c .\CortexM3\ARM_GCC_541\Debug\Design01.a(ADC_SAR_1.o)
                0x00004b14                ADC_SAR_1_Init
 .text.ADC_SAR_1_Start
                0x00004b50       0x1c .\CortexM3\ARM_GCC_541\Debug\Design01.a(ADC_SAR_1.o)
                0x00004b50                ADC_SAR_1_Start
 .text.ADC_SAR_1_ISR
                0x00004b6c        0x4 .\CortexM3\ARM_GCC_541\Debug\Design01.a(ADC_SAR_1_INT.o)
                0x00004b6c                ADC_SAR_1_ISR
 .text.ADC_SAR_2_CalcGain
                0x00004b70       0x68 .\CortexM3\ARM_GCC_541\Debug\Design01.a(ADC_SAR_2.o)
 .text.ADC_SAR_2_Enable
                0x00004bd8       0x94 .\CortexM3\ARM_GCC_541\Debug\Design01.a(ADC_SAR_2.o)
                0x00004bd8                ADC_SAR_2_Enable
 .text.ADC_SAR_2_SetResolution
                0x00004c6c       0x38 .\CortexM3\ARM_GCC_541\Debug\Design01.a(ADC_SAR_2.o)
                0x00004c6c                ADC_SAR_2_SetResolution
 .text.ADC_SAR_2_Init
                0x00004ca4       0x3c .\CortexM3\ARM_GCC_541\Debug\Design01.a(ADC_SAR_2.o)
                0x00004ca4                ADC_SAR_2_Init
 .text.ADC_SAR_2_Start
                0x00004ce0       0x1c .\CortexM3\ARM_GCC_541\Debug\Design01.a(ADC_SAR_2.o)
                0x00004ce0                ADC_SAR_2_Start
 .text.ADC_SAR_2_ISR
                0x00004cfc        0x4 .\CortexM3\ARM_GCC_541\Debug\Design01.a(ADC_SAR_2_INT.o)
                0x00004cfc                ADC_SAR_2_ISR
 .text.ADC_SAR_1_theACLK_SetModeRegister
                0x00004d00       0x14 .\CortexM3\ARM_GCC_541\Debug\Design01.a(ADC_SAR_1_theACLK.o)
                0x00004d00                ADC_SAR_1_theACLK_SetModeRegister
 .text.ADC_SAR_2_theACLK_SetModeRegister
                0x00004d14       0x14 .\CortexM3\ARM_GCC_541\Debug\Design01.a(ADC_SAR_2_theACLK.o)
                0x00004d14                ADC_SAR_2_theACLK_SetModeRegister
 .text.Opamp_1_Enable
                0x00004d28       0x28 .\CortexM3\ARM_GCC_541\Debug\Design01.a(Opamp_1.o)
                0x00004d28                Opamp_1_Enable
 .text.Opamp_1_SetPower
                0x00004d50       0x1c .\CortexM3\ARM_GCC_541\Debug\Design01.a(Opamp_1.o)
                0x00004d50                Opamp_1_SetPower
 .text.Opamp_1_Init
                0x00004d6c        0xc .\CortexM3\ARM_GCC_541\Debug\Design01.a(Opamp_1.o)
                0x00004d6c                Opamp_1_Init
 .text.Opamp_1_Start
                0x00004d78       0x1c .\CortexM3\ARM_GCC_541\Debug\Design01.a(Opamp_1.o)
                0x00004d78                Opamp_1_Start
 .text.Opamp_2_Enable
                0x00004d94       0x28 .\CortexM3\ARM_GCC_541\Debug\Design01.a(Opamp_2.o)
                0x00004d94                Opamp_2_Enable
 .text.Opamp_2_SetPower
                0x00004dbc       0x1c .\CortexM3\ARM_GCC_541\Debug\Design01.a(Opamp_2.o)
                0x00004dbc                Opamp_2_SetPower
 .text.Opamp_2_Init
                0x00004dd8        0xc .\CortexM3\ARM_GCC_541\Debug\Design01.a(Opamp_2.o)
                0x00004dd8                Opamp_2_Init
 .text.Opamp_2_Start
                0x00004de4       0x1c .\CortexM3\ARM_GCC_541\Debug\Design01.a(Opamp_2.o)
                0x00004de4                Opamp_2_Start
 .text          0x00004e00       0x20 .\CortexM3\ARM_GCC_541\Debug\Design01.a(CyBootAsmGnu.o)
                0x00004e00                CyDelayCycles
                0x00004e10                CyEnterCriticalSection
                0x00004e18                CyExitCriticalSection
 .text.USBUART_DispatchClassRqst
                0x00004e20       0x60 .\CortexM3\ARM_GCC_541\Debug\Design01.a(USBUART_cls.o)
                0x00004e20                USBUART_DispatchClassRqst
 .text          0x00004e80      0x370 c:/program files (x86)/cypress/psoc creator/4.1/psoc creator/import/gnu/arm/5.4.1/bin/../lib/gcc/arm-none-eabi/5.4.1/armv7-m\libgcc.a(_arm_addsubdf3.o)
                0x00004e80                __aeabi_drsub
                0x00004e88                __aeabi_dsub
                0x00004e88                __subdf3
                0x00004e8c                __aeabi_dadd
                0x00004e8c                __adddf3
                0x00005104                __floatunsidf
                0x00005104                __aeabi_ui2d
                0x00005124                __floatsidf
                0x00005124                __aeabi_i2d
                0x00005148                __aeabi_f2d
                0x00005148                __extendsfdf2
                0x00005184                __floatundidf
                0x00005184                __aeabi_ul2d
                0x00005194                __floatdidf
                0x00005194                __aeabi_l2d
 .text          0x000051f0      0x424 c:/program files (x86)/cypress/psoc creator/4.1/psoc creator/import/gnu/arm/5.4.1/bin/../lib/gcc/arm-none-eabi/5.4.1/armv7-m\libgcc.a(_arm_muldivdf3.o)
                0x000051f0                __aeabi_dmul
                0x000051f0                __muldf3
                0x00005444                __divdf3
                0x00005444                __aeabi_ddiv
 .text          0x00005614      0x110 c:/program files (x86)/cypress/psoc creator/4.1/psoc creator/import/gnu/arm/5.4.1/bin/../lib/gcc/arm-none-eabi/5.4.1/armv7-m\libgcc.a(_arm_cmpdf2.o)
                0x00005614                __gtdf2
                0x00005614                __gedf2
                0x0000561c                __ltdf2
                0x0000561c                __ledf2
                0x00005624                __nedf2
                0x00005624                __eqdf2
                0x00005624                __cmpdf2
                0x000056a0                __aeabi_cdrcmple
                0x000056b0                __aeabi_cdcmpeq
                0x000056b0                __aeabi_cdcmple
                0x000056c0                __aeabi_dcmpeq
                0x000056d4                __aeabi_dcmplt
                0x000056e8                __aeabi_dcmple
                0x000056fc                __aeabi_dcmpge
                0x00005710                __aeabi_dcmpgt
 .text          0x00005724       0x50 c:/program files (x86)/cypress/psoc creator/4.1/psoc creator/import/gnu/arm/5.4.1/bin/../lib/gcc/arm-none-eabi/5.4.1/armv7-m\libgcc.a(_arm_fixdfsi.o)
                0x00005724                __aeabi_d2iz
                0x00005724                __fixdfsi
 .text          0x00005774       0xa0 c:/program files (x86)/cypress/psoc creator/4.1/psoc creator/import/gnu/arm/5.4.1/bin/../lib/gcc/arm-none-eabi/5.4.1/armv7-m\libgcc.a(_arm_truncdfsf2.o)
                0x00005774                __truncdfsf2
                0x00005774                __aeabi_d2f
 .text          0x00005814      0x21c c:/program files (x86)/cypress/psoc creator/4.1/psoc creator/import/gnu/arm/5.4.1/bin/../lib/gcc/arm-none-eabi/5.4.1/armv7-m\libgcc.a(_arm_addsubsf3.o)
                0x00005814                __aeabi_frsub
                0x0000581c                __subsf3
                0x0000581c                __aeabi_fsub
                0x00005820                __aeabi_fadd
                0x00005820                __addsf3
                0x00005980                __aeabi_ui2f
                0x00005980                __floatunsisf
                0x00005988                __aeabi_i2f
                0x00005988                __floatsisf
                0x000059a4                __aeabi_ul2f
                0x000059a4                __floatundisf
                0x000059b4                __aeabi_l2f
                0x000059b4                __floatdisf
 .text          0x00005a30      0x2a0 c:/program files (x86)/cypress/psoc creator/4.1/psoc creator/import/gnu/arm/5.4.1/bin/../lib/gcc/arm-none-eabi/5.4.1/armv7-m\libgcc.a(_arm_muldivsf3.o)
                0x00005a30                __mulsf3
                0x00005a30                __aeabi_fmul
                0x00005b98                __aeabi_fdiv
                0x00005b98                __divsf3
 .text          0x00005cd0       0x4c c:/program files (x86)/cypress/psoc creator/4.1/psoc creator/import/gnu/arm/5.4.1/bin/../lib/gcc/arm-none-eabi/5.4.1/armv7-m\libgcc.a(_arm_fixsfsi.o)
                0x00005cd0                __aeabi_f2iz
                0x00005cd0                __fixsfsi
 .text.__errno  0x00005d1c        0xc c:/program files (x86)/cypress/psoc creator/4.1/psoc creator/import/gnu/arm/5.4.1/bin/../lib/gcc/arm-none-eabi/5.4.1/../../../../arm-none-eabi/lib/armv7-m\libg_nano.a(lib_a-errno.o)
                0x00005d1c                __errno
 .text.__libc_init_array
                0x00005d28       0x4c c:/program files (x86)/cypress/psoc creator/4.1/psoc creator/import/gnu/arm/5.4.1/bin/../lib/gcc/arm-none-eabi/5.4.1/../../../../arm-none-eabi/lib/armv7-m\libg_nano.a(lib_a-init.o)
                0x00005d28                __libc_init_array
 .text.memcpy   0x00005d74       0x16 c:/program files (x86)/cypress/psoc creator/4.1/psoc creator/import/gnu/arm/5.4.1/bin/../lib/gcc/arm-none-eabi/5.4.1/../../../../arm-none-eabi/lib/armv7-m\libg_nano.a(lib_a-memcpy-stub.o)
                0x00005d74                memcpy
 .text.memset   0x00005d8a       0x10 c:/program files (x86)/cypress/psoc creator/4.1/psoc creator/import/gnu/arm/5.4.1/bin/../lib/gcc/arm-none-eabi/5.4.1/../../../../arm-none-eabi/lib/armv7-m\libg_nano.a(lib_a-memset.o)
                0x00005d8a                memset
 .text.__cvt    0x00005d9a       0xc0 c:/program files (x86)/cypress/psoc creator/4.1/psoc creator/import/gnu/arm/5.4.1/bin/../lib/gcc/arm-none-eabi/5.4.1/../../../../arm-none-eabi/lib/armv7-m\libg_nano.a(lib_a-nano-vfprintf_float.o)
                0x00005d9a                __cvt
 .text.__exponent
                0x00005e5a       0x62 c:/program files (x86)/cypress/psoc creator/4.1/psoc creator/import/gnu/arm/5.4.1/bin/../lib/gcc/arm-none-eabi/5.4.1/../../../../arm-none-eabi/lib/armv7-m\libg_nano.a(lib_a-nano-vfprintf_float.o)
                0x00005e5a                __exponent
 .text._printf_float
                0x00005ebc      0x488 c:/program files (x86)/cypress/psoc creator/4.1/psoc creator/import/gnu/arm/5.4.1/bin/../lib/gcc/arm-none-eabi/5.4.1/../../../../arm-none-eabi/lib/armv7-m\libg_nano.a(lib_a-nano-vfprintf_float.o)
                0x00005ebc                _printf_float
 .text._printf_common
                0x00006344       0xec c:/program files (x86)/cypress/psoc creator/4.1/psoc creator/import/gnu/arm/5.4.1/bin/../lib/gcc/arm-none-eabi/5.4.1/../../../../arm-none-eabi/lib/armv7-m\libg_nano.a(lib_a-nano-vfprintf_i.o)
                0x00006344                _printf_common
 .text._printf_i
                0x00006430      0x24c c:/program files (x86)/cypress/psoc creator/4.1/psoc creator/import/gnu/arm/5.4.1/bin/../lib/gcc/arm-none-eabi/5.4.1/../../../../arm-none-eabi/lib/armv7-m\libg_nano.a(lib_a-nano-vfprintf_i.o)
                0x00006430                _printf_i
 .text.sprintf  0x0000667c       0x48 c:/program files (x86)/cypress/psoc creator/4.1/psoc creator/import/gnu/arm/5.4.1/bin/../lib/gcc/arm-none-eabi/5.4.1/../../../../arm-none-eabi/lib/armv7-m\libg_nano.a(lib_a-sprintf.o)
                0x0000667c                siprintf
                0x0000667c                sprintf
 .text.sscanf   0x000066c4       0x54 c:/program files (x86)/cypress/psoc creator/4.1/psoc creator/import/gnu/arm/5.4.1/bin/../lib/gcc/arm-none-eabi/5.4.1/../../../../arm-none-eabi/lib/armv7-m\libg_nano.a(lib_a-sscanf.o)
                0x000066c4                siscanf
                0x000066c4                sscanf
 .text.__seofread
                0x00006718        0x4 c:/program files (x86)/cypress/psoc creator/4.1/psoc creator/import/gnu/arm/5.4.1/bin/../lib/gcc/arm-none-eabi/5.4.1/../../../../arm-none-eabi/lib/armv7-m\libg_nano.a(lib_a-stdio.o)
                0x00006718                __seofread
 .text.strchr   0x0000671c       0x1c c:/program files (x86)/cypress/psoc creator/4.1/psoc creator/import/gnu/arm/5.4.1/bin/../lib/gcc/arm-none-eabi/5.4.1/../../../../arm-none-eabi/lib/armv7-m\libg_nano.a(lib_a-strchr.o)
                0x0000671c                strchr
 .text          0x00006738       0x10 c:/program files (x86)/cypress/psoc creator/4.1/psoc creator/import/gnu/arm/5.4.1/bin/../lib/gcc/arm-none-eabi/5.4.1/../../../../arm-none-eabi/lib/armv7-m\libg_nano.a(lib_a-strlen.o)
                0x00006738                strlen
 .text.strstr   0x00006748       0x34 c:/program files (x86)/cypress/psoc creator/4.1/psoc creator/import/gnu/arm/5.4.1/bin/../lib/gcc/arm-none-eabi/5.4.1/../../../../arm-none-eabi/lib/armv7-m\libg_nano.a(lib_a-strstr.o)
                0x00006748                strstr
 .text._strtol_r
                0x0000677c      0x10c c:/program files (x86)/cypress/psoc creator/4.1/psoc creator/import/gnu/arm/5.4.1/bin/../lib/gcc/arm-none-eabi/5.4.1/../../../../arm-none-eabi/lib/armv7-m\libg_nano.a(lib_a-strtol.o)
                0x0000677c                _strtol_r
 .text.strtol   0x00006888       0x14 c:/program files (x86)/cypress/psoc creator/4.1/psoc creator/import/gnu/arm/5.4.1/bin/../lib/gcc/arm-none-eabi/5.4.1/../../../../arm-none-eabi/lib/armv7-m\libg_nano.a(lib_a-strtol.o)
                0x00006888                strtol
 .text.quorem   0x0000689c      0x116 c:/program files (x86)/cypress/psoc creator/4.1/psoc creator/import/gnu/arm/5.4.1/bin/../lib/gcc/arm-none-eabi/5.4.1/../../../../arm-none-eabi/lib/armv7-m\libg_nano.a(lib_a-dtoa.o)
 *fill*         0x000069b2        0x6 
 .text._dtoa_r  0x000069b8      0xb30 c:/program files (x86)/cypress/psoc creator/4.1/psoc creator/import/gnu/arm/5.4.1/bin/../lib/gcc/arm-none-eabi/5.4.1/../../../../arm-none-eabi/lib/armv7-m\libg_nano.a(lib_a-dtoa.o)
                0x000069b8                _dtoa_r
 .text._localeconv_r
                0x000074e8        0x8 c:/program files (x86)/cypress/psoc creator/4.1/psoc creator/import/gnu/arm/5.4.1/bin/../lib/gcc/arm-none-eabi/5.4.1/../../../../arm-none-eabi/lib/armv7-m\libg_nano.a(lib_a-locale.o)
                0x000074e8                _localeconv_r
 .text.malloc   0x000074f0       0x10 c:/program files (x86)/cypress/psoc creator/4.1/psoc creator/import/gnu/arm/5.4.1/bin/../lib/gcc/arm-none-eabi/5.4.1/../../../../arm-none-eabi/lib/armv7-m\libg_nano.a(lib_a-malloc.o)
                0x000074f0                malloc
 .text.memchr   0x00007500       0x1c c:/program files (x86)/cypress/psoc creator/4.1/psoc creator/import/gnu/arm/5.4.1/bin/../lib/gcc/arm-none-eabi/5.4.1/../../../../arm-none-eabi/lib/armv7-m\libg_nano.a(lib_a-memchr-stub.o)
                0x00007500                memchr
 .text._Balloc  0x0000751c       0x6a c:/program files (x86)/cypress/psoc creator/4.1/psoc creator/import/gnu/arm/5.4.1/bin/../lib/gcc/arm-none-eabi/5.4.1/../../../../arm-none-eabi/lib/armv7-m\libg_nano.a(lib_a-mprec.o)
                0x0000751c                _Balloc
 .text._Bfree   0x00007586       0x2e c:/program files (x86)/cypress/psoc creator/4.1/psoc creator/import/gnu/arm/5.4.1/bin/../lib/gcc/arm-none-eabi/5.4.1/../../../../arm-none-eabi/lib/armv7-m\libg_nano.a(lib_a-mprec.o)
                0x00007586                _Bfree
 .text.__multadd
                0x000075b4       0x76 c:/program files (x86)/cypress/psoc creator/4.1/psoc creator/import/gnu/arm/5.4.1/bin/../lib/gcc/arm-none-eabi/5.4.1/../../../../arm-none-eabi/lib/armv7-m\libg_nano.a(lib_a-mprec.o)
                0x000075b4                __multadd
 .text.__hi0bits
                0x0000762a       0x40 c:/program files (x86)/cypress/psoc creator/4.1/psoc creator/import/gnu/arm/5.4.1/bin/../lib/gcc/arm-none-eabi/5.4.1/../../../../arm-none-eabi/lib/armv7-m\libg_nano.a(lib_a-mprec.o)
                0x0000762a                __hi0bits
 .text.__lo0bits
                0x0000766a       0x5a c:/program files (x86)/cypress/psoc creator/4.1/psoc creator/import/gnu/arm/5.4.1/bin/../lib/gcc/arm-none-eabi/5.4.1/../../../../arm-none-eabi/lib/armv7-m\libg_nano.a(lib_a-mprec.o)
                0x0000766a                __lo0bits
 .text.__i2b    0x000076c4       0x12 c:/program files (x86)/cypress/psoc creator/4.1/psoc creator/import/gnu/arm/5.4.1/bin/../lib/gcc/arm-none-eabi/5.4.1/../../../../arm-none-eabi/lib/armv7-m\libg_nano.a(lib_a-mprec.o)
                0x000076c4                __i2b
 .text.__multiply
                0x000076d6      0x120 c:/program files (x86)/cypress/psoc creator/4.1/psoc creator/import/gnu/arm/5.4.1/bin/../lib/gcc/arm-none-eabi/5.4.1/../../../../arm-none-eabi/lib/armv7-m\libg_nano.a(lib_a-mprec.o)
                0x000076d6                __multiply
 *fill*         0x000077f6        0x2 
 .text.__pow5mult
                0x000077f8       0x9c c:/program files (x86)/cypress/psoc creator/4.1/psoc creator/import/gnu/arm/5.4.1/bin/../lib/gcc/arm-none-eabi/5.4.1/../../../../arm-none-eabi/lib/armv7-m\libg_nano.a(lib_a-mprec.o)
                0x000077f8                __pow5mult
 .text.__lshift
                0x00007894       0xa2 c:/program files (x86)/cypress/psoc creator/4.1/psoc creator/import/gnu/arm/5.4.1/bin/../lib/gcc/arm-none-eabi/5.4.1/../../../../arm-none-eabi/lib/armv7-m\libg_nano.a(lib_a-mprec.o)
                0x00007894                __lshift
 .text.__mcmp   0x00007936       0x38 c:/program files (x86)/cypress/psoc creator/4.1/psoc creator/import/gnu/arm/5.4.1/bin/../lib/gcc/arm-none-eabi/5.4.1/../../../../arm-none-eabi/lib/armv7-m\libg_nano.a(lib_a-mprec.o)
                0x00007936                __mcmp
 .text.__mdiff  0x0000796e       0xbe c:/program files (x86)/cypress/psoc creator/4.1/psoc creator/import/gnu/arm/5.4.1/bin/../lib/gcc/arm-none-eabi/5.4.1/../../../../arm-none-eabi/lib/armv7-m\libg_nano.a(lib_a-mprec.o)
                0x0000796e                __mdiff
 .text.__d2b    0x00007a2c       0x9c c:/program files (x86)/cypress/psoc creator/4.1/psoc creator/import/gnu/arm/5.4.1/bin/../lib/gcc/arm-none-eabi/5.4.1/../../../../arm-none-eabi/lib/armv7-m\libg_nano.a(lib_a-mprec.o)
                0x00007a2c                __d2b
 .text._calloc_r
                0x00007ac8       0x1c c:/program files (x86)/cypress/psoc creator/4.1/psoc creator/import/gnu/arm/5.4.1/bin/../lib/gcc/arm-none-eabi/5.4.1/../../../../arm-none-eabi/lib/armv7-m\libg_nano.a(lib_a-nano-callocr.o)
                0x00007ac8                _calloc_r
 .text._free_r  0x00007ae4       0x98 c:/program files (x86)/cypress/psoc creator/4.1/psoc creator/import/gnu/arm/5.4.1/bin/../lib/gcc/arm-none-eabi/5.4.1/../../../../arm-none-eabi/lib/armv7-m\libg_nano.a(lib_a-nano-freer.o)
                0x00007ae4                _free_r
 .text._malloc_r
                0x00007b7c       0xbc c:/program files (x86)/cypress/psoc creator/4.1/psoc creator/import/gnu/arm/5.4.1/bin/../lib/gcc/arm-none-eabi/5.4.1/../../../../arm-none-eabi/lib/armv7-m\libg_nano.a(lib_a-nano-mallocr.o)
                0x00007b7c                _malloc_r
 .text.__ssputs_r
                0x00007c38       0xb2 c:/program files (x86)/cypress/psoc creator/4.1/psoc creator/import/gnu/arm/5.4.1/bin/../lib/gcc/arm-none-eabi/5.4.1/../../../../arm-none-eabi/lib/armv7-m\libg_nano.a(lib_a-nano-svfprintf.o)
                0x00007c38                __ssputs_r
 *fill*         0x00007cea        0x2 
 .text._svfprintf_r
                0x00007cec      0x1e8 c:/program files (x86)/cypress/psoc creator/4.1/psoc creator/import/gnu/arm/5.4.1/bin/../lib/gcc/arm-none-eabi/5.4.1/../../../../arm-none-eabi/lib/armv7-m\libg_nano.a(lib_a-nano-svfprintf.o)
                0x00007cec                _svfiprintf_r
                0x00007cec                _svfprintf_r
 .text._sungetc_r
                0x00007ed4       0x7c c:/program files (x86)/cypress/psoc creator/4.1/psoc creator/import/gnu/arm/5.4.1/bin/../lib/gcc/arm-none-eabi/5.4.1/../../../../arm-none-eabi/lib/armv7-m\libg_nano.a(lib_a-nano-svfscanf.o)
                0x00007ed4                _sungetc_r
 .text.__ssrefill_r
                0x00007f50       0x3a c:/program files (x86)/cypress/psoc creator/4.1/psoc creator/import/gnu/arm/5.4.1/bin/../lib/gcc/arm-none-eabi/5.4.1/../../../../arm-none-eabi/lib/armv7-m\libg_nano.a(lib_a-nano-svfscanf.o)
                0x00007f50                __ssrefill_r
 *fill*         0x00007f8a        0x2 
 .text.__ssvfscanf_r
                0x00007f8c      0x2a8 c:/program files (x86)/cypress/psoc creator/4.1/psoc creator/import/gnu/arm/5.4.1/bin/../lib/gcc/arm-none-eabi/5.4.1/../../../../arm-none-eabi/lib/armv7-m\libg_nano.a(lib_a-nano-svfscanf.o)
                0x00007f8c                __ssvfiscanf_r
                0x00007f8c                __ssvfscanf_r
 .text._scanf_chars
                0x00008234       0xcc c:/program files (x86)/cypress/psoc creator/4.1/psoc creator/import/gnu/arm/5.4.1/bin/../lib/gcc/arm-none-eabi/5.4.1/../../../../arm-none-eabi/lib/armv7-m\libg_nano.a(lib_a-nano-vfscanf_i.o)
                0x00008234                _scanf_chars
 .text._scanf_i
                0x00008300      0x1e4 c:/program files (x86)/cypress/psoc creator/4.1/psoc creator/import/gnu/arm/5.4.1/bin/../lib/gcc/arm-none-eabi/5.4.1/../../../../arm-none-eabi/lib/armv7-m\libg_nano.a(lib_a-nano-vfscanf_i.o)
                0x00008300                _scanf_i
 .text._sbrk_r  0x000084e4       0x20 c:/program files (x86)/cypress/psoc creator/4.1/psoc creator/import/gnu/arm/5.4.1/bin/../lib/gcc/arm-none-eabi/5.4.1/../../../../arm-none-eabi/lib/armv7-m\libg_nano.a(lib_a-sbrkr.o)
                0x000084e4                _sbrk_r
 .text.__sccl   0x00008504       0x60 c:/program files (x86)/cypress/psoc creator/4.1/psoc creator/import/gnu/arm/5.4.1/bin/../lib/gcc/arm-none-eabi/5.4.1/../../../../arm-none-eabi/lib/armv7-m\libg_nano.a(lib_a-sccl.o)
                0x00008504                __sccl
 .text._strtoul_r
                0x00008564       0xfc c:/program files (x86)/cypress/psoc creator/4.1/psoc creator/import/gnu/arm/5.4.1/bin/../lib/gcc/arm-none-eabi/5.4.1/../../../../arm-none-eabi/lib/armv7-m\libg_nano.a(lib_a-strtoul.o)
                0x00008564                _strtoul_r
 .text.__submore
                0x00008660       0x72 c:/program files (x86)/cypress/psoc creator/4.1/psoc creator/import/gnu/arm/5.4.1/bin/../lib/gcc/arm-none-eabi/5.4.1/../../../../arm-none-eabi/lib/armv7-m\libg_nano.a(lib_a-ungetc.o)
                0x00008660                __submore
 .text.memmove  0x000086d2       0x36 c:/program files (x86)/cypress/psoc creator/4.1/psoc creator/import/gnu/arm/5.4.1/bin/../lib/gcc/arm-none-eabi/5.4.1/../../../../arm-none-eabi/lib/armv7-m\libg_nano.a(lib_a-memmove.o)
                0x000086d2                memmove
 .text.__malloc_lock
                0x00008708        0x2 c:/program files (x86)/cypress/psoc creator/4.1/psoc creator/import/gnu/arm/5.4.1/bin/../lib/gcc/arm-none-eabi/5.4.1/../../../../arm-none-eabi/lib/armv7-m\libg_nano.a(lib_a-mlock.o)
                0x00008708                __malloc_lock
 .text.__malloc_unlock
                0x0000870a        0x2 c:/program files (x86)/cypress/psoc creator/4.1/psoc creator/import/gnu/arm/5.4.1/bin/../lib/gcc/arm-none-eabi/5.4.1/../../../../arm-none-eabi/lib/armv7-m\libg_nano.a(lib_a-mlock.o)
                0x0000870a                __malloc_unlock
 .text._realloc_r
                0x0000870c       0x4c c:/program files (x86)/cypress/psoc creator/4.1/psoc creator/import/gnu/arm/5.4.1/bin/../lib/gcc/arm-none-eabi/5.4.1/../../../../arm-none-eabi/lib/armv7-m\libg_nano.a(lib_a-nano-reallocr.o)
                0x0000870c                _realloc_r
 .text._malloc_usable_size_r
                0x00008758       0x14 c:/program files (x86)/cypress/psoc creator/4.1/psoc creator/import/gnu/arm/5.4.1/bin/../lib/gcc/arm-none-eabi/5.4.1/../../../../arm-none-eabi/lib/armv7-m\libg_nano.a(lib_a-nano-msizer.o)
                0x00008758                _malloc_usable_size_r
 .text          0x0000876c       0x2c c:/program files (x86)/cypress/psoc creator/4.1/psoc creator/import/gnu/arm/5.4.1/bin/../lib/gcc/arm-none-eabi/5.4.1/armv7-m\libgcc.a(_arm_unorddf2.o)
                0x0000876c                __unorddf2
                0x0000876c                __aeabi_dcmpun
 *(.plt)
 *(.gnu.warning)
 *(.glue_7t)
 .glue_7t       0x00008798        0x0 linker stubs
 *(.glue_7)
 .glue_7        0x00008798        0x0 linker stubs
 *(.vfp11_veneer)
 .vfp11_veneer  0x00008798        0x0 linker stubs
 *(.bootloader)
 *(.ARM.extab* .gnu.linkonce.armextab.*)
 *(.gcc_except_table)

.v4_bx          0x00008798        0x0
 .v4_bx         0x00008798        0x0 linker stubs

.iplt           0x00008798        0x0
 .iplt          0x00008798        0x0 c:/program files (x86)/cypress/psoc creator/4.1/psoc creator/import/gnu/arm/5.4.1/bin/../lib/gcc/arm-none-eabi/5.4.1/armv7-m/crtbegin.o

.eh_frame_hdr
 *(.eh_frame_hdr)

.eh_frame       0x00008798        0x4
 *(.eh_frame)
 .eh_frame      0x00008798        0x0 c:/program files (x86)/cypress/psoc creator/4.1/psoc creator/import/gnu/arm/5.4.1/bin/../lib/gcc/arm-none-eabi/5.4.1/armv7-m/crtbegin.o
 .eh_frame      0x00008798        0x4 c:/program files (x86)/cypress/psoc creator/4.1/psoc creator/import/gnu/arm/5.4.1/bin/../lib/gcc/arm-none-eabi/5.4.1/armv7-m/crtend.o
                [!provide]                PROVIDE (__exidx_start, .)

.ARM.exidx
 *(.ARM.exidx* .gnu.linkonce.armexidx.*)
                0x0000879c                __exidx_end = .

.rodata         0x000087a0      0xb10
 *(.rodata .rodata.* .gnu.linkonce.r.*)
 .rodata.str1.4
                0x000087a0      0x613 .\CortexM3\ARM_GCC_541\Debug\main.o
                                0x617 (size before relaxing)
 *fill*         0x00008db3        0x1 
 .rodata        0x00008db4       0x44 .\CortexM3\ARM_GCC_541\Debug\cyfitter_cfg.o
 .rodata.str1.4
                0x00008df8       0x14 .\CortexM3\ARM_GCC_541\Debug\Design01.a(USBUART_std.o)
                                 0x11 (size before relaxing)
 .rodata        0x00008e0c      0x18a .\CortexM3\ARM_GCC_541\Debug\Design01.a(USBUART_descr.o)
                0x00008e0c                USBUART_TABLE
                0x00008e14                USBUART_DEVICE0_TABLE
                0x00008e2c                USBUART_DEVICE0_CONFIGURATION0_TABLE
                0x00008e54                USBUART_DEVICE0_CONFIGURATION0_INTERFACE_CLASS
                0x00008e58                USBUART_DEVICE0_CONFIGURATION0_EP_SETTINGS_TABLE
                0x00008e70                USBUART_SN_STRING_DESCRIPTOR
                0x00008e74                USBUART_STRING_DESCRIPTORS
                0x00008f40                USBUART_DEVICE0_CONFIGURATION0_DESCR
                0x00008f84                USBUART_DEVICE0_DESCR
 .rodata.str1.1
                0x00008f96        0x2 c:/program files (x86)/cypress/psoc creator/4.1/psoc creator/import/gnu/arm/5.4.1/bin/../lib/gcc/arm-none-eabi/5.4.1/../../../../arm-none-eabi/lib/armv7-m\libg_nano.a(lib_a-impure.o)
 .rodata.str1.1
                0x00008f98       0x10 c:/program files (x86)/cypress/psoc creator/4.1/psoc creator/import/gnu/arm/5.4.1/bin/../lib/gcc/arm-none-eabi/5.4.1/../../../../arm-none-eabi/lib/armv7-m\libg_nano.a(lib_a-nano-vfprintf_float.o)
                                 0x12 (size before relaxing)
 .rodata.str1.1
                0x00008fa8       0x22 c:/program files (x86)/cypress/psoc creator/4.1/psoc creator/import/gnu/arm/5.4.1/bin/../lib/gcc/arm-none-eabi/5.4.1/../../../../arm-none-eabi/lib/armv7-m\libg_nano.a(lib_a-nano-vfprintf_i.o)
 .rodata._ctype_
                0x00008fca      0x101 c:/program files (x86)/cypress/psoc creator/4.1/psoc creator/import/gnu/arm/5.4.1/bin/../lib/gcc/arm-none-eabi/5.4.1/../../../../arm-none-eabi/lib/armv7-m\libg_nano.a(lib_a-ctype_.o)
                0x00008fca                _ctype_
 .rodata.str1.1
                0x000090cb        0xd c:/program files (x86)/cypress/psoc creator/4.1/psoc creator/import/gnu/arm/5.4.1/bin/../lib/gcc/arm-none-eabi/5.4.1/../../../../arm-none-eabi/lib/armv7-m\libg_nano.a(lib_a-dtoa.o)
                                  0xf (size before relaxing)
 .rodata.str1.1
                0x000090d8        0x8 c:/program files (x86)/cypress/psoc creator/4.1/psoc creator/import/gnu/arm/5.4.1/bin/../lib/gcc/arm-none-eabi/5.4.1/../../../../arm-none-eabi/lib/armv7-m\libg_nano.a(lib_a-locale.o)
                                  0xb (size before relaxing)
 .rodata.__mprec_tens
                0x000090e0       0xc8 c:/program files (x86)/cypress/psoc creator/4.1/psoc creator/import/gnu/arm/5.4.1/bin/../lib/gcc/arm-none-eabi/5.4.1/../../../../arm-none-eabi/lib/armv7-m\libg_nano.a(lib_a-mprec.o)
                0x000090e0                __mprec_tens
 .rodata.p05.5408
                0x000091a8        0xc c:/program files (x86)/cypress/psoc creator/4.1/psoc creator/import/gnu/arm/5.4.1/bin/../lib/gcc/arm-none-eabi/5.4.1/../../../../arm-none-eabi/lib/armv7-m\libg_nano.a(lib_a-mprec.o)
 *fill*         0x000091b4        0x4 
 .rodata.__mprec_bigtens
                0x000091b8       0x28 c:/program files (x86)/cypress/psoc creator/4.1/psoc creator/import/gnu/arm/5.4.1/bin/../lib/gcc/arm-none-eabi/5.4.1/../../../../arm-none-eabi/lib/armv7-m\libg_nano.a(lib_a-mprec.o)
                0x000091b8                __mprec_bigtens
 .rodata.str1.1
                0x000091e0       0x11 c:/program files (x86)/cypress/psoc creator/4.1/psoc creator/import/gnu/arm/5.4.1/bin/../lib/gcc/arm-none-eabi/5.4.1/../../../../arm-none-eabi/lib/armv7-m\libg_nano.a(lib_a-nano-svfprintf.o)
 .rodata.str1.1
                0x000091f1        0x4 c:/program files (x86)/cypress/psoc creator/4.1/psoc creator/import/gnu/arm/5.4.1/bin/../lib/gcc/arm-none-eabi/5.4.1/../../../../arm-none-eabi/lib/armv7-m\libg_nano.a(lib_a-nano-svfscanf.o)
 *fill*         0x000091f1        0x3 
 .rodata        0x000091f4        0xc c:/program files (x86)/cypress/psoc creator/4.1/psoc creator/import/gnu/arm/5.4.1/bin/../lib/gcc/arm-none-eabi/5.4.1/../../../../arm-none-eabi/lib/armv7-m\libg_nano.a(lib_a-nano-vfscanf_i.o)
 .rodata.str1.1
                0x00009200       0x1b c:/program files (x86)/cypress/psoc creator/4.1/psoc creator/import/gnu/arm/5.4.1/bin/../lib/gcc/arm-none-eabi/5.4.1/../../../../arm-none-eabi/lib/armv7-m\libg_nano.a(lib_a-nano-vfscanf_i.o)
 *fill*         0x0000921b        0x1 
 .rodata.__sf_fake_stdin
                0x0000921c       0x20 c:/program files (x86)/cypress/psoc creator/4.1/psoc creator/import/gnu/arm/5.4.1/bin/../lib/gcc/arm-none-eabi/5.4.1/../../../../arm-none-eabi/lib/armv7-m\libg_nano.a(lib_a-findfp.o)
                0x0000921c                __sf_fake_stdin
 .rodata.__sf_fake_stdout
                0x0000923c       0x20 c:/program files (x86)/cypress/psoc creator/4.1/psoc creator/import/gnu/arm/5.4.1/bin/../lib/gcc/arm-none-eabi/5.4.1/../../../../arm-none-eabi/lib/armv7-m\libg_nano.a(lib_a-findfp.o)
                0x0000923c                __sf_fake_stdout
 .rodata.__sf_fake_stderr
                0x0000925c       0x20 c:/program files (x86)/cypress/psoc creator/4.1/psoc creator/import/gnu/arm/5.4.1/bin/../lib/gcc/arm-none-eabi/5.4.1/../../../../arm-none-eabi/lib/armv7-m\libg_nano.a(lib_a-findfp.o)
                0x0000925c                __sf_fake_stderr
                0x0000927c                . = ALIGN (0x4)
 *(.init)
 .init          0x0000927c        0x4 c:/program files (x86)/cypress/psoc creator/4.1/psoc creator/import/gnu/arm/5.4.1/bin/../lib/gcc/arm-none-eabi/5.4.1/armv7-m/crti.o
                0x0000927c                _init
 .init          0x00009280        0x8 c:/program files (x86)/cypress/psoc creator/4.1/psoc creator/import/gnu/arm/5.4.1/bin/../lib/gcc/arm-none-eabi/5.4.1/armv7-m/crtn.o
                0x00009288                . = ALIGN (0x4)
                0x00009288                __preinit_array_start = .
 *(.preinit_array)
                0x00009288                __preinit_array_end = .
                0x00009288                . = ALIGN (0x4)
                0x00009288                __init_array_start = .
 *(SORT(.init_array.*))
 *(.init_array)
 .init_array    0x00009288        0x4 c:/program files (x86)/cypress/psoc creator/4.1/psoc creator/import/gnu/arm/5.4.1/bin/../lib/gcc/arm-none-eabi/5.4.1/armv7-m/crtbegin.o
 .init_array    0x0000928c        0x4 .\CortexM3\ARM_GCC_541\Debug\Cm3Start.o
                0x00009290                __init_array_end = .
                0x00009290                . = ALIGN (0x4)
 *(.fini)
 .fini          0x00009290        0x4 c:/program files (x86)/cypress/psoc creator/4.1/psoc creator/import/gnu/arm/5.4.1/bin/../lib/gcc/arm-none-eabi/5.4.1/armv7-m/crti.o
                0x00009290                _fini
 .fini          0x00009294        0x8 c:/program files (x86)/cypress/psoc creator/4.1/psoc creator/import/gnu/arm/5.4.1/bin/../lib/gcc/arm-none-eabi/5.4.1/armv7-m/crtn.o
                0x0000929c                . = ALIGN (0x4)
                0x0000929c                __fini_array_start = .
 *(.fini_array)
 .fini_array    0x0000929c        0x4 c:/program files (x86)/cypress/psoc creator/4.1/psoc creator/import/gnu/arm/5.4.1/bin/../lib/gcc/arm-none-eabi/5.4.1/armv7-m/crtbegin.o
 *(SORT(.fini_array.*))
                0x000092a0                __fini_array_end = .
                0x000092a0                . = ALIGN (0x4)
 *crtbegin.o(.ctors)
 *(EXCLUDE_FILE(*crtend.o) .ctors)
 *(SORT(.ctors.*))
 *crtend.o(.ctors)
                0x000092a0                . = ALIGN (0x4)
 *crtbegin.o(.dtors)
 *(EXCLUDE_FILE(*crtend.o) .dtors)
 *(SORT(.dtors.*))
 *crtend.o(.dtors)
                0x000092a0                . = ALIGN (0x4)
                0x000092a0                __cy_regions = .
                0x000092a0        0x4 LONG 0x92b0 __cy_region_init_ram
                0x000092a4        0x4 LONG 0x1fff80c8 __cy_region_start_data
                0x000092a8        0x4 LONG 0x100 __cy_region_init_size_ram
                0x000092ac        0x4 LONG 0x650 __cy_region_zero_size_ram
                0x000092b0                __cy_regions_end = .
                0x000092b0                . = ALIGN (0x8)
                0x000092b0                _etext = .

.cy_checksum_exclude
                0x000092b0        0x0
 *(.cy_checksum_exclude)

.ramvectors     0x1fff8000       0xc0
                0x1fff8000                __cy_region_start_ram = .
 *(.ramvectors)
 .ramvectors    0x1fff8000       0xc0 .\CortexM3\ARM_GCC_541\Debug\Cm3Start.o
                0x1fff8000                CyRamVectors

.noinit         0x1fff80c0        0x1
 *(.noinit)
 .noinit        0x1fff80c0        0x1 .\CortexM3\ARM_GCC_541\Debug\Design01.a(CyLib.o)
                0x1fff80c0                CyResetStatus

.data           0x1fff80c8      0x100 load address 0x000092b0
                0x1fff80c8                __cy_region_start_data = .
 *(.jcr)
 .jcr           0x1fff80c8        0x0 c:/program files (x86)/cypress/psoc creator/4.1/psoc creator/import/gnu/arm/5.4.1/bin/../lib/gcc/arm-none-eabi/5.4.1/armv7-m/crtbegin.o
 .jcr           0x1fff80c8        0x4 c:/program files (x86)/cypress/psoc creator/4.1/psoc creator/import/gnu/arm/5.4.1/bin/../lib/gcc/arm-none-eabi/5.4.1/armv7-m/crtend.o
 *(.got.plt)
 *(.got)
 *(.shdata)
 *(.data .data.* .gnu.linkonce.d.*)
 .data          0x1fff80cc       0x2c .\CortexM3\ARM_GCC_541\Debug\main.o
                0x1fff80cc                usbuSendingEnabled
                0x1fff80cd                uartSendingEnabled
                0x1fff80d0                TIA_Resistor_Codes
                0x1fff80d8                TIA_Resistor_Values
 .data          0x1fff80f8        0x4 .\CortexM3\ARM_GCC_541\Debug\Cm3Start.o
 .data          0x1fff80fc       0x10 .\CortexM3\ARM_GCC_541\Debug\Design01.a(CyLib.o)
                0x1fff80fc                cydelay_32k_ms
                0x1fff8100                cydelay_freq_khz
                0x1fff8104                cydelay_freq_mhz
                0x1fff8108                cydelay_freq_hz
 .data          0x1fff810c       0x1a .\CortexM3\ARM_GCC_541\Debug\Design01.a(USBUART_cdc.o)
                0x1fff810c                USBUART_linesCoding
 .data          0x1fff8126        0x1 .\CortexM3\ARM_GCC_541\Debug\Design01.a(ADC_DelSig_1.o)
                0x1fff8126                ADC_DelSig_1_Config
 *fill*         0x1fff8127        0x1 
 .data.impure_data
                0x1fff8128       0x60 c:/program files (x86)/cypress/psoc creator/4.1/psoc creator/import/gnu/arm/5.4.1/bin/../lib/gcc/arm-none-eabi/5.4.1/../../../../arm-none-eabi/lib/armv7-m\libg_nano.a(lib_a-impure.o)
 .data._impure_ptr
                0x1fff8188        0x4 c:/program files (x86)/cypress/psoc creator/4.1/psoc creator/import/gnu/arm/5.4.1/bin/../lib/gcc/arm-none-eabi/5.4.1/../../../../arm-none-eabi/lib/armv7-m\libg_nano.a(lib_a-impure.o)
                0x1fff8188                _impure_ptr
 .data.__ctype_ptr__
                0x1fff818c        0x4 c:/program files (x86)/cypress/psoc creator/4.1/psoc creator/import/gnu/arm/5.4.1/bin/../lib/gcc/arm-none-eabi/5.4.1/../../../../arm-none-eabi/lib/armv7-m\libg_nano.a(lib_a-ctype_.o)
                0x1fff818c                __ctype_ptr__
 .data.lconv    0x1fff8190       0x38 c:/program files (x86)/cypress/psoc creator/4.1/psoc creator/import/gnu/arm/5.4.1/bin/../lib/gcc/arm-none-eabi/5.4.1/../../../../arm-none-eabi/lib/armv7-m\libg_nano.a(lib_a-locale.o)
                0x1fff81c8                . = ALIGN (0x8)
 *(.ram)
                0x1fff81c8                _edata = .

.igot.plt       0x1fff81c8        0x0 load address 0x000093b0
 .igot.plt      0x1fff81c8        0x0 c:/program files (x86)/cypress/psoc creator/4.1/psoc creator/import/gnu/arm/5.4.1/bin/../lib/gcc/arm-none-eabi/5.4.1/armv7-m/crtbegin.o

.bss            0x1fff81c8      0x650 load address 0x000093b0
                0x1fff81c8                PROVIDE (__bss_start__, .)
 *(.shbss)
 *(.bss .bss.* .gnu.linkonce.b.*)
 .bss           0x1fff81c8       0x1c c:/program files (x86)/cypress/psoc creator/4.1/psoc creator/import/gnu/arm/5.4.1/bin/../lib/gcc/arm-none-eabi/5.4.1/armv7-m/crtbegin.o
 .bss           0x1fff81e4       0x28 .\CortexM3\ARM_GCC_541\Debug\main.o
                0x1fff81e4                newData
                0x1fff81e5                G_Stop
                0x1fff81e6                G_Break
                0x1fff81e7                G_Pause
                0x1fff81e8                TIA_Selected_Resistor
                0x1fff81ec                TIA_Offsets_uV
 .bss           0x1fff820c        0x2 .\CortexM3\ARM_GCC_541\Debug\Design01.a(UART_1.o)
                0x1fff820c                UART_1_initVar
 .bss           0x1fff820e        0x1 .\CortexM3\ARM_GCC_541\Debug\Design01.a(USBUART.o)
                0x1fff820e                USBUART_initVar
 .bss           0x1fff820f        0x1 .\CortexM3\ARM_GCC_541\Debug\Design01.a(USBUART_cdc.o)
 .bss           0x1fff8210        0x2 .\CortexM3\ARM_GCC_541\Debug\Design01.a(USBUART_std.o)
 *fill*         0x1fff8212        0x2 
 .bss           0x1fff8214       0x18 .\CortexM3\ARM_GCC_541\Debug\Design01.a(ADC_DelSig_1.o)
                0x1fff8224                ADC_DelSig_1_stopConversion
                0x1fff8225                ADC_DelSig_1_convDone
                0x1fff8226                ADC_DelSig_1_initVar
                0x1fff8227                ADC_DelSig_1_started
                0x1fff8228                ADC_DelSig_1_Offset
 .bss           0x1fff822c        0x1 .\CortexM3\ARM_GCC_541\Debug\Design01.a(TIA_1.o)
                0x1fff822c                TIA_1_initVar
 .bss           0x1fff822d        0x1 .\CortexM3\ARM_GCC_541\Debug\Design01.a(VDAC_Vgs.o)
                0x1fff822d                VDAC_Vgs_initVar
 .bss           0x1fff822e        0x1 .\CortexM3\ARM_GCC_541\Debug\Design01.a(VDAC_Vds.o)
                0x1fff822e                VDAC_Vds_initVar
 .bss           0x1fff822f        0x1 .\CortexM3\ARM_GCC_541\Debug\Design01.a(VDAC_Ref.o)
                0x1fff822f                VDAC_Ref_initVar
 .bss           0x1fff8230        0x1 .\CortexM3\ARM_GCC_541\Debug\Design01.a(I2C_1.o)
                0x1fff8230                I2C_1_initVar
 .bss           0x1fff8231        0x1 .\CortexM3\ARM_GCC_541\Debug\Design01.a(CommunicationTimer.o)
                0x1fff8231                CommunicationTimer_initVar
 .bss           0x1fff8232        0x1 .\CortexM3\ARM_GCC_541\Debug\Design01.a(ADC_SAR_1.o)
                0x1fff8232                ADC_SAR_1_initVar
 .bss           0x1fff8233        0x1 .\CortexM3\ARM_GCC_541\Debug\Design01.a(ADC_SAR_2.o)
                0x1fff8233                ADC_SAR_2_initVar
 .bss           0x1fff8234        0x1 .\CortexM3\ARM_GCC_541\Debug\Design01.a(Opamp_1.o)
                0x1fff8234                Opamp_1_initVar
 .bss           0x1fff8235        0x1 .\CortexM3\ARM_GCC_541\Debug\Design01.a(Opamp_2.o)
                0x1fff8235                Opamp_2_initVar
 *fill*         0x1fff8236        0x2 
 .bss.__malloc_sbrk_start
                0x1fff8238        0x4 c:/program files (x86)/cypress/psoc creator/4.1/psoc creator/import/gnu/arm/5.4.1/bin/../lib/gcc/arm-none-eabi/5.4.1/../../../../arm-none-eabi/lib/armv7-m\libg_nano.a(lib_a-nano-mallocr.o)
                0x1fff8238                __malloc_sbrk_start
 .bss.__malloc_free_list
                0x1fff823c        0x4 c:/program files (x86)/cypress/psoc creator/4.1/psoc creator/import/gnu/arm/5.4.1/bin/../lib/gcc/arm-none-eabi/5.4.1/../../../../arm-none-eabi/lib/armv7-m\libg_nano.a(lib_a-nano-mallocr.o)
                0x1fff823c                __malloc_free_list
 *(COMMON)
 COMMON         0x1fff8240      0x4c8 .\CortexM3\ARM_GCC_541\Debug\main.o
                0x1fff8240                TransmitBuffer
                0x1fff8280                selectors
                0x1fff867c                USBUART_Rx_Position
                0x1fff867e                Vgs_Index_Goal_Relative
                0x1fff8680                Current_Measurement_Sample_Count
                0x1fff8684                USBUART_Receive_Buffer
                0x1fff86c4                UART_Receive_Buffer
                0x1fff8704                Vds_Index_Goal_Relative
                0x1fff8706                Compliance_Reached
                0x1fff8707                UART_Rx_Position
 COMMON         0x1fff8708       0x18 .\CortexM3\ARM_GCC_541\Debug\Design01.a(USBUART_cdc.o)
                0x1fff8708                USBUART_linesChanged
                0x1fff870c                USBUART_cdcDataInEp
                0x1fff8710                USBUART_cdcCommInInterruptEp
                0x1fff8714                USBUART_cdcDataOutEp
                0x1fff8718                USBUART_serialStateBitmap
                0x1fff871c                USBUART_linesControlBitmap
 COMMON         0x1fff8720       0x9a .\CortexM3\ARM_GCC_541\Debug\Design01.a(USBUART_drv.o)
                0x1fff8720                USBUART_lastPacketSize
                0x1fff8721                USBUART_device
                0x1fff8722                USBUART_transferByteCount
                0x1fff8724                USBUART_transferState
                0x1fff8728                USBUART_interfaceSettingLast
                0x1fff872c                USBUART_currentTD
                0x1fff8738                USBUART_interfaceNumber
                0x1fff873c                USBUART_interfaceClass
                0x1fff8740                USBUART_configurationChanged
                0x1fff8741                USBUART_ep0Mode
                0x1fff8742                USBUART_deviceAddress
                0x1fff8743                USBUART_configuration
                0x1fff8744                USBUART_ep0Count
                0x1fff8745                USBUART_deviceStatus
                0x1fff8748                USBUART_EP
                0x1fff87b4                USBUART_interfaceSetting
                0x1fff87b6                USBUART_ep0Toggle
                0x1fff87b8                USBUART_interfaceStatus
 *fill*         0x1fff87ba        0x2 
 COMMON         0x1fff87bc        0x4 .\CortexM3\ARM_GCC_541\Debug\Design01.a(ADC_DelSig_1.o)
                0x1fff87bc                ADC_DelSig_1_CountsPerVolt
 COMMON         0x1fff87c0        0x1 .\CortexM3\ARM_GCC_541\Debug\Design01.a(I2C_1.o)
                0x1fff87c0                I2C_1_state
 *fill*         0x1fff87c1        0x3 
 COMMON         0x1fff87c4       0x11 .\CortexM3\ARM_GCC_541\Debug\Design01.a(I2C_1_MASTER.o)
                0x1fff87c4                I2C_1_mstrWrBufIndex
                0x1fff87c5                I2C_1_mstrControl
                0x1fff87c6                I2C_1_mstrStatus
                0x1fff87c7                I2C_1_mstrWrBufSize
                0x1fff87c8                I2C_1_mstrRdBufIndex
                0x1fff87cc                I2C_1_mstrWrBufPtr
                0x1fff87d0                I2C_1_mstrRdBufPtr
                0x1fff87d4                I2C_1_mstrRdBufSize
 *fill*         0x1fff87d5        0x3 
 COMMON         0x1fff87d8        0xa .\CortexM3\ARM_GCC_541\Debug\Design01.a(ADC_SAR_1.o)
                0x1fff87d8                ADC_SAR_1_countsPerVolt
                0x1fff87da                ADC_SAR_1_shift
                0x1fff87dc                ADC_SAR_1_countsPer10Volt
                0x1fff87e0                ADC_SAR_1_offset
 *fill*         0x1fff87e2        0x2 
 COMMON         0x1fff87e4        0xa .\CortexM3\ARM_GCC_541\Debug\Design01.a(ADC_SAR_2.o)
                0x1fff87e4                ADC_SAR_2_countsPer10Volt
                0x1fff87e8                ADC_SAR_2_shift
                0x1fff87ea                ADC_SAR_2_offset
                0x1fff87ec                ADC_SAR_2_countsPerVolt
 *fill*         0x1fff87ee        0x2 
 COMMON         0x1fff87f0       0x22 .\CortexM3\ARM_GCC_541\Debug\Design01.a(USBUART_descr.o)
                0x1fff87f0                USBUART_idSerialNumberStringDescriptor
 *fill*         0x1fff8812        0x2 
 COMMON         0x1fff8814        0x4 c:/program files (x86)/cypress/psoc creator/4.1/psoc creator/import/gnu/arm/5.4.1/bin/../lib/gcc/arm-none-eabi/5.4.1/../../../../arm-none-eabi/lib/armv7-m\libg_nano.a(lib_a-reent.o)
                0x1fff8814                errno
                0x1fff8818                . = ALIGN (0x8)
 *(.ram.b)
                0x1fff8818                _end = .
                0x1fff8818                __end = .
                0x1fff8818                PROVIDE (end, .)
                0x1fff8818                PROVIDE (__bss_end__, .)
                0x000092b0                __cy_region_init_ram = LOADADDR (.data)
                0x00000100                __cy_region_init_size_ram = (_edata - ADDR (.data))
                0x00000650                __cy_region_zero_size_ram = (_end - _edata)

.heap           0x1fff8818      0x200 load address 0x000093b0
                0x1fff8818                . = _end
                0x1fff8a18                . = (. + 0x200)
 *fill*         0x1fff8818      0x200 
                0x1fff8a18                __cy_heap_limit = .

.stack          0x20007800      0x800
                0x20007800                __cy_stack_limit = .
                0x20008000                . = (. + 0x800)
 *fill*         0x20007800      0x800 
                0x00000001                ASSERT ((__cy_stack_limit >= __cy_heap_limit), region RAM overflowed with stack)
                0x00000000                cy_checksum_exclude_size = (CY_APPL_LOADABLE == 0x1)?SIZEOF (.cy_checksum_exclude):0x0
                0x00000001                ASSERT ((cy_checksum_exclude_size <= CY_CHECKSUM_EXCLUDE_SIZE), CY_BOOT: Section .cy_checksum_exclude size exceedes specified limit.)

.cyloadermeta
 *(.cyloadermeta)

.cyloadablemeta
 *(.cyloadablemeta)

.cyconfigecc    0x80000000      0x924
 *(.cyconfigecc)
 .cyconfigecc   0x80000000      0x924 .\CortexM3\ARM_GCC_541\Debug\cymetadata.o
                0x80000000                cy_meta_configecc

.cycustnvl      0x90000000        0x4
 *(.cycustnvl)
 .cycustnvl     0x90000000        0x4 .\CortexM3\ARM_GCC_541\Debug\cymetadata.o
                0x90000000                cy_meta_custnvl

.cywolatch      0x90100000        0x4
 *(.cywolatch)
 .cywolatch     0x90100000        0x4 .\CortexM3\ARM_GCC_541\Debug\cymetadata.o
                0x90100000                cy_meta_wonvl

.cyeeprom       0x90200000        0x0
 *(.cyeeprom)
                0x00000001                ASSERT ((. <= ((0x90200000 + ee_offset) + ee_size)), .cyeeprom data will not fit in EEPROM)

.cyflashprotect
                0x90400000      0x100
 *(.cyflashprotect)
 .cyflashprotect
                0x90400000      0x100 .\CortexM3\ARM_GCC_541\Debug\cymetadata.o
                0x90400000                cy_meta_flashprotect

.cymeta         0x90500000        0xc
 *(.cymeta)
 .cymeta        0x90500000        0xc .\CortexM3\ARM_GCC_541\Debug\cymetadata.o
                0x90500000                cy_metadata

.rel.dyn        0x000093b0        0x0 load address 0x9050000c
 .rel.iplt      0x000093b0        0x0 c:/program files (x86)/cypress/psoc creator/4.1/psoc creator/import/gnu/arm/5.4.1/bin/../lib/gcc/arm-none-eabi/5.4.1/armv7-m/crtbegin.o

.stab           0x00000000       0x6c
 *(.stab)
 .stab          0x00000000       0x24 c:/program files (x86)/cypress/psoc creator/4.1/psoc creator/import/gnu/arm/5.4.1/bin/../lib/gcc/arm-none-eabi/5.4.1/../../../../arm-none-eabi/lib/armv7-m\libnosys.a(close.o)
 .stab          0x00000024       0x18 c:/program files (x86)/cypress/psoc creator/4.1/psoc creator/import/gnu/arm/5.4.1/bin/../lib/gcc/arm-none-eabi/5.4.1/../../../../arm-none-eabi/lib/armv7-m\libnosys.a(lseek.o)
                                 0x24 (size before relaxing)
 .stab          0x0000003c       0x18 c:/program files (x86)/cypress/psoc creator/4.1/psoc creator/import/gnu/arm/5.4.1/bin/../lib/gcc/arm-none-eabi/5.4.1/../../../../arm-none-eabi/lib/armv7-m\libnosys.a(read.o)
                                 0x24 (size before relaxing)
 .stab          0x00000054       0x18 c:/program files (x86)/cypress/psoc creator/4.1/psoc creator/import/gnu/arm/5.4.1/bin/../lib/gcc/arm-none-eabi/5.4.1/../../../../arm-none-eabi/lib/armv7-m\libnosys.a(write.o)
                                 0x24 (size before relaxing)

.stabstr        0x00000000       0xdf
 *(.stabstr)
 .stabstr       0x00000000       0xdf c:/program files (x86)/cypress/psoc creator/4.1/psoc creator/import/gnu/arm/5.4.1/bin/../lib/gcc/arm-none-eabi/5.4.1/../../../../arm-none-eabi/lib/armv7-m\libnosys.a(close.o)

.debug
 *(.debug)

.line
 *(.line)

.debug_srcinfo
 *(.debug_srcinfo)

.debug_sfnames
 *(.debug_sfnames)

.debug_aranges  0x00000000     0x1470
 *(.debug_aranges)
 .debug_aranges
                0x00000000      0x1c8 .\CortexM3\ARM_GCC_541\Debug\main.o
 .debug_aranges
                0x000001c8       0x58 .\CortexM3\ARM_GCC_541\Debug\cyfitter_cfg.o
 .debug_aranges
                0x00000220       0x18 .\CortexM3\ARM_GCC_541\Debug\cymetadata.o
 .debug_aranges
                0x00000238       0x48 .\CortexM3\ARM_GCC_541\Debug\Cm3Start.o
 .debug_aranges
                0x00000280       0xf0 .\CortexM3\ARM_GCC_541\Debug\Design01.a(UART_1.o)
 .debug_aranges
                0x00000370       0x70 .\CortexM3\ARM_GCC_541\Debug\Design01.a(UART_1_IntClock.o)
 .debug_aranges
                0x000003e0      0x2a0 .\CortexM3\ARM_GCC_541\Debug\Design01.a(CyLib.o)
 .debug_aranges
                0x00000680       0x98 .\CortexM3\ARM_GCC_541\Debug\Design01.a(cyPm.o)
 .debug_aranges
                0x00000718       0xc8 .\CortexM3\ARM_GCC_541\Debug\Design01.a(USBUART.o)
 .debug_aranges
                0x000007e0       0xe8 .\CortexM3\ARM_GCC_541\Debug\Design01.a(USBUART_cdc.o)
 .debug_aranges
                0x000008c8       0x98 .\CortexM3\ARM_GCC_541\Debug\Design01.a(USBUART_drv.o)
 .debug_aranges
                0x00000960       0x40 .\CortexM3\ARM_GCC_541\Debug\Design01.a(USBUART_episr.o)
 .debug_aranges
                0x000009a0       0x40 .\CortexM3\ARM_GCC_541\Debug\Design01.a(USBUART_pm.o)
 .debug_aranges
                0x000009e0       0x80 .\CortexM3\ARM_GCC_541\Debug\Design01.a(USBUART_std.o)
 .debug_aranges
                0x00000a60       0x20 .\CortexM3\ARM_GCC_541\Debug\Design01.a(USBUART_vnd.o)
 .debug_aranges
                0x00000a80       0x48 .\CortexM3\ARM_GCC_541\Debug\Design01.a(USBUART_Dp.o)
 .debug_aranges
                0x00000ac8       0xe8 .\CortexM3\ARM_GCC_541\Debug\Design01.a(ADC_DelSig_1.o)
 .debug_aranges
                0x00000bb0       0x38 .\CortexM3\ARM_GCC_541\Debug\Design01.a(ADC_DelSig_1_INT.o)
 .debug_aranges
                0x00000be8       0x50 .\CortexM3\ARM_GCC_541\Debug\Design01.a(TIA_1.o)
 .debug_aranges
                0x00000c38       0x58 .\CortexM3\ARM_GCC_541\Debug\Design01.a(VDAC_Vgs.o)
 .debug_aranges
                0x00000c90       0x58 .\CortexM3\ARM_GCC_541\Debug\Design01.a(VDAC_Vds.o)
 .debug_aranges
                0x00000ce8       0x70 .\CortexM3\ARM_GCC_541\Debug\Design01.a(ADC_DelSig_1_Ext_CP_Clk.o)
 .debug_aranges
                0x00000d58       0x80 .\CortexM3\ARM_GCC_541\Debug\Design01.a(ADC_DelSig_1_theACLK.o)
 .debug_aranges
                0x00000dd8       0x58 .\CortexM3\ARM_GCC_541\Debug\Design01.a(VDAC_Ref.o)
 .debug_aranges
                0x00000e30       0x38 .\CortexM3\ARM_GCC_541\Debug\Design01.a(I2C_1.o)
 .debug_aranges
                0x00000e68       0x20 .\CortexM3\ARM_GCC_541\Debug\Design01.a(I2C_1_INT.o)
 .debug_aranges
                0x00000e88       0x80 .\CortexM3\ARM_GCC_541\Debug\Design01.a(I2C_1_MASTER.o)
 .debug_aranges
                0x00000f08       0x88 .\CortexM3\ARM_GCC_541\Debug\Design01.a(CommunicationTimer.o)
 .debug_aranges
                0x00000f90       0x80 .\CortexM3\ARM_GCC_541\Debug\Design01.a(CommunicationInterrupt.o)
 .debug_aranges
                0x00001010       0xa8 .\CortexM3\ARM_GCC_541\Debug\Design01.a(ADC_SAR_1.o)
 .debug_aranges
                0x000010b8       0x20 .\CortexM3\ARM_GCC_541\Debug\Design01.a(ADC_SAR_1_INT.o)
 .debug_aranges
                0x000010d8       0xa8 .\CortexM3\ARM_GCC_541\Debug\Design01.a(ADC_SAR_2.o)
 .debug_aranges
                0x00001180       0x20 .\CortexM3\ARM_GCC_541\Debug\Design01.a(ADC_SAR_2_INT.o)