Archive member included to satisfy reference by file (symbol)

.\CortexM3\ARM_GCC_541\Debug\Design01.a(UART_1.o)
                              .\CortexM3\ARM_GCC_541\Debug\main.o (UART_1_Start)
.\CortexM3\ARM_GCC_541\Debug\Design01.a(UART_1_IntClock.o)
                              .\CortexM3\ARM_GCC_541\Debug\Design01.a(UART_1.o) (UART_1_IntClock_Start)
.\CortexM3\ARM_GCC_541\Debug\Design01.a(CyLib.o)
                              .\CortexM3\ARM_GCC_541\Debug\Cm3Start.o (CyHalt)
.\CortexM3\ARM_GCC_541\Debug\Design01.a(cyPm.o)
                              .\CortexM3\ARM_GCC_541\Debug\Design01.a(CyLib.o) (CyPmReadStatus)
.\CortexM3\ARM_GCC_541\Debug\Design01.a(USBUART.o)
                              .\CortexM3\ARM_GCC_541\Debug\main.o (USBUART_Start)
.\CortexM3\ARM_GCC_541\Debug\Design01.a(USBUART_cdc.o)
                              .\CortexM3\ARM_GCC_541\Debug\main.o (USBUART_CDC_Init)
.\CortexM3\ARM_GCC_541\Debug\Design01.a(USBUART_drv.o)
                              .\CortexM3\ARM_GCC_541\Debug\Design01.a(USBUART.o) (USBUART_lastPacketSize)
.\CortexM3\ARM_GCC_541\Debug\Design01.a(USBUART_episr.o)
                              .\CortexM3\ARM_GCC_541\Debug\Design01.a(USBUART.o) (USBUART_EP_1_ISR)
.\CortexM3\ARM_GCC_541\Debug\Design01.a(USBUART_pm.o)
                              .\CortexM3\ARM_GCC_541\Debug\Design01.a(USBUART.o) (USBUART_DP_ISR)
.\CortexM3\ARM_GCC_541\Debug\Design01.a(USBUART_std.o)
                              .\CortexM3\ARM_GCC_541\Debug\Design01.a(USBUART_pm.o) (USBUART_ConfigReg)
.\CortexM3\ARM_GCC_541\Debug\Design01.a(USBUART_vnd.o)
                              .\CortexM3\ARM_GCC_541\Debug\Design01.a(USBUART_drv.o) (USBUART_HandleVendorRqst)
.\CortexM3\ARM_GCC_541\Debug\Design01.a(USBUART_Dp.o)
                              .\CortexM3\ARM_GCC_541\Debug\Design01.a(USBUART.o) (USBUART_Dp_ClearInterrupt)
.\CortexM3\ARM_GCC_541\Debug\Design01.a(ADC_DelSig_1.o)
                              .\CortexM3\ARM_GCC_541\Debug\main.o (ADC_DelSig_1_Start)
.\CortexM3\ARM_GCC_541\Debug\Design01.a(ADC_DelSig_1_INT.o)
                              .\CortexM3\ARM_GCC_541\Debug\Design01.a(ADC_DelSig_1.o) (ADC_DelSig_1_ISR1)
.\CortexM3\ARM_GCC_541\Debug\Design01.a(TIA_1.o)
                              .\CortexM3\ARM_GCC_541\Debug\main.o (TIA_1_SetResFB)
.\CortexM3\ARM_GCC_541\Debug\Design01.a(VDAC_Vgs.o)
                              .\CortexM3\ARM_GCC_541\Debug\main.o (VDAC_Vgs_SetValue)
.\CortexM3\ARM_GCC_541\Debug\Design01.a(VDAC_Vds.o)
                              .\CortexM3\ARM_GCC_541\Debug\main.o (VDAC_Vds_SetValue)
.\CortexM3\ARM_GCC_541\Debug\Design01.a(ADC_DelSig_1_Ext_CP_Clk.o)
                              .\CortexM3\ARM_GCC_541\Debug\Design01.a(ADC_DelSig_1.o) (ADC_DelSig_1_Ext_CP_Clk_SetModeRegister)
.\CortexM3\ARM_GCC_541\Debug\Design01.a(ADC_DelSig_1_theACLK.o)
                              .\CortexM3\ARM_GCC_541\Debug\Design01.a(ADC_DelSig_1.o) (ADC_DelSig_1_theACLK_SetModeRegister)
.\CortexM3\ARM_GCC_541\Debug\Design01.a(VDAC_Ref.o)
                              .\CortexM3\ARM_GCC_541\Debug\main.o (VDAC_Ref_SetValue)
.\CortexM3\ARM_GCC_541\Debug\Design01.a(I2C_1.o)
                              .\CortexM3\ARM_GCC_541\Debug\main.o (I2C_1_Start)
.\CortexM3\ARM_GCC_541\Debug\Design01.a(I2C_1_INT.o)
                              .\CortexM3\ARM_GCC_541\Debug\Design01.a(I2C_1.o) (I2C_1_ISR)
.\CortexM3\ARM_GCC_541\Debug\Design01.a(I2C_1_MASTER.o)
                              .\CortexM3\ARM_GCC_541\Debug\main.o (I2C_1_MasterWriteBuf)
.\CortexM3\ARM_GCC_541\Debug\Design01.a(CommunicationTimer.o)
                              .\CortexM3\ARM_GCC_541\Debug\main.o (CommunicationTimer_ReadStatusRegister)
.\CortexM3\ARM_GCC_541\Debug\Design01.a(CommunicationInterrupt.o)
                              .\CortexM3\ARM_GCC_541\Debug\main.o (CommunicationInterrupt_StartEx)
.\CortexM3\ARM_GCC_541\Debug\Design01.a(ADC_SAR_1.o)
                              .\CortexM3\ARM_GCC_541\Debug\main.o (ADC_SAR_1_Start)
.\CortexM3\ARM_GCC_541\Debug\Design01.a(ADC_SAR_1_INT.o)
                              .\CortexM3\ARM_GCC_541\Debug\Design01.a(ADC_SAR_1.o) (ADC_SAR_1_ISR)
.\CortexM3\ARM_GCC_541\Debug\Design01.a(ADC_SAR_2.o)
                              .\CortexM3\ARM_GCC_541\Debug\main.o (ADC_SAR_2_Start)
.\CortexM3\ARM_GCC_541\Debug\Design01.a(ADC_SAR_2_INT.o)
                              .\CortexM3\ARM_GCC_541\Debug\Design01.a(ADC_SAR_2.o) (ADC_SAR_2_ISR)
.\CortexM3\ARM_GCC_541\Debug\Design01.a(ADC_SAR_1_theACLK.o)
                              .\CortexM3\ARM_GCC_541\Debug\Design01.a(ADC_SAR_1.o) (ADC_SAR_1_theACLK_SetModeRegister)
.\CortexM3\ARM_GCC_541\Debug\Design01.a(ADC_SAR_2_theACLK.o)
                              .\CortexM3\ARM_GCC_541\Debug\Design01.a(ADC_SAR_2.o) (ADC_SAR_2_theACLK_SetModeRegister)
.\CortexM3\ARM_GCC_541\Debug\Design01.a(CyBootAsmGnu.o)
                              .\CortexM3\ARM_GCC_541\Debug\cyfitter_cfg.o (CyDelayCycles)
.\CortexM3\ARM_GCC_541\Debug\Design01.a(CyFlash.o)
[...]
Memory Configuration

Name             Origin             Length             Attributes
rom              0x00000000         0x00040000         xr
ram              0x1fff8000         0x00010000         xrw
*default*        0x00000000         0xffffffff

Linker script and memory map

LOAD c:/program files (x86)/cypress/psoc creator/4.1/psoc creator/import/gnu/arm/5.4.1/bin/../lib/gcc/arm-none-eabi/5.4.1/armv7-m/crti.o
LOAD c:/program files (x86)/cypress/psoc creator/4.1/psoc creator/import/gnu/arm/5.4.1/bin/../lib/gcc/arm-none-eabi/5.4.1/armv7-m/crtbegin.o
LOAD c:/program files (x86)/cypress/psoc creator/4.1/psoc creator/import/gnu/arm/5.4.1/bin/../lib/gcc/arm-none-eabi/5.4.1/../../../../arm-none-eabi/lib/armv7-m/crt0.o
START GROUP
LOAD .\CortexM3\ARM_GCC_541\Debug\main.o
LOAD .\CortexM3\ARM_GCC_541\Debug\cyfitter_cfg.o
LOAD .\CortexM3\ARM_GCC_541\Debug\cymetadata.o
LOAD .\CortexM3\ARM_GCC_541\Debug\Cm3Start.o
LOAD .\CortexM3\ARM_GCC_541\Debug\Design01.a
LOAD C:\Program Files (x86)\Cypress\PSoC Creator\4.1\PSoC Creator\psoc\content\cycomponentlibrary\CyComponentLibrary.cylib\CortexM3\ARM_GCC_541\Debug\CyComponentLibrary.a
END GROUP
START GROUP
LOAD c:/program files (x86)/cypress/psoc creator/4.1/psoc creator/import/gnu/arm/5.4.1/bin/../lib/gcc/arm-none-eabi/5.4.1/armv7-m\libgcc.a
LOAD c:/program files (x86)/cypress/psoc creator/4.1/psoc creator/import/gnu/arm/5.4.1/bin/../lib/gcc/arm-none-eabi/5.4.1/../../../../arm-none-eabi/lib/armv7-m\libg_nano.a
LOAD c:/program files (x86)/cypress/psoc creator/4.1/psoc creator/import/gnu/arm/5.4.1/bin/../lib/gcc/arm-none-eabi/5.4.1/../../../../arm-none-eabi/lib/armv7-m\libc_nano.a
END GROUP
START GROUP
LOAD c:/program files (x86)/cypress/psoc creator/4.1/psoc creator/import/gnu/arm/5.4.1/bin/../lib/gcc/arm-none-eabi/5.4.1/armv7-m\libgcc.a
LOAD c:/program files (x86)/cypress/psoc creator/4.1/psoc creator/import/gnu/arm/5.4.1/bin/../lib/gcc/arm-none-eabi/5.4.1/../../../../arm-none-eabi/lib/armv7-m\libc_nano.a
END GROUP
LOAD c:/program files (x86)/cypress/psoc creator/4.1/psoc creator/import/gnu/arm/5.4.1/bin/../lib/gcc/arm-none-eabi/5.4.1/armv7-m/crtend.o
LOAD c:/program files (x86)/cypress/psoc creator/4.1/psoc creator/import/gnu/arm/5.4.1/bin/../lib/gcc/arm-none-eabi/5.4.1/armv7-m/crtn.o
START GROUP
LOAD c:/program files (x86)/cypress/psoc creator/4.1/psoc creator/import/gnu/arm/5.4.1/bin/../lib/gcc/arm-none-eabi/5.4.1/armv7-m\libgcc.a
LOAD c:/program files (x86)/cypress/psoc creator/4.1/psoc creator/import/gnu/arm/5.4.1/bin/../lib/gcc/arm-none-eabi/5.4.1/../../../../arm-none-eabi/lib/armv7-m\libc.a
LOAD c:/program files (x86)/cypress/psoc creator/4.1/psoc creator/import/gnu/arm/5.4.1/bin/../lib/gcc/arm-none-eabi/5.4.1/../../../../arm-none-eabi/lib/armv7-m\libnosys.a
END GROUP
                0x00000000                CY_APPL_ORIGIN = 0x0
                0x00000100                CY_FLASH_ROW_SIZE = 0x100
                0x00000020                CY_ECC_ROW_SIZE = 0x20
                0x00000000                CY_EE_IN_BTLDR = 0x0
                0x00000000                CY_APPL_LOADABLE = 0x0
                0x00000800                CY_EE_SIZE = 0x800
                0x00000001                CY_APPL_NUM = 0x1
                0x00000001                CY_APPL_MAX = 0x1
                0x00000040                CY_METADATA_SIZE = 0x40
                0x00000000                CY_APPL_LOADABLE = 0x0
                0x00000000                CY_CHECKSUM_EXCLUDE_SIZE = ALIGN (0x0, CY_FLASH_ROW_SIZE)
                [!provide]                PROVIDE (__cy_heap_start, _end)
                0x00000001                PROVIDE (__cy_region_num, ((__cy_regions_end - __cy_regions) / 0x10))
                0x20008000                PROVIDE (__cy_stack, (ORIGIN (ram) + LENGTH (ram)))
                [!provide]                PROVIDE (__cy_heap_end, (__cy_stack - 0x800))

.cybootloader   0x00000000        0x0
 *(.cybootloader)
                0x00000000                appl1_start = CY_APPL_ORIGIN?CY_APPL_ORIGIN:ALIGN (CY_FLASH_ROW_SIZE)
                0x0001ff00                appl2_start = (appl1_start + ALIGN ((((LENGTH (rom) - appl1_start) - (0x2 * CY_FLASH_ROW_SIZE)) / 0x2), CY_FLASH_ROW_SIZE))
                0x00000000                appl_start = (CY_APPL_NUM == 0x1)?appl1_start:appl2_start
                0x00000000                ecc_offset = ((appl_start / CY_FLASH_ROW_SIZE) * CY_ECC_ROW_SIZE)
                0x00000000                ee_offset = (CY_APPL_LOADABLE && ! (CY_EE_IN_BTLDR))?((CY_EE_SIZE / CY_APPL_MAX) * (CY_APPL_NUM - 0x1)):0x0
                0x00000800                ee_size = (CY_APPL_LOADABLE && ! (CY_EE_IN_BTLDR))?(CY_EE_SIZE / CY_APPL_MAX):CY_EE_SIZE
                [!provide]                PROVIDE (CY_ECC_OFFSET, ecc_offset)

.text           0x00000000     0x8ce0
 CREATE_OBJECT_SYMBOLS
                0x00000000                PROVIDE (__cy_interrupt_vector, RomVectors)
 *(.romvectors)
 .romvectors    0x00000000       0x10 .\CortexM3\ARM_GCC_541\Debug\Cm3Start.o
                0x00000000                RomVectors
                0x00000001                ASSERT ((. != __cy_interrupt_vector), No interrupt vector)
                0x00000001                ASSERT (CY_APPL_ORIGIN?(SIZEOF (.cybootloader) <= CY_APPL_ORIGIN):0x1, Wrong image location)
                0x00000010                PROVIDE (__cy_reset, Reset)
 *(.text.Reset)
 .text.Reset    0x00000010       0x18 .\CortexM3\ARM_GCC_541\Debug\Cm3Start.o
                0x00000010                Reset
                0x00000001                ASSERT ((. != __cy_reset), No reset code)
 *(.dma_init)
                0x00000001                ASSERT ((((appl_start + .) <= 0x10000) || 0x1), DMA Init must be within the first 64k of flash)
 *(.text .text.* .gnu.linkonce.t.*)
 .text          0x00000028       0x5c c:/program files (x86)/cypress/psoc creator/4.1/psoc creator/import/gnu/arm/5.4.1/bin/../lib/gcc/arm-none-eabi/5.4.1/armv7-m/crtbegin.o
 .text.USBUARTH_Maintain_Configuration
                0x00000084       0x18 .\CortexM3\ARM_GCC_541\Debug\main.o
                0x00000084                USBUARTH_Maintain_Configuration
 .text.USBUARTH_DataIsReady
                0x0000009c       0x20 .\CortexM3\ARM_GCC_541\Debug\main.o
                0x0000009c                USBUARTH_DataIsReady
 .text.CommunicationHandlerISR
                0x000000bc      0x1b0 .\CortexM3\ARM_GCC_541\Debug\main.o
                0x000000bc                CommunicationHandlerISR
 .text.USBUARTH_Send
                0x0000026c       0x50 .\CortexM3\ARM_GCC_541\Debug\main.o
                0x0000026c                USBUARTH_Send
 .text.Setup_Selector_I2C_Struct
                0x000002bc       0x34 .\CortexM3\ARM_GCC_541\Debug\main.o
                0x000002bc                Setup_Selector_I2C_Struct
 .text.Update_Selector
                0x000002f0      0x190 .\CortexM3\ARM_GCC_541\Debug\main.o
                0x000002f0                Update_Selector
 .text.Setup_Selectors
                0x00000480       0x3c .\CortexM3\ARM_GCC_541\Debug\main.o
                0x00000480                Setup_Selectors
 .text.Connect_Channel_On_Intermediate
                0x000004bc       0x2c .\CortexM3\ARM_GCC_541\Debug\main.o
                0x000004bc                Connect_Channel_On_Intermediate
 .text.Connect_Contact_To_Intermediate
                0x000004e8       0x34 .\CortexM3\ARM_GCC_541\Debug\main.o
                0x000004e8                Connect_Contact_To_Intermediate
 .text.Disconnect_Contact_From_Intermediate
                0x0000051c       0x40 .\CortexM3\ARM_GCC_541\Debug\main.o
                0x0000051c                Disconnect_Contact_From_Intermediate
 .text.Disconnect_Contact_From_All_Intermediates
                0x0000055c       0x40 .\CortexM3\ARM_GCC_541\Debug\main.o
                0x0000055c                Disconnect_Contact_From_All_Intermediates
 .text.Disconnect_All_Contacts_From_All_Intermediates
                0x0000059c       0x34 .\CortexM3\ARM_GCC_541\Debug\main.o
                0x0000059c                Disconnect_All_Contacts_From_All_Intermediates
 .text.Disconnect_All_Contacts_From_Intermediate
                0x000005d0       0x2c .\CortexM3\ARM_GCC_541\Debug\main.o
                0x000005d0                Disconnect_All_Contacts_From_Intermediate
 .text.Connect_Intermediate
                0x000005fc       0x38 .\CortexM3\ARM_GCC_541\Debug\main.o
                0x000005fc                Connect_Intermediate
 .text.Connect_Intermediates
                0x00000634       0x18 .\CortexM3\ARM_GCC_541\Debug\main.o
                0x00000634                Connect_Intermediates
 .text.TIA_Set_Resistor
                0x0000064c       0x14 .\CortexM3\ARM_GCC_541\Debug\main.o
                0x0000064c                TIA_Set_Resistor
 .text.ADC_Measure_uV
                0x00000660       0xb8 .\CortexM3\ARM_GCC_541\Debug\main.o
                0x00000660                ADC_Measure_uV
 .text.SAR1_Measure_V
                0x00000718       0xb8 .\CortexM3\ARM_GCC_541\Debug\main.o
                0x00000718                SAR1_Measure_V
 .text.SAR2_Measure_V
                0x000007d0       0xb8 .\CortexM3\ARM_GCC_541\Debug\main.o
                0x000007d0                SAR2_Measure_V
 .text.Measure_Current_Vss
                0x00000888      0x144 .\CortexM3\ARM_GCC_541\Debug\main.o
                0x00000888                Measure_Current_Vss
 *fill*         0x000009cc        0x4 
 .text.At_Compliance
                0x000009d0       0x54 .\CortexM3\ARM_GCC_541\Debug\main.o
                0x000009d0                At_Compliance
 .text.Handle_Compliance_Breach
                0x00000a24       0x68 .\CortexM3\ARM_GCC_541\Debug\main.o
                0x00000a24                Handle_Compliance_Breach
 *fill*         0x00000a8c        0x4 
 .text.Get_Ref  0x00000a90       0x30 .\CortexM3\ARM_GCC_541\Debug\main.o
                0x00000a90                Get_Ref
 .text.Get_Vgs  0x00000ac0       0x48 .\CortexM3\ARM_GCC_541\Debug\main.o
                0x00000ac0                Get_Vgs
 .text.Get_Vds  0x00000b08       0x48 .\CortexM3\ARM_GCC_541\Debug\main.o
                0x00000b08                Get_Vds
 .text.Set_Vds_Raw
                0x00000b50       0x74 .\CortexM3\ARM_GCC_541\Debug\main.o
                0x00000b50                Set_Vds_Raw
 .text.Set_Vgs_Raw
                0x00000bc4       0x74 .\CortexM3\ARM_GCC_541\Debug\main.o
                0x00000bc4                Set_Vgs_Raw
 .text.Set_Ref_Raw
                0x00000c38       0x84 .\CortexM3\ARM_GCC_541\Debug\main.o
                0x00000c38                Set_Ref_Raw
 .text.Set_Vds_Rel
                0x00000cbc       0xc8 .\CortexM3\ARM_GCC_541\Debug\main.o
                0x00000cbc                Set_Vds_Rel
 .text.Set_Vgs_Rel
                0x00000d84       0xc8 .\CortexM3\ARM_GCC_541\Debug\main.o
                0x00000d84                Set_Vgs_Rel
 *fill*         0x00000e4c        0x4 
 .text.Set_Vgs  0x00000e50       0x38 .\CortexM3\ARM_GCC_541\Debug\main.o
                0x00000e50                Set_Vgs
 .text.Set_Vds  0x00000e88       0x38 .\CortexM3\ARM_GCC_541\Debug\main.o
                0x00000e88                Set_Vds
 .text.Set_Vgs_mV
                0x00000ec0       0x14 .\CortexM3\ARM_GCC_541\Debug\main.o
                0x00000ec0                Set_Vgs_mV
 .text.Set_Vds_mV
                0x00000ed4       0x14 .\CortexM3\ARM_GCC_541\Debug\main.o
                0x00000ed4                Set_Vds_mV
 .text.Zero_All_DACs
                0x00000ee8       0x1c .\CortexM3\ARM_GCC_541\Debug\main.o
                0x00000ee8                Zero_All_DACs
 .text.Calibrate_ADC_Offset
                0x00000f04       0xd0 .\CortexM3\ARM_GCC_541\Debug\main.o
                0x00000f04                Calibrate_ADC_Offset
 *fill*         0x00000fd4        0x4 
 .text.Measure  0x00000fd8      0x114 .\CortexM3\ARM_GCC_541\Debug\main.o
                0x00000fd8                Measure
 .text.Measure_Multiple
                0x000010ec       0x1c .\CortexM3\ARM_GCC_541\Debug\main.o
                0x000010ec                Measure_Multiple
 .text.Measure_Sweep
                0x00001108       0x2c .\CortexM3\ARM_GCC_541\Debug\main.o
                0x00001108                Measure_Sweep
 .text.Measure_Gate_Sweep
                0x00001134       0xac .\CortexM3\ARM_GCC_541\Debug\main.o
                0x00001134                Measure_Gate_Sweep
 .text.Measure_Wide_Gate_Sweep
                0x000011e0       0x84 .\CortexM3\ARM_GCC_541\Debug\main.o
                0x000011e0                Measure_Wide_Gate_Sweep
 .text.Scan     0x00001264       0x90 .\CortexM3\ARM_GCC_541\Debug\main.o
                0x00001264                Scan
 .text.Scan_Range
                0x000012f4       0xa4 .\CortexM3\ARM_GCC_541\Debug\main.o
                0x000012f4                Scan_Range
 .text.main     0x00001398      0x8ec .\CortexM3\ARM_GCC_541\Debug\main.o
                0x00001398                main
 .text.CyClockStartupError
                0x00001c84        0x4 .\CortexM3\ARM_GCC_541\Debug\cyfitter_cfg.o
 .text.cfg_write_bytes32
                0x00001c88       0x34 .\CortexM3\ARM_GCC_541\Debug\cyfitter_cfg.o
 .text.CYMEMZERO
                0x00001cbc        0xc .\CortexM3\ARM_GCC_541\Debug\cyfitter_cfg.o
 .text.AnalogSetDefault
                0x00001cc8      0x118 .\CortexM3\ARM_GCC_541\Debug\cyfitter_cfg.o
 .text.CYCONFIGCPY
                0x00001de0        0x8 .\CortexM3\ARM_GCC_541\Debug\cyfitter_cfg.o
 .text.ClockSetup
                0x00001de8      0x104 .\CortexM3\ARM_GCC_541\Debug\cyfitter_cfg.o
 .text.cyfitter_cfg
                0x00001eec      0x154 .\CortexM3\ARM_GCC_541\Debug\cyfitter_cfg.o
                0x00001eec                cyfitter_cfg
 .text.IntDefaultHandler
                0x00002040       0x10 .\CortexM3\ARM_GCC_541\Debug\Cm3Start.o
                0x00002040                IntDefaultHandler
 .text._sbrk    0x00002050       0x30 .\CortexM3\ARM_GCC_541\Debug\Cm3Start.o
                0x00002050                _sbrk
 .text.Start_c  0x00002080       0x4c .\CortexM3\ARM_GCC_541\Debug\Cm3Start.o
                0x00002080                Start_c
 .text.initialize_psoc
                0x000020cc       0x68 .\CortexM3\ARM_GCC_541\Debug\Cm3Start.o
                0x000020cc                initialize_psoc
 .text.UART_1_Init
                0x00002134       0x28 .\CortexM3\ARM_GCC_541\Debug\Design01.a(UART_1.o)
                0x00002134                UART_1_Init
 .text.UART_1_Enable
                0x0000215c       0x38 .\CortexM3\ARM_GCC_541\Debug\Design01.a(UART_1.o)
                0x0000215c                UART_1_Enable
 .text.UART_1_Start
                0x00002194       0x1c .\CortexM3\ARM_GCC_541\Debug\Design01.a(UART_1.o)
                0x00002194                UART_1_Start
 .text.UART_1_GetChar
                0x000021b0       0x2c .\CortexM3\ARM_GCC_541\Debug\Design01.a(UART_1.o)
                0x000021b0                UART_1_GetChar
 .text.UART_1_GetRxBufferSize
                0x000021dc       0x18 .\CortexM3\ARM_GCC_541\Debug\Design01.a(UART_1.o)
                0x000021dc                UART_1_GetRxBufferSize
 .text.UART_1_PutChar
                0x000021f4       0x18 .\CortexM3\ARM_GCC_541\Debug\Design01.a(UART_1.o)
                0x000021f4                UART_1_PutChar
 .text.UART_1_PutString
                0x0000220c       0x24 .\CortexM3\ARM_GCC_541\Debug\Design01.a(UART_1.o)
                0x0000220c                UART_1_PutString
 .text.UART_1_IntClock_Start
                0x00002230       0x1c .\CortexM3\ARM_GCC_541\Debug\Design01.a(UART_1_IntClock.o)
                0x00002230                UART_1_IntClock_Start
 .text.CyHalt   0x0000224c        0x4 .\CortexM3\ARM_GCC_541\Debug\Design01.a(CyLib.o)
                0x0000224c                CyHalt
 .text.CyDelay  0x00002250       0x2c .\CortexM3\ARM_GCC_541\Debug\Design01.a(CyLib.o)
                0x00002250                CyDelay
 .text.CyDelayUs
                0x0000227c       0x14 .\CortexM3\ARM_GCC_541\Debug\Design01.a(CyLib.o)
                0x0000227c                CyDelayUs
 .text.CyIntSetVector
                0x00002290       0x28 .\CortexM3\ARM_GCC_541\Debug\Design01.a(CyLib.o)
                0x00002290                CyIntSetVector
 .text.CyIntSetPriority
                0x000022b8       0x30 .\CortexM3\ARM_GCC_541\Debug\Design01.a(CyLib.o)
                0x000022b8                CyIntSetPriority
 .text.CyGetUniqueId
                0x000022e8       0x70 .\CortexM3\ARM_GCC_541\Debug\Design01.a(CyLib.o)
                0x000022e8                CyGetUniqueId
 .text.USBUART_Init
                0x00002358      0x140 .\CortexM3\ARM_GCC_541\Debug\Design01.a(USBUART.o)
                0x00002358                USBUART_Init
 .text.USBUART_InitComponent
                0x00002498       0xb8 .\CortexM3\ARM_GCC_541\Debug\Design01.a(USBUART.o)
                0x00002498                USBUART_InitComponent
 .text.USBUART_Start
                0x00002550       0x24 .\CortexM3\ARM_GCC_541\Debug\Design01.a(USBUART.o)
                0x00002550                USBUART_Start
 .text.USBUART_ReInitComponent
                0x00002574       0x4c .\CortexM3\ARM_GCC_541\Debug\Design01.a(USBUART.o)
                0x00002574                USBUART_ReInitComponent
 .text.USBUART_GetConfiguration
                0x000025c0        0xc .\CortexM3\ARM_GCC_541\Debug\Design01.a(USBUART.o)
                0x000025c0                USBUART_GetConfiguration
 .text.USBUART_IsConfigurationChanged
                0x000025cc       0x20 .\CortexM3\ARM_GCC_541\Debug\Design01.a(USBUART.o)
                0x000025cc                USBUART_IsConfigurationChanged
 .text.USBUART_GetEPState
                0x000025ec       0x14 .\CortexM3\ARM_GCC_541\Debug\Design01.a(USBUART.o)
                0x000025ec                USBUART_GetEPState
 .text.USBUART_GetEPCount
                0x00002600       0x28 .\CortexM3\ARM_GCC_541\Debug\Design01.a(USBUART.o)
                0x00002600                USBUART_GetEPCount
 .text.USBUART_LoadInEP
                0x00002628       0x94 .\CortexM3\ARM_GCC_541\Debug\Design01.a(USBUART.o)
                0x00002628                USBUART_LoadInEP
 .text.USBUART_EnableOutEP
                0x000026bc       0x2c .\CortexM3\ARM_GCC_541\Debug\Design01.a(USBUART.o)
                0x000026bc                USBUART_EnableOutEP
 .text.USBUART_ReadOutEP
                0x000026e8       0x50 .\CortexM3\ARM_GCC_541\Debug\Design01.a(USBUART.o)
                0x000026e8                USBUART_ReadOutEP
 .text.USBUART_GetInterfaceComPort
                0x00002738       0x38 .\CortexM3\ARM_GCC_541\Debug\Design01.a(USBUART_cdc.o)
                0x00002738                USBUART_GetInterfaceComPort
 .text.USBUART_DispatchCDCClassRqst
                0x00002770       0x98 .\CortexM3\ARM_GCC_541\Debug\Design01.a(USBUART_cdc.o)
                0x00002770                USBUART_DispatchCDCClassRqst
 .text.USBUART_CDC_Init
                0x00002808       0x98 .\CortexM3\ARM_GCC_541\Debug\Design01.a(USBUART_cdc.o)
                0x00002808                USBUART_CDC_Init
 .text.USBUART_PutData
                0x000028a0       0x50 .\CortexM3\ARM_GCC_541\Debug\Design01.a(USBUART_cdc.o)
                0x000028a0                USBUART_PutData
 .text.USBUART_DataIsReady
                0x000028f0       0x18 .\CortexM3\ARM_GCC_541\Debug\Design01.a(USBUART_cdc.o)
                0x000028f0                USBUART_DataIsReady
 .text.USBUART_CDCIsReady
                0x00002908       0x18 .\CortexM3\ARM_GCC_541\Debug\Design01.a(USBUART_cdc.o)
                0x00002908                USBUART_CDCIsReady
 .text.USBUART_GetAll
                0x00002920       0x30 .\CortexM3\ARM_GCC_541\Debug\Design01.a(USBUART_cdc.o)
                0x00002920                USBUART_GetAll
 .text.USBUART_Cdc_EpInit
                0x00002950       0x50 .\CortexM3\ARM_GCC_541\Debug\Design01.a(USBUART_cdc.o)
                0x00002950                USBUART_Cdc_EpInit
 .text.USBUART_LoadEP0
                0x000029a0       0x98 .\CortexM3\ARM_GCC_541\Debug\Design01.a(USBUART_drv.o)
                0x000029a0                USBUART_LoadEP0
 .text.USBUART_InitZeroLengthControlTransfer
                0x00002a38       0x34 .\CortexM3\ARM_GCC_541\Debug\Design01.a(USBUART_drv.o)
                0x00002a38                USBUART_InitZeroLengthControlTransfer
 .text.USBUART_ControlReadDataStage
                0x00002a6c        0x8 .\CortexM3\ARM_GCC_541\Debug\Design01.a(USBUART_drv.o)
                0x00002a6c                USBUART_ControlReadDataStage
 .text.USBUART_ControlWriteDataStage
                0x00002a74       0x84 .\CortexM3\ARM_GCC_541\Debug\Design01.a(USBUART_drv.o)
                0x00002a74                USBUART_ControlWriteDataStage
 .text.USBUART_InitNoDataControlTransfer
                0x00002af8       0x2c .\CortexM3\ARM_GCC_541\Debug\Design01.a(USBUART_drv.o)
                0x00002af8                USBUART_InitNoDataControlTransfer
 .text.USBUART_UpdateStatusBlock
                0x00002b24       0x24 .\CortexM3\ARM_GCC_541\Debug\Design01.a(USBUART_drv.o)
                0x00002b24                USBUART_UpdateStatusBlock
 .text.USBUART_HandleSetup
                0x00002b48       0x5c .\CortexM3\ARM_GCC_541\Debug\Design01.a(USBUART_drv.o)
                0x00002b48                USBUART_HandleSetup
 .text.USBUART_ControlReadStatusStage
                0x00002ba4       0x38 .\CortexM3\ARM_GCC_541\Debug\Design01.a(USBUART_drv.o)
                0x00002ba4                USBUART_ControlReadStatusStage
 .text.USBUART_HandleOUT
                0x00002bdc       0x38 .\CortexM3\ARM_GCC_541\Debug\Design01.a(USBUART_drv.o)
                0x00002bdc                USBUART_HandleOUT
 .text.USBUART_ControlWriteStatusStage
                0x00002c14       0x20 .\CortexM3\ARM_GCC_541\Debug\Design01.a(USBUART_drv.o)
                0x00002c14                USBUART_ControlWriteStatusStage
 .text.USBUART_NoDataControlStatusStage
                0x00002c34       0x40 .\CortexM3\ARM_GCC_541\Debug\Design01.a(USBUART_drv.o)
                0x00002c34                USBUART_NoDataControlStatusStage
 .text.USBUART_HandleIN
                0x00002c74       0x2c .\CortexM3\ARM_GCC_541\Debug\Design01.a(USBUART_drv.o)
                0x00002c74                USBUART_HandleIN
 .text.USBUART_EP_0_ISR
                0x00002ca0       0xb8 .\CortexM3\ARM_GCC_541\Debug\Design01.a(USBUART_drv.o)
                0x00002ca0                USBUART_EP_0_ISR
 .text.USBUART_InitializeStatusBlock
                0x00002d58       0x24 .\CortexM3\ARM_GCC_541\Debug\Design01.a(USBUART_drv.o)
                0x00002d58                USBUART_InitializeStatusBlock
 .text.USBUART_InitControlRead
                0x00002d7c       0x50 .\CortexM3\ARM_GCC_541\Debug\Design01.a(USBUART_drv.o)
                0x00002d7c                USBUART_InitControlRead
 .text.USBUART_InitControlWrite
                0x00002dcc       0x48 .\CortexM3\ARM_GCC_541\Debug\Design01.a(USBUART_drv.o)
                0x00002dcc                USBUART_InitControlWrite
 .text.USBUART_EP_1_ISR
                0x00002e14       0x30 .\CortexM3\ARM_GCC_541\Debug\Design01.a(USBUART_episr.o)
                0x00002e14                USBUART_EP_1_ISR
 .text.USBUART_EP_2_ISR
                0x00002e44       0x34 .\CortexM3\ARM_GCC_541\Debug\Design01.a(USBUART_episr.o)
                0x00002e44                USBUART_EP_2_ISR
 .text.USBUART_EP_3_ISR
                0x00002e78       0x3c .\CortexM3\ARM_GCC_541\Debug\Design01.a(USBUART_episr.o)
                0x00002e78                USBUART_EP_3_ISR
 .text.USBUART_SOF_ISR
                0x00002eb4        0x4 .\CortexM3\ARM_GCC_541\Debug\Design01.a(USBUART_episr.o)
                0x00002eb4                USBUART_SOF_ISR
 .text.USBUART_BUS_RESET_ISR
                0x00002eb8        0x8 .\CortexM3\ARM_GCC_541\Debug\Design01.a(USBUART_episr.o)
                0x00002eb8                USBUART_BUS_RESET_ISR
 .text.USBUART_DP_ISR
                0x00002ec0        0x8 .\CortexM3\ARM_GCC_541\Debug\Design01.a(USBUART_pm.o)
                0x00002ec0                USBUART_DP_ISR
 .text.USBUART_ReadDieID
                0x00002ec8       0x6c .\CortexM3\ARM_GCC_541\Debug\Design01.a(USBUART_std.o)
                0x00002ec8                USBUART_ReadDieID
 .text.USBUART_ConfigReg
                0x00002f34       0xa4 .\CortexM3\ARM_GCC_541\Debug\Design01.a(USBUART_std.o)
                0x00002f34                USBUART_ConfigReg
 .text.USBUART_GetConfigTablePtr
                0x00002fd8       0x28 .\CortexM3\ARM_GCC_541\Debug\Design01.a(USBUART_std.o)
                0x00002fd8                USBUART_GetConfigTablePtr
 .text.USBUART_ConfigAltChanged
                0x00003000      0x11c .\CortexM3\ARM_GCC_541\Debug\Design01.a(USBUART_std.o)
                0x00003000                USBUART_ConfigAltChanged
 .text.USBUART_GetDeviceTablePtr
                0x0000311c       0x18 .\CortexM3\ARM_GCC_541\Debug\Design01.a(USBUART_std.o)
                0x0000311c                USBUART_GetDeviceTablePtr
 .text.USBUART_GetInterfaceClassTablePtr
                0x00003134       0x28 .\CortexM3\ARM_GCC_541\Debug\Design01.a(USBUART_std.o)
                0x00003134                USBUART_GetInterfaceClassTablePtr
 .text.USBUART_Config
                0x0000315c      0x1ec .\CortexM3\ARM_GCC_541\Debug\Design01.a(USBUART_std.o)
                0x0000315c                USBUART_Config
 .text.USBUART_SetEndpointHalt
                0x00003348       0x64 .\CortexM3\ARM_GCC_541\Debug\Design01.a(USBUART_std.o)
                0x00003348                USBUART_SetEndpointHalt
 .text.USBUART_ClearEndpointHalt
                0x000033ac       0xac .\CortexM3\ARM_GCC_541\Debug\Design01.a(USBUART_std.o)
                0x000033ac                USBUART_ClearEndpointHalt
 .text.USBUART_ValidateAlternateSetting
                0x00003458       0x4c .\CortexM3\ARM_GCC_541\Debug\Design01.a(USBUART_std.o)
                0x00003458                USBUART_ValidateAlternateSetting
 .text.USBUART_HandleStandardRqst
                0x000034a4      0x354 .\CortexM3\ARM_GCC_541\Debug\Design01.a(USBUART_std.o)
                0x000034a4                USBUART_HandleStandardRqst
 .text.USBUART_HandleVendorRqst
                0x000037f8       0x18 .\CortexM3\ARM_GCC_541\Debug\Design01.a(USBUART_vnd.o)
                0x000037f8                USBUART_HandleVendorRqst
 .text.USBUART_Dp_ClearInterrupt
                0x00003810       0x10 .\CortexM3\ARM_GCC_541\Debug\Design01.a(USBUART_Dp.o)
                0x00003810                USBUART_Dp_ClearInterrupt
 .text.ADC_DelSig_1_GainCompensation
                0x00003820       0xe0 .\CortexM3\ARM_GCC_541\Debug\Design01.a(ADC_DelSig_1.o)
 .text.ADC_DelSig_1_SetDSMRef0Reg
                0x00003900       0x4c .\CortexM3\ARM_GCC_541\Debug\Design01.a(ADC_DelSig_1.o)
 .text.ADC_DelSig_1_InitConfig
                0x0000394c      0x31c .\CortexM3\ARM_GCC_541\Debug\Design01.a(ADC_DelSig_1.o)
 .text.ADC_DelSig_1_Init
                0x00003c68      0x108 .\CortexM3\ARM_GCC_541\Debug\Design01.a(ADC_DelSig_1.o)
                0x00003c68                ADC_DelSig_1_Init
 .text.ADC_DelSig_1_Enable
                0x00003d70       0xd8 .\CortexM3\ARM_GCC_541\Debug\Design01.a(ADC_DelSig_1.o)
                0x00003d70                ADC_DelSig_1_Enable
 .text.ADC_DelSig_1_Start
                0x00003e48       0x28 .\CortexM3\ARM_GCC_541\Debug\Design01.a(ADC_DelSig_1.o)
                0x00003e48                ADC_DelSig_1_Start
 .text.ADC_DelSig_1_StartConvert
                0x00003e70       0x10 .\CortexM3\ARM_GCC_541\Debug\Design01.a(ADC_DelSig_1.o)
                0x00003e70                ADC_DelSig_1_StartConvert
 .text.ADC_DelSig_1_IsEndConversion
                0x00003e80       0x30 .\CortexM3\ARM_GCC_541\Debug\Design01.a(ADC_DelSig_1.o)
                0x00003e80                ADC_DelSig_1_IsEndConversion
 .text.ADC_DelSig_1_GetResult32
                0x00003eb0       0x6c .\CortexM3\ARM_GCC_541\Debug\Design01.a(ADC_DelSig_1.o)
                0x00003eb0                ADC_DelSig_1_GetResult32
 .text.ADC_DelSig_1_CountsTo_uVolts
                0x00003f1c       0x4c .\CortexM3\ARM_GCC_541\Debug\Design01.a(ADC_DelSig_1.o)
                0x00003f1c                ADC_DelSig_1_CountsTo_uVolts
 .text.ADC_DelSig_1_ISR1
                0x00003f68        0x4 .\CortexM3\ARM_GCC_541\Debug\Design01.a(ADC_DelSig_1_INT.o)
                0x00003f68                ADC_DelSig_1_ISR1
 .text.ADC_DelSig_1_ISR2
                0x00003f6c        0x4 .\CortexM3\ARM_GCC_541\Debug\Design01.a(ADC_DelSig_1_INT.o)
                0x00003f6c                ADC_DelSig_1_ISR2
 .text.ADC_DelSig_1_ISR3
                0x00003f70        0x4 .\CortexM3\ARM_GCC_541\Debug\Design01.a(ADC_DelSig_1_INT.o)
                0x00003f70                ADC_DelSig_1_ISR3
 .text.ADC_DelSig_1_ISR4
                0x00003f74        0x4 .\CortexM3\ARM_GCC_541\Debug\Design01.a(ADC_DelSig_1_INT.o)
                0x00003f74                ADC_DelSig_1_ISR4
 .text.TIA_1_Enable
                0x00003f78       0x28 .\CortexM3\ARM_GCC_541\Debug\Design01.a(TIA_1.o)
                0x00003f78                TIA_1_Enable
 .text.TIA_1_SetPower
                0x00003fa0       0x18 .\CortexM3\ARM_GCC_541\Debug\Design01.a(TIA_1.o)
                0x00003fa0                TIA_1_SetPower
 .text.TIA_1_SetResFB
                0x00003fb8       0x20 .\CortexM3\ARM_GCC_541\Debug\Design01.a(TIA_1.o)
                0x00003fb8                TIA_1_SetResFB
 .text.TIA_1_SetCapFB
                0x00003fd8       0x20 .\CortexM3\ARM_GCC_541\Debug\Design01.a(TIA_1.o)
                0x00003fd8                TIA_1_SetCapFB
 .text.TIA_1_Init
                0x00003ff8       0x2c .\CortexM3\ARM_GCC_541\Debug\Design01.a(TIA_1.o)
                0x00003ff8                TIA_1_Init
 .text.TIA_1_Start
                0x00004024       0x1c .\CortexM3\ARM_GCC_541\Debug\Design01.a(TIA_1.o)
                0x00004024                TIA_1_Start
 .text.VDAC_Vgs_Enable
                0x00004040       0x1c .\CortexM3\ARM_GCC_541\Debug\Design01.a(VDAC_Vgs.o)
                0x00004040                VDAC_Vgs_Enable
 .text.VDAC_Vgs_SetSpeed
                0x0000405c       0x1c .\CortexM3\ARM_GCC_541\Debug\Design01.a(VDAC_Vgs.o)
                0x0000405c                VDAC_Vgs_SetSpeed
 .text.VDAC_Vgs_SetValue
                0x00004078        0xc .\CortexM3\ARM_GCC_541\Debug\Design01.a(VDAC_Vgs.o)
                0x00004078                VDAC_Vgs_SetValue
 .text.VDAC_Vgs_DacTrim
                0x00004084       0x24 .\CortexM3\ARM_GCC_541\Debug\Design01.a(VDAC_Vgs.o)
                0x00004084                VDAC_Vgs_DacTrim
 .text.VDAC_Vgs_SetRange
                0x000040a8       0x20 .\CortexM3\ARM_GCC_541\Debug\Design01.a(VDAC_Vgs.o)
                0x000040a8                VDAC_Vgs_SetRange
 .text.VDAC_Vgs_Init
                0x000040c8       0x20 .\CortexM3\ARM_GCC_541\Debug\Design01.a(VDAC_Vgs.o)
                0x000040c8                VDAC_Vgs_Init
 .text.VDAC_Vgs_Start
                0x000040e8       0x24 .\CortexM3\ARM_GCC_541\Debug\Design01.a(VDAC_Vgs.o)
                0x000040e8                VDAC_Vgs_Start
 .text.VDAC_Vds_Enable
                0x0000410c       0x1c .\CortexM3\ARM_GCC_541\Debug\Design01.a(VDAC_Vds.o)
                0x0000410c                VDAC_Vds_Enable
 .text.VDAC_Vds_SetSpeed
                0x00004128       0x1c .\CortexM3\ARM_GCC_541\Debug\Design01.a(VDAC_Vds.o)
                0x00004128                VDAC_Vds_SetSpeed
 .text.VDAC_Vds_SetValue
                0x00004144        0xc .\CortexM3\ARM_GCC_541\Debug\Design01.a(VDAC_Vds.o)
                0x00004144                VDAC_Vds_SetValue
 .text.VDAC_Vds_DacTrim
                0x00004150       0x24 .\CortexM3\ARM_GCC_541\Debug\Design01.a(VDAC_Vds.o)
                0x00004150                VDAC_Vds_DacTrim
 .text.VDAC_Vds_SetRange
                0x00004174       0x20 .\CortexM3\ARM_GCC_541\Debug\Design01.a(VDAC_Vds.o)
                0x00004174                VDAC_Vds_SetRange
 .text.VDAC_Vds_Init
                0x00004194       0x20 .\CortexM3\ARM_GCC_541\Debug\Design01.a(VDAC_Vds.o)
                0x00004194                VDAC_Vds_Init
 .text.VDAC_Vds_Start
                0x000041b4       0x24 .\CortexM3\ARM_GCC_541\Debug\Design01.a(VDAC_Vds.o)
                0x000041b4                VDAC_Vds_Start
 .text.ADC_DelSig_1_Ext_CP_Clk_GetDividerRegister
                0x000041d8        0xc .\CortexM3\ARM_GCC_541\Debug\Design01.a(ADC_DelSig_1_Ext_CP_Clk.o)
                0x000041d8                ADC_DelSig_1_Ext_CP_Clk_GetDividerRegister
 .text.ADC_DelSig_1_Ext_CP_Clk_SetModeRegister
                0x000041e4       0x14 .\CortexM3\ARM_GCC_541\Debug\Design01.a(ADC_DelSig_1_Ext_CP_Clk.o)
                0x000041e4                ADC_DelSig_1_Ext_CP_Clk_SetModeRegister
 .text.ADC_DelSig_1_Ext_CP_Clk_GetSourceRegister
                0x000041f8       0x10 .\CortexM3\ARM_GCC_541\Debug\Design01.a(ADC_DelSig_1_Ext_CP_Clk.o)
                0x000041f8                ADC_DelSig_1_Ext_CP_Clk_GetSourceRegister
 .text.ADC_DelSig_1_Ext_CP_Clk_SetDividerRegister
                0x00004208       0xd8 .\CortexM3\ARM_GCC_541\Debug\Design01.a(ADC_DelSig_1_Ext_CP_Clk.o)
                0x00004208                ADC_DelSig_1_Ext_CP_Clk_SetDividerRegister
 .text.ADC_DelSig_1_theACLK_GetDividerRegister
                0x000042e0        0xc .\CortexM3\ARM_GCC_541\Debug\Design01.a(ADC_DelSig_1_theACLK.o)
                0x000042e0                ADC_DelSig_1_theACLK_GetDividerRegister
 .text.ADC_DelSig_1_theACLK_SetModeRegister
                0x000042ec       0x14 .\CortexM3\ARM_GCC_541\Debug\Design01.a(ADC_DelSig_1_theACLK.o)
                0x000042ec                ADC_DelSig_1_theACLK_SetModeRegister
 .text.ADC_DelSig_1_theACLK_GetSourceRegister
                0x00004300       0x10 .\CortexM3\ARM_GCC_541\Debug\Design01.a(ADC_DelSig_1_theACLK.o)
                0x00004300                ADC_DelSig_1_theACLK_GetSourceRegister
 .text.ADC_DelSig_1_theACLK_SetDividerRegister
                0x00004310       0xdc .\CortexM3\ARM_GCC_541\Debug\Design01.a(ADC_DelSig_1_theACLK.o)
                0x00004310                ADC_DelSig_1_theACLK_SetDividerRegister
 .text.VDAC_Ref_Enable
                0x000043ec       0x1c .\CortexM3\ARM_GCC_541\Debug\Design01.a(VDAC_Ref.o)
                0x000043ec                VDAC_Ref_Enable
 .text.VDAC_Ref_SetSpeed
                0x00004408       0x1c .\CortexM3\ARM_GCC_541\Debug\Design01.a(VDAC_Ref.o)
                0x00004408                VDAC_Ref_SetSpeed
 .text.VDAC_Ref_SetValue
                0x00004424        0xc .\CortexM3\ARM_GCC_541\Debug\Design01.a(VDAC_Ref.o)
                0x00004424                VDAC_Ref_SetValue
 .text.VDAC_Ref_DacTrim
                0x00004430       0x24 .\CortexM3\ARM_GCC_541\Debug\Design01.a(VDAC_Ref.o)
                0x00004430                VDAC_Ref_DacTrim
 .text.VDAC_Ref_SetRange
                0x00004454       0x20 .\CortexM3\ARM_GCC_541\Debug\Design01.a(VDAC_Ref.o)
                0x00004454                VDAC_Ref_SetRange
 .text.VDAC_Ref_Init
                0x00004474       0x20 .\CortexM3\ARM_GCC_541\Debug\Design01.a(VDAC_Ref.o)
                0x00004474                VDAC_Ref_Init
 .text.VDAC_Ref_Start
                0x00004494       0x24 .\CortexM3\ARM_GCC_541\Debug\Design01.a(VDAC_Ref.o)
                0x00004494                VDAC_Ref_Start
 .text.I2C_1_Init
                0x000044b8       0x7c .\CortexM3\ARM_GCC_541\Debug\Design01.a(I2C_1.o)
                0x000044b8                I2C_1_Init
 .text.I2C_1_Enable
                0x00004534       0x10 .\CortexM3\ARM_GCC_541\Debug\Design01.a(I2C_1.o)
                0x00004534                I2C_1_Enable
 .text.I2C_1_Start
                0x00004544       0x28 .\CortexM3\ARM_GCC_541\Debug\Design01.a(I2C_1.o)
                0x00004544                I2C_1_Start
 .text.I2C_1_Stop
                0x0000456c       0x40 .\CortexM3\ARM_GCC_541\Debug\Design01.a(I2C_1.o)
                0x0000456c                I2C_1_Stop
 .text.I2C_1_ISR
                0x000045ac      0x328 .\CortexM3\ARM_GCC_541\Debug\Design01.a(I2C_1_INT.o)
                0x000045ac                I2C_1_ISR
 .text.I2C_1_MasterWriteBuf
                0x000048d4       0xdc .\CortexM3\ARM_GCC_541\Debug\Design01.a(I2C_1_MASTER.o)
                0x000048d4                I2C_1_MasterWriteBuf
 .text.I2C_1_MasterStatus
                0x000049b0       0x30 .\CortexM3\ARM_GCC_541\Debug\Design01.a(I2C_1_MASTER.o)
                0x000049b0                I2C_1_MasterStatus
 .text.I2C_1_MasterClearStatus
                0x000049e0       0x20 .\CortexM3\ARM_GCC_541\Debug\Design01.a(I2C_1_MASTER.o)
                0x000049e0                I2C_1_MasterClearStatus
 .text.CommunicationTimer_Enable
                0x00004a00       0x28 .\CortexM3\ARM_GCC_541\Debug\Design01.a(CommunicationTimer.o)
                0x00004a00                CommunicationTimer_Enable
 .text.CommunicationTimer_SetInterruptMode
                0x00004a28        0xc .\CortexM3\ARM_GCC_541\Debug\Design01.a(CommunicationTimer.o)
                0x00004a28                CommunicationTimer_SetInterruptMode
 .text.CommunicationTimer_ReadStatusRegister
                0x00004a34        0xc .\CortexM3\ARM_GCC_541\Debug\Design01.a(CommunicationTimer.o)
                0x00004a34                CommunicationTimer_ReadStatusRegister
 .text.CommunicationTimer_WritePeriod
                0x00004a40        0xc .\CortexM3\ARM_GCC_541\Debug\Design01.a(CommunicationTimer.o)
                0x00004a40                CommunicationTimer_WritePeriod
 .text.CommunicationTimer_WriteCounter
                0x00004a4c        0xc .\CortexM3\ARM_GCC_541\Debug\Design01.a(CommunicationTimer.o)
                0x00004a4c                CommunicationTimer_WriteCounter
 .text.CommunicationTimer_Init
                0x00004a58       0x64 .\CortexM3\ARM_GCC_541\Debug\Design01.a(CommunicationTimer.o)
                0x00004a58                CommunicationTimer_Init
 .text.CommunicationTimer_Start
                0x00004abc       0x1c .\CortexM3\ARM_GCC_541\Debug\Design01.a(CommunicationTimer.o)
                0x00004abc                CommunicationTimer_Start
 .text.CommunicationInterrupt_SetVector
                0x00004ad8       0x10 .\CortexM3\ARM_GCC_541\Debug\Design01.a(CommunicationInterrupt.o)
                0x00004ad8                CommunicationInterrupt_SetVector
 .text.CommunicationInterrupt_SetPriority
                0x00004ae8       0x10 .\CortexM3\ARM_GCC_541\Debug\Design01.a(CommunicationInterrupt.o)
                0x00004ae8                CommunicationInterrupt_SetPriority
 .text.CommunicationInterrupt_Enable
                0x00004af8       0x10 .\CortexM3\ARM_GCC_541\Debug\Design01.a(CommunicationInterrupt.o)
                0x00004af8                CommunicationInterrupt_Enable
 .text.CommunicationInterrupt_Disable
                0x00004b08       0x10 .\CortexM3\ARM_GCC_541\Debug\Design01.a(CommunicationInterrupt.o)
                0x00004b08                CommunicationInterrupt_Disable
 .text.CommunicationInterrupt_StartEx
                0x00004b18       0x1c .\CortexM3\ARM_GCC_541\Debug\Design01.a(CommunicationInterrupt.o)
                0x00004b18                CommunicationInterrupt_StartEx
 .text.CommunicationInterrupt_ClearPending
                0x00004b34       0x10 .\CortexM3\ARM_GCC_541\Debug\Design01.a(CommunicationInterrupt.o)
                0x00004b34                CommunicationInterrupt_ClearPending
 .text.ADC_SAR_1_CalcGain
                0x00004b44       0x68 .\CortexM3\ARM_GCC_541\Debug\Design01.a(ADC_SAR_1.o)
 .text.ADC_SAR_1_Enable
                0x00004bac       0x94 .\CortexM3\ARM_GCC_541\Debug\Design01.a(ADC_SAR_1.o)
                0x00004bac                ADC_SAR_1_Enable
 .text.ADC_SAR_1_SetResolution
                0x00004c40       0x38 .\CortexM3\ARM_GCC_541\Debug\Design01.a(ADC_SAR_1.o)
                0x00004c40                ADC_SAR_1_SetResolution
 .text.ADC_SAR_1_Init
                0x00004c78       0x3c .\CortexM3\ARM_GCC_541\Debug\Design01.a(ADC_SAR_1.o)
                0x00004c78                ADC_SAR_1_Init
 .text.ADC_SAR_1_Start
                0x00004cb4       0x1c .\CortexM3\ARM_GCC_541\Debug\Design01.a(ADC_SAR_1.o)
                0x00004cb4                ADC_SAR_1_Start
 .text.ADC_SAR_1_StartConvert
                0x00004cd0       0x10 .\CortexM3\ARM_GCC_541\Debug\Design01.a(ADC_SAR_1.o)
                0x00004cd0                ADC_SAR_1_StartConvert
 .text.ADC_SAR_1_IsEndConversion
                0x00004ce0       0x24 .\CortexM3\ARM_GCC_541\Debug\Design01.a(ADC_SAR_1.o)
                0x00004ce0                ADC_SAR_1_IsEndConversion
 .text.ADC_SAR_1_GetResult16
                0x00004d04       0x18 .\CortexM3\ARM_GCC_541\Debug\Design01.a(ADC_SAR_1.o)
                0x00004d04                ADC_SAR_1_GetResult16
 .text.ADC_SAR_1_CountsTo_uVolts
                0x00004d1c       0x48 .\CortexM3\ARM_GCC_541\Debug\Design01.a(ADC_SAR_1.o)
                0x00004d1c                ADC_SAR_1_CountsTo_uVolts
 .text.ADC_SAR_1_ISR
                0x00004d64        0x4 .\CortexM3\ARM_GCC_541\Debug\Design01.a(ADC_SAR_1_INT.o)
                0x00004d64                ADC_SAR_1_ISR
 .text.ADC_SAR_2_CalcGain
                0x00004d68       0x68 .\CortexM3\ARM_GCC_541\Debug\Design01.a(ADC_SAR_2.o)
 .text.ADC_SAR_2_Enable
                0x00004dd0       0x94 .\CortexM3\ARM_GCC_541\Debug\Design01.a(ADC_SAR_2.o)
                0x00004dd0                ADC_SAR_2_Enable
 .text.ADC_SAR_2_SetResolution
                0x00004e64       0x38 .\CortexM3\ARM_GCC_541\Debug\Design01.a(ADC_SAR_2.o)
                0x00004e64                ADC_SAR_2_SetResolution
 .text.ADC_SAR_2_Init
                0x00004e9c       0x3c .\CortexM3\ARM_GCC_541\Debug\Design01.a(ADC_SAR_2.o)
                0x00004e9c                ADC_SAR_2_Init
 .text.ADC_SAR_2_Start
                0x00004ed8       0x1c .\CortexM3\ARM_GCC_541\Debug\Design01.a(ADC_SAR_2.o)
                0x00004ed8                ADC_SAR_2_Start
 .text.ADC_SAR_2_StartConvert
                0x00004ef4       0x10 .\CortexM3\ARM_GCC_541\Debug\Design01.a(ADC_SAR_2.o)
                0x00004ef4                ADC_SAR_2_StartConvert
 .text.ADC_SAR_2_IsEndConversion
                0x00004f04       0x24 .\CortexM3\ARM_GCC_541\Debug\Design01.a(ADC_SAR_2.o)
                0x00004f04                ADC_SAR_2_IsEndConversion
 .text.ADC_SAR_2_GetResult16
                0x00004f28       0x18 .\CortexM3\ARM_GCC_541\Debug\Design01.a(ADC_SAR_2.o)
                0x00004f28                ADC_SAR_2_GetResult16
 .text.ADC_SAR_2_CountsTo_uVolts
                0x00004f40       0x48 .\CortexM3\ARM_GCC_541\Debug\Design01.a(ADC_SAR_2.o)
                0x00004f40                ADC_SAR_2_CountsTo_uVolts
 .text.ADC_SAR_2_ISR
                0x00004f88        0x4 .\CortexM3\ARM_GCC_541\Debug\Design01.a(ADC_SAR_2_INT.o)
                0x00004f88                ADC_SAR_2_ISR
 .text.ADC_SAR_1_theACLK_SetModeRegister
                0x00004f8c       0x14 .\CortexM3\ARM_GCC_541\Debug\Design01.a(ADC_SAR_1_theACLK.o)
                0x00004f8c                ADC_SAR_1_theACLK_SetModeRegister
 .text.ADC_SAR_2_theACLK_SetModeRegister
                0x00004fa0       0x14 .\CortexM3\ARM_GCC_541\Debug\Design01.a(ADC_SAR_2_theACLK.o)
                0x00004fa0                ADC_SAR_2_theACLK_SetModeRegister
 *fill*         0x00004fb4        0x4 
 .text          0x00004fb8       0x20 .\CortexM3\ARM_GCC_541\Debug\Design01.a(CyBootAsmGnu.o)
                0x00004fb8                CyDelayCycles
                0x00004fc8                CyEnterCriticalSection
                0x00004fd0                CyExitCriticalSection
 .text.USBUART_DispatchClassRqst
                0x00004fd8       0x60 .\CortexM3\ARM_GCC_541\Debug\Design01.a(USBUART_cls.o)
                0x00004fd8                USBUART_DispatchClassRqst
 .text          0x00005038      0x370 c:/program files (x86)/cypress/psoc creator/4.1/psoc creator/import/gnu/arm/5.4.1/bin/../lib/gcc/arm-none-eabi/5.4.1/armv7-m\libgcc.a(_arm_addsubdf3.o)
                0x00005038                __aeabi_drsub
                0x00005040                __aeabi_dsub
                0x00005040                __subdf3
                0x00005044                __aeabi_dadd
                0x00005044                __adddf3
                0x000052bc                __floatunsidf
                0x000052bc                __aeabi_ui2d
                0x000052dc                __floatsidf
                0x000052dc                __aeabi_i2d
                0x00005300                __aeabi_f2d
                0x00005300                __extendsfdf2
                0x0000533c                __floatundidf
                0x0000533c                __aeabi_ul2d
                0x0000534c                __floatdidf
                0x0000534c                __aeabi_l2d
 .text          0x000053a8      0x424 c:/program files (x86)/cypress/psoc creator/4.1/psoc creator/import/gnu/arm/5.4.1/bin/../lib/gcc/arm-none-eabi/5.4.1/armv7-m\libgcc.a(_arm_muldivdf3.o)
                0x000053a8                __aeabi_dmul
                0x000053a8                __muldf3
                0x000055fc                __divdf3
                0x000055fc                __aeabi_ddiv
 .text          0x000057cc      0x110 c:/program files (x86)/cypress/psoc creator/4.1/psoc creator/import/gnu/arm/5.4.1/bin/../lib/gcc/arm-none-eabi/5.4.1/armv7-m\libgcc.a(_arm_cmpdf2.o)
                0x000057cc                __gtdf2
                0x000057cc                __gedf2
                0x000057d4                __ltdf2
                0x000057d4                __ledf2
                0x000057dc                __nedf2
                0x000057dc                __eqdf2
                0x000057dc                __cmpdf2
                0x00005858                __aeabi_cdrcmple
                0x00005868                __aeabi_cdcmpeq
                0x00005868                __aeabi_cdcmple
                0x00005878                __aeabi_dcmpeq
                0x0000588c                __aeabi_dcmplt
                0x000058a0                __aeabi_dcmple
                0x000058b4                __aeabi_dcmpge
                0x000058c8                __aeabi_dcmpgt
 .text          0x000058dc       0x50 c:/program files (x86)/cypress/psoc creator/4.1/psoc creator/import/gnu/arm/5.4.1/bin/../lib/gcc/arm-none-eabi/5.4.1/armv7-m\libgcc.a(_arm_fixdfsi.o)
                0x000058dc                __aeabi_d2iz
                0x000058dc                __fixdfsi
 .text          0x0000592c       0xa0 c:/program files (x86)/cypress/psoc creator/4.1/psoc creator/import/gnu/arm/5.4.1/bin/../lib/gcc/arm-none-eabi/5.4.1/armv7-m\libgcc.a(_arm_truncdfsf2.o)
                0x0000592c                __truncdfsf2
                0x0000592c                __aeabi_d2f
 .text          0x000059cc      0x21c c:/program files (x86)/cypress/psoc creator/4.1/psoc creator/import/gnu/arm/5.4.1/bin/../lib/gcc/arm-none-eabi/5.4.1/armv7-m\libgcc.a(_arm_addsubsf3.o)
                0x000059cc                __aeabi_frsub
                0x000059d4                __subsf3
                0x000059d4                __aeabi_fsub
                0x000059d8                __aeabi_fadd
                0x000059d8                __addsf3
                0x00005b38                __aeabi_ui2f
                0x00005b38                __floatunsisf
                0x00005b40                __aeabi_i2f
                0x00005b40                __floatsisf
                0x00005b5c                __aeabi_ul2f
                0x00005b5c                __floatundisf
                0x00005b6c                __aeabi_l2f
                0x00005b6c                __floatdisf
 .text          0x00005be8      0x2a0 c:/program files (x86)/cypress/psoc creator/4.1/psoc creator/import/gnu/arm/5.4.1/bin/../lib/gcc/arm-none-eabi/5.4.1/armv7-m\libgcc.a(_arm_muldivsf3.o)
                0x00005be8                __mulsf3
                0x00005be8                __aeabi_fmul
                0x00005d50                __aeabi_fdiv
                0x00005d50                __divsf3
 .text          0x00005e88       0x4c c:/program files (x86)/cypress/psoc creator/4.1/psoc creator/import/gnu/arm/5.4.1/bin/../lib/gcc/arm-none-eabi/5.4.1/armv7-m\libgcc.a(_arm_fixsfsi.o)
                0x00005e88                __aeabi_f2iz
                0x00005e88                __fixsfsi
 .text          0x00005ed4       0xa0 c:/program files (x86)/cypress/psoc creator/4.1/psoc creator/import/gnu/arm/5.4.1/bin/../lib/gcc/arm-none-eabi/5.4.1/armv7-m\libgcc.a(_aeabi_ldivmod.o)
                0x00005ed4                __aeabi_ldivmod
 .text          0x00005f74      0x2ec c:/program files (x86)/cypress/psoc creator/4.1/psoc creator/import/gnu/arm/5.4.1/bin/../lib/gcc/arm-none-eabi/5.4.1/armv7-m\libgcc.a(_udivmoddi4.o)
                0x00005f74                __udivmoddi4
 .text          0x00006260        0x4 c:/program files (x86)/cypress/psoc creator/4.1/psoc creator/import/gnu/arm/5.4.1/bin/../lib/gcc/arm-none-eabi/5.4.1/armv7-m\libgcc.a(_dvmd_tls.o)
                0x00006260                __aeabi_idiv0
                0x00006260                __aeabi_ldiv0
 .text.__errno  0x00006264        0xc c:/program files (x86)/cypress/psoc creator/4.1/psoc creator/import/gnu/arm/5.4.1/bin/../lib/gcc/arm-none-eabi/5.4.1/../../../../arm-none-eabi/lib/armv7-m\libg_nano.a(lib_a-errno.o)
                0x00006264                __errno
 .text.__libc_init_array
                0x00006270       0x4c c:/program files (x86)/cypress/psoc creator/4.1/psoc creator/import/gnu/arm/5.4.1/bin/../lib/gcc/arm-none-eabi/5.4.1/../../../../arm-none-eabi/lib/armv7-m\libg_nano.a(lib_a-init.o)
                0x00006270                __libc_init_array
 .text.memcpy   0x000062bc       0x16 c:/program files (x86)/cypress/psoc creator/4.1/psoc creator/import/gnu/arm/5.4.1/bin/../lib/gcc/arm-none-eabi/5.4.1/../../../../arm-none-eabi/lib/armv7-m\libg_nano.a(lib_a-memcpy-stub.o)
                0x000062bc                memcpy
 .text.memset   0x000062d2       0x10 c:/program files (x86)/cypress/psoc creator/4.1/psoc creator/import/gnu/arm/5.4.1/bin/../lib/gcc/arm-none-eabi/5.4.1/../../../../arm-none-eabi/lib/armv7-m\libg_nano.a(lib_a-memset.o)
                0x000062d2                memset
 .text.__cvt    0x000062e2       0xc0 c:/program files (x86)/cypress/psoc creator/4.1/psoc creator/import/gnu/arm/5.4.1/bin/../lib/gcc/arm-none-eabi/5.4.1/../../../../arm-none-eabi/lib/armv7-m\libg_nano.a(lib_a-nano-vfprintf_float.o)
                0x000062e2                __cvt
 .text.__exponent
                0x000063a2       0x62 c:/program files (x86)/cypress/psoc creator/4.1/psoc creator/import/gnu/arm/5.4.1/bin/../lib/gcc/arm-none-eabi/5.4.1/../../../../arm-none-eabi/lib/armv7-m\libg_nano.a(lib_a-nano-vfprintf_float.o)
                0x000063a2                __exponent
 .text._printf_float
                0x00006404      0x488 c:/program files (x86)/cypress/psoc creator/4.1/psoc creator/import/gnu/arm/5.4.1/bin/../lib/gcc/arm-none-eabi/5.4.1/../../../../arm-none-eabi/lib/armv7-m\libg_nano.a(lib_a-nano-vfprintf_float.o)
                0x00006404                _printf_float
 .text._printf_common
                0x0000688c       0xec c:/program files (x86)/cypress/psoc creator/4.1/psoc creator/import/gnu/arm/5.4.1/bin/../lib/gcc/arm-none-eabi/5.4.1/../../../../arm-none-eabi/lib/armv7-m\libg_nano.a(lib_a-nano-vfprintf_i.o)
                0x0000688c                _printf_common
 .text._printf_i
                0x00006978      0x24c c:/program files (x86)/cypress/psoc creator/4.1/psoc creator/import/gnu/arm/5.4.1/bin/../lib/gcc/arm-none-eabi/5.4.1/../../../../arm-none-eabi/lib/armv7-m\libg_nano.a(lib_a-nano-vfprintf_i.o)
                0x00006978                _printf_i
 .text.sprintf  0x00006bc4       0x48 c:/program files (x86)/cypress/psoc creator/4.1/psoc creator/import/gnu/arm/5.4.1/bin/../lib/gcc/arm-none-eabi/5.4.1/../../../../arm-none-eabi/lib/armv7-m\libg_nano.a(lib_a-sprintf.o)
                0x00006bc4                siprintf
                0x00006bc4                sprintf
 .text.sscanf   0x00006c0c       0x54 c:/program files (x86)/cypress/psoc creator/4.1/psoc creator/import/gnu/arm/5.4.1/bin/../lib/gcc/arm-none-eabi/5.4.1/../../../../arm-none-eabi/lib/armv7-m\libg_nano.a(lib_a-sscanf.o)
                0x00006c0c                siscanf
                0x00006c0c                sscanf
 .text.__seofread
                0x00006c60        0x4 c:/program files (x86)/cypress/psoc creator/4.1/psoc creator/import/gnu/arm/5.4.1/bin/../lib/gcc/arm-none-eabi/5.4.1/../../../../arm-none-eabi/lib/armv7-m\libg_nano.a(lib_a-stdio.o)
                0x00006c60                __seofread
 .text.strchr   0x00006c64       0x1c c:/program files (x86)/cypress/psoc creator/4.1/psoc creator/import/gnu/arm/5.4.1/bin/../lib/gcc/arm-none-eabi/5.4.1/../../../../arm-none-eabi/lib/armv7-m\libg_nano.a(lib_a-strchr.o)
                0x00006c64                strchr
 .text          0x00006c80       0x10 c:/program files (x86)/cypress/psoc creator/4.1/psoc creator/import/gnu/arm/5.4.1/bin/../lib/gcc/arm-none-eabi/5.4.1/../../../../arm-none-eabi/lib/armv7-m\libg_nano.a(lib_a-strlen.o)
                0x00006c80                strlen
 .text.strstr   0x00006c90       0x34 c:/program files (x86)/cypress/psoc creator/4.1/psoc creator/import/gnu/arm/5.4.1/bin/../lib/gcc/arm-none-eabi/5.4.1/../../../../arm-none-eabi/lib/armv7-m\libg_nano.a(lib_a-strstr.o)
                0x00006c90                strstr
 .text._strtol_r
                0x00006cc4      0x10c c:/program files (x86)/cypress/psoc creator/4.1/psoc creator/import/gnu/arm/5.4.1/bin/../lib/gcc/arm-none-eabi/5.4.1/../../../../arm-none-eabi/lib/armv7-m\libg_nano.a(lib_a-strtol.o)
                0x00006cc4                _strtol_r
 .text.strtol   0x00006dd0       0x14 c:/program files (x86)/cypress/psoc creator/4.1/psoc creator/import/gnu/arm/5.4.1/bin/../lib/gcc/arm-none-eabi/5.4.1/../../../../arm-none-eabi/lib/armv7-m\libg_nano.a(lib_a-strtol.o)
                0x00006dd0                strtol
 .text.quorem   0x00006de4      0x116 c:/program files (x86)/cypress/psoc creator/4.1/psoc creator/import/gnu/arm/5.4.1/bin/../lib/gcc/arm-none-eabi/5.4.1/../../../../arm-none-eabi/lib/armv7-m\libg_nano.a(lib_a-dtoa.o)
 *fill*         0x00006efa        0x6 
 .text._dtoa_r  0x00006f00      0xb30 c:/program files (x86)/cypress/psoc creator/4.1/psoc creator/import/gnu/arm/5.4.1/bin/../lib/gcc/arm-none-eabi/5.4.1/../../../../arm-none-eabi/lib/armv7-m\libg_nano.a(lib_a-dtoa.o)
                0x00006f00                _dtoa_r
 .text._localeconv_r
                0x00007a30        0x8 c:/program files (x86)/cypress/psoc creator/4.1/psoc creator/import/gnu/arm/5.4.1/bin/../lib/gcc/arm-none-eabi/5.4.1/../../../../arm-none-eabi/lib/armv7-m\libg_nano.a(lib_a-locale.o)
                0x00007a30                _localeconv_r
 .text.malloc   0x00007a38       0x10 c:/program files (x86)/cypress/psoc creator/4.1/psoc creator/import/gnu/arm/5.4.1/bin/../lib/gcc/arm-none-eabi/5.4.1/../../../../arm-none-eabi/lib/armv7-m\libg_nano.a(lib_a-malloc.o)
                0x00007a38                malloc
 .text.memchr   0x00007a48       0x1c c:/program files (x86)/cypress/psoc creator/4.1/psoc creator/import/gnu/arm/5.4.1/bin/../lib/gcc/arm-none-eabi/5.4.1/../../../../arm-none-eabi/lib/armv7-m\libg_nano.a(lib_a-memchr-stub.o)
                0x00007a48                memchr
 .text._Balloc  0x00007a64       0x6a c:/program files (x86)/cypress/psoc creator/4.1/psoc creator/import/gnu/arm/5.4.1/bin/../lib/gcc/arm-none-eabi/5.4.1/../../../../arm-none-eabi/lib/armv7-m\libg_nano.a(lib_a-mprec.o)
                0x00007a64                _Balloc
 .text._Bfree   0x00007ace       0x2e c:/program files (x86)/cypress/psoc creator/4.1/psoc creator/import/gnu/arm/5.4.1/bin/../lib/gcc/arm-none-eabi/5.4.1/../../../../arm-none-eabi/lib/armv7-m\libg_nano.a(lib_a-mprec.o)
                0x00007ace                _Bfree
 .text.__multadd
                0x00007afc       0x76 c:/program files (x86)/cypress/psoc creator/4.1/psoc creator/import/gnu/arm/5.4.1/bin/../lib/gcc/arm-none-eabi/5.4.1/../../../../arm-none-eabi/lib/armv7-m\libg_nano.a(lib_a-mprec.o)
                0x00007afc                __multadd
 .text.__hi0bits
                0x00007b72       0x40 c:/program files (x86)/cypress/psoc creator/4.1/psoc creator/import/gnu/arm/5.4.1/bin/../lib/gcc/arm-none-eabi/5.4.1/../../../../arm-none-eabi/lib/armv7-m\libg_nano.a(lib_a-mprec.o)
                0x00007b72                __hi0bits
 .text.__lo0bits
                0x00007bb2       0x5a c:/program files (x86)/cypress/psoc creator/4.1/psoc creator/import/gnu/arm/5.4.1/bin/../lib/gcc/arm-none-eabi/5.4.1/../../../../arm-none-eabi/lib/armv7-m\libg_nano.a(lib_a-mprec.o)
                0x00007bb2                __lo0bits
 .text.__i2b    0x00007c0c       0x12 c:/program files (x86)/cypress/psoc creator/4.1/psoc creator/import/gnu/arm/5.4.1/bin/../lib/gcc/arm-none-eabi/5.4.1/../../../../arm-none-eabi/lib/armv7-m\libg_nano.a(lib_a-mprec.o)
                0x00007c0c                __i2b
 .text.__multiply
                0x00007c1e      0x120 c:/program files (x86)/cypress/psoc creator/4.1/psoc creator/import/gnu/arm/5.4.1/bin/../lib/gcc/arm-none-eabi/5.4.1/../../../../arm-none-eabi/lib/armv7-m\libg_nano.a(lib_a-mprec.o)
                0x00007c1e                __multiply
 *fill*         0x00007d3e        0x2 
 .text.__pow5mult
                0x00007d40       0x9c c:/program files (x86)/cypress/psoc creator/4.1/psoc creator/import/gnu/arm/5.4.1/bin/../lib/gcc/arm-none-eabi/5.4.1/../../../../arm-none-eabi/lib/armv7-m\libg_nano.a(lib_a-mprec.o)
                0x00007d40                __pow5mult
 .text.__lshift
                0x00007ddc       0xa2 c:/program files (x86)/cypress/psoc creator/4.1/psoc creator/import/gnu/arm/5.4.1/bin/../lib/gcc/arm-none-eabi/5.4.1/../../../../arm-none-eabi/lib/armv7-m\libg_nano.a(lib_a-mprec.o)
                0x00007ddc                __lshift
 .text.__mcmp   0x00007e7e       0x38 c:/program files (x86)/cypress/psoc creator/4.1/psoc creator/import/gnu/arm/5.4.1/bin/../lib/gcc/arm-none-eabi/5.4.1/../../../../arm-none-eabi/lib/armv7-m\libg_nano.a(lib_a-mprec.o)
                0x00007e7e                __mcmp
 .text.__mdiff  0x00007eb6       0xbe c:/program files (x86)/cypress/psoc creator/4.1/psoc creator/import/gnu/arm/5.4.1/bin/../lib/gcc/arm-none-eabi/5.4.1/../../../../arm-none-eabi/lib/armv7-m\libg_nano.a(lib_a-mprec.o)
                0x00007eb6                __mdiff
 .text.__d2b    0x00007f74       0x9c c:/program files (x86)/cypress/psoc creator/4.1/psoc creator/import/gnu/arm/5.4.1/bin/../lib/gcc/arm-none-eabi/5.4.1/../../../../arm-none-eabi/lib/armv7-m\libg_nano.a(lib_a-mprec.o)
                0x00007f74                __d2b
 .text._calloc_r
                0x00008010       0x1c c:/program files (x86)/cypress/psoc creator/4.1/psoc creator/import/gnu/arm/5.4.1/bin/../lib/gcc/arm-none-eabi/5.4.1/../../../../arm-none-eabi/lib/armv7-m\libg_nano.a(lib_a-nano-callocr.o)
                0x00008010                _calloc_r
 .text._free_r  0x0000802c       0x98 c:/program files (x86)/cypress/psoc creator/4.1/psoc creator/import/gnu/arm/5.4.1/bin/../lib/gcc/arm-none-eabi/5.4.1/../../../../arm-none-eabi/lib/armv7-m\libg_nano.a(lib_a-nano-freer.o)
                0x0000802c                _free_r
 .text._malloc_r
                0x000080c4       0xbc c:/program files (x86)/cypress/psoc creator/4.1/psoc creator/import/gnu/arm/5.4.1/bin/../lib/gcc/arm-none-eabi/5.4.1/../../../../arm-none-eabi/lib/armv7-m\libg_nano.a(lib_a-nano-mallocr.o)
                0x000080c4                _malloc_r
 .text.__ssputs_r
                0x00008180       0xb2 c:/program files (x86)/cypress/psoc creator/4.1/psoc creator/import/gnu/arm/5.4.1/bin/../lib/gcc/arm-none-eabi/5.4.1/../../../../arm-none-eabi/lib/armv7-m\libg_nano.a(lib_a-nano-svfprintf.o)
                0x00008180                __ssputs_r
 *fill*         0x00008232        0x2 
 .text._svfprintf_r
                0x00008234      0x1e8 c:/program files (x86)/cypress/psoc creator/4.1/psoc creator/import/gnu/arm/5.4.1/bin/../lib/gcc/arm-none-eabi/5.4.1/../../../../arm-none-eabi/lib/armv7-m\libg_nano.a(lib_a-nano-svfprintf.o)
                0x00008234                _svfiprintf_r
                0x00008234                _svfprintf_r
 .text._sungetc_r
                0x0000841c       0x7c c:/program files (x86)/cypress/psoc creator/4.1/psoc creator/import/gnu/arm/5.4.1/bin/../lib/gcc/arm-none-eabi/5.4.1/../../../../arm-none-eabi/lib/armv7-m\libg_nano.a(lib_a-nano-svfscanf.o)
                0x0000841c                _sungetc_r
 .text.__ssrefill_r
                0x00008498       0x3a c:/program files (x86)/cypress/psoc creator/4.1/psoc creator/import/gnu/arm/5.4.1/bin/../lib/gcc/arm-none-eabi/5.4.1/../../../../arm-none-eabi/lib/armv7-m\libg_nano.a(lib_a-nano-svfscanf.o)
                0x00008498                __ssrefill_r
 *fill*         0x000084d2        0x2 
 .text.__ssvfscanf_r
                0x000084d4      0x2a8 c:/program files (x86)/cypress/psoc creator/4.1/psoc creator/import/gnu/arm/5.4.1/bin/../lib/gcc/arm-none-eabi/5.4.1/../../../../arm-none-eabi/lib/armv7-m\libg_nano.a(lib_a-nano-svfscanf.o)
                0x000084d4                __ssvfiscanf_r
                0x000084d4                __ssvfscanf_r
 .text._scanf_chars
                0x0000877c       0xcc c:/program files (x86)/cypress/psoc creator/4.1/psoc creator/import/gnu/arm/5.4.1/bin/../lib/gcc/arm-none-eabi/5.4.1/../../../../arm-none-eabi/lib/armv7-m\libg_nano.a(lib_a-nano-vfscanf_i.o)
                0x0000877c                _scanf_chars
 .text._scanf_i
                0x00008848      0x1e4 c:/program files (x86)/cypress/psoc creator/4.1/psoc creator/import/gnu/arm/5.4.1/bin/../lib/gcc/arm-none-eabi/5.4.1/../../../../arm-none-eabi/lib/armv7-m\libg_nano.a(lib_a-nano-vfscanf_i.o)
                0x00008848                _scanf_i
 .text._sbrk_r  0x00008a2c       0x20 c:/program files (x86)/cypress/psoc creator/4.1/psoc creator/import/gnu/arm/5.4.1/bin/../lib/gcc/arm-none-eabi/5.4.1/../../../../arm-none-eabi/lib/armv7-m\libg_nano.a(lib_a-sbrkr.o)
                0x00008a2c                _sbrk_r
 .text.__sccl   0x00008a4c       0x60 c:/program files (x86)/cypress/psoc creator/4.1/psoc creator/import/gnu/arm/5.4.1/bin/../lib/gcc/arm-none-eabi/5.4.1/../../../../arm-none-eabi/lib/armv7-m\libg_nano.a(lib_a-sccl.o)
                0x00008a4c                __sccl
 .text._strtoul_r
                0x00008aac       0xfc c:/program files (x86)/cypress/psoc creator/4.1/psoc creator/import/gnu/arm/5.4.1/bin/../lib/gcc/arm-none-eabi/5.4.1/../../../../arm-none-eabi/lib/armv7-m\libg_nano.a(lib_a-strtoul.o)
                0x00008aac                _strtoul_r
 .text.__submore
                0x00008ba8       0x72 c:/program files (x86)/cypress/psoc creator/4.1/psoc creator/import/gnu/arm/5.4.1/bin/../lib/gcc/arm-none-eabi/5.4.1/../../../../arm-none-eabi/lib/armv7-m\libg_nano.a(lib_a-ungetc.o)
                0x00008ba8                __submore
 .text.memmove  0x00008c1a       0x36 c:/program files (x86)/cypress/psoc creator/4.1/psoc creator/import/gnu/arm/5.4.1/bin/../lib/gcc/arm-none-eabi/5.4.1/../../../../arm-none-eabi/lib/armv7-m\libg_nano.a(lib_a-memmove.o)
                0x00008c1a                memmove
 .text.__malloc_lock
                0x00008c50        0x2 c:/program files (x86)/cypress/psoc creator/4.1/psoc creator/import/gnu/arm/5.4.1/bin/../lib/gcc/arm-none-eabi/5.4.1/../../../../arm-none-eabi/lib/armv7-m\libg_nano.a(lib_a-mlock.o)
                0x00008c50                __malloc_lock
 .text.__malloc_unlock
                0x00008c52        0x2 c:/program files (x86)/cypress/psoc creator/4.1/psoc creator/import/gnu/arm/5.4.1/bin/../lib/gcc/arm-none-eabi/5.4.1/../../../../arm-none-eabi/lib/armv7-m\libg_nano.a(lib_a-mlock.o)
                0x00008c52                __malloc_unlock
 .text._realloc_r
                0x00008c54       0x4c c:/program files (x86)/cypress/psoc creator/4.1/psoc creator/import/gnu/arm/5.4.1/bin/../lib/gcc/arm-none-eabi/5.4.1/../../../../arm-none-eabi/lib/armv7-m\libg_nano.a(lib_a-nano-reallocr.o)
                0x00008c54                _realloc_r
 .text._malloc_usable_size_r
                0x00008ca0       0x14 c:/program files (x86)/cypress/psoc creator/4.1/psoc creator/import/gnu/arm/5.4.1/bin/../lib/gcc/arm-none-eabi/5.4.1/../../../../arm-none-eabi/lib/armv7-m\libg_nano.a(lib_a-nano-msizer.o)
                0x00008ca0                _malloc_usable_size_r
 .text          0x00008cb4       0x2c c:/program files (x86)/cypress/psoc creator/4.1/psoc creator/import/gnu/arm/5.4.1/bin/../lib/gcc/arm-none-eabi/5.4.1/armv7-m\libgcc.a(_arm_unorddf2.o)
                0x00008cb4                __unorddf2
                0x00008cb4                __aeabi_dcmpun
 *(.plt)
 *(.gnu.warning)
 *(.glue_7t)
 .glue_7t       0x00008ce0        0x0 linker stubs
 *(.glue_7)
 .glue_7        0x00008ce0        0x0 linker stubs
 *(.vfp11_veneer)
 .vfp11_veneer  0x00008ce0        0x0 linker stubs
 *(.bootloader)
 *(.ARM.extab* .gnu.linkonce.armextab.*)
 *(.gcc_except_table)

.v4_bx          0x00008ce0        0x0
 .v4_bx         0x00008ce0        0x0 linker stubs

.iplt           0x00008ce0        0x0
 .iplt          0x00008ce0        0x0 c:/program files (x86)/cypress/psoc creator/4.1/psoc creator/import/gnu/arm/5.4.1/bin/../lib/gcc/arm-none-eabi/5.4.1/armv7-m/crtbegin.o

.eh_frame_hdr
 *(.eh_frame_hdr)

.eh_frame       0x00008ce0        0x4
 *(.eh_frame)
 .eh_frame      0x00008ce0        0x0 c:/program files (x86)/cypress/psoc creator/4.1/psoc creator/import/gnu/arm/5.4.1/bin/../lib/gcc/arm-none-eabi/5.4.1/armv7-m/crtbegin.o
 .eh_frame      0x00008ce0        0x4 c:/program files (x86)/cypress/psoc creator/4.1/psoc creator/import/gnu/arm/5.4.1/bin/../lib/gcc/arm-none-eabi/5.4.1/armv7-m/crtend.o
                [!provide]                PROVIDE (__exidx_start, .)

.ARM.exidx      0x00008ce4        0x8
 *(.ARM.exidx* .gnu.linkonce.armexidx.*)
 .ARM.exidx     0x00008ce4        0x8 c:/program files (x86)/cypress/psoc creator/4.1/psoc creator/import/gnu/arm/5.4.1/bin/../lib/gcc/arm-none-eabi/5.4.1/armv7-m\libgcc.a(_udivmoddi4.o)
                0x00008cec                __exidx_end = .

.rodata         0x00008cf0      0xa50
 *(.rodata .rodata.* .gnu.linkonce.r.*)
 .rodata.str1.4
                0x00008cf0      0x54b .\CortexM3\ARM_GCC_541\Debug\main.o
                                0x54f (size before relaxing)
 *fill*         0x0000923b        0x1 
 .rodata        0x0000923c       0x4c .\CortexM3\ARM_GCC_541\Debug\cyfitter_cfg.o
 .rodata.str1.4
                0x00009288       0x14 .\CortexM3\ARM_GCC_541\Debug\Design01.a(USBUART_std.o)
                                 0x11 (size before relaxing)
 .rodata        0x0000929c      0x18a .\CortexM3\ARM_GCC_541\Debug\Design01.a(USBUART_descr.o)
                0x0000929c                USBUART_TABLE
                0x000092a4                USBUART_DEVICE0_TABLE
                0x000092bc                USBUART_DEVICE0_CONFIGURATION0_TABLE
                0x000092e4                USBUART_DEVICE0_CONFIGURATION0_INTERFACE_CLASS
                0x000092e8                USBUART_DEVICE0_CONFIGURATION0_EP_SETTINGS_TABLE
                0x00009300                USBUART_SN_STRING_DESCRIPTOR
                0x00009304                USBUART_STRING_DESCRIPTORS
                0x000093d0                USBUART_DEVICE0_CONFIGURATION0_DESCR
                0x00009414                USBUART_DEVICE0_DESCR
 .rodata.str1.1
                0x00009426        0x2 c:/program files (x86)/cypress/psoc creator/4.1/psoc creator/import/gnu/arm/5.4.1/bin/../lib/gcc/arm-none-eabi/5.4.1/../../../../arm-none-eabi/lib/armv7-m\libg_nano.a(lib_a-impure.o)
 .rodata.str1.1
                0x00009428       0x10 c:/program files (x86)/cypress/psoc creator/4.1/psoc creator/import/gnu/arm/5.4.1/bin/../lib/gcc/arm-none-eabi/5.4.1/../../../../arm-none-eabi/lib/armv7-m\libg_nano.a(lib_a-nano-vfprintf_float.o)
                                 0x12 (size before relaxing)
 .rodata.str1.1
                0x00009438       0x22 c:/program files (x86)/cypress/psoc creator/4.1/psoc creator/import/gnu/arm/5.4.1/bin/../lib/gcc/arm-none-eabi/5.4.1/../../../../arm-none-eabi/lib/armv7-m\libg_nano.a(lib_a-nano-vfprintf_i.o)
 .rodata._ctype_
                0x0000945a      0x101 c:/program files (x86)/cypress/psoc creator/4.1/psoc creator/import/gnu/arm/5.4.1/bin/../lib/gcc/arm-none-eabi/5.4.1/../../../../arm-none-eabi/lib/armv7-m\libg_nano.a(lib_a-ctype_.o)
                0x0000945a                _ctype_
 .rodata.str1.1
                0x0000955b        0xd c:/program files (x86)/cypress/psoc creator/4.1/psoc creator/import/gnu/arm/5.4.1/bin/../lib/gcc/arm-none-eabi/5.4.1/../../../../arm-none-eabi/lib/armv7-m\libg_nano.a(lib_a-dtoa.o)
                                  0xf (size before relaxing)
 .rodata.str1.1
                0x00009568        0x8 c:/program files (x86)/cypress/psoc creator/4.1/psoc creator/import/gnu/arm/5.4.1/bin/../lib/gcc/arm-none-eabi/5.4.1/../../../../arm-none-eabi/lib/armv7-m\libg_nano.a(lib_a-locale.o)
                                  0xb (size before relaxing)
 .rodata.__mprec_tens
                0x00009570       0xc8 c:/program files (x86)/cypress/psoc creator/4.1/psoc creator/import/gnu/arm/5.4.1/bin/../lib/gcc/arm-none-eabi/5.4.1/../../../../arm-none-eabi/lib/armv7-m\libg_nano.a(lib_a-mprec.o)
                0x00009570                __mprec_tens
 .rodata.p05.5408
                0x00009638        0xc c:/program files (x86)/cypress/psoc creator/4.1/psoc creator/import/gnu/arm/5.4.1/bin/../lib/gcc/arm-none-eabi/5.4.1/../../../../arm-none-eabi/lib/armv7-m\libg_nano.a(lib_a-mprec.o)
 *fill*         0x00009644        0x4 
 .rodata.__mprec_bigtens
                0x00009648       0x28 c:/program files (x86)/cypress/psoc creator/4.1/psoc creator/import/gnu/arm/5.4.1/bin/../lib/gcc/arm-none-eabi/5.4.1/../../../../arm-none-eabi/lib/armv7-m\libg_nano.a(lib_a-mprec.o)
                0x00009648                __mprec_bigtens
 .rodata.str1.1
                0x00009670       0x11 c:/program files (x86)/cypress/psoc creator/4.1/psoc creator/import/gnu/arm/5.4.1/bin/../lib/gcc/arm-none-eabi/5.4.1/../../../../arm-none-eabi/lib/armv7-m\libg_nano.a(lib_a-nano-svfprintf.o)
 .rodata.str1.1
                0x00009681        0x4 c:/program files (x86)/cypress/psoc creator/4.1/psoc creator/import/gnu/arm/5.4.1/bin/../lib/gcc/arm-none-eabi/5.4.1/../../../../arm-none-eabi/lib/armv7-m\libg_nano.a(lib_a-nano-svfscanf.o)
 *fill*         0x00009681        0x3 
 .rodata        0x00009684        0xc c:/program files (x86)/cypress/psoc creator/4.1/psoc creator/import/gnu/arm/5.4.1/bin/../lib/gcc/arm-none-eabi/5.4.1/../../../../arm-none-eabi/lib/armv7-m\libg_nano.a(lib_a-nano-vfscanf_i.o)
 .rodata.str1.1
                0x00009690       0x1b c:/program files (x86)/cypress/psoc creator/4.1/psoc creator/import/gnu/arm/5.4.1/bin/../lib/gcc/arm-none-eabi/5.4.1/../../../../arm-none-eabi/lib/armv7-m\libg_nano.a(lib_a-nano-vfscanf_i.o)
 *fill*         0x000096ab        0x1 
 .rodata.__sf_fake_stdin
                0x000096ac       0x20 c:/program files (x86)/cypress/psoc creator/4.1/psoc creator/import/gnu/arm/5.4.1/bin/../lib/gcc/arm-none-eabi/5.4.1/../../../../arm-none-eabi/lib/armv7-m\libg_nano.a(lib_a-findfp.o)
                0x000096ac                __sf_fake_stdin
 .rodata.__sf_fake_stdout
                0x000096cc       0x20 c:/program files (x86)/cypress/psoc creator/4.1/psoc creator/import/gnu/arm/5.4.1/bin/../lib/gcc/arm-none-eabi/5.4.1/../../../../arm-none-eabi/lib/armv7-m\libg_nano.a(lib_a-findfp.o)
                0x000096cc                __sf_fake_stdout
 .rodata.__sf_fake_stderr
                0x000096ec       0x20 c:/program files (x86)/cypress/psoc creator/4.1/psoc creator/import/gnu/arm/5.4.1/bin/../lib/gcc/arm-none-eabi/5.4.1/../../../../arm-none-eabi/lib/armv7-m\libg_nano.a(lib_a-findfp.o)
                0x000096ec                __sf_fake_stderr
                0x0000970c                . = ALIGN (0x4)
 *(.init)
 .init          0x0000970c        0x4 c:/program files (x86)/cypress/psoc creator/4.1/psoc creator/import/gnu/arm/5.4.1/bin/../lib/gcc/arm-none-eabi/5.4.1/armv7-m/crti.o
                0x0000970c                _init
 .init          0x00009710        0x8 c:/program files (x86)/cypress/psoc creator/4.1/psoc creator/import/gnu/arm/5.4.1/bin/../lib/gcc/arm-none-eabi/5.4.1/armv7-m/crtn.o
                0x00009718                . = ALIGN (0x4)
                0x00009718                __preinit_array_start = .
 *(.preinit_array)
                0x00009718                __preinit_array_end = .
                0x00009718                . = ALIGN (0x4)
                0x00009718                __init_array_start = .
 *(SORT(.init_array.*))
 *(.init_array)
 .init_array    0x00009718        0x4 c:/program files (x86)/cypress/psoc creator/4.1/psoc creator/import/gnu/arm/5.4.1/bin/../lib/gcc/arm-none-eabi/5.4.1/armv7-m/crtbegin.o
 .init_array    0x0000971c        0x4 .\CortexM3\ARM_GCC_541\Debug\Cm3Start.o
                0x00009720                __init_array_end = .
                0x00009720                . = ALIGN (0x4)
 *(.fini)
 .fini          0x00009720        0x4 c:/program files (x86)/cypress/psoc creator/4.1/psoc creator/import/gnu/arm/5.4.1/bin/../lib/gcc/arm-none-eabi/5.4.1/armv7-m/crti.o
                0x00009720                _fini
 .fini          0x00009724        0x8 c:/program files (x86)/cypress/psoc creator/4.1/psoc creator/import/gnu/arm/5.4.1/bin/../lib/gcc/arm-none-eabi/5.4.1/armv7-m/crtn.o
                0x0000972c                . = ALIGN (0x4)
                0x0000972c                __fini_array_start = .
 *(.fini_array)
 .fini_array    0x0000972c        0x4 c:/program files (x86)/cypress/psoc creator/4.1/psoc creator/import/gnu/arm/5.4.1/bin/../lib/gcc/arm-none-eabi/5.4.1/armv7-m/crtbegin.o
 *(SORT(.fini_array.*))
                0x00009730                __fini_array_end = .
                0x00009730                . = ALIGN (0x4)
 *crtbegin.o(.ctors)
 *(EXCLUDE_FILE(*crtend.o) .ctors)
 *(SORT(.ctors.*))
 *crtend.o(.ctors)
                0x00009730                . = ALIGN (0x4)
 *crtbegin.o(.dtors)
 *(EXCLUDE_FILE(*crtend.o) .dtors)
 *(SORT(.dtors.*))
 *crtend.o(.dtors)
                0x00009730                . = ALIGN (0x4)
                0x00009730                __cy_regions = .
                0x00009730        0x4 LONG 0x9740 __cy_region_init_ram
                0x00009734        0x4 LONG 0x1fff80c8 __cy_region_start_data
                0x00009738        0x4 LONG 0x100 __cy_region_init_size_ram
                0x0000973c        0x4 LONG 0x648 __cy_region_zero_size_ram
                0x00009740                __cy_regions_end = .
                0x00009740                . = ALIGN (0x8)
                0x00009740                _etext = .

.cy_checksum_exclude
                0x00009740        0x0
 *(.cy_checksum_exclude)

.ramvectors     0x1fff8000       0xc0
                0x1fff8000                __cy_region_start_ram = .
 *(.ramvectors)
 .ramvectors    0x1fff8000       0xc0 .\CortexM3\ARM_GCC_541\Debug\Cm3Start.o
                0x1fff8000                CyRamVectors

.noinit         0x1fff80c0        0x1
 *(.noinit)
 .noinit        0x1fff80c0        0x1 .\CortexM3\ARM_GCC_541\Debug\Design01.a(CyLib.o)
                0x1fff80c0                CyResetStatus

.data           0x1fff80c8      0x100 load address 0x00009740
                0x1fff80c8                __cy_region_start_data = .
 *(.jcr)
 .jcr           0x1fff80c8        0x0 c:/program files (x86)/cypress/psoc creator/4.1/psoc creator/import/gnu/arm/5.4.1/bin/../lib/gcc/arm-none-eabi/5.4.1/armv7-m/crtbegin.o
 .jcr           0x1fff80c8        0x4 c:/program files (x86)/cypress/psoc creator/4.1/psoc creator/import/gnu/arm/5.4.1/bin/../lib/gcc/arm-none-eabi/5.4.1/armv7-m/crtend.o
 *(.got.plt)
 *(.got)
 *(.shdata)
 *(.data .data.* .gnu.linkonce.d.*)
 .data          0x1fff80cc       0x2c .\CortexM3\ARM_GCC_541\Debug\main.o
                0x1fff80cc                TIA_Selected_Resistor
                0x1fff80d0                TIA_Resistor_Codes
                0x1fff80d8                TIA_Resistor_Values
 .data          0x1fff80f8        0x4 .\CortexM3\ARM_GCC_541\Debug\Cm3Start.o
 .data          0x1fff80fc       0x10 .\CortexM3\ARM_GCC_541\Debug\Design01.a(CyLib.o)
                0x1fff80fc                cydelay_32k_ms
                0x1fff8100                cydelay_freq_khz
                0x1fff8104                cydelay_freq_mhz
                0x1fff8108                cydelay_freq_hz
 .data          0x1fff810c       0x1a .\CortexM3\ARM_GCC_541\Debug\Design01.a(USBUART_cdc.o)
                0x1fff810c                USBUART_linesCoding
 .data          0x1fff8126        0x1 .\CortexM3\ARM_GCC_541\Debug\Design01.a(ADC_DelSig_1.o)
                0x1fff8126                ADC_DelSig_1_Config
 *fill*         0x1fff8127        0x1 
 .data.impure_data
                0x1fff8128       0x60 c:/program files (x86)/cypress/psoc creator/4.1/psoc creator/import/gnu/arm/5.4.1/bin/../lib/gcc/arm-none-eabi/5.4.1/../../../../arm-none-eabi/lib/armv7-m\libg_nano.a(lib_a-impure.o)
 .data._impure_ptr
                0x1fff8188        0x4 c:/program files (x86)/cypress/psoc creator/4.1/psoc creator/import/gnu/arm/5.4.1/bin/../lib/gcc/arm-none-eabi/5.4.1/../../../../arm-none-eabi/lib/armv7-m\libg_nano.a(lib_a-impure.o)
                0x1fff8188                _impure_ptr
 .data.__ctype_ptr__
                0x1fff818c        0x4 c:/program files (x86)/cypress/psoc creator/4.1/psoc creator/import/gnu/arm/5.4.1/bin/../lib/gcc/arm-none-eabi/5.4.1/../../../../arm-none-eabi/lib/armv7-m\libg_nano.a(lib_a-ctype_.o)
                0x1fff818c                __ctype_ptr__
 .data.lconv    0x1fff8190       0x38 c:/program files (x86)/cypress/psoc creator/4.1/psoc creator/import/gnu/arm/5.4.1/bin/../lib/gcc/arm-none-eabi/5.4.1/../../../../arm-none-eabi/lib/armv7-m\libg_nano.a(lib_a-locale.o)
                0x1fff81c8                . = ALIGN (0x8)
 *(.ram)
                0x1fff81c8                _edata = .

.igot.plt       0x1fff81c8        0x0 load address 0x00009840
 .igot.plt      0x1fff81c8        0x0 c:/program files (x86)/cypress/psoc creator/4.1/psoc creator/import/gnu/arm/5.4.1/bin/../lib/gcc/arm-none-eabi/5.4.1/armv7-m/crtbegin.o

.bss            0x1fff81c8      0x648 load address 0x00009840
                0x1fff81c8                PROVIDE (__bss_start__, .)
 *(.shbss)
 *(.bss .bss.* .gnu.linkonce.b.*)
 .bss           0x1fff81c8       0x1c c:/program files (x86)/cypress/psoc creator/4.1/psoc creator/import/gnu/arm/5.4.1/bin/../lib/gcc/arm-none-eabi/5.4.1/armv7-m/crtbegin.o
 .bss           0x1fff81e4       0x24 .\CortexM3\ARM_GCC_541\Debug\main.o
                0x1fff81e4                newData
                0x1fff81e5                G_Stop
                0x1fff81e6                G_Break
                0x1fff81e7                G_Pause
                0x1fff81e8                TIA_Offsets_uV
 .bss           0x1fff8208        0x2 .\CortexM3\ARM_GCC_541\Debug\Design01.a(UART_1.o)
                0x1fff8208                UART_1_initVar
 .bss           0x1fff820a        0x1 .\CortexM3\ARM_GCC_541\Debug\Design01.a(USBUART.o)
                0x1fff820a                USBUART_initVar
 .bss           0x1fff820b        0x1 .\CortexM3\ARM_GCC_541\Debug\Design01.a(USBUART_cdc.o)
 .bss           0x1fff820c        0x2 .\CortexM3\ARM_GCC_541\Debug\Design01.a(USBUART_std.o)
 *fill*         0x1fff820e        0x2 
 .bss           0x1fff8210       0x18 .\CortexM3\ARM_GCC_541\Debug\Design01.a(ADC_DelSig_1.o)
                0x1fff8220                ADC_DelSig_1_stopConversion
                0x1fff8221                ADC_DelSig_1_convDone
                0x1fff8222                ADC_DelSig_1_initVar
                0x1fff8223                ADC_DelSig_1_started
                0x1fff8224                ADC_DelSig_1_Offset
 .bss           0x1fff8228        0x1 .\CortexM3\ARM_GCC_541\Debug\Design01.a(TIA_1.o)
                0x1fff8228                TIA_1_initVar
 .bss           0x1fff8229        0x1 .\CortexM3\ARM_GCC_541\Debug\Design01.a(VDAC_Vgs.o)
                0x1fff8229                VDAC_Vgs_initVar
 .bss           0x1fff822a        0x1 .\CortexM3\ARM_GCC_541\Debug\Design01.a(VDAC_Vds.o)
                0x1fff822a                VDAC_Vds_initVar
 .bss           0x1fff822b        0x1 .\CortexM3\ARM_GCC_541\Debug\Design01.a(VDAC_Ref.o)
                0x1fff822b                VDAC_Ref_initVar
 .bss           0x1fff822c        0x1 .\CortexM3\ARM_GCC_541\Debug\Design01.a(I2C_1.o)
                0x1fff822c                I2C_1_initVar
 .bss           0x1fff822d        0x1 .\CortexM3\ARM_GCC_541\Debug\Design01.a(CommunicationTimer.o)
                0x1fff822d                CommunicationTimer_initVar
 .bss           0x1fff822e        0x1 .\CortexM3\ARM_GCC_541\Debug\Design01.a(ADC_SAR_1.o)
                0x1fff822e                ADC_SAR_1_initVar
 .bss           0x1fff822f        0x1 .\CortexM3\ARM_GCC_541\Debug\Design01.a(ADC_SAR_2.o)
                0x1fff822f                ADC_SAR_2_initVar
 .bss.__malloc_sbrk_start
                0x1fff8230        0x4 c:/program files (x86)/cypress/psoc creator/4.1/psoc creator/import/gnu/arm/5.4.1/bin/../lib/gcc/arm-none-eabi/5.4.1/../../../../arm-none-eabi/lib/armv7-m\libg_nano.a(lib_a-nano-mallocr.o)
                0x1fff8230                __malloc_sbrk_start
 .bss.__malloc_free_list
                0x1fff8234        0x4 c:/program files (x86)/cypress/psoc creator/4.1/psoc creator/import/gnu/arm/5.4.1/bin/../lib/gcc/arm-none-eabi/5.4.1/../../../../arm-none-eabi/lib/armv7-m\libg_nano.a(lib_a-nano-mallocr.o)
                0x1fff8234                __malloc_free_list
 *(COMMON)
 COMMON         0x1fff8238      0x4c8 .\CortexM3\ARM_GCC_541\Debug\main.o
                0x1fff8238                TransmitBuffer
                0x1fff8278                selectors
                0x1fff8674                USBUART_Rx_Position
                0x1fff8676                Vgs_Index_Goal_Relative
                0x1fff8678                Current_Measurement_Sample_Count
                0x1fff867c                USBUART_Receive_Buffer
                0x1fff86bc                UART_Receive_Buffer
                0x1fff86fc                Vds_Index_Goal_Relative
                0x1fff86fe                Compliance_Reached
                0x1fff86ff                UART_Rx_Position
 COMMON         0x1fff8700       0x18 .\CortexM3\ARM_GCC_541\Debug\Design01.a(USBUART_cdc.o)
                0x1fff8700                USBUART_linesChanged
                0x1fff8704                USBUART_cdcDataInEp
                0x1fff8708                USBUART_cdcCommInInterruptEp
                0x1fff870c                USBUART_cdcDataOutEp
                0x1fff8710                USBUART_serialStateBitmap
                0x1fff8714                USBUART_linesControlBitmap
 COMMON         0x1fff8718       0x9a .\CortexM3\ARM_GCC_541\Debug\Design01.a(USBUART_drv.o)
                0x1fff8718                USBUART_lastPacketSize
                0x1fff8719                USBUART_device
                0x1fff871a                USBUART_transferByteCount
                0x1fff871c                USBUART_transferState
                0x1fff8720                USBUART_interfaceSettingLast
                0x1fff8724                USBUART_currentTD
                0x1fff8730                USBUART_interfaceNumber
                0x1fff8734                USBUART_interfaceClass
                0x1fff8738                USBUART_configurationChanged
                0x1fff8739                USBUART_ep0Mode
                0x1fff873a                USBUART_deviceAddress
                0x1fff873b                USBUART_configuration
                0x1fff873c                USBUART_ep0Count
                0x1fff873d                USBUART_deviceStatus
                0x1fff8740                USBUART_EP
                0x1fff87ac                USBUART_interfaceSetting
                0x1fff87ae                USBUART_ep0Toggle
                0x1fff87b0                USBUART_interfaceStatus
 *fill*         0x1fff87b2        0x2 
 COMMON         0x1fff87b4        0x4 .\CortexM3\ARM_GCC_541\Debug\Design01.a(ADC_DelSig_1.o)
                0x1fff87b4                ADC_DelSig_1_CountsPerVolt
 COMMON         0x1fff87b8        0x1 .\CortexM3\ARM_GCC_541\Debug\Design01.a(I2C_1.o)
                0x1fff87b8                I2C_1_state
 *fill*         0x1fff87b9        0x3 
 COMMON         0x1fff87bc       0x11 .\CortexM3\ARM_GCC_541\Debug\Design01.a(I2C_1_MASTER.o)
                0x1fff87bc                I2C_1_mstrWrBufIndex
                0x1fff87bd                I2C_1_mstrControl
                0x1fff87be                I2C_1_mstrStatus
                0x1fff87bf                I2C_1_mstrWrBufSize
                0x1fff87c0                I2C_1_mstrRdBufIndex
                0x1fff87c4                I2C_1_mstrWrBufPtr
                0x1fff87c8                I2C_1_mstrRdBufPtr
                0x1fff87cc                I2C_1_mstrRdBufSize
 *fill*         0x1fff87cd        0x3 
 COMMON         0x1fff87d0        0xa .\CortexM3\ARM_GCC_541\Debug\Design01.a(ADC_SAR_1.o)
                0x1fff87d0                ADC_SAR_1_countsPerVolt
                0x1fff87d2                ADC_SAR_1_shift
                0x1fff87d4                ADC_SAR_1_countsPer10Volt
                0x1fff87d8                ADC_SAR_1_offset
 *fill*         0x1fff87da        0x2 
 COMMON         0x1fff87dc        0xa .\CortexM3\ARM_GCC_541\Debug\Design01.a(ADC_SAR_2.o)
                0x1fff87dc                ADC_SAR_2_countsPer10Volt
                0x1fff87e0                ADC_SAR_2_shift
                0x1fff87e2                ADC_SAR_2_offset
                0x1fff87e4                ADC_SAR_2_countsPerVolt
 *fill*         0x1fff87e6        0x2 
 COMMON         0x1fff87e8       0x22 .\CortexM3\ARM_GCC_541\Debug\Design01.a(USBUART_descr.o)
                0x1fff87e8                USBUART_idSerialNumberStringDescriptor
 *fill*         0x1fff880a        0x2 
 COMMON         0x1fff880c        0x4 c:/program files (x86)/cypress/psoc creator/4.1/psoc creator/import/gnu/arm/5.4.1/bin/../lib/gcc/arm-none-eabi/5.4.1/../../../../arm-none-eabi/lib/armv7-m\libg_nano.a(lib_a-reent.o)
                0x1fff880c                errno
                0x1fff8810                . = ALIGN (0x8)
 *(.ram.b)
                0x1fff8810                _end = .
                0x1fff8810                __end = .
                0x1fff8810                PROVIDE (end, .)
                0x1fff8810                PROVIDE (__bss_end__, .)
                0x00009740                __cy_region_init_ram = LOADADDR (.data)
                0x00000100                __cy_region_init_size_ram = (_edata - ADDR (.data))
                0x00000648                __cy_region_zero_size_ram = (_end - _edata)

.heap           0x1fff8810      0x200 load address 0x00009840
                0x1fff8810                . = _end
                0x1fff8a10                . = (. + 0x200)
 *fill*         0x1fff8810      0x200 
                0x1fff8a10                __cy_heap_limit = .

.stack          0x20007800      0x800
                0x20007800                __cy_stack_limit = .
                0x20008000                . = (. + 0x800)
 *fill*         0x20007800      0x800 
                0x00000001                ASSERT ((__cy_stack_limit >= __cy_heap_limit), region RAM overflowed with stack)
                0x00000000                cy_checksum_exclude_size = (CY_APPL_LOADABLE == 0x1)?SIZEOF (.cy_checksum_exclude):0x0
                0x00000001                ASSERT ((cy_checksum_exclude_size <= CY_CHECKSUM_EXCLUDE_SIZE), CY_BOOT: Section .cy_checksum_exclude size exceedes specified limit.)

.cyloadermeta
 *(.cyloadermeta)

.cyloadablemeta
 *(.cyloadablemeta)

.cyconfigecc    0x80000000      0x968
 *(.cyconfigecc)
 .cyconfigecc   0x80000000      0x968 .\CortexM3\ARM_GCC_541\Debug\cymetadata.o
                0x80000000                cy_meta_configecc

.cycustnvl      0x90000000        0x4
 *(.cycustnvl)
 .cycustnvl     0x90000000        0x4 .\CortexM3\ARM_GCC_541\Debug\cymetadata.o
                0x90000000                cy_meta_custnvl

.cywolatch      0x90100000        0x4
 *(.cywolatch)
 .cywolatch     0x90100000        0x4 .\CortexM3\ARM_GCC_541\Debug\cymetadata.o
                0x90100000                cy_meta_wonvl

.cyeeprom       0x90200000        0x0
 *(.cyeeprom)
                0x00000001                ASSERT ((. <= ((0x90200000 + ee_offset) + ee_size)), .cyeeprom data will not fit in EEPROM)

.cyflashprotect
                0x90400000      0x100
 *(.cyflashprotect)
 .cyflashprotect
                0x90400000      0x100 .\CortexM3\ARM_GCC_541\Debug\cymetadata.o
                0x90400000                cy_meta_flashprotect

.cymeta         0x90500000        0xc
 *(.cymeta)
 .cymeta        0x90500000        0xc .\CortexM3\ARM_GCC_541\Debug\cymetadata.o
                0x90500000                cy_metadata

.rel.dyn        0x00009840        0x0 load address 0x9050000c
 .rel.iplt      0x00009840        0x0 c:/program files (x86)/cypress/psoc creator/4.1/psoc creator/import/gnu/arm/5.4.1/bin/../lib/gcc/arm-none-eabi/5.4.1/armv7-m/crtbegin.o

.stab           0x00000000       0x6c
 *(.stab)
 .stab          0x00000000       0x24 c:/program files (x86)/cypress/psoc creator/4.1/psoc creator/import/gnu/arm/5.4.1/bin/../lib/gcc/arm-none-eabi/5.4.1/../../../../arm-none-eabi/lib/armv7-m\libnosys.a(close.o)
 .stab          0x00000024       0x18 c:/program files (x86)/cypress/psoc creator/4.1/psoc creator/import/gnu/arm/5.4.1/bin/../lib/gcc/arm-none-eabi/5.4.1/../../../../arm-none-eabi/lib/armv7-m\libnosys.a(lseek.o)
                                 0x24 (size before relaxing)
 .stab          0x0000003c       0x18 c:/program files (x86)/cypress/psoc creator/4.1/psoc creator/import/gnu/arm/5.4.1/bin/../lib/gcc/arm-none-eabi/5.4.1/../../../../arm-none-eabi/lib/armv7-m\libnosys.a(read.o)
                                 0x24 (size before relaxing)
 .stab          0x00000054       0x18 c:/program files (x86)/cypress/psoc creator/4.1/psoc creator/import/gnu/arm/5.4.1/bin/../lib/gcc/arm-none-eabi/5.4.1/../../../../arm-none-eabi/lib/armv7-m\libnosys.a(write.o)
                                 0x24 (size before relaxing)

.stabstr        0x00000000       0xdf
 *(.stabstr)
 .stabstr       0x00000000       0xdf c:/program files (x86)/cypress/psoc creator/4.1/psoc creator/import/gnu/arm/5.4.1/bin/../lib/gcc/arm-none-eabi/5.4.1/../../../../arm-none-eabi/lib/armv7-m\libnosys.a(close.o)

.debug
 *(.debug)

.line
 *(.line)

.debug_srcinfo
 *(.debug_srcinfo)

.debug_sfnames
 *(.debug_sfnames)

.debug_aranges  0x00000000     0x13d0
 *(.debug_aranges)
 .debug_aranges
                0x00000000      0x1a8 .\CortexM3\ARM_GCC_541\Debug\main.o
 .debug_aranges
                0x000001a8       0x58 .\CortexM3\ARM_GCC_541\Debug\cyfitter_cfg.o
 .debug_aranges
                0x00000200       0x18 .\CortexM3\ARM_GCC_541\Debug\cymetadata.o
 .debug_aranges
                0x00000218       0x48 .\CortexM3\ARM_GCC_541\Debug\Cm3Start.o
 .debug_aranges
                0x00000260       0xf0 .\CortexM3\ARM_GCC_541\Debug\Design01.a(UART_1.o)
 .debug_aranges
                0x00000350       0x70 .\CortexM3\ARM_GCC_541\Debug\Design01.a(UART_1_IntClock.o)
 .debug_aranges
                0x000003c0      0x2a0 .\CortexM3\ARM_GCC_541\Debug\Design01.a(CyLib.o)
 .debug_aranges
                0x00000660       0x98 .\CortexM3\ARM_GCC_541\Debug\Design01.a(cyPm.o)
 .debug_aranges
                0x000006f8       0xc8 .\CortexM3\ARM_GCC_541\Debug\Design01.a(USBUART.o)
 .debug_aranges
                0x000007c0       0xe8 .\CortexM3\ARM_GCC_541\Debug\Design01.a(USBUART_cdc.o)
 .debug_aranges
                0x000008a8       0x98 .\CortexM3\ARM_GCC_541\Debug\Design01.a(USBUART_drv.o)
 .debug_aranges
                0x00000940       0x40 .\CortexM3\ARM_GCC_541\Debug\Design01.a(USBUART_episr.o)
 .debug_aranges
                0x00000980       0x40 .\CortexM3\ARM_GCC_541\Debug\Design01.a(USBUART_pm.o)
 .debug_aranges
                0x000009c0       0x80 .\CortexM3\ARM_GCC_541\Debug\Design01.a(USBUART_std.o)
 .debug_aranges
                0x00000a40       0x20 .\CortexM3\ARM_GCC_541\Debug\Design01.a(USBUART_vnd.o)
 .debug_aranges
                0x00000a60       0x48 .\CortexM3\ARM_GCC_541\Debug\Design01.a(USBUART_Dp.o)
 .debug_aranges
                0x00000aa8       0xe8 .\CortexM3\ARM_GCC_541\Debug\Design01.a(ADC_DelSig_1.o)
 .debug_aranges
                0x00000b90       0x38 .\CortexM3\ARM_GCC_541\Debug\Design01.a(ADC_DelSig_1_INT.o)
 .debug_aranges
                0x00000bc8       0x50 .\CortexM3\ARM_GCC_541\Debug\Design01.a(TIA_1.o)
 .debug_aranges
                0x00000c18       0x58 .\CortexM3\ARM_GCC_541\Debug\Design01.a(VDAC_Vgs.o)
 .debug_aranges
                0x00000c70       0x58 .\CortexM3\ARM_GCC_541\Debug\Design01.a(VDAC_Vds.o)
 .debug_aranges
                0x00000cc8       0x70 .\CortexM3\ARM_GCC_541\Debug\Design01.a(ADC_DelSig_1_Ext_CP_Clk.o)
 .debug_aranges
                0x00000d38       0x80 .\CortexM3\ARM_GCC_541\Debug\Design01.a(ADC_DelSig_1_theACLK.o)
 .debug_aranges
                0x00000db8       0x58 .\CortexM3\ARM_GCC_541\Debug\Design01.a(VDAC_Ref.o)
 .debug_aranges
                0x00000e10       0x38 .\CortexM3\ARM_GCC_541\Debug\Design01.a(I2C_1.o)
 .debug_aranges
                0x00000e48       0x20 .\CortexM3\ARM_GCC_541\Debug\Design01.a(I2C_1_INT.o)
 .debug_aranges
                0x00000e68       0x80 .\CortexM3\ARM_GCC_541\Debug\Design01.a(I2C_1_MASTER.o)
 .debug_aranges
                0x00000ee8       0x88 .\CortexM3\ARM_GCC_541\Debug\Design01.a(CommunicationTimer.o)
 .debug_aranges
                0x00000f70       0x80 .\CortexM3\ARM_GCC_541\Debug\Design01.a(CommunicationInterrupt.o)
 .debug_aranges
                0x00000ff0       0xa8 .\CortexM3\ARM_GCC_541\Debug\Design01.a(ADC_SAR_1.o)
 .debug_aranges
                0x00001098       0x20 .\CortexM3\ARM_GCC_541\Debug\Design01.a(ADC_SAR_1_INT.o)
 .debug_aranges