Archive member included to satisfy reference by file (symbol)

.\CortexM3\ARM_GCC_541\Debug\Design01.a(UART_1.o)
                              .\CortexM3\ARM_GCC_541\Debug\main.o (UART_1_Start)
.\CortexM3\ARM_GCC_541\Debug\Design01.a(UART_1_IntClock.o)
                              .\CortexM3\ARM_GCC_541\Debug\Design01.a(UART_1.o) (UART_1_IntClock_Start)
.\CortexM3\ARM_GCC_541\Debug\Design01.a(CyLib.o)
                              .\CortexM3\ARM_GCC_541\Debug\Cm3Start.o (CyHalt)
.\CortexM3\ARM_GCC_541\Debug\Design01.a(cyPm.o)
                              .\CortexM3\ARM_GCC_541\Debug\Design01.a(CyLib.o) (CyPmReadStatus)
.\CortexM3\ARM_GCC_541\Debug\Design01.a(USBUART.o)
                              .\CortexM3\ARM_GCC_541\Debug\main.o (USBUART_Start)
.\CortexM3\ARM_GCC_541\Debug\Design01.a(USBUART_cdc.o)
                              .\CortexM3\ARM_GCC_541\Debug\main.o (USBUART_CDC_Init)
.\CortexM3\ARM_GCC_541\Debug\Design01.a(USBUART_drv.o)
                              .\CortexM3\ARM_GCC_541\Debug\Design01.a(USBUART.o) (USBUART_lastPacketSize)
.\CortexM3\ARM_GCC_541\Debug\Design01.a(USBUART_episr.o)
                              .\CortexM3\ARM_GCC_541\Debug\Design01.a(USBUART.o) (USBUART_EP_1_ISR)
.\CortexM3\ARM_GCC_541\Debug\Design01.a(USBUART_pm.o)
                              .\CortexM3\ARM_GCC_541\Debug\Design01.a(USBUART.o) (USBUART_DP_ISR)
.\CortexM3\ARM_GCC_541\Debug\Design01.a(USBUART_std.o)
                              .\CortexM3\ARM_GCC_541\Debug\Design01.a(USBUART_pm.o) (USBUART_ConfigReg)
.\CortexM3\ARM_GCC_541\Debug\Design01.a(USBUART_vnd.o)
                              .\CortexM3\ARM_GCC_541\Debug\Design01.a(USBUART_drv.o) (USBUART_HandleVendorRqst)
.\CortexM3\ARM_GCC_541\Debug\Design01.a(USBUART_Dp.o)
                              .\CortexM3\ARM_GCC_541\Debug\Design01.a(USBUART.o) (USBUART_Dp_ClearInterrupt)
.\CortexM3\ARM_GCC_541\Debug\Design01.a(ADC_DelSig_1.o)
                              .\CortexM3\ARM_GCC_541\Debug\main.o (ADC_DelSig_1_Start)
.\CortexM3\ARM_GCC_541\Debug\Design01.a(ADC_DelSig_1_INT.o)
                              .\CortexM3\ARM_GCC_541\Debug\Design01.a(ADC_DelSig_1.o) (ADC_DelSig_1_ISR1)
.\CortexM3\ARM_GCC_541\Debug\Design01.a(TIA_1.o)
                              .\CortexM3\ARM_GCC_541\Debug\main.o (TIA_1_SetResFB)
.\CortexM3\ARM_GCC_541\Debug\Design01.a(VDAC_Vgs.o)
                              .\CortexM3\ARM_GCC_541\Debug\main.o (VDAC_Vgs_SetValue)
.\CortexM3\ARM_GCC_541\Debug\Design01.a(VDAC_Vds.o)
                              .\CortexM3\ARM_GCC_541\Debug\main.o (VDAC_Vds_SetValue)
.\CortexM3\ARM_GCC_541\Debug\Design01.a(ADC_DelSig_1_Ext_CP_Clk.o)
                              .\CortexM3\ARM_GCC_541\Debug\Design01.a(ADC_DelSig_1.o) (ADC_DelSig_1_Ext_CP_Clk_SetModeRegister)
.\CortexM3\ARM_GCC_541\Debug\Design01.a(ADC_DelSig_1_theACLK.o)
                              .\CortexM3\ARM_GCC_541\Debug\Design01.a(ADC_DelSig_1.o) (ADC_DelSig_1_theACLK_SetModeRegister)
.\CortexM3\ARM_GCC_541\Debug\Design01.a(VDAC_Ref.o)
                              .\CortexM3\ARM_GCC_541\Debug\main.o (VDAC_Ref_SetValue)
.\CortexM3\ARM_GCC_541\Debug\Design01.a(I2C_1.o)
                              .\CortexM3\ARM_GCC_541\Debug\main.o (I2C_1_Start)
.\CortexM3\ARM_GCC_541\Debug\Design01.a(I2C_1_INT.o)
                              .\CortexM3\ARM_GCC_541\Debug\Design01.a(I2C_1.o) (I2C_1_ISR)
.\CortexM3\ARM_GCC_541\Debug\Design01.a(I2C_1_MASTER.o)
                              .\CortexM3\ARM_GCC_541\Debug\main.o (I2C_1_MasterWriteBuf)
.\CortexM3\ARM_GCC_541\Debug\Design01.a(CommunicationTimer.o)
                              .\CortexM3\ARM_GCC_541\Debug\main.o (CommunicationTimer_ReadStatusRegister)
.\CortexM3\ARM_GCC_541\Debug\Design01.a(CommunicationInterrupt.o)
                              .\CortexM3\ARM_GCC_541\Debug\main.o (CommunicationInterrupt_StartEx)
.\CortexM3\ARM_GCC_541\Debug\Design01.a(ADC_SAR_1.o)
                              .\CortexM3\ARM_GCC_541\Debug\main.o (ADC_SAR_1_Start)
.\CortexM3\ARM_GCC_541\Debug\Design01.a(ADC_SAR_1_INT.o)
                              .\CortexM3\ARM_GCC_541\Debug\Design01.a(ADC_SAR_1.o) (ADC_SAR_1_ISR)
.\CortexM3\ARM_GCC_541\Debug\Design01.a(ADC_SAR_2.o)
                              .\CortexM3\ARM_GCC_541\Debug\main.o (ADC_SAR_2_Start)
.\CortexM3\ARM_GCC_541\Debug\Design01.a(ADC_SAR_2_INT.o)
                              .\CortexM3\ARM_GCC_541\Debug\Design01.a(ADC_SAR_2.o) (ADC_SAR_2_ISR)
.\CortexM3\ARM_GCC_541\Debug\Design01.a(ADC_SAR_1_theACLK.o)
                              .\CortexM3\ARM_GCC_541\Debug\Design01.a(ADC_SAR_1.o) (ADC_SAR_1_theACLK_SetModeRegister)
.\CortexM3\ARM_GCC_541\Debug\Design01.a(ADC_SAR_2_theACLK.o)
                              .\CortexM3\ARM_GCC_541\Debug\Design01.a(ADC_SAR_2.o) (ADC_SAR_2_theACLK_SetModeRegister)
.\CortexM3\ARM_GCC_541\Debug\Design01.a(Opamp_1.o)
                              .\CortexM3\ARM_GCC_541\Debug\main.o (Opamp_1_Start)
.\CortexM3\ARM_GCC_541\Debug\Design01.a(CyBootAsmGnu.o)
[...]
Memory Configuration

Name             Origin             Length             Attributes
rom              0x00000000         0x00040000         xr
ram              0x1fff8000         0x00010000         xrw
*default*        0x00000000         0xffffffff

Linker script and memory map

LOAD c:/program files (x86)/cypress/psoc creator/4.1/psoc creator/import/gnu/arm/5.4.1/bin/../lib/gcc/arm-none-eabi/5.4.1/armv7-m/crti.o
LOAD c:/program files (x86)/cypress/psoc creator/4.1/psoc creator/import/gnu/arm/5.4.1/bin/../lib/gcc/arm-none-eabi/5.4.1/armv7-m/crtbegin.o
LOAD c:/program files (x86)/cypress/psoc creator/4.1/psoc creator/import/gnu/arm/5.4.1/bin/../lib/gcc/arm-none-eabi/5.4.1/../../../../arm-none-eabi/lib/armv7-m/crt0.o
START GROUP
LOAD .\CortexM3\ARM_GCC_541\Debug\main.o
LOAD .\CortexM3\ARM_GCC_541\Debug\cyfitter_cfg.o
LOAD .\CortexM3\ARM_GCC_541\Debug\cymetadata.o
LOAD .\CortexM3\ARM_GCC_541\Debug\Cm3Start.o
LOAD .\CortexM3\ARM_GCC_541\Debug\Design01.a
LOAD C:\Program Files (x86)\Cypress\PSoC Creator\4.1\PSoC Creator\psoc\content\cycomponentlibrary\CyComponentLibrary.cylib\CortexM3\ARM_GCC_541\Debug\CyComponentLibrary.a
END GROUP
START GROUP
LOAD c:/program files (x86)/cypress/psoc creator/4.1/psoc creator/import/gnu/arm/5.4.1/bin/../lib/gcc/arm-none-eabi/5.4.1/armv7-m\libgcc.a
LOAD c:/program files (x86)/cypress/psoc creator/4.1/psoc creator/import/gnu/arm/5.4.1/bin/../lib/gcc/arm-none-eabi/5.4.1/../../../../arm-none-eabi/lib/armv7-m\libg_nano.a
LOAD c:/program files (x86)/cypress/psoc creator/4.1/psoc creator/import/gnu/arm/5.4.1/bin/../lib/gcc/arm-none-eabi/5.4.1/../../../../arm-none-eabi/lib/armv7-m\libc_nano.a
END GROUP
START GROUP
LOAD c:/program files (x86)/cypress/psoc creator/4.1/psoc creator/import/gnu/arm/5.4.1/bin/../lib/gcc/arm-none-eabi/5.4.1/armv7-m\libgcc.a
LOAD c:/program files (x86)/cypress/psoc creator/4.1/psoc creator/import/gnu/arm/5.4.1/bin/../lib/gcc/arm-none-eabi/5.4.1/../../../../arm-none-eabi/lib/armv7-m\libc_nano.a
END GROUP
LOAD c:/program files (x86)/cypress/psoc creator/4.1/psoc creator/import/gnu/arm/5.4.1/bin/../lib/gcc/arm-none-eabi/5.4.1/armv7-m/crtend.o
LOAD c:/program files (x86)/cypress/psoc creator/4.1/psoc creator/import/gnu/arm/5.4.1/bin/../lib/gcc/arm-none-eabi/5.4.1/armv7-m/crtn.o
START GROUP
LOAD c:/program files (x86)/cypress/psoc creator/4.1/psoc creator/import/gnu/arm/5.4.1/bin/../lib/gcc/arm-none-eabi/5.4.1/armv7-m\libgcc.a
LOAD c:/program files (x86)/cypress/psoc creator/4.1/psoc creator/import/gnu/arm/5.4.1/bin/../lib/gcc/arm-none-eabi/5.4.1/../../../../arm-none-eabi/lib/armv7-m\libc.a
LOAD c:/program files (x86)/cypress/psoc creator/4.1/psoc creator/import/gnu/arm/5.4.1/bin/../lib/gcc/arm-none-eabi/5.4.1/../../../../arm-none-eabi/lib/armv7-m\libnosys.a
END GROUP
                0x00000000                CY_APPL_ORIGIN = 0x0
                0x00000100                CY_FLASH_ROW_SIZE = 0x100
                0x00000020                CY_ECC_ROW_SIZE = 0x20
                0x00000000                CY_EE_IN_BTLDR = 0x0
                0x00000000                CY_APPL_LOADABLE = 0x0
                0x00000800                CY_EE_SIZE = 0x800
                0x00000001                CY_APPL_NUM = 0x1
                0x00000001                CY_APPL_MAX = 0x1
                0x00000040                CY_METADATA_SIZE = 0x40
                0x00000000                CY_APPL_LOADABLE = 0x0
                0x00000000                CY_CHECKSUM_EXCLUDE_SIZE = ALIGN (0x0, CY_FLASH_ROW_SIZE)
                [!provide]                PROVIDE (__cy_heap_start, _end)
                0x00000001                PROVIDE (__cy_region_num, ((__cy_regions_end - __cy_regions) / 0x10))
                0x20008000                PROVIDE (__cy_stack, (ORIGIN (ram) + LENGTH (ram)))
                [!provide]                PROVIDE (__cy_heap_end, (__cy_stack - 0x800))

.cybootloader   0x00000000        0x0
 *(.cybootloader)
                0x00000000                appl1_start = CY_APPL_ORIGIN?CY_APPL_ORIGIN:ALIGN (CY_FLASH_ROW_SIZE)
                0x0001ff00                appl2_start = (appl1_start + ALIGN ((((LENGTH (rom) - appl1_start) - (0x2 * CY_FLASH_ROW_SIZE)) / 0x2), CY_FLASH_ROW_SIZE))
                0x00000000                appl_start = (CY_APPL_NUM == 0x1)?appl1_start:appl2_start
                0x00000000                ecc_offset = ((appl_start / CY_FLASH_ROW_SIZE) * CY_ECC_ROW_SIZE)
                0x00000000                ee_offset = (CY_APPL_LOADABLE && ! (CY_EE_IN_BTLDR))?((CY_EE_SIZE / CY_APPL_MAX) * (CY_APPL_NUM - 0x1)):0x0
                0x00000800                ee_size = (CY_APPL_LOADABLE && ! (CY_EE_IN_BTLDR))?(CY_EE_SIZE / CY_APPL_MAX):CY_EE_SIZE
                [!provide]                PROVIDE (CY_ECC_OFFSET, ecc_offset)

.text           0x00000000     0x8718
 CREATE_OBJECT_SYMBOLS
                0x00000000                PROVIDE (__cy_interrupt_vector, RomVectors)
 *(.romvectors)
 .romvectors    0x00000000       0x10 .\CortexM3\ARM_GCC_541\Debug\Cm3Start.o
                0x00000000                RomVectors
                0x00000001                ASSERT ((. != __cy_interrupt_vector), No interrupt vector)
                0x00000001                ASSERT (CY_APPL_ORIGIN?(SIZEOF (.cybootloader) <= CY_APPL_ORIGIN):0x1, Wrong image location)
                0x00000010                PROVIDE (__cy_reset, Reset)
 *(.text.Reset)
 .text.Reset    0x00000010       0x18 .\CortexM3\ARM_GCC_541\Debug\Cm3Start.o
                0x00000010                Reset
                0x00000001                ASSERT ((. != __cy_reset), No reset code)
 *(.dma_init)
                0x00000001                ASSERT ((((appl_start + .) <= 0x10000) || 0x1), DMA Init must be within the first 64k of flash)
 *(.text .text.* .gnu.linkonce.t.*)
 .text          0x00000028       0x5c c:/program files (x86)/cypress/psoc creator/4.1/psoc creator/import/gnu/arm/5.4.1/bin/../lib/gcc/arm-none-eabi/5.4.1/armv7-m/crtbegin.o
 .text.USBUARTH_Maintain_Configuration
                0x00000084       0x18 .\CortexM3\ARM_GCC_541\Debug\main.o
                0x00000084                USBUARTH_Maintain_Configuration
 .text.USBUARTH_DataIsReady
                0x0000009c       0x20 .\CortexM3\ARM_GCC_541\Debug\main.o
                0x0000009c                USBUARTH_DataIsReady
 .text.CommunicationHandlerISR
                0x000000bc      0x1b0 .\CortexM3\ARM_GCC_541\Debug\main.o
                0x000000bc                CommunicationHandlerISR
 .text.USBUARTH_Send
                0x0000026c       0x50 .\CortexM3\ARM_GCC_541\Debug\main.o
                0x0000026c                USBUARTH_Send
 .text.sendTransmitBuffer
                0x000002bc       0x30 .\CortexM3\ARM_GCC_541\Debug\main.o
                0x000002bc                sendTransmitBuffer
 .text.Setup_Selector_I2C_Struct
                0x000002ec       0x34 .\CortexM3\ARM_GCC_541\Debug\main.o
                0x000002ec                Setup_Selector_I2C_Struct
 .text.Update_Selector
                0x00000320      0x128 .\CortexM3\ARM_GCC_541\Debug\main.o
                0x00000320                Update_Selector
 .text.Setup_Selectors
                0x00000448       0x3c .\CortexM3\ARM_GCC_541\Debug\main.o
                0x00000448                Setup_Selectors
 .text.Connect_Channel_On_Intermediate
                0x00000484       0x2c .\CortexM3\ARM_GCC_541\Debug\main.o
                0x00000484                Connect_Channel_On_Intermediate
 .text.Connect_Contact_To_Intermediate
                0x000004b0       0x34 .\CortexM3\ARM_GCC_541\Debug\main.o
                0x000004b0                Connect_Contact_To_Intermediate
 .text.Disconnect_Contact_From_Intermediate
                0x000004e4       0x40 .\CortexM3\ARM_GCC_541\Debug\main.o
                0x000004e4                Disconnect_Contact_From_Intermediate
 .text.Disconnect_Contact_From_All_Intermediates
                0x00000524       0x40 .\CortexM3\ARM_GCC_541\Debug\main.o
                0x00000524                Disconnect_Contact_From_All_Intermediates
 .text.Disconnect_All_Contacts_From_All_Intermediates
                0x00000564       0x34 .\CortexM3\ARM_GCC_541\Debug\main.o
                0x00000564                Disconnect_All_Contacts_From_All_Intermediates
 .text.Disconnect_All_Contacts_From_Intermediate
                0x00000598       0x2c .\CortexM3\ARM_GCC_541\Debug\main.o
                0x00000598                Disconnect_All_Contacts_From_Intermediate
 .text.Connect_Intermediate
                0x000005c4       0x38 .\CortexM3\ARM_GCC_541\Debug\main.o
                0x000005c4                Connect_Intermediate
 .text.Connect_Intermediates
                0x000005fc       0x18 .\CortexM3\ARM_GCC_541\Debug\main.o
                0x000005fc                Connect_Intermediates
 .text.TIA_Set_Resistor
                0x00000614       0x1c .\CortexM3\ARM_GCC_541\Debug\main.o
                0x00000614                TIA_Set_Resistor
 .text.ADC_Increase_Range
                0x00000630       0x18 .\CortexM3\ARM_GCC_541\Debug\main.o
                0x00000630                ADC_Increase_Range
 .text.ADC_Decrease_Range
                0x00000648       0x14 .\CortexM3\ARM_GCC_541\Debug\main.o
                0x00000648                ADC_Decrease_Range
 .text.sortArray
                0x0000065c       0x34 .\CortexM3\ARM_GCC_541\Debug\main.o
                0x0000065c                sortArray
 .text.medianOfArray
                0x00000690       0x34 .\CortexM3\ARM_GCC_541\Debug\main.o
                0x00000690                medianOfArray
 .text.ADC_Measure_uV
                0x000006c4       0xf4 .\CortexM3\ARM_GCC_541\Debug\main.o
                0x000006c4                ADC_Measure_uV
 .text.ADC_Adjust_Range
                0x000007b8       0x54 .\CortexM3\ARM_GCC_541\Debug\main.o
                0x000007b8                ADC_Adjust_Range
 *fill*         0x0000080c        0x4 
 .text.Measure_Current_Vss
                0x00000810      0x190 .\CortexM3\ARM_GCC_541\Debug\main.o
                0x00000810                Measure_Current_Vss
 .text.At_Compliance
                0x000009a0       0x5c .\CortexM3\ARM_GCC_541\Debug\main.o
                0x000009a0                At_Compliance
 .text.Handle_Compliance_Breach
                0x000009fc       0x68 .\CortexM3\ARM_GCC_541\Debug\main.o
                0x000009fc                Handle_Compliance_Breach
 *fill*         0x00000a64        0x4 
 .text.Get_Ref  0x00000a68       0x30 .\CortexM3\ARM_GCC_541\Debug\main.o
                0x00000a68                Get_Ref
 .text.Get_Vgs  0x00000a98       0x48 .\CortexM3\ARM_GCC_541\Debug\main.o
                0x00000a98                Get_Vgs
 .text.Get_Vds  0x00000ae0       0x48 .\CortexM3\ARM_GCC_541\Debug\main.o
                0x00000ae0                Get_Vds
 .text.Set_Vds_Raw
                0x00000b28       0x78 .\CortexM3\ARM_GCC_541\Debug\main.o
                0x00000b28                Set_Vds_Raw
 .text.Set_Vgs_Raw
                0x00000ba0       0x78 .\CortexM3\ARM_GCC_541\Debug\main.o
                0x00000ba0                Set_Vgs_Raw
 .text.Set_Ref_Raw
                0x00000c18       0xc0 .\CortexM3\ARM_GCC_541\Debug\main.o
                0x00000c18                Set_Ref_Raw
 .text.Set_Vds_Rel
                0x00000cd8       0xc8 .\CortexM3\ARM_GCC_541\Debug\main.o
                0x00000cd8                Set_Vds_Rel
 .text.Set_Vgs_Rel
                0x00000da0       0xc8 .\CortexM3\ARM_GCC_541\Debug\main.o
                0x00000da0                Set_Vgs_Rel
 .text.Set_Vgs  0x00000e68       0x38 .\CortexM3\ARM_GCC_541\Debug\main.o
                0x00000e68                Set_Vgs
 .text.Set_Vds  0x00000ea0       0x38 .\CortexM3\ARM_GCC_541\Debug\main.o
                0x00000ea0                Set_Vds
 .text.Set_Vgs_mV
                0x00000ed8       0x14 .\CortexM3\ARM_GCC_541\Debug\main.o
                0x00000ed8                Set_Vgs_mV
 .text.Set_Vds_mV
                0x00000eec       0x14 .\CortexM3\ARM_GCC_541\Debug\main.o
                0x00000eec                Set_Vds_mV
 .text.Zero_All_DACs
                0x00000f00       0x1c .\CortexM3\ARM_GCC_541\Debug\main.o
                0x00000f00                Zero_All_DACs
 .text.Calibrate_ADC_Offset
                0x00000f1c       0xa8 .\CortexM3\ARM_GCC_541\Debug\main.o
                0x00000f1c                Calibrate_ADC_Offset
 .text.Measure  0x00000fc4       0x5c .\CortexM3\ARM_GCC_541\Debug\main.o
                0x00000fc4                Measure
 .text.Measure_Multiple
                0x00001020       0x1c .\CortexM3\ARM_GCC_541\Debug\main.o
                0x00001020                Measure_Multiple
 .text.Measure_Sweep
                0x0000103c       0x2c .\CortexM3\ARM_GCC_541\Debug\main.o
                0x0000103c                Measure_Sweep
 .text.Measure_Gate_Sweep
                0x00001068       0xac .\CortexM3\ARM_GCC_541\Debug\main.o
                0x00001068                Measure_Gate_Sweep
 .text.Measure_Wide_Gate_Sweep
                0x00001114       0x84 .\CortexM3\ARM_GCC_541\Debug\main.o
                0x00001114                Measure_Wide_Gate_Sweep
 .text.Scan     0x00001198       0x7c .\CortexM3\ARM_GCC_541\Debug\main.o
                0x00001198                Scan
 .text.Scan_Range
                0x00001214       0x8c .\CortexM3\ARM_GCC_541\Debug\main.o
                0x00001214                Scan_Range
 .text.main     0x000012a0      0x870 .\CortexM3\ARM_GCC_541\Debug\main.o
                0x000012a0                main
 .text.CyClockStartupError
                0x00001b10        0x4 .\CortexM3\ARM_GCC_541\Debug\cyfitter_cfg.o
 .text.cfg_write_bytes32
                0x00001b14       0x34 .\CortexM3\ARM_GCC_541\Debug\cyfitter_cfg.o
 .text.CYMEMZERO
                0x00001b48        0xc .\CortexM3\ARM_GCC_541\Debug\cyfitter_cfg.o
 .text.AnalogSetDefault
                0x00001b54      0x120 .\CortexM3\ARM_GCC_541\Debug\cyfitter_cfg.o
 .text.CYCONFIGCPY
                0x00001c74        0x8 .\CortexM3\ARM_GCC_541\Debug\cyfitter_cfg.o
 .text.ClockSetup
                0x00001c7c      0x104 .\CortexM3\ARM_GCC_541\Debug\cyfitter_cfg.o
 .text.cyfitter_cfg
                0x00001d80      0x150 .\CortexM3\ARM_GCC_541\Debug\cyfitter_cfg.o
                0x00001d80                cyfitter_cfg
 .text.IntDefaultHandler
                0x00001ed0       0x10 .\CortexM3\ARM_GCC_541\Debug\Cm3Start.o
                0x00001ed0                IntDefaultHandler
 .text._sbrk    0x00001ee0       0x30 .\CortexM3\ARM_GCC_541\Debug\Cm3Start.o
                0x00001ee0                _sbrk
 .text.Start_c  0x00001f10       0x4c .\CortexM3\ARM_GCC_541\Debug\Cm3Start.o
                0x00001f10                Start_c
 .text.initialize_psoc
                0x00001f5c       0x68 .\CortexM3\ARM_GCC_541\Debug\Cm3Start.o
                0x00001f5c                initialize_psoc
 .text.UART_1_Init
                0x00001fc4       0x28 .\CortexM3\ARM_GCC_541\Debug\Design01.a(UART_1.o)
                0x00001fc4                UART_1_Init
 .text.UART_1_Enable
                0x00001fec       0x38 .\CortexM3\ARM_GCC_541\Debug\Design01.a(UART_1.o)
                0x00001fec                UART_1_Enable
 .text.UART_1_Start
                0x00002024       0x1c .\CortexM3\ARM_GCC_541\Debug\Design01.a(UART_1.o)
                0x00002024                UART_1_Start
 .text.UART_1_GetChar
                0x00002040       0x2c .\CortexM3\ARM_GCC_541\Debug\Design01.a(UART_1.o)
                0x00002040                UART_1_GetChar
 .text.UART_1_GetRxBufferSize
                0x0000206c       0x18 .\CortexM3\ARM_GCC_541\Debug\Design01.a(UART_1.o)
                0x0000206c                UART_1_GetRxBufferSize
 .text.UART_1_PutChar
                0x00002084       0x18 .\CortexM3\ARM_GCC_541\Debug\Design01.a(UART_1.o)
                0x00002084                UART_1_PutChar
 .text.UART_1_PutString
                0x0000209c       0x24 .\CortexM3\ARM_GCC_541\Debug\Design01.a(UART_1.o)
                0x0000209c                UART_1_PutString
 .text.UART_1_IntClock_Start
                0x000020c0       0x1c .\CortexM3\ARM_GCC_541\Debug\Design01.a(UART_1_IntClock.o)
                0x000020c0                UART_1_IntClock_Start
 .text.CyHalt   0x000020dc        0x4 .\CortexM3\ARM_GCC_541\Debug\Design01.a(CyLib.o)
                0x000020dc                CyHalt
 .text.CyDelay  0x000020e0       0x2c .\CortexM3\ARM_GCC_541\Debug\Design01.a(CyLib.o)
                0x000020e0                CyDelay
 .text.CyDelayUs
                0x0000210c       0x14 .\CortexM3\ARM_GCC_541\Debug\Design01.a(CyLib.o)
                0x0000210c                CyDelayUs
 .text.CyIntSetVector
                0x00002120       0x28 .\CortexM3\ARM_GCC_541\Debug\Design01.a(CyLib.o)
                0x00002120                CyIntSetVector
 .text.CyIntSetPriority
                0x00002148       0x30 .\CortexM3\ARM_GCC_541\Debug\Design01.a(CyLib.o)
                0x00002148                CyIntSetPriority
 .text.CyGetUniqueId
                0x00002178       0x70 .\CortexM3\ARM_GCC_541\Debug\Design01.a(CyLib.o)
                0x00002178                CyGetUniqueId
 .text.USBUART_Init
                0x000021e8      0x140 .\CortexM3\ARM_GCC_541\Debug\Design01.a(USBUART.o)
                0x000021e8                USBUART_Init
 .text.USBUART_InitComponent
                0x00002328       0xb8 .\CortexM3\ARM_GCC_541\Debug\Design01.a(USBUART.o)
                0x00002328                USBUART_InitComponent
 .text.USBUART_Start
                0x000023e0       0x24 .\CortexM3\ARM_GCC_541\Debug\Design01.a(USBUART.o)
                0x000023e0                USBUART_Start
 .text.USBUART_ReInitComponent
                0x00002404       0x4c .\CortexM3\ARM_GCC_541\Debug\Design01.a(USBUART.o)
                0x00002404                USBUART_ReInitComponent
 .text.USBUART_GetConfiguration
                0x00002450        0xc .\CortexM3\ARM_GCC_541\Debug\Design01.a(USBUART.o)
                0x00002450                USBUART_GetConfiguration
 .text.USBUART_IsConfigurationChanged
                0x0000245c       0x20 .\CortexM3\ARM_GCC_541\Debug\Design01.a(USBUART.o)
                0x0000245c                USBUART_IsConfigurationChanged
 .text.USBUART_GetEPState
                0x0000247c       0x14 .\CortexM3\ARM_GCC_541\Debug\Design01.a(USBUART.o)
                0x0000247c                USBUART_GetEPState
 .text.USBUART_GetEPCount
                0x00002490       0x28 .\CortexM3\ARM_GCC_541\Debug\Design01.a(USBUART.o)
                0x00002490                USBUART_GetEPCount
 .text.USBUART_LoadInEP
                0x000024b8       0x94 .\CortexM3\ARM_GCC_541\Debug\Design01.a(USBUART.o)
                0x000024b8                USBUART_LoadInEP
 .text.USBUART_EnableOutEP
                0x0000254c       0x2c .\CortexM3\ARM_GCC_541\Debug\Design01.a(USBUART.o)
                0x0000254c                USBUART_EnableOutEP
 .text.USBUART_ReadOutEP
                0x00002578       0x50 .\CortexM3\ARM_GCC_541\Debug\Design01.a(USBUART.o)
                0x00002578                USBUART_ReadOutEP
 .text.USBUART_GetInterfaceComPort
                0x000025c8       0x38 .\CortexM3\ARM_GCC_541\Debug\Design01.a(USBUART_cdc.o)
                0x000025c8                USBUART_GetInterfaceComPort
 .text.USBUART_DispatchCDCClassRqst
                0x00002600       0x98 .\CortexM3\ARM_GCC_541\Debug\Design01.a(USBUART_cdc.o)
                0x00002600                USBUART_DispatchCDCClassRqst
 .text.USBUART_CDC_Init
                0x00002698       0x98 .\CortexM3\ARM_GCC_541\Debug\Design01.a(USBUART_cdc.o)
                0x00002698                USBUART_CDC_Init
 .text.USBUART_PutData
                0x00002730       0x50 .\CortexM3\ARM_GCC_541\Debug\Design01.a(USBUART_cdc.o)
                0x00002730                USBUART_PutData
 .text.USBUART_DataIsReady
                0x00002780       0x18 .\CortexM3\ARM_GCC_541\Debug\Design01.a(USBUART_cdc.o)
                0x00002780                USBUART_DataIsReady
 .text.USBUART_CDCIsReady
                0x00002798       0x18 .\CortexM3\ARM_GCC_541\Debug\Design01.a(USBUART_cdc.o)
                0x00002798                USBUART_CDCIsReady
 .text.USBUART_GetAll
                0x000027b0       0x30 .\CortexM3\ARM_GCC_541\Debug\Design01.a(USBUART_cdc.o)
                0x000027b0                USBUART_GetAll
 .text.USBUART_Cdc_EpInit
                0x000027e0       0x50 .\CortexM3\ARM_GCC_541\Debug\Design01.a(USBUART_cdc.o)
                0x000027e0                USBUART_Cdc_EpInit
 .text.USBUART_LoadEP0
                0x00002830       0x98 .\CortexM3\ARM_GCC_541\Debug\Design01.a(USBUART_drv.o)
                0x00002830                USBUART_LoadEP0
 .text.USBUART_InitZeroLengthControlTransfer
                0x000028c8       0x34 .\CortexM3\ARM_GCC_541\Debug\Design01.a(USBUART_drv.o)
                0x000028c8                USBUART_InitZeroLengthControlTransfer
 .text.USBUART_ControlReadDataStage
                0x000028fc        0x8 .\CortexM3\ARM_GCC_541\Debug\Design01.a(USBUART_drv.o)
                0x000028fc                USBUART_ControlReadDataStage
 .text.USBUART_ControlWriteDataStage
                0x00002904       0x84 .\CortexM3\ARM_GCC_541\Debug\Design01.a(USBUART_drv.o)
                0x00002904                USBUART_ControlWriteDataStage
 .text.USBUART_InitNoDataControlTransfer
                0x00002988       0x2c .\CortexM3\ARM_GCC_541\Debug\Design01.a(USBUART_drv.o)
                0x00002988                USBUART_InitNoDataControlTransfer
 .text.USBUART_UpdateStatusBlock
                0x000029b4       0x24 .\CortexM3\ARM_GCC_541\Debug\Design01.a(USBUART_drv.o)
                0x000029b4                USBUART_UpdateStatusBlock
 .text.USBUART_HandleSetup
                0x000029d8       0x5c .\CortexM3\ARM_GCC_541\Debug\Design01.a(USBUART_drv.o)
                0x000029d8                USBUART_HandleSetup
 .text.USBUART_ControlReadStatusStage
                0x00002a34       0x38 .\CortexM3\ARM_GCC_541\Debug\Design01.a(USBUART_drv.o)
                0x00002a34                USBUART_ControlReadStatusStage
 .text.USBUART_HandleOUT
                0x00002a6c       0x38 .\CortexM3\ARM_GCC_541\Debug\Design01.a(USBUART_drv.o)
                0x00002a6c                USBUART_HandleOUT
 .text.USBUART_ControlWriteStatusStage
                0x00002aa4       0x20 .\CortexM3\ARM_GCC_541\Debug\Design01.a(USBUART_drv.o)
                0x00002aa4                USBUART_ControlWriteStatusStage
 .text.USBUART_NoDataControlStatusStage
                0x00002ac4       0x40 .\CortexM3\ARM_GCC_541\Debug\Design01.a(USBUART_drv.o)
                0x00002ac4                USBUART_NoDataControlStatusStage
 .text.USBUART_HandleIN
                0x00002b04       0x2c .\CortexM3\ARM_GCC_541\Debug\Design01.a(USBUART_drv.o)
                0x00002b04                USBUART_HandleIN
 .text.USBUART_EP_0_ISR
                0x00002b30       0xb8 .\CortexM3\ARM_GCC_541\Debug\Design01.a(USBUART_drv.o)
                0x00002b30                USBUART_EP_0_ISR
 .text.USBUART_InitializeStatusBlock
                0x00002be8       0x24 .\CortexM3\ARM_GCC_541\Debug\Design01.a(USBUART_drv.o)
                0x00002be8                USBUART_InitializeStatusBlock
 .text.USBUART_InitControlRead
                0x00002c0c       0x50 .\CortexM3\ARM_GCC_541\Debug\Design01.a(USBUART_drv.o)
                0x00002c0c                USBUART_InitControlRead
 .text.USBUART_InitControlWrite
                0x00002c5c       0x48 .\CortexM3\ARM_GCC_541\Debug\Design01.a(USBUART_drv.o)
                0x00002c5c                USBUART_InitControlWrite
 .text.USBUART_EP_1_ISR
                0x00002ca4       0x30 .\CortexM3\ARM_GCC_541\Debug\Design01.a(USBUART_episr.o)
                0x00002ca4                USBUART_EP_1_ISR
 .text.USBUART_EP_2_ISR
                0x00002cd4       0x34 .\CortexM3\ARM_GCC_541\Debug\Design01.a(USBUART_episr.o)
                0x00002cd4                USBUART_EP_2_ISR
 .text.USBUART_EP_3_ISR
                0x00002d08       0x3c .\CortexM3\ARM_GCC_541\Debug\Design01.a(USBUART_episr.o)
                0x00002d08                USBUART_EP_3_ISR
 .text.USBUART_SOF_ISR
                0x00002d44        0x4 .\CortexM3\ARM_GCC_541\Debug\Design01.a(USBUART_episr.o)
                0x00002d44                USBUART_SOF_ISR
 .text.USBUART_BUS_RESET_ISR
                0x00002d48        0x8 .\CortexM3\ARM_GCC_541\Debug\Design01.a(USBUART_episr.o)
                0x00002d48                USBUART_BUS_RESET_ISR
 .text.USBUART_DP_ISR
                0x00002d50        0x8 .\CortexM3\ARM_GCC_541\Debug\Design01.a(USBUART_pm.o)
                0x00002d50                USBUART_DP_ISR
 .text.USBUART_ReadDieID
                0x00002d58       0x6c .\CortexM3\ARM_GCC_541\Debug\Design01.a(USBUART_std.o)
                0x00002d58                USBUART_ReadDieID
 .text.USBUART_ConfigReg
                0x00002dc4       0xa4 .\CortexM3\ARM_GCC_541\Debug\Design01.a(USBUART_std.o)
                0x00002dc4                USBUART_ConfigReg
 .text.USBUART_GetConfigTablePtr
                0x00002e68       0x28 .\CortexM3\ARM_GCC_541\Debug\Design01.a(USBUART_std.o)
                0x00002e68                USBUART_GetConfigTablePtr
 .text.USBUART_ConfigAltChanged
                0x00002e90      0x11c .\CortexM3\ARM_GCC_541\Debug\Design01.a(USBUART_std.o)
                0x00002e90                USBUART_ConfigAltChanged
 .text.USBUART_GetDeviceTablePtr
                0x00002fac       0x18 .\CortexM3\ARM_GCC_541\Debug\Design01.a(USBUART_std.o)
                0x00002fac                USBUART_GetDeviceTablePtr
 .text.USBUART_GetInterfaceClassTablePtr
                0x00002fc4       0x28 .\CortexM3\ARM_GCC_541\Debug\Design01.a(USBUART_std.o)
                0x00002fc4                USBUART_GetInterfaceClassTablePtr
 .text.USBUART_Config
                0x00002fec      0x1ec .\CortexM3\ARM_GCC_541\Debug\Design01.a(USBUART_std.o)
                0x00002fec                USBUART_Config
 .text.USBUART_SetEndpointHalt
                0x000031d8       0x64 .\CortexM3\ARM_GCC_541\Debug\Design01.a(USBUART_std.o)
                0x000031d8                USBUART_SetEndpointHalt
 .text.USBUART_ClearEndpointHalt
                0x0000323c       0xac .\CortexM3\ARM_GCC_541\Debug\Design01.a(USBUART_std.o)
                0x0000323c                USBUART_ClearEndpointHalt
 .text.USBUART_ValidateAlternateSetting
                0x000032e8       0x4c .\CortexM3\ARM_GCC_541\Debug\Design01.a(USBUART_std.o)
                0x000032e8                USBUART_ValidateAlternateSetting
 .text.USBUART_HandleStandardRqst
                0x00003334      0x354 .\CortexM3\ARM_GCC_541\Debug\Design01.a(USBUART_std.o)
                0x00003334                USBUART_HandleStandardRqst
 .text.USBUART_HandleVendorRqst
                0x00003688       0x18 .\CortexM3\ARM_GCC_541\Debug\Design01.a(USBUART_vnd.o)
                0x00003688                USBUART_HandleVendorRqst
 .text.USBUART_Dp_ClearInterrupt
                0x000036a0       0x10 .\CortexM3\ARM_GCC_541\Debug\Design01.a(USBUART_Dp.o)
                0x000036a0                USBUART_Dp_ClearInterrupt
 .text.ADC_DelSig_1_GainCompensation
                0x000036b0       0xe0 .\CortexM3\ARM_GCC_541\Debug\Design01.a(ADC_DelSig_1.o)
 .text.ADC_DelSig_1_SetDSMRef0Reg
                0x00003790       0x4c .\CortexM3\ARM_GCC_541\Debug\Design01.a(ADC_DelSig_1.o)
 .text.ADC_DelSig_1_InitConfig
                0x000037dc      0x314 .\CortexM3\ARM_GCC_541\Debug\Design01.a(ADC_DelSig_1.o)
 .text.ADC_DelSig_1_Init
                0x00003af0      0x108 .\CortexM3\ARM_GCC_541\Debug\Design01.a(ADC_DelSig_1.o)
                0x00003af0                ADC_DelSig_1_Init
 .text.ADC_DelSig_1_Enable
                0x00003bf8       0xd8 .\CortexM3\ARM_GCC_541\Debug\Design01.a(ADC_DelSig_1.o)
                0x00003bf8                ADC_DelSig_1_Enable
 .text.ADC_DelSig_1_Start
                0x00003cd0       0x28 .\CortexM3\ARM_GCC_541\Debug\Design01.a(ADC_DelSig_1.o)
                0x00003cd0                ADC_DelSig_1_Start
 .text.ADC_DelSig_1_StartConvert
                0x00003cf8       0x10 .\CortexM3\ARM_GCC_541\Debug\Design01.a(ADC_DelSig_1.o)
                0x00003cf8                ADC_DelSig_1_StartConvert
 .text.ADC_DelSig_1_IsEndConversion
                0x00003d08       0x30 .\CortexM3\ARM_GCC_541\Debug\Design01.a(ADC_DelSig_1.o)
                0x00003d08                ADC_DelSig_1_IsEndConversion
 .text.ADC_DelSig_1_GetResult32
                0x00003d38       0x6c .\CortexM3\ARM_GCC_541\Debug\Design01.a(ADC_DelSig_1.o)
                0x00003d38                ADC_DelSig_1_GetResult32
 .text.ADC_DelSig_1_CountsTo_uVolts
                0x00003da4       0x4c .\CortexM3\ARM_GCC_541\Debug\Design01.a(ADC_DelSig_1.o)
                0x00003da4                ADC_DelSig_1_CountsTo_uVolts
 .text.ADC_DelSig_1_ISR1
                0x00003df0        0x4 .\CortexM3\ARM_GCC_541\Debug\Design01.a(ADC_DelSig_1_INT.o)
                0x00003df0                ADC_DelSig_1_ISR1
 .text.ADC_DelSig_1_ISR2
                0x00003df4        0x4 .\CortexM3\ARM_GCC_541\Debug\Design01.a(ADC_DelSig_1_INT.o)
                0x00003df4                ADC_DelSig_1_ISR2
 .text.ADC_DelSig_1_ISR3
                0x00003df8        0x4 .\CortexM3\ARM_GCC_541\Debug\Design01.a(ADC_DelSig_1_INT.o)
                0x00003df8                ADC_DelSig_1_ISR3
 .text.ADC_DelSig_1_ISR4
                0x00003dfc        0x4 .\CortexM3\ARM_GCC_541\Debug\Design01.a(ADC_DelSig_1_INT.o)
                0x00003dfc                ADC_DelSig_1_ISR4
 .text.TIA_1_Enable
                0x00003e00       0x28 .\CortexM3\ARM_GCC_541\Debug\Design01.a(TIA_1.o)
                0x00003e00                TIA_1_Enable
 .text.TIA_1_SetPower
                0x00003e28       0x18 .\CortexM3\ARM_GCC_541\Debug\Design01.a(TIA_1.o)
                0x00003e28                TIA_1_SetPower
 .text.TIA_1_SetResFB
                0x00003e40       0x20 .\CortexM3\ARM_GCC_541\Debug\Design01.a(TIA_1.o)
                0x00003e40                TIA_1_SetResFB
 .text.TIA_1_SetCapFB
                0x00003e60       0x20 .\CortexM3\ARM_GCC_541\Debug\Design01.a(TIA_1.o)
                0x00003e60                TIA_1_SetCapFB
 .text.TIA_1_Init
                0x00003e80       0x2c .\CortexM3\ARM_GCC_541\Debug\Design01.a(TIA_1.o)
                0x00003e80                TIA_1_Init
 .text.TIA_1_Start
                0x00003eac       0x1c .\CortexM3\ARM_GCC_541\Debug\Design01.a(TIA_1.o)
                0x00003eac                TIA_1_Start
 .text.VDAC_Vgs_Enable
                0x00003ec8       0x1c .\CortexM3\ARM_GCC_541\Debug\Design01.a(VDAC_Vgs.o)
                0x00003ec8                VDAC_Vgs_Enable
 .text.VDAC_Vgs_SetSpeed
                0x00003ee4       0x1c .\CortexM3\ARM_GCC_541\Debug\Design01.a(VDAC_Vgs.o)
                0x00003ee4                VDAC_Vgs_SetSpeed
 .text.VDAC_Vgs_SetValue
                0x00003f00        0xc .\CortexM3\ARM_GCC_541\Debug\Design01.a(VDAC_Vgs.o)
                0x00003f00                VDAC_Vgs_SetValue
 .text.VDAC_Vgs_DacTrim
                0x00003f0c       0x24 .\CortexM3\ARM_GCC_541\Debug\Design01.a(VDAC_Vgs.o)
                0x00003f0c                VDAC_Vgs_DacTrim
 .text.VDAC_Vgs_SetRange
                0x00003f30       0x20 .\CortexM3\ARM_GCC_541\Debug\Design01.a(VDAC_Vgs.o)
                0x00003f30                VDAC_Vgs_SetRange
 .text.VDAC_Vgs_Init
                0x00003f50       0x20 .\CortexM3\ARM_GCC_541\Debug\Design01.a(VDAC_Vgs.o)
                0x00003f50                VDAC_Vgs_Init
 .text.VDAC_Vgs_Start
                0x00003f70       0x24 .\CortexM3\ARM_GCC_541\Debug\Design01.a(VDAC_Vgs.o)
                0x00003f70                VDAC_Vgs_Start
 .text.VDAC_Vds_Enable
                0x00003f94       0x1c .\CortexM3\ARM_GCC_541\Debug\Design01.a(VDAC_Vds.o)
                0x00003f94                VDAC_Vds_Enable
 .text.VDAC_Vds_SetSpeed
                0x00003fb0       0x1c .\CortexM3\ARM_GCC_541\Debug\Design01.a(VDAC_Vds.o)
                0x00003fb0                VDAC_Vds_SetSpeed
 .text.VDAC_Vds_SetValue
                0x00003fcc        0xc .\CortexM3\ARM_GCC_541\Debug\Design01.a(VDAC_Vds.o)
                0x00003fcc                VDAC_Vds_SetValue
 .text.VDAC_Vds_DacTrim
                0x00003fd8       0x24 .\CortexM3\ARM_GCC_541\Debug\Design01.a(VDAC_Vds.o)
                0x00003fd8                VDAC_Vds_DacTrim
 .text.VDAC_Vds_SetRange
                0x00003ffc       0x20 .\CortexM3\ARM_GCC_541\Debug\Design01.a(VDAC_Vds.o)
                0x00003ffc                VDAC_Vds_SetRange
 .text.VDAC_Vds_Init
                0x0000401c       0x20 .\CortexM3\ARM_GCC_541\Debug\Design01.a(VDAC_Vds.o)
                0x0000401c                VDAC_Vds_Init
 .text.VDAC_Vds_Start
                0x0000403c       0x24 .\CortexM3\ARM_GCC_541\Debug\Design01.a(VDAC_Vds.o)
                0x0000403c                VDAC_Vds_Start
 .text.ADC_DelSig_1_Ext_CP_Clk_GetDividerRegister
                0x00004060        0xc .\CortexM3\ARM_GCC_541\Debug\Design01.a(ADC_DelSig_1_Ext_CP_Clk.o)
                0x00004060                ADC_DelSig_1_Ext_CP_Clk_GetDividerRegister
 .text.ADC_DelSig_1_Ext_CP_Clk_SetModeRegister
                0x0000406c       0x14 .\CortexM3\ARM_GCC_541\Debug\Design01.a(ADC_DelSig_1_Ext_CP_Clk.o)
                0x0000406c                ADC_DelSig_1_Ext_CP_Clk_SetModeRegister
 .text.ADC_DelSig_1_Ext_CP_Clk_GetSourceRegister
                0x00004080       0x10 .\CortexM3\ARM_GCC_541\Debug\Design01.a(ADC_DelSig_1_Ext_CP_Clk.o)
                0x00004080                ADC_DelSig_1_Ext_CP_Clk_GetSourceRegister
 .text.ADC_DelSig_1_Ext_CP_Clk_SetDividerRegister
                0x00004090       0xd8 .\CortexM3\ARM_GCC_541\Debug\Design01.a(ADC_DelSig_1_Ext_CP_Clk.o)
                0x00004090                ADC_DelSig_1_Ext_CP_Clk_SetDividerRegister
 .text.ADC_DelSig_1_theACLK_GetDividerRegister
                0x00004168        0xc .\CortexM3\ARM_GCC_541\Debug\Design01.a(ADC_DelSig_1_theACLK.o)
                0x00004168                ADC_DelSig_1_theACLK_GetDividerRegister
 .text.ADC_DelSig_1_theACLK_SetModeRegister
                0x00004174       0x14 .\CortexM3\ARM_GCC_541\Debug\Design01.a(ADC_DelSig_1_theACLK.o)
                0x00004174                ADC_DelSig_1_theACLK_SetModeRegister
 .text.ADC_DelSig_1_theACLK_GetSourceRegister
                0x00004188       0x10 .\CortexM3\ARM_GCC_541\Debug\Design01.a(ADC_DelSig_1_theACLK.o)
                0x00004188                ADC_DelSig_1_theACLK_GetSourceRegister
 .text.ADC_DelSig_1_theACLK_SetDividerRegister
                0x00004198       0xdc .\CortexM3\ARM_GCC_541\Debug\Design01.a(ADC_DelSig_1_theACLK.o)
                0x00004198                ADC_DelSig_1_theACLK_SetDividerRegister
 .text.VDAC_Ref_Enable
                0x00004274       0x1c .\CortexM3\ARM_GCC_541\Debug\Design01.a(VDAC_Ref.o)
                0x00004274                VDAC_Ref_Enable
 .text.VDAC_Ref_SetSpeed
                0x00004290       0x1c .\CortexM3\ARM_GCC_541\Debug\Design01.a(VDAC_Ref.o)
                0x00004290                VDAC_Ref_SetSpeed
 .text.VDAC_Ref_SetValue
                0x000042ac        0xc .\CortexM3\ARM_GCC_541\Debug\Design01.a(VDAC_Ref.o)
                0x000042ac                VDAC_Ref_SetValue
 .text.VDAC_Ref_DacTrim
                0x000042b8       0x24 .\CortexM3\ARM_GCC_541\Debug\Design01.a(VDAC_Ref.o)
                0x000042b8                VDAC_Ref_DacTrim
 .text.VDAC_Ref_SetRange
                0x000042dc       0x20 .\CortexM3\ARM_GCC_541\Debug\Design01.a(VDAC_Ref.o)
                0x000042dc                VDAC_Ref_SetRange
 .text.VDAC_Ref_Init
                0x000042fc       0x20 .\CortexM3\ARM_GCC_541\Debug\Design01.a(VDAC_Ref.o)
                0x000042fc                VDAC_Ref_Init
 .text.VDAC_Ref_Start
                0x0000431c       0x24 .\CortexM3\ARM_GCC_541\Debug\Design01.a(VDAC_Ref.o)
                0x0000431c                VDAC_Ref_Start
 .text.I2C_1_Init
                0x00004340       0x7c .\CortexM3\ARM_GCC_541\Debug\Design01.a(I2C_1.o)
                0x00004340                I2C_1_Init
 .text.I2C_1_Enable
                0x000043bc       0x10 .\CortexM3\ARM_GCC_541\Debug\Design01.a(I2C_1.o)
                0x000043bc                I2C_1_Enable
 .text.I2C_1_Start
                0x000043cc       0x28 .\CortexM3\ARM_GCC_541\Debug\Design01.a(I2C_1.o)
                0x000043cc                I2C_1_Start
 .text.I2C_1_Stop
                0x000043f4       0x40 .\CortexM3\ARM_GCC_541\Debug\Design01.a(I2C_1.o)
                0x000043f4                I2C_1_Stop
 .text.I2C_1_ISR
                0x00004434      0x328 .\CortexM3\ARM_GCC_541\Debug\Design01.a(I2C_1_INT.o)
                0x00004434                I2C_1_ISR
 .text.I2C_1_MasterWriteBuf
                0x0000475c       0xdc .\CortexM3\ARM_GCC_541\Debug\Design01.a(I2C_1_MASTER.o)
                0x0000475c                I2C_1_MasterWriteBuf
 .text.I2C_1_MasterStatus
                0x00004838       0x30 .\CortexM3\ARM_GCC_541\Debug\Design01.a(I2C_1_MASTER.o)
                0x00004838                I2C_1_MasterStatus
 .text.I2C_1_MasterClearStatus
                0x00004868       0x20 .\CortexM3\ARM_GCC_541\Debug\Design01.a(I2C_1_MASTER.o)
                0x00004868                I2C_1_MasterClearStatus
 .text.CommunicationTimer_Enable
                0x00004888       0x28 .\CortexM3\ARM_GCC_541\Debug\Design01.a(CommunicationTimer.o)
                0x00004888                CommunicationTimer_Enable
 .text.CommunicationTimer_SetInterruptMode
                0x000048b0        0xc .\CortexM3\ARM_GCC_541\Debug\Design01.a(CommunicationTimer.o)
                0x000048b0                CommunicationTimer_SetInterruptMode
 .text.CommunicationTimer_ReadStatusRegister
                0x000048bc        0xc .\CortexM3\ARM_GCC_541\Debug\Design01.a(CommunicationTimer.o)
                0x000048bc                CommunicationTimer_ReadStatusRegister
 .text.CommunicationTimer_WritePeriod
                0x000048c8        0xc .\CortexM3\ARM_GCC_541\Debug\Design01.a(CommunicationTimer.o)
                0x000048c8                CommunicationTimer_WritePeriod
 .text.CommunicationTimer_WriteCounter
                0x000048d4        0xc .\CortexM3\ARM_GCC_541\Debug\Design01.a(CommunicationTimer.o)
                0x000048d4                CommunicationTimer_WriteCounter
 .text.CommunicationTimer_Init
                0x000048e0       0x64 .\CortexM3\ARM_GCC_541\Debug\Design01.a(CommunicationTimer.o)
                0x000048e0                CommunicationTimer_Init
 .text.CommunicationTimer_Start
                0x00004944       0x1c .\CortexM3\ARM_GCC_541\Debug\Design01.a(CommunicationTimer.o)
                0x00004944                CommunicationTimer_Start
 .text.CommunicationInterrupt_SetVector
                0x00004960       0x10 .\CortexM3\ARM_GCC_541\Debug\Design01.a(CommunicationInterrupt.o)
                0x00004960                CommunicationInterrupt_SetVector
 .text.CommunicationInterrupt_SetPriority
                0x00004970       0x10 .\CortexM3\ARM_GCC_541\Debug\Design01.a(CommunicationInterrupt.o)
                0x00004970                CommunicationInterrupt_SetPriority
 .text.CommunicationInterrupt_Enable
                0x00004980       0x10 .\CortexM3\ARM_GCC_541\Debug\Design01.a(CommunicationInterrupt.o)
                0x00004980                CommunicationInterrupt_Enable
 .text.CommunicationInterrupt_Disable
                0x00004990       0x10 .\CortexM3\ARM_GCC_541\Debug\Design01.a(CommunicationInterrupt.o)
                0x00004990                CommunicationInterrupt_Disable
 .text.CommunicationInterrupt_StartEx
                0x000049a0       0x1c .\CortexM3\ARM_GCC_541\Debug\Design01.a(CommunicationInterrupt.o)
                0x000049a0                CommunicationInterrupt_StartEx
 .text.CommunicationInterrupt_ClearPending
                0x000049bc       0x10 .\CortexM3\ARM_GCC_541\Debug\Design01.a(CommunicationInterrupt.o)
                0x000049bc                CommunicationInterrupt_ClearPending
 .text.ADC_SAR_1_CalcGain
                0x000049cc       0x68 .\CortexM3\ARM_GCC_541\Debug\Design01.a(ADC_SAR_1.o)
 .text.ADC_SAR_1_Enable
                0x00004a34       0x94 .\CortexM3\ARM_GCC_541\Debug\Design01.a(ADC_SAR_1.o)
                0x00004a34                ADC_SAR_1_Enable
 .text.ADC_SAR_1_SetResolution
                0x00004ac8       0x38 .\CortexM3\ARM_GCC_541\Debug\Design01.a(ADC_SAR_1.o)
                0x00004ac8                ADC_SAR_1_SetResolution
 .text.ADC_SAR_1_Init
                0x00004b00       0x3c .\CortexM3\ARM_GCC_541\Debug\Design01.a(ADC_SAR_1.o)
                0x00004b00                ADC_SAR_1_Init
 .text.ADC_SAR_1_Start
                0x00004b3c       0x1c .\CortexM3\ARM_GCC_541\Debug\Design01.a(ADC_SAR_1.o)
                0x00004b3c                ADC_SAR_1_Start
 .text.ADC_SAR_1_ISR
                0x00004b58        0x4 .\CortexM3\ARM_GCC_541\Debug\Design01.a(ADC_SAR_1_INT.o)
                0x00004b58                ADC_SAR_1_ISR
 .text.ADC_SAR_2_CalcGain
                0x00004b5c       0x68 .\CortexM3\ARM_GCC_541\Debug\Design01.a(ADC_SAR_2.o)
 .text.ADC_SAR_2_Enable
                0x00004bc4       0x94 .\CortexM3\ARM_GCC_541\Debug\Design01.a(ADC_SAR_2.o)
                0x00004bc4                ADC_SAR_2_Enable
 .text.ADC_SAR_2_SetResolution
                0x00004c58       0x38 .\CortexM3\ARM_GCC_541\Debug\Design01.a(ADC_SAR_2.o)
                0x00004c58                ADC_SAR_2_SetResolution
 .text.ADC_SAR_2_Init
                0x00004c90       0x3c .\CortexM3\ARM_GCC_541\Debug\Design01.a(ADC_SAR_2.o)
                0x00004c90                ADC_SAR_2_Init
 .text.ADC_SAR_2_Start
                0x00004ccc       0x1c .\CortexM3\ARM_GCC_541\Debug\Design01.a(ADC_SAR_2.o)
                0x00004ccc                ADC_SAR_2_Start
 .text.ADC_SAR_2_ISR
                0x00004ce8        0x4 .\CortexM3\ARM_GCC_541\Debug\Design01.a(ADC_SAR_2_INT.o)
                0x00004ce8                ADC_SAR_2_ISR
 .text.ADC_SAR_1_theACLK_SetModeRegister
                0x00004cec       0x14 .\CortexM3\ARM_GCC_541\Debug\Design01.a(ADC_SAR_1_theACLK.o)
                0x00004cec                ADC_SAR_1_theACLK_SetModeRegister
 .text.ADC_SAR_2_theACLK_SetModeRegister
                0x00004d00       0x14 .\CortexM3\ARM_GCC_541\Debug\Design01.a(ADC_SAR_2_theACLK.o)
                0x00004d00                ADC_SAR_2_theACLK_SetModeRegister
 .text.Opamp_1_Enable
                0x00004d14       0x28 .\CortexM3\ARM_GCC_541\Debug\Design01.a(Opamp_1.o)
                0x00004d14                Opamp_1_Enable
 .text.Opamp_1_SetPower
                0x00004d3c       0x1c .\CortexM3\ARM_GCC_541\Debug\Design01.a(Opamp_1.o)
                0x00004d3c                Opamp_1_SetPower
 .text.Opamp_1_Init
                0x00004d58        0xc .\CortexM3\ARM_GCC_541\Debug\Design01.a(Opamp_1.o)
                0x00004d58                Opamp_1_Init
 .text.Opamp_1_Start
                0x00004d64       0x1c .\CortexM3\ARM_GCC_541\Debug\Design01.a(Opamp_1.o)
                0x00004d64                Opamp_1_Start
 .text          0x00004d80       0x20 .\CortexM3\ARM_GCC_541\Debug\Design01.a(CyBootAsmGnu.o)
                0x00004d80                CyDelayCycles
                0x00004d90                CyEnterCriticalSection
                0x00004d98                CyExitCriticalSection
 .text.USBUART_DispatchClassRqst
                0x00004da0       0x60 .\CortexM3\ARM_GCC_541\Debug\Design01.a(USBUART_cls.o)
                0x00004da0                USBUART_DispatchClassRqst
 .text          0x00004e00      0x370 c:/program files (x86)/cypress/psoc creator/4.1/psoc creator/import/gnu/arm/5.4.1/bin/../lib/gcc/arm-none-eabi/5.4.1/armv7-m\libgcc.a(_arm_addsubdf3.o)
                0x00004e00                __aeabi_drsub
                0x00004e08                __aeabi_dsub
                0x00004e08                __subdf3
                0x00004e0c                __aeabi_dadd
                0x00004e0c                __adddf3
                0x00005084                __floatunsidf
                0x00005084                __aeabi_ui2d
                0x000050a4                __floatsidf
                0x000050a4                __aeabi_i2d
                0x000050c8                __aeabi_f2d
                0x000050c8                __extendsfdf2
                0x00005104                __floatundidf
                0x00005104                __aeabi_ul2d
                0x00005114                __floatdidf
                0x00005114                __aeabi_l2d
 .text          0x00005170      0x424 c:/program files (x86)/cypress/psoc creator/4.1/psoc creator/import/gnu/arm/5.4.1/bin/../lib/gcc/arm-none-eabi/5.4.1/armv7-m\libgcc.a(_arm_muldivdf3.o)
                0x00005170                __aeabi_dmul
                0x00005170                __muldf3
                0x000053c4                __divdf3
                0x000053c4                __aeabi_ddiv
 .text          0x00005594      0x110 c:/program files (x86)/cypress/psoc creator/4.1/psoc creator/import/gnu/arm/5.4.1/bin/../lib/gcc/arm-none-eabi/5.4.1/armv7-m\libgcc.a(_arm_cmpdf2.o)
                0x00005594                __gtdf2
                0x00005594                __gedf2
                0x0000559c                __ltdf2
                0x0000559c                __ledf2
                0x000055a4                __nedf2
                0x000055a4                __eqdf2
                0x000055a4                __cmpdf2
                0x00005620                __aeabi_cdrcmple
                0x00005630                __aeabi_cdcmpeq
                0x00005630                __aeabi_cdcmple
                0x00005640                __aeabi_dcmpeq
                0x00005654                __aeabi_dcmplt
                0x00005668                __aeabi_dcmple
                0x0000567c                __aeabi_dcmpge
                0x00005690                __aeabi_dcmpgt
 .text          0x000056a4       0x50 c:/program files (x86)/cypress/psoc creator/4.1/psoc creator/import/gnu/arm/5.4.1/bin/../lib/gcc/arm-none-eabi/5.4.1/armv7-m\libgcc.a(_arm_fixdfsi.o)
                0x000056a4                __aeabi_d2iz
                0x000056a4                __fixdfsi
 .text          0x000056f4       0xa0 c:/program files (x86)/cypress/psoc creator/4.1/psoc creator/import/gnu/arm/5.4.1/bin/../lib/gcc/arm-none-eabi/5.4.1/armv7-m\libgcc.a(_arm_truncdfsf2.o)
                0x000056f4                __truncdfsf2
                0x000056f4                __aeabi_d2f
 .text          0x00005794      0x21c c:/program files (x86)/cypress/psoc creator/4.1/psoc creator/import/gnu/arm/5.4.1/bin/../lib/gcc/arm-none-eabi/5.4.1/armv7-m\libgcc.a(_arm_addsubsf3.o)
                0x00005794                __aeabi_frsub
                0x0000579c                __subsf3
                0x0000579c                __aeabi_fsub
                0x000057a0                __aeabi_fadd
                0x000057a0                __addsf3
                0x00005900                __aeabi_ui2f
                0x00005900                __floatunsisf
                0x00005908                __aeabi_i2f
                0x00005908                __floatsisf
                0x00005924                __aeabi_ul2f
                0x00005924                __floatundisf
                0x00005934                __aeabi_l2f
                0x00005934                __floatdisf
 .text          0x000059b0      0x2a0 c:/program files (x86)/cypress/psoc creator/4.1/psoc creator/import/gnu/arm/5.4.1/bin/../lib/gcc/arm-none-eabi/5.4.1/armv7-m\libgcc.a(_arm_muldivsf3.o)
                0x000059b0                __mulsf3
                0x000059b0                __aeabi_fmul
                0x00005b18                __aeabi_fdiv
                0x00005b18                __divsf3
 .text          0x00005c50       0x4c c:/program files (x86)/cypress/psoc creator/4.1/psoc creator/import/gnu/arm/5.4.1/bin/../lib/gcc/arm-none-eabi/5.4.1/armv7-m\libgcc.a(_arm_fixsfsi.o)
                0x00005c50                __aeabi_f2iz
                0x00005c50                __fixsfsi
 .text.__errno  0x00005c9c        0xc c:/program files (x86)/cypress/psoc creator/4.1/psoc creator/import/gnu/arm/5.4.1/bin/../lib/gcc/arm-none-eabi/5.4.1/../../../../arm-none-eabi/lib/armv7-m\libg_nano.a(lib_a-errno.o)
                0x00005c9c                __errno
 .text.__libc_init_array
                0x00005ca8       0x4c c:/program files (x86)/cypress/psoc creator/4.1/psoc creator/import/gnu/arm/5.4.1/bin/../lib/gcc/arm-none-eabi/5.4.1/../../../../arm-none-eabi/lib/armv7-m\libg_nano.a(lib_a-init.o)
                0x00005ca8                __libc_init_array
 .text.memcpy   0x00005cf4       0x16 c:/program files (x86)/cypress/psoc creator/4.1/psoc creator/import/gnu/arm/5.4.1/bin/../lib/gcc/arm-none-eabi/5.4.1/../../../../arm-none-eabi/lib/armv7-m\libg_nano.a(lib_a-memcpy-stub.o)
                0x00005cf4                memcpy
 .text.memset   0x00005d0a       0x10 c:/program files (x86)/cypress/psoc creator/4.1/psoc creator/import/gnu/arm/5.4.1/bin/../lib/gcc/arm-none-eabi/5.4.1/../../../../arm-none-eabi/lib/armv7-m\libg_nano.a(lib_a-memset.o)
                0x00005d0a                memset
 .text.__cvt    0x00005d1a       0xc0 c:/program files (x86)/cypress/psoc creator/4.1/psoc creator/import/gnu/arm/5.4.1/bin/../lib/gcc/arm-none-eabi/5.4.1/../../../../arm-none-eabi/lib/armv7-m\libg_nano.a(lib_a-nano-vfprintf_float.o)
                0x00005d1a                __cvt
 .text.__exponent
                0x00005dda       0x62 c:/program files (x86)/cypress/psoc creator/4.1/psoc creator/import/gnu/arm/5.4.1/bin/../lib/gcc/arm-none-eabi/5.4.1/../../../../arm-none-eabi/lib/armv7-m\libg_nano.a(lib_a-nano-vfprintf_float.o)
                0x00005dda                __exponent
 .text._printf_float
                0x00005e3c      0x488 c:/program files (x86)/cypress/psoc creator/4.1/psoc creator/import/gnu/arm/5.4.1/bin/../lib/gcc/arm-none-eabi/5.4.1/../../../../arm-none-eabi/lib/armv7-m\libg_nano.a(lib_a-nano-vfprintf_float.o)
                0x00005e3c                _printf_float
 .text._printf_common
                0x000062c4       0xec c:/program files (x86)/cypress/psoc creator/4.1/psoc creator/import/gnu/arm/5.4.1/bin/../lib/gcc/arm-none-eabi/5.4.1/../../../../arm-none-eabi/lib/armv7-m\libg_nano.a(lib_a-nano-vfprintf_i.o)
                0x000062c4                _printf_common
 .text._printf_i
                0x000063b0      0x24c c:/program files (x86)/cypress/psoc creator/4.1/psoc creator/import/gnu/arm/5.4.1/bin/../lib/gcc/arm-none-eabi/5.4.1/../../../../arm-none-eabi/lib/armv7-m\libg_nano.a(lib_a-nano-vfprintf_i.o)
                0x000063b0                _printf_i
 .text.sprintf  0x000065fc       0x48 c:/program files (x86)/cypress/psoc creator/4.1/psoc creator/import/gnu/arm/5.4.1/bin/../lib/gcc/arm-none-eabi/5.4.1/../../../../arm-none-eabi/lib/armv7-m\libg_nano.a(lib_a-sprintf.o)
                0x000065fc                siprintf
                0x000065fc                sprintf
 .text.sscanf   0x00006644       0x54 c:/program files (x86)/cypress/psoc creator/4.1/psoc creator/import/gnu/arm/5.4.1/bin/../lib/gcc/arm-none-eabi/5.4.1/../../../../arm-none-eabi/lib/armv7-m\libg_nano.a(lib_a-sscanf.o)
                0x00006644                siscanf
                0x00006644                sscanf
 .text.__seofread
                0x00006698        0x4 c:/program files (x86)/cypress/psoc creator/4.1/psoc creator/import/gnu/arm/5.4.1/bin/../lib/gcc/arm-none-eabi/5.4.1/../../../../arm-none-eabi/lib/armv7-m\libg_nano.a(lib_a-stdio.o)
                0x00006698                __seofread
 .text.strchr   0x0000669c       0x1c c:/program files (x86)/cypress/psoc creator/4.1/psoc creator/import/gnu/arm/5.4.1/bin/../lib/gcc/arm-none-eabi/5.4.1/../../../../arm-none-eabi/lib/armv7-m\libg_nano.a(lib_a-strchr.o)
                0x0000669c                strchr
 .text          0x000066b8       0x10 c:/program files (x86)/cypress/psoc creator/4.1/psoc creator/import/gnu/arm/5.4.1/bin/../lib/gcc/arm-none-eabi/5.4.1/../../../../arm-none-eabi/lib/armv7-m\libg_nano.a(lib_a-strlen.o)
                0x000066b8                strlen
 .text.strstr   0x000066c8       0x34 c:/program files (x86)/cypress/psoc creator/4.1/psoc creator/import/gnu/arm/5.4.1/bin/../lib/gcc/arm-none-eabi/5.4.1/../../../../arm-none-eabi/lib/armv7-m\libg_nano.a(lib_a-strstr.o)
                0x000066c8                strstr
 .text._strtol_r
                0x000066fc      0x10c c:/program files (x86)/cypress/psoc creator/4.1/psoc creator/import/gnu/arm/5.4.1/bin/../lib/gcc/arm-none-eabi/5.4.1/../../../../arm-none-eabi/lib/armv7-m\libg_nano.a(lib_a-strtol.o)
                0x000066fc                _strtol_r
 .text.strtol   0x00006808       0x14 c:/program files (x86)/cypress/psoc creator/4.1/psoc creator/import/gnu/arm/5.4.1/bin/../lib/gcc/arm-none-eabi/5.4.1/../../../../arm-none-eabi/lib/armv7-m\libg_nano.a(lib_a-strtol.o)
                0x00006808                strtol
 .text.quorem   0x0000681c      0x116 c:/program files (x86)/cypress/psoc creator/4.1/psoc creator/import/gnu/arm/5.4.1/bin/../lib/gcc/arm-none-eabi/5.4.1/../../../../arm-none-eabi/lib/armv7-m\libg_nano.a(lib_a-dtoa.o)
 *fill*         0x00006932        0x6 
 .text._dtoa_r  0x00006938      0xb30 c:/program files (x86)/cypress/psoc creator/4.1/psoc creator/import/gnu/arm/5.4.1/bin/../lib/gcc/arm-none-eabi/5.4.1/../../../../arm-none-eabi/lib/armv7-m\libg_nano.a(lib_a-dtoa.o)
                0x00006938                _dtoa_r
 .text._localeconv_r
                0x00007468        0x8 c:/program files (x86)/cypress/psoc creator/4.1/psoc creator/import/gnu/arm/5.4.1/bin/../lib/gcc/arm-none-eabi/5.4.1/../../../../arm-none-eabi/lib/armv7-m\libg_nano.a(lib_a-locale.o)
                0x00007468                _localeconv_r
 .text.malloc   0x00007470       0x10 c:/program files (x86)/cypress/psoc creator/4.1/psoc creator/import/gnu/arm/5.4.1/bin/../lib/gcc/arm-none-eabi/5.4.1/../../../../arm-none-eabi/lib/armv7-m\libg_nano.a(lib_a-malloc.o)
                0x00007470                malloc
 .text.memchr   0x00007480       0x1c c:/program files (x86)/cypress/psoc creator/4.1/psoc creator/import/gnu/arm/5.4.1/bin/../lib/gcc/arm-none-eabi/5.4.1/../../../../arm-none-eabi/lib/armv7-m\libg_nano.a(lib_a-memchr-stub.o)
                0x00007480                memchr
 .text._Balloc  0x0000749c       0x6a c:/program files (x86)/cypress/psoc creator/4.1/psoc creator/import/gnu/arm/5.4.1/bin/../lib/gcc/arm-none-eabi/5.4.1/../../../../arm-none-eabi/lib/armv7-m\libg_nano.a(lib_a-mprec.o)
                0x0000749c                _Balloc
 .text._Bfree   0x00007506       0x2e c:/program files (x86)/cypress/psoc creator/4.1/psoc creator/import/gnu/arm/5.4.1/bin/../lib/gcc/arm-none-eabi/5.4.1/../../../../arm-none-eabi/lib/armv7-m\libg_nano.a(lib_a-mprec.o)
                0x00007506                _Bfree
 .text.__multadd
                0x00007534       0x76 c:/program files (x86)/cypress/psoc creator/4.1/psoc creator/import/gnu/arm/5.4.1/bin/../lib/gcc/arm-none-eabi/5.4.1/../../../../arm-none-eabi/lib/armv7-m\libg_nano.a(lib_a-mprec.o)
                0x00007534                __multadd
 .text.__hi0bits
                0x000075aa       0x40 c:/program files (x86)/cypress/psoc creator/4.1/psoc creator/import/gnu/arm/5.4.1/bin/../lib/gcc/arm-none-eabi/5.4.1/../../../../arm-none-eabi/lib/armv7-m\libg_nano.a(lib_a-mprec.o)
                0x000075aa                __hi0bits
 .text.__lo0bits
                0x000075ea       0x5a c:/program files (x86)/cypress/psoc creator/4.1/psoc creator/import/gnu/arm/5.4.1/bin/../lib/gcc/arm-none-eabi/5.4.1/../../../../arm-none-eabi/lib/armv7-m\libg_nano.a(lib_a-mprec.o)
                0x000075ea                __lo0bits
 .text.__i2b    0x00007644       0x12 c:/program files (x86)/cypress/psoc creator/4.1/psoc creator/import/gnu/arm/5.4.1/bin/../lib/gcc/arm-none-eabi/5.4.1/../../../../arm-none-eabi/lib/armv7-m\libg_nano.a(lib_a-mprec.o)
                0x00007644                __i2b
 .text.__multiply
                0x00007656      0x120 c:/program files (x86)/cypress/psoc creator/4.1/psoc creator/import/gnu/arm/5.4.1/bin/../lib/gcc/arm-none-eabi/5.4.1/../../../../arm-none-eabi/lib/armv7-m\libg_nano.a(lib_a-mprec.o)
                0x00007656                __multiply
 *fill*         0x00007776        0x2 
 .text.__pow5mult
                0x00007778       0x9c c:/program files (x86)/cypress/psoc creator/4.1/psoc creator/import/gnu/arm/5.4.1/bin/../lib/gcc/arm-none-eabi/5.4.1/../../../../arm-none-eabi/lib/armv7-m\libg_nano.a(lib_a-mprec.o)
                0x00007778                __pow5mult
 .text.__lshift
                0x00007814       0xa2 c:/program files (x86)/cypress/psoc creator/4.1/psoc creator/import/gnu/arm/5.4.1/bin/../lib/gcc/arm-none-eabi/5.4.1/../../../../arm-none-eabi/lib/armv7-m\libg_nano.a(lib_a-mprec.o)
                0x00007814                __lshift
 .text.__mcmp   0x000078b6       0x38 c:/program files (x86)/cypress/psoc creator/4.1/psoc creator/import/gnu/arm/5.4.1/bin/../lib/gcc/arm-none-eabi/5.4.1/../../../../arm-none-eabi/lib/armv7-m\libg_nano.a(lib_a-mprec.o)
                0x000078b6                __mcmp
 .text.__mdiff  0x000078ee       0xbe c:/program files (x86)/cypress/psoc creator/4.1/psoc creator/import/gnu/arm/5.4.1/bin/../lib/gcc/arm-none-eabi/5.4.1/../../../../arm-none-eabi/lib/armv7-m\libg_nano.a(lib_a-mprec.o)
                0x000078ee                __mdiff
 .text.__d2b    0x000079ac       0x9c c:/program files (x86)/cypress/psoc creator/4.1/psoc creator/import/gnu/arm/5.4.1/bin/../lib/gcc/arm-none-eabi/5.4.1/../../../../arm-none-eabi/lib/armv7-m\libg_nano.a(lib_a-mprec.o)
                0x000079ac                __d2b
 .text._calloc_r
                0x00007a48       0x1c c:/program files (x86)/cypress/psoc creator/4.1/psoc creator/import/gnu/arm/5.4.1/bin/../lib/gcc/arm-none-eabi/5.4.1/../../../../arm-none-eabi/lib/armv7-m\libg_nano.a(lib_a-nano-callocr.o)
                0x00007a48                _calloc_r
 .text._free_r  0x00007a64       0x98 c:/program files (x86)/cypress/psoc creator/4.1/psoc creator/import/gnu/arm/5.4.1/bin/../lib/gcc/arm-none-eabi/5.4.1/../../../../arm-none-eabi/lib/armv7-m\libg_nano.a(lib_a-nano-freer.o)
                0x00007a64                _free_r
 .text._malloc_r
                0x00007afc       0xbc c:/program files (x86)/cypress/psoc creator/4.1/psoc creator/import/gnu/arm/5.4.1/bin/../lib/gcc/arm-none-eabi/5.4.1/../../../../arm-none-eabi/lib/armv7-m\libg_nano.a(lib_a-nano-mallocr.o)
                0x00007afc                _malloc_r
 .text.__ssputs_r
                0x00007bb8       0xb2 c:/program files (x86)/cypress/psoc creator/4.1/psoc creator/import/gnu/arm/5.4.1/bin/../lib/gcc/arm-none-eabi/5.4.1/../../../../arm-none-eabi/lib/armv7-m\libg_nano.a(lib_a-nano-svfprintf.o)
                0x00007bb8                __ssputs_r
 *fill*         0x00007c6a        0x2 
 .text._svfprintf_r
                0x00007c6c      0x1e8 c:/program files (x86)/cypress/psoc creator/4.1/psoc creator/import/gnu/arm/5.4.1/bin/../lib/gcc/arm-none-eabi/5.4.1/../../../../arm-none-eabi/lib/armv7-m\libg_nano.a(lib_a-nano-svfprintf.o)
                0x00007c6c                _svfiprintf_r
                0x00007c6c                _svfprintf_r
 .text._sungetc_r
                0x00007e54       0x7c c:/program files (x86)/cypress/psoc creator/4.1/psoc creator/import/gnu/arm/5.4.1/bin/../lib/gcc/arm-none-eabi/5.4.1/../../../../arm-none-eabi/lib/armv7-m\libg_nano.a(lib_a-nano-svfscanf.o)
                0x00007e54                _sungetc_r
 .text.__ssrefill_r
                0x00007ed0       0x3a c:/program files (x86)/cypress/psoc creator/4.1/psoc creator/import/gnu/arm/5.4.1/bin/../lib/gcc/arm-none-eabi/5.4.1/../../../../arm-none-eabi/lib/armv7-m\libg_nano.a(lib_a-nano-svfscanf.o)
                0x00007ed0                __ssrefill_r
 *fill*         0x00007f0a        0x2 
 .text.__ssvfscanf_r
                0x00007f0c      0x2a8 c:/program files (x86)/cypress/psoc creator/4.1/psoc creator/import/gnu/arm/5.4.1/bin/../lib/gcc/arm-none-eabi/5.4.1/../../../../arm-none-eabi/lib/armv7-m\libg_nano.a(lib_a-nano-svfscanf.o)
                0x00007f0c                __ssvfiscanf_r
                0x00007f0c                __ssvfscanf_r
 .text._scanf_chars
                0x000081b4       0xcc c:/program files (x86)/cypress/psoc creator/4.1/psoc creator/import/gnu/arm/5.4.1/bin/../lib/gcc/arm-none-eabi/5.4.1/../../../../arm-none-eabi/lib/armv7-m\libg_nano.a(lib_a-nano-vfscanf_i.o)
                0x000081b4                _scanf_chars
 .text._scanf_i
                0x00008280      0x1e4 c:/program files (x86)/cypress/psoc creator/4.1/psoc creator/import/gnu/arm/5.4.1/bin/../lib/gcc/arm-none-eabi/5.4.1/../../../../arm-none-eabi/lib/armv7-m\libg_nano.a(lib_a-nano-vfscanf_i.o)
                0x00008280                _scanf_i
 .text._sbrk_r  0x00008464       0x20 c:/program files (x86)/cypress/psoc creator/4.1/psoc creator/import/gnu/arm/5.4.1/bin/../lib/gcc/arm-none-eabi/5.4.1/../../../../arm-none-eabi/lib/armv7-m\libg_nano.a(lib_a-sbrkr.o)
                0x00008464                _sbrk_r
 .text.__sccl   0x00008484       0x60 c:/program files (x86)/cypress/psoc creator/4.1/psoc creator/import/gnu/arm/5.4.1/bin/../lib/gcc/arm-none-eabi/5.4.1/../../../../arm-none-eabi/lib/armv7-m\libg_nano.a(lib_a-sccl.o)
                0x00008484                __sccl
 .text._strtoul_r
                0x000084e4       0xfc c:/program files (x86)/cypress/psoc creator/4.1/psoc creator/import/gnu/arm/5.4.1/bin/../lib/gcc/arm-none-eabi/5.4.1/../../../../arm-none-eabi/lib/armv7-m\libg_nano.a(lib_a-strtoul.o)
                0x000084e4                _strtoul_r
 .text.__submore
                0x000085e0       0x72 c:/program files (x86)/cypress/psoc creator/4.1/psoc creator/import/gnu/arm/5.4.1/bin/../lib/gcc/arm-none-eabi/5.4.1/../../../../arm-none-eabi/lib/armv7-m\libg_nano.a(lib_a-ungetc.o)
                0x000085e0                __submore
 .text.memmove  0x00008652       0x36 c:/program files (x86)/cypress/psoc creator/4.1/psoc creator/import/gnu/arm/5.4.1/bin/../lib/gcc/arm-none-eabi/5.4.1/../../../../arm-none-eabi/lib/armv7-m\libg_nano.a(lib_a-memmove.o)
                0x00008652                memmove
 .text.__malloc_lock
                0x00008688        0x2 c:/program files (x86)/cypress/psoc creator/4.1/psoc creator/import/gnu/arm/5.4.1/bin/../lib/gcc/arm-none-eabi/5.4.1/../../../../arm-none-eabi/lib/armv7-m\libg_nano.a(lib_a-mlock.o)
                0x00008688                __malloc_lock
 .text.__malloc_unlock
                0x0000868a        0x2 c:/program files (x86)/cypress/psoc creator/4.1/psoc creator/import/gnu/arm/5.4.1/bin/../lib/gcc/arm-none-eabi/5.4.1/../../../../arm-none-eabi/lib/armv7-m\libg_nano.a(lib_a-mlock.o)
                0x0000868a                __malloc_unlock
 .text._realloc_r
                0x0000868c       0x4c c:/program files (x86)/cypress/psoc creator/4.1/psoc creator/import/gnu/arm/5.4.1/bin/../lib/gcc/arm-none-eabi/5.4.1/../../../../arm-none-eabi/lib/armv7-m\libg_nano.a(lib_a-nano-reallocr.o)
                0x0000868c                _realloc_r
 .text._malloc_usable_size_r
                0x000086d8       0x14 c:/program files (x86)/cypress/psoc creator/4.1/psoc creator/import/gnu/arm/5.4.1/bin/../lib/gcc/arm-none-eabi/5.4.1/../../../../arm-none-eabi/lib/armv7-m\libg_nano.a(lib_a-nano-msizer.o)
                0x000086d8                _malloc_usable_size_r
 .text          0x000086ec       0x2c c:/program files (x86)/cypress/psoc creator/4.1/psoc creator/import/gnu/arm/5.4.1/bin/../lib/gcc/arm-none-eabi/5.4.1/armv7-m\libgcc.a(_arm_unorddf2.o)
                0x000086ec                __unorddf2
                0x000086ec                __aeabi_dcmpun
 *(.plt)
 *(.gnu.warning)
 *(.glue_7t)
 .glue_7t       0x00008718        0x0 linker stubs
 *(.glue_7)
 .glue_7        0x00008718        0x0 linker stubs
 *(.vfp11_veneer)
 .vfp11_veneer  0x00008718        0x0 linker stubs
 *(.bootloader)
 *(.ARM.extab* .gnu.linkonce.armextab.*)
 *(.gcc_except_table)

.v4_bx          0x00008718        0x0
 .v4_bx         0x00008718        0x0 linker stubs

.iplt           0x00008718        0x0
 .iplt          0x00008718        0x0 c:/program files (x86)/cypress/psoc creator/4.1/psoc creator/import/gnu/arm/5.4.1/bin/../lib/gcc/arm-none-eabi/5.4.1/armv7-m/crtbegin.o

.eh_frame_hdr
 *(.eh_frame_hdr)

.eh_frame       0x00008718        0x4
 *(.eh_frame)
 .eh_frame      0x00008718        0x0 c:/program files (x86)/cypress/psoc creator/4.1/psoc creator/import/gnu/arm/5.4.1/bin/../lib/gcc/arm-none-eabi/5.4.1/armv7-m/crtbegin.o
 .eh_frame      0x00008718        0x4 c:/program files (x86)/cypress/psoc creator/4.1/psoc creator/import/gnu/arm/5.4.1/bin/../lib/gcc/arm-none-eabi/5.4.1/armv7-m/crtend.o
                [!provide]                PROVIDE (__exidx_start, .)

.ARM.exidx
 *(.ARM.exidx* .gnu.linkonce.armexidx.*)
                0x0000871c                __exidx_end = .

.rodata         0x00008720      0xb18
 *(.rodata .rodata.* .gnu.linkonce.r.*)
 .rodata.str1.4
                0x00008720      0x617 .\CortexM3\ARM_GCC_541\Debug\main.o
                                0x61b (size before relaxing)
 *fill*         0x00008d37        0x1 
 .rodata        0x00008d38       0x44 .\CortexM3\ARM_GCC_541\Debug\cyfitter_cfg.o
 .rodata.str1.4
                0x00008d7c       0x14 .\CortexM3\ARM_GCC_541\Debug\Design01.a(USBUART_std.o)
                                 0x11 (size before relaxing)
 .rodata        0x00008d90      0x18a .\CortexM3\ARM_GCC_541\Debug\Design01.a(USBUART_descr.o)
                0x00008d90                USBUART_TABLE
                0x00008d98                USBUART_DEVICE0_TABLE
                0x00008db0                USBUART_DEVICE0_CONFIGURATION0_TABLE
                0x00008dd8                USBUART_DEVICE0_CONFIGURATION0_INTERFACE_CLASS
                0x00008ddc                USBUART_DEVICE0_CONFIGURATION0_EP_SETTINGS_TABLE
                0x00008df4                USBUART_SN_STRING_DESCRIPTOR
                0x00008df8                USBUART_STRING_DESCRIPTORS
                0x00008ec4                USBUART_DEVICE0_CONFIGURATION0_DESCR
                0x00008f08                USBUART_DEVICE0_DESCR
 .rodata.str1.1
                0x00008f1a        0x2 c:/program files (x86)/cypress/psoc creator/4.1/psoc creator/import/gnu/arm/5.4.1/bin/../lib/gcc/arm-none-eabi/5.4.1/../../../../arm-none-eabi/lib/armv7-m\libg_nano.a(lib_a-impure.o)
 .rodata.str1.1
                0x00008f1c       0x10 c:/program files (x86)/cypress/psoc creator/4.1/psoc creator/import/gnu/arm/5.4.1/bin/../lib/gcc/arm-none-eabi/5.4.1/../../../../arm-none-eabi/lib/armv7-m\libg_nano.a(lib_a-nano-vfprintf_float.o)
                                 0x12 (size before relaxing)
 .rodata.str1.1
                0x00008f2c       0x22 c:/program files (x86)/cypress/psoc creator/4.1/psoc creator/import/gnu/arm/5.4.1/bin/../lib/gcc/arm-none-eabi/5.4.1/../../../../arm-none-eabi/lib/armv7-m\libg_nano.a(lib_a-nano-vfprintf_i.o)
 .rodata._ctype_
                0x00008f4e      0x101 c:/program files (x86)/cypress/psoc creator/4.1/psoc creator/import/gnu/arm/5.4.1/bin/../lib/gcc/arm-none-eabi/5.4.1/../../../../arm-none-eabi/lib/armv7-m\libg_nano.a(lib_a-ctype_.o)
                0x00008f4e                _ctype_
 .rodata.str1.1
                0x0000904f        0xd c:/program files (x86)/cypress/psoc creator/4.1/psoc creator/import/gnu/arm/5.4.1/bin/../lib/gcc/arm-none-eabi/5.4.1/../../../../arm-none-eabi/lib/armv7-m\libg_nano.a(lib_a-dtoa.o)
                                  0xf (size before relaxing)
 .rodata.str1.1
                0x0000905c        0x8 c:/program files (x86)/cypress/psoc creator/4.1/psoc creator/import/gnu/arm/5.4.1/bin/../lib/gcc/arm-none-eabi/5.4.1/../../../../arm-none-eabi/lib/armv7-m\libg_nano.a(lib_a-locale.o)
                                  0xb (size before relaxing)
 *fill*         0x00009064        0x4 
 .rodata.__mprec_tens
                0x00009068       0xc8 c:/program files (x86)/cypress/psoc creator/4.1/psoc creator/import/gnu/arm/5.4.1/bin/../lib/gcc/arm-none-eabi/5.4.1/../../../../arm-none-eabi/lib/armv7-m\libg_nano.a(lib_a-mprec.o)
                0x00009068                __mprec_tens
 .rodata.p05.5408
                0x00009130        0xc c:/program files (x86)/cypress/psoc creator/4.1/psoc creator/import/gnu/arm/5.4.1/bin/../lib/gcc/arm-none-eabi/5.4.1/../../../../arm-none-eabi/lib/armv7-m\libg_nano.a(lib_a-mprec.o)
 *fill*         0x0000913c        0x4 
 .rodata.__mprec_bigtens
                0x00009140       0x28 c:/program files (x86)/cypress/psoc creator/4.1/psoc creator/import/gnu/arm/5.4.1/bin/../lib/gcc/arm-none-eabi/5.4.1/../../../../arm-none-eabi/lib/armv7-m\libg_nano.a(lib_a-mprec.o)
                0x00009140                __mprec_bigtens
 .rodata.str1.1
                0x00009168       0x11 c:/program files (x86)/cypress/psoc creator/4.1/psoc creator/import/gnu/arm/5.4.1/bin/../lib/gcc/arm-none-eabi/5.4.1/../../../../arm-none-eabi/lib/armv7-m\libg_nano.a(lib_a-nano-svfprintf.o)
 .rodata.str1.1
                0x00009179        0x4 c:/program files (x86)/cypress/psoc creator/4.1/psoc creator/import/gnu/arm/5.4.1/bin/../lib/gcc/arm-none-eabi/5.4.1/../../../../arm-none-eabi/lib/armv7-m\libg_nano.a(lib_a-nano-svfscanf.o)
 *fill*         0x00009179        0x3 
 .rodata        0x0000917c        0xc c:/program files (x86)/cypress/psoc creator/4.1/psoc creator/import/gnu/arm/5.4.1/bin/../lib/gcc/arm-none-eabi/5.4.1/../../../../arm-none-eabi/lib/armv7-m\libg_nano.a(lib_a-nano-vfscanf_i.o)
 .rodata.str1.1
                0x00009188       0x1b c:/program files (x86)/cypress/psoc creator/4.1/psoc creator/import/gnu/arm/5.4.1/bin/../lib/gcc/arm-none-eabi/5.4.1/../../../../arm-none-eabi/lib/armv7-m\libg_nano.a(lib_a-nano-vfscanf_i.o)
 *fill*         0x000091a3        0x1 
 .rodata.__sf_fake_stdin
                0x000091a4       0x20 c:/program files (x86)/cypress/psoc creator/4.1/psoc creator/import/gnu/arm/5.4.1/bin/../lib/gcc/arm-none-eabi/5.4.1/../../../../arm-none-eabi/lib/armv7-m\libg_nano.a(lib_a-findfp.o)
                0x000091a4                __sf_fake_stdin
 .rodata.__sf_fake_stdout
                0x000091c4       0x20 c:/program files (x86)/cypress/psoc creator/4.1/psoc creator/import/gnu/arm/5.4.1/bin/../lib/gcc/arm-none-eabi/5.4.1/../../../../arm-none-eabi/lib/armv7-m\libg_nano.a(lib_a-findfp.o)
                0x000091c4                __sf_fake_stdout
 .rodata.__sf_fake_stderr
                0x000091e4       0x20 c:/program files (x86)/cypress/psoc creator/4.1/psoc creator/import/gnu/arm/5.4.1/bin/../lib/gcc/arm-none-eabi/5.4.1/../../../../arm-none-eabi/lib/armv7-m\libg_nano.a(lib_a-findfp.o)
                0x000091e4                __sf_fake_stderr
                0x00009204                . = ALIGN (0x4)
 *(.init)
 .init          0x00009204        0x4 c:/program files (x86)/cypress/psoc creator/4.1/psoc creator/import/gnu/arm/5.4.1/bin/../lib/gcc/arm-none-eabi/5.4.1/armv7-m/crti.o
                0x00009204                _init
 .init          0x00009208        0x8 c:/program files (x86)/cypress/psoc creator/4.1/psoc creator/import/gnu/arm/5.4.1/bin/../lib/gcc/arm-none-eabi/5.4.1/armv7-m/crtn.o
                0x00009210                . = ALIGN (0x4)
                0x00009210                __preinit_array_start = .
 *(.preinit_array)
                0x00009210                __preinit_array_end = .
                0x00009210                . = ALIGN (0x4)
                0x00009210                __init_array_start = .
 *(SORT(.init_array.*))
 *(.init_array)
 .init_array    0x00009210        0x4 c:/program files (x86)/cypress/psoc creator/4.1/psoc creator/import/gnu/arm/5.4.1/bin/../lib/gcc/arm-none-eabi/5.4.1/armv7-m/crtbegin.o
 .init_array    0x00009214        0x4 .\CortexM3\ARM_GCC_541\Debug\Cm3Start.o
                0x00009218                __init_array_end = .
                0x00009218                . = ALIGN (0x4)
 *(.fini)
 .fini          0x00009218        0x4 c:/program files (x86)/cypress/psoc creator/4.1/psoc creator/import/gnu/arm/5.4.1/bin/../lib/gcc/arm-none-eabi/5.4.1/armv7-m/crti.o
                0x00009218                _fini
 .fini          0x0000921c        0x8 c:/program files (x86)/cypress/psoc creator/4.1/psoc creator/import/gnu/arm/5.4.1/bin/../lib/gcc/arm-none-eabi/5.4.1/armv7-m/crtn.o
                0x00009224                . = ALIGN (0x4)
                0x00009224                __fini_array_start = .
 *(.fini_array)
 .fini_array    0x00009224        0x4 c:/program files (x86)/cypress/psoc creator/4.1/psoc creator/import/gnu/arm/5.4.1/bin/../lib/gcc/arm-none-eabi/5.4.1/armv7-m/crtbegin.o
 *(SORT(.fini_array.*))
                0x00009228                __fini_array_end = .
                0x00009228                . = ALIGN (0x4)
 *crtbegin.o(.ctors)
 *(EXCLUDE_FILE(*crtend.o) .ctors)
 *(SORT(.ctors.*))
 *crtend.o(.ctors)
                0x00009228                . = ALIGN (0x4)
 *crtbegin.o(.dtors)
 *(EXCLUDE_FILE(*crtend.o) .dtors)
 *(SORT(.dtors.*))
 *crtend.o(.dtors)
                0x00009228                . = ALIGN (0x4)
                0x00009228                __cy_regions = .
                0x00009228        0x4 LONG 0x9238 __cy_region_init_ram
                0x0000922c        0x4 LONG 0x1fff80c8 __cy_region_start_data
                0x00009230        0x4 LONG 0x100 __cy_region_init_size_ram
                0x00009234        0x4 LONG 0x650 __cy_region_zero_size_ram
                0x00009238                __cy_regions_end = .
                0x00009238                . = ALIGN (0x8)
                0x00009238                _etext = .

.cy_checksum_exclude
                0x00009238        0x0
 *(.cy_checksum_exclude)

.ramvectors     0x1fff8000       0xc0
                0x1fff8000                __cy_region_start_ram = .
 *(.ramvectors)
 .ramvectors    0x1fff8000       0xc0 .\CortexM3\ARM_GCC_541\Debug\Cm3Start.o
                0x1fff8000                CyRamVectors

.noinit         0x1fff80c0        0x1
 *(.noinit)
 .noinit        0x1fff80c0        0x1 .\CortexM3\ARM_GCC_541\Debug\Design01.a(CyLib.o)
                0x1fff80c0                CyResetStatus

.data           0x1fff80c8      0x100 load address 0x00009238
                0x1fff80c8                __cy_region_start_data = .
 *(.jcr)
 .jcr           0x1fff80c8        0x0 c:/program files (x86)/cypress/psoc creator/4.1/psoc creator/import/gnu/arm/5.4.1/bin/../lib/gcc/arm-none-eabi/5.4.1/armv7-m/crtbegin.o
 .jcr           0x1fff80c8        0x4 c:/program files (x86)/cypress/psoc creator/4.1/psoc creator/import/gnu/arm/5.4.1/bin/../lib/gcc/arm-none-eabi/5.4.1/armv7-m/crtend.o
 *(.got.plt)
 *(.got)
 *(.shdata)
 *(.data .data.* .gnu.linkonce.d.*)
 .data          0x1fff80cc       0x2c .\CortexM3\ARM_GCC_541\Debug\main.o
                0x1fff80cc                uartSendingEnabled
                0x1fff80cd                usbuSendingEnabled
                0x1fff80d0                TIA_Resistor_Codes
                0x1fff80d8                TIA_Resistor_Values
 .data          0x1fff80f8        0x4 .\CortexM3\ARM_GCC_541\Debug\Cm3Start.o
 .data          0x1fff80fc       0x10 .\CortexM3\ARM_GCC_541\Debug\Design01.a(CyLib.o)
                0x1fff80fc                cydelay_32k_ms
                0x1fff8100                cydelay_freq_khz
                0x1fff8104                cydelay_freq_mhz
                0x1fff8108                cydelay_freq_hz
 .data          0x1fff810c       0x1a .\CortexM3\ARM_GCC_541\Debug\Design01.a(USBUART_cdc.o)
                0x1fff810c                USBUART_linesCoding
 .data          0x1fff8126        0x1 .\CortexM3\ARM_GCC_541\Debug\Design01.a(ADC_DelSig_1.o)
                0x1fff8126                ADC_DelSig_1_Config
 *fill*         0x1fff8127        0x1 
 .data.impure_data
                0x1fff8128       0x60 c:/program files (x86)/cypress/psoc creator/4.1/psoc creator/import/gnu/arm/5.4.1/bin/../lib/gcc/arm-none-eabi/5.4.1/../../../../arm-none-eabi/lib/armv7-m\libg_nano.a(lib_a-impure.o)
 .data._impure_ptr
                0x1fff8188        0x4 c:/program files (x86)/cypress/psoc creator/4.1/psoc creator/import/gnu/arm/5.4.1/bin/../lib/gcc/arm-none-eabi/5.4.1/../../../../arm-none-eabi/lib/armv7-m\libg_nano.a(lib_a-impure.o)
                0x1fff8188                _impure_ptr
 .data.__ctype_ptr__
                0x1fff818c        0x4 c:/program files (x86)/cypress/psoc creator/4.1/psoc creator/import/gnu/arm/5.4.1/bin/../lib/gcc/arm-none-eabi/5.4.1/../../../../arm-none-eabi/lib/armv7-m\libg_nano.a(lib_a-ctype_.o)
                0x1fff818c                __ctype_ptr__
 .data.lconv    0x1fff8190       0x38 c:/program files (x86)/cypress/psoc creator/4.1/psoc creator/import/gnu/arm/5.4.1/bin/../lib/gcc/arm-none-eabi/5.4.1/../../../../arm-none-eabi/lib/armv7-m\libg_nano.a(lib_a-locale.o)
                0x1fff81c8                . = ALIGN (0x8)
 *(.ram)
                0x1fff81c8                _edata = .

.igot.plt       0x1fff81c8        0x0 load address 0x00009338
 .igot.plt      0x1fff81c8        0x0 c:/program files (x86)/cypress/psoc creator/4.1/psoc creator/import/gnu/arm/5.4.1/bin/../lib/gcc/arm-none-eabi/5.4.1/armv7-m/crtbegin.o

.bss            0x1fff81c8      0x650 load address 0x00009338
                0x1fff81c8                PROVIDE (__bss_start__, .)
 *(.shbss)
 *(.bss .bss.* .gnu.linkonce.b.*)
 .bss           0x1fff81c8       0x1c c:/program files (x86)/cypress/psoc creator/4.1/psoc creator/import/gnu/arm/5.4.1/bin/../lib/gcc/arm-none-eabi/5.4.1/armv7-m/crtbegin.o
 .bss           0x1fff81e4       0x28 .\CortexM3\ARM_GCC_541\Debug\main.o
                0x1fff81e4                newData
                0x1fff81e5                G_Stop
                0x1fff81e6                G_Break
                0x1fff81e7                G_Pause
                0x1fff81e8                TIA_Selected_Resistor
                0x1fff81ec                TIA_Offsets_uV
 .bss           0x1fff820c        0x2 .\CortexM3\ARM_GCC_541\Debug\Design01.a(UART_1.o)
                0x1fff820c                UART_1_initVar
 .bss           0x1fff820e        0x1 .\CortexM3\ARM_GCC_541\Debug\Design01.a(USBUART.o)
                0x1fff820e                USBUART_initVar
 .bss           0x1fff820f        0x1 .\CortexM3\ARM_GCC_541\Debug\Design01.a(USBUART_cdc.o)
 .bss           0x1fff8210        0x2 .\CortexM3\ARM_GCC_541\Debug\Design01.a(USBUART_std.o)
 *fill*         0x1fff8212        0x2 
 .bss           0x1fff8214       0x18 .\CortexM3\ARM_GCC_541\Debug\Design01.a(ADC_DelSig_1.o)
                0x1fff8224                ADC_DelSig_1_stopConversion
                0x1fff8225                ADC_DelSig_1_convDone
                0x1fff8226                ADC_DelSig_1_initVar
                0x1fff8227                ADC_DelSig_1_started
                0x1fff8228                ADC_DelSig_1_Offset
 .bss           0x1fff822c        0x1 .\CortexM3\ARM_GCC_541\Debug\Design01.a(TIA_1.o)
                0x1fff822c                TIA_1_initVar
 .bss           0x1fff822d        0x1 .\CortexM3\ARM_GCC_541\Debug\Design01.a(VDAC_Vgs.o)
                0x1fff822d                VDAC_Vgs_initVar
 .bss           0x1fff822e        0x1 .\CortexM3\ARM_GCC_541\Debug\Design01.a(VDAC_Vds.o)
                0x1fff822e                VDAC_Vds_initVar
 .bss           0x1fff822f        0x1 .\CortexM3\ARM_GCC_541\Debug\Design01.a(VDAC_Ref.o)
                0x1fff822f                VDAC_Ref_initVar
 .bss           0x1fff8230        0x1 .\CortexM3\ARM_GCC_541\Debug\Design01.a(I2C_1.o)
                0x1fff8230                I2C_1_initVar
 .bss           0x1fff8231        0x1 .\CortexM3\ARM_GCC_541\Debug\Design01.a(CommunicationTimer.o)
                0x1fff8231                CommunicationTimer_initVar
 .bss           0x1fff8232        0x1 .\CortexM3\ARM_GCC_541\Debug\Design01.a(ADC_SAR_1.o)
                0x1fff8232                ADC_SAR_1_initVar
 .bss           0x1fff8233        0x1 .\CortexM3\ARM_GCC_541\Debug\Design01.a(ADC_SAR_2.o)
                0x1fff8233                ADC_SAR_2_initVar
 .bss           0x1fff8234        0x1 .\CortexM3\ARM_GCC_541\Debug\Design01.a(Opamp_1.o)
                0x1fff8234                Opamp_1_initVar
 *fill*         0x1fff8235        0x3 
 .bss.__malloc_sbrk_start
                0x1fff8238        0x4 c:/program files (x86)/cypress/psoc creator/4.1/psoc creator/import/gnu/arm/5.4.1/bin/../lib/gcc/arm-none-eabi/5.4.1/../../../../arm-none-eabi/lib/armv7-m\libg_nano.a(lib_a-nano-mallocr.o)
                0x1fff8238                __malloc_sbrk_start
 .bss.__malloc_free_list
                0x1fff823c        0x4 c:/program files (x86)/cypress/psoc creator/4.1/psoc creator/import/gnu/arm/5.4.1/bin/../lib/gcc/arm-none-eabi/5.4.1/../../../../arm-none-eabi/lib/armv7-m\libg_nano.a(lib_a-nano-mallocr.o)
                0x1fff823c                __malloc_free_list
 *(COMMON)
 COMMON         0x1fff8240      0x4c8 .\CortexM3\ARM_GCC_541\Debug\main.o
                0x1fff8240                TransmitBuffer
                0x1fff8280                selectors
                0x1fff867c                USBUART_Rx_Position
                0x1fff867e                Vgs_Index_Goal_Relative
                0x1fff8680                Current_Measurement_Sample_Count
                0x1fff8684                USBUART_Receive_Buffer
                0x1fff86c4                UART_Receive_Buffer
                0x1fff8704                Vds_Index_Goal_Relative
                0x1fff8706                Compliance_Reached
                0x1fff8707                UART_Rx_Position
 COMMON         0x1fff8708       0x18 .\CortexM3\ARM_GCC_541\Debug\Design01.a(USBUART_cdc.o)
                0x1fff8708                USBUART_linesChanged
                0x1fff870c                USBUART_cdcDataInEp
                0x1fff8710                USBUART_cdcCommInInterruptEp
                0x1fff8714                USBUART_cdcDataOutEp
                0x1fff8718                USBUART_serialStateBitmap
                0x1fff871c                USBUART_linesControlBitmap
 COMMON         0x1fff8720       0x9a .\CortexM3\ARM_GCC_541\Debug\Design01.a(USBUART_drv.o)
                0x1fff8720                USBUART_lastPacketSize
                0x1fff8721                USBUART_device
                0x1fff8722                USBUART_transferByteCount
                0x1fff8724                USBUART_transferState
                0x1fff8728                USBUART_interfaceSettingLast
                0x1fff872c                USBUART_currentTD
                0x1fff8738                USBUART_interfaceNumber
                0x1fff873c                USBUART_interfaceClass
                0x1fff8740                USBUART_configurationChanged
                0x1fff8741                USBUART_ep0Mode
                0x1fff8742                USBUART_deviceAddress
                0x1fff8743                USBUART_configuration
                0x1fff8744                USBUART_ep0Count
                0x1fff8745                USBUART_deviceStatus
                0x1fff8748                USBUART_EP
                0x1fff87b4                USBUART_interfaceSetting
                0x1fff87b6                USBUART_ep0Toggle
                0x1fff87b8                USBUART_interfaceStatus
 *fill*         0x1fff87ba        0x2 
 COMMON         0x1fff87bc        0x4 .\CortexM3\ARM_GCC_541\Debug\Design01.a(ADC_DelSig_1.o)
                0x1fff87bc                ADC_DelSig_1_CountsPerVolt
 COMMON         0x1fff87c0        0x1 .\CortexM3\ARM_GCC_541\Debug\Design01.a(I2C_1.o)
                0x1fff87c0                I2C_1_state
 *fill*         0x1fff87c1        0x3 
 COMMON         0x1fff87c4       0x11 .\CortexM3\ARM_GCC_541\Debug\Design01.a(I2C_1_MASTER.o)
                0x1fff87c4                I2C_1_mstrWrBufIndex
                0x1fff87c5                I2C_1_mstrControl
                0x1fff87c6                I2C_1_mstrStatus
                0x1fff87c7                I2C_1_mstrWrBufSize
                0x1fff87c8                I2C_1_mstrRdBufIndex
                0x1fff87cc                I2C_1_mstrWrBufPtr
                0x1fff87d0                I2C_1_mstrRdBufPtr
                0x1fff87d4                I2C_1_mstrRdBufSize
 *fill*         0x1fff87d5        0x3 
 COMMON         0x1fff87d8        0xa .\CortexM3\ARM_GCC_541\Debug\Design01.a(ADC_SAR_1.o)
                0x1fff87d8                ADC_SAR_1_countsPerVolt
                0x1fff87da                ADC_SAR_1_shift
                0x1fff87dc                ADC_SAR_1_countsPer10Volt
                0x1fff87e0                ADC_SAR_1_offset
 *fill*         0x1fff87e2        0x2 
 COMMON         0x1fff87e4        0xa .\CortexM3\ARM_GCC_541\Debug\Design01.a(ADC_SAR_2.o)
                0x1fff87e4                ADC_SAR_2_countsPer10Volt
                0x1fff87e8                ADC_SAR_2_shift
                0x1fff87ea                ADC_SAR_2_offset
                0x1fff87ec                ADC_SAR_2_countsPerVolt
 *fill*         0x1fff87ee        0x2 
 COMMON         0x1fff87f0       0x22 .\CortexM3\ARM_GCC_541\Debug\Design01.a(USBUART_descr.o)
                0x1fff87f0                USBUART_idSerialNumberStringDescriptor
 *fill*         0x1fff8812        0x2 
 COMMON         0x1fff8814        0x4 c:/program files (x86)/cypress/psoc creator/4.1/psoc creator/import/gnu/arm/5.4.1/bin/../lib/gcc/arm-none-eabi/5.4.1/../../../../arm-none-eabi/lib/armv7-m\libg_nano.a(lib_a-reent.o)
                0x1fff8814                errno
                0x1fff8818                . = ALIGN (0x8)
 *(.ram.b)
                0x1fff8818                _end = .
                0x1fff8818                __end = .
                0x1fff8818                PROVIDE (end, .)
                0x1fff8818                PROVIDE (__bss_end__, .)
                0x00009238                __cy_region_init_ram = LOADADDR (.data)
                0x00000100                __cy_region_init_size_ram = (_edata - ADDR (.data))
                0x00000650                __cy_region_zero_size_ram = (_end - _edata)

.heap           0x1fff8818      0x200 load address 0x00009338
                0x1fff8818                . = _end
                0x1fff8a18                . = (. + 0x200)
 *fill*         0x1fff8818      0x200 
                0x1fff8a18                __cy_heap_limit = .

.stack          0x20007800      0x800
                0x20007800                __cy_stack_limit = .
                0x20008000                . = (. + 0x800)
 *fill*         0x20007800      0x800 
                0x00000001                ASSERT ((__cy_stack_limit >= __cy_heap_limit), region RAM overflowed with stack)
                0x00000000                cy_checksum_exclude_size = (CY_APPL_LOADABLE == 0x1)?SIZEOF (.cy_checksum_exclude):0x0
                0x00000001                ASSERT ((cy_checksum_exclude_size <= CY_CHECKSUM_EXCLUDE_SIZE), CY_BOOT: Section .cy_checksum_exclude size exceedes specified limit.)

.cyloadermeta
 *(.cyloadermeta)

.cyloadablemeta
 *(.cyloadablemeta)

.cyconfigecc    0x80000000      0x968
 *(.cyconfigecc)
 .cyconfigecc   0x80000000      0x968 .\CortexM3\ARM_GCC_541\Debug\cymetadata.o
                0x80000000                cy_meta_configecc

.cycustnvl      0x90000000        0x4
 *(.cycustnvl)
 .cycustnvl     0x90000000        0x4 .\CortexM3\ARM_GCC_541\Debug\cymetadata.o
                0x90000000                cy_meta_custnvl

.cywolatch      0x90100000        0x4
 *(.cywolatch)
 .cywolatch     0x90100000        0x4 .\CortexM3\ARM_GCC_541\Debug\cymetadata.o
                0x90100000                cy_meta_wonvl

.cyeeprom       0x90200000        0x0
 *(.cyeeprom)
                0x00000001                ASSERT ((. <= ((0x90200000 + ee_offset) + ee_size)), .cyeeprom data will not fit in EEPROM)

.cyflashprotect
                0x90400000      0x100
 *(.cyflashprotect)
 .cyflashprotect
                0x90400000      0x100 .\CortexM3\ARM_GCC_541\Debug\cymetadata.o
                0x90400000                cy_meta_flashprotect

.cymeta         0x90500000        0xc
 *(.cymeta)
 .cymeta        0x90500000        0xc .\CortexM3\ARM_GCC_541\Debug\cymetadata.o
                0x90500000                cy_metadata

.rel.dyn        0x00009338        0x0 load address 0x9050000c
 .rel.iplt      0x00009338        0x0 c:/program files (x86)/cypress/psoc creator/4.1/psoc creator/import/gnu/arm/5.4.1/bin/../lib/gcc/arm-none-eabi/5.4.1/armv7-m/crtbegin.o

.stab           0x00000000       0x6c
 *(.stab)
 .stab          0x00000000       0x24 c:/program files (x86)/cypress/psoc creator/4.1/psoc creator/import/gnu/arm/5.4.1/bin/../lib/gcc/arm-none-eabi/5.4.1/../../../../arm-none-eabi/lib/armv7-m\libnosys.a(close.o)
 .stab          0x00000024       0x18 c:/program files (x86)/cypress/psoc creator/4.1/psoc creator/import/gnu/arm/5.4.1/bin/../lib/gcc/arm-none-eabi/5.4.1/../../../../arm-none-eabi/lib/armv7-m\libnosys.a(lseek.o)
                                 0x24 (size before relaxing)
 .stab          0x0000003c       0x18 c:/program files (x86)/cypress/psoc creator/4.1/psoc creator/import/gnu/arm/5.4.1/bin/../lib/gcc/arm-none-eabi/5.4.1/../../../../arm-none-eabi/lib/armv7-m\libnosys.a(read.o)
                                 0x24 (size before relaxing)
 .stab          0x00000054       0x18 c:/program files (x86)/cypress/psoc creator/4.1/psoc creator/import/gnu/arm/5.4.1/bin/../lib/gcc/arm-none-eabi/5.4.1/../../../../arm-none-eabi/lib/armv7-m\libnosys.a(write.o)
                                 0x24 (size before relaxing)

.stabstr        0x00000000       0xdf
 *(.stabstr)
 .stabstr       0x00000000       0xdf c:/program files (x86)/cypress/psoc creator/4.1/psoc creator/import/gnu/arm/5.4.1/bin/../lib/gcc/arm-none-eabi/5.4.1/../../../../arm-none-eabi/lib/armv7-m\libnosys.a(close.o)

.debug
 *(.debug)

.line
 *(.line)

.debug_srcinfo
 *(.debug_srcinfo)

.debug_sfnames
 *(.debug_sfnames)

.debug_aranges  0x00000000     0x1430
 *(.debug_aranges)
 .debug_aranges
                0x00000000      0x1c8 .\CortexM3\ARM_GCC_541\Debug\main.o
 .debug_aranges
                0x000001c8       0x58 .\CortexM3\ARM_GCC_541\Debug\cyfitter_cfg.o
 .debug_aranges
                0x00000220       0x18 .\CortexM3\ARM_GCC_541\Debug\cymetadata.o
 .debug_aranges
                0x00000238       0x48 .\CortexM3\ARM_GCC_541\Debug\Cm3Start.o
 .debug_aranges
                0x00000280       0xf0 .\CortexM3\ARM_GCC_541\Debug\Design01.a(UART_1.o)
 .debug_aranges
                0x00000370       0x70 .\CortexM3\ARM_GCC_541\Debug\Design01.a(UART_1_IntClock.o)
 .debug_aranges
                0x000003e0      0x2a0 .\CortexM3\ARM_GCC_541\Debug\Design01.a(CyLib.o)
 .debug_aranges
                0x00000680       0x98 .\CortexM3\ARM_GCC_541\Debug\Design01.a(cyPm.o)
 .debug_aranges
                0x00000718       0xc8 .\CortexM3\ARM_GCC_541\Debug\Design01.a(USBUART.o)
 .debug_aranges
                0x000007e0       0xe8 .\CortexM3\ARM_GCC_541\Debug\Design01.a(USBUART_cdc.o)
 .debug_aranges
                0x000008c8       0x98 .\CortexM3\ARM_GCC_541\Debug\Design01.a(USBUART_drv.o)
 .debug_aranges
                0x00000960       0x40 .\CortexM3\ARM_GCC_541\Debug\Design01.a(USBUART_episr.o)
 .debug_aranges
                0x000009a0       0x40 .\CortexM3\ARM_GCC_541\Debug\Design01.a(USBUART_pm.o)
 .debug_aranges
                0x000009e0       0x80 .\CortexM3\ARM_GCC_541\Debug\Design01.a(USBUART_std.o)
 .debug_aranges
                0x00000a60       0x20 .\CortexM3\ARM_GCC_541\Debug\Design01.a(USBUART_vnd.o)
 .debug_aranges
                0x00000a80       0x48 .\CortexM3\ARM_GCC_541\Debug\Design01.a(USBUART_Dp.o)
 .debug_aranges
                0x00000ac8       0xe8 .\CortexM3\ARM_GCC_541\Debug\Design01.a(ADC_DelSig_1.o)
 .debug_aranges
                0x00000bb0       0x38 .\CortexM3\ARM_GCC_541\Debug\Design01.a(ADC_DelSig_1_INT.o)
 .debug_aranges
                0x00000be8       0x50 .\CortexM3\ARM_GCC_541\Debug\Design01.a(TIA_1.o)
 .debug_aranges
                0x00000c38       0x58 .\CortexM3\ARM_GCC_541\Debug\Design01.a(VDAC_Vgs.o)
 .debug_aranges
                0x00000c90       0x58 .\CortexM3\ARM_GCC_541\Debug\Design01.a(VDAC_Vds.o)
 .debug_aranges
                0x00000ce8       0x70 .\CortexM3\ARM_GCC_541\Debug\Design01.a(ADC_DelSig_1_Ext_CP_Clk.o)
 .debug_aranges
                0x00000d58       0x80 .\CortexM3\ARM_GCC_541\Debug\Design01.a(ADC_DelSig_1_theACLK.o)
 .debug_aranges
                0x00000dd8       0x58 .\CortexM3\ARM_GCC_541\Debug\Design01.a(VDAC_Ref.o)
 .debug_aranges
                0x00000e30       0x38 .\CortexM3\ARM_GCC_541\Debug\Design01.a(I2C_1.o)
 .debug_aranges
                0x00000e68       0x20 .\CortexM3\ARM_GCC_541\Debug\Design01.a(I2C_1_INT.o)
 .debug_aranges
                0x00000e88       0x80 .\CortexM3\ARM_GCC_541\Debug\Design01.a(I2C_1_MASTER.o)
 .debug_aranges
                0x00000f08       0x88 .\CortexM3\ARM_GCC_541\Debug\Design01.a(CommunicationTimer.o)
 .debug_aranges
                0x00000f90       0x80 .\CortexM3\ARM_GCC_541\Debug\Design01.a(CommunicationInterrupt.o)
 .debug_aranges
                0x00001010       0xa8 .\CortexM3\ARM_GCC_541\Debug\Design01.a(ADC_SAR_1.o)
 .debug_aranges
                0x000010b8       0x20 .\CortexM3\ARM_GCC_541\Debug\Design01.a(ADC_SAR_1_INT.o)
 .debug_aranges
                0x000010d8       0xa8 .\CortexM3\ARM_GCC_541\Debug\Design01.a(ADC_SAR_2.o)
 .debug_aranges
                0x00001180       0x20 .\CortexM3\ARM_GCC_541\Debug\Design01.a(ADC_SAR_2_INT.o)
 .debug_aranges
                0x000011a0       0x80 .\CortexM3\ARM_GCC_541\Debug\Design01.a(ADC_SAR_1_theACLK.o)
 .debug_aranges
                0x00001220       0x80 .\CortexM3\ARM_GCC_541\Debug\Design01.a(ADC_SAR_2_theACLK.o)
 .debug_aranges
                0x000012a0       0x40 .\CortexM3\ARM_GCC_541\Debug\Design01.a(Opamp_1.o)
 .debug_aranges
                0x000012e0       0x20 .\CortexM3\ARM_GCC_541\Debug\Design01.a(CyBootAsmGnu.o)
 .debug_aranges
                0x00001300       0x80 .\CortexM3\ARM_GCC_541\Debug\Design01.a(CyFlash.o)
 .debug_aranges
                0x00001380       0x78 .\CortexM3\ARM_GCC_541\Debug\Design01.a(CySpc.o)
 .debug_aranges
                0x000013f8       0x20 .\CortexM3\ARM_GCC_541\Debug\Design01.a(USBUART_cls.o)
 .debug_aranges