Archive member included to satisfy reference by file (symbol)

.\CortexM3\ARM_GCC_541\Debug\Design01.a(UART_1.o)
                              .\CortexM3\ARM_GCC_541\Debug\main.o (UART_1_Start)
.\CortexM3\ARM_GCC_541\Debug\Design01.a(UART_1_IntClock.o)
                              .\CortexM3\ARM_GCC_541\Debug\Design01.a(UART_1.o) (UART_1_IntClock_Start)
.\CortexM3\ARM_GCC_541\Debug\Design01.a(CyLib.o)
                              .\CortexM3\ARM_GCC_541\Debug\Cm3Start.o (CyHalt)
.\CortexM3\ARM_GCC_541\Debug\Design01.a(cyPm.o)
                              .\CortexM3\ARM_GCC_541\Debug\Design01.a(CyLib.o) (CyPmReadStatus)
.\CortexM3\ARM_GCC_541\Debug\Design01.a(USBUART.o)
                              .\CortexM3\ARM_GCC_541\Debug\main.o (USBUART_Start)
.\CortexM3\ARM_GCC_541\Debug\Design01.a(USBUART_cdc.o)
                              .\CortexM3\ARM_GCC_541\Debug\main.o (USBUART_CDC_Init)
.\CortexM3\ARM_GCC_541\Debug\Design01.a(USBUART_drv.o)
                              .\CortexM3\ARM_GCC_541\Debug\Design01.a(USBUART.o) (USBUART_lastPacketSize)
.\CortexM3\ARM_GCC_541\Debug\Design01.a(USBUART_episr.o)
                              .\CortexM3\ARM_GCC_541\Debug\Design01.a(USBUART.o) (USBUART_EP_1_ISR)
.\CortexM3\ARM_GCC_541\Debug\Design01.a(USBUART_pm.o)
                              .\CortexM3\ARM_GCC_541\Debug\Design01.a(USBUART.o) (USBUART_DP_ISR)
.\CortexM3\ARM_GCC_541\Debug\Design01.a(USBUART_std.o)
                              .\CortexM3\ARM_GCC_541\Debug\Design01.a(USBUART_pm.o) (USBUART_ConfigReg)
.\CortexM3\ARM_GCC_541\Debug\Design01.a(USBUART_vnd.o)
                              .\CortexM3\ARM_GCC_541\Debug\Design01.a(USBUART_drv.o) (USBUART_HandleVendorRqst)
.\CortexM3\ARM_GCC_541\Debug\Design01.a(USBUART_Dp.o)
                              .\CortexM3\ARM_GCC_541\Debug\Design01.a(USBUART.o) (USBUART_Dp_ClearInterrupt)
.\CortexM3\ARM_GCC_541\Debug\Design01.a(ADC_DelSig_1.o)
                              .\CortexM3\ARM_GCC_541\Debug\main.o (ADC_DelSig_1_Start)
.\CortexM3\ARM_GCC_541\Debug\Design01.a(ADC_DelSig_1_INT.o)
                              .\CortexM3\ARM_GCC_541\Debug\Design01.a(ADC_DelSig_1.o) (ADC_DelSig_1_ISR1)
.\CortexM3\ARM_GCC_541\Debug\Design01.a(TIA_1.o)
                              .\CortexM3\ARM_GCC_541\Debug\main.o (TIA_1_Start)
.\CortexM3\ARM_GCC_541\Debug\Design01.a(VDAC_Vgs.o)
                              .\CortexM3\ARM_GCC_541\Debug\main.o (VDAC_Vgs_SetValue)
.\CortexM3\ARM_GCC_541\Debug\Design01.a(VDAC_Vds.o)
                              .\CortexM3\ARM_GCC_541\Debug\main.o (VDAC_Vds_SetValue)
.\CortexM3\ARM_GCC_541\Debug\Design01.a(ADC_DelSig_1_Ext_CP_Clk.o)
                              .\CortexM3\ARM_GCC_541\Debug\Design01.a(ADC_DelSig_1.o) (ADC_DelSig_1_Ext_CP_Clk_SetModeRegister)
.\CortexM3\ARM_GCC_541\Debug\Design01.a(ADC_DelSig_1_theACLK.o)
                              .\CortexM3\ARM_GCC_541\Debug\Design01.a(ADC_DelSig_1.o) (ADC_DelSig_1_theACLK_SetModeRegister)
.\CortexM3\ARM_GCC_541\Debug\Design01.a(VDAC_Ref.o)
                              .\CortexM3\ARM_GCC_541\Debug\main.o (VDAC_Ref_SetValue)
.\CortexM3\ARM_GCC_541\Debug\Design01.a(I2C_1.o)
                              .\CortexM3\ARM_GCC_541\Debug\main.o (I2C_1_Start)
.\CortexM3\ARM_GCC_541\Debug\Design01.a(I2C_1_INT.o)
                              .\CortexM3\ARM_GCC_541\Debug\Design01.a(I2C_1.o) (I2C_1_ISR)
.\CortexM3\ARM_GCC_541\Debug\Design01.a(I2C_1_MASTER.o)
                              .\CortexM3\ARM_GCC_541\Debug\main.o (I2C_1_MasterWriteBuf)
.\CortexM3\ARM_GCC_541\Debug\Design01.a(CommunicationTimer.o)
                              .\CortexM3\ARM_GCC_541\Debug\main.o (CommunicationTimer_ReadStatusRegister)
.\CortexM3\ARM_GCC_541\Debug\Design01.a(CommunicationInterrupt.o)
                              .\CortexM3\ARM_GCC_541\Debug\main.o (CommunicationInterrupt_StartEx)
.\CortexM3\ARM_GCC_541\Debug\Design01.a(ADC_SAR_1.o)
                              .\CortexM3\ARM_GCC_541\Debug\main.o (ADC_SAR_1_Start)
.\CortexM3\ARM_GCC_541\Debug\Design01.a(ADC_SAR_1_INT.o)
                              .\CortexM3\ARM_GCC_541\Debug\Design01.a(ADC_SAR_1.o) (ADC_SAR_1_ISR)
.\CortexM3\ARM_GCC_541\Debug\Design01.a(ADC_SAR_2.o)
                              .\CortexM3\ARM_GCC_541\Debug\main.o (ADC_SAR_2_Start)
.\CortexM3\ARM_GCC_541\Debug\Design01.a(ADC_SAR_2_INT.o)
                              .\CortexM3\ARM_GCC_541\Debug\Design01.a(ADC_SAR_2.o) (ADC_SAR_2_ISR)
.\CortexM3\ARM_GCC_541\Debug\Design01.a(ADC_SAR_1_theACLK.o)
                              .\CortexM3\ARM_GCC_541\Debug\Design01.a(ADC_SAR_1.o) (ADC_SAR_1_theACLK_SetModeRegister)
.\CortexM3\ARM_GCC_541\Debug\Design01.a(ADC_SAR_2_theACLK.o)
                              .\CortexM3\ARM_GCC_541\Debug\Design01.a(ADC_SAR_2.o) (ADC_SAR_2_theACLK_SetModeRegister)
.\CortexM3\ARM_GCC_541\Debug\Design01.a(CyBootAsmGnu.o)
                              .\CortexM3\ARM_GCC_541\Debug\cyfitter_cfg.o (CyDelayCycles)
.\CortexM3\ARM_GCC_541\Debug\Design01.a(CyFlash.o)
[...]
Memory Configuration

Name             Origin             Length             Attributes
rom              0x00000000         0x00040000         xr
ram              0x1fff8000         0x00010000         xrw
*default*        0x00000000         0xffffffff

Linker script and memory map

LOAD c:/program files (x86)/cypress/psoc creator/4.1/psoc creator/import/gnu/arm/5.4.1/bin/../lib/gcc/arm-none-eabi/5.4.1/armv7-m/crti.o
LOAD c:/program files (x86)/cypress/psoc creator/4.1/psoc creator/import/gnu/arm/5.4.1/bin/../lib/gcc/arm-none-eabi/5.4.1/armv7-m/crtbegin.o
LOAD c:/program files (x86)/cypress/psoc creator/4.1/psoc creator/import/gnu/arm/5.4.1/bin/../lib/gcc/arm-none-eabi/5.4.1/../../../../arm-none-eabi/lib/armv7-m/crt0.o
START GROUP
LOAD .\CortexM3\ARM_GCC_541\Debug\main.o
LOAD .\CortexM3\ARM_GCC_541\Debug\cyfitter_cfg.o
LOAD .\CortexM3\ARM_GCC_541\Debug\cymetadata.o
LOAD .\CortexM3\ARM_GCC_541\Debug\Cm3Start.o
LOAD .\CortexM3\ARM_GCC_541\Debug\Design01.a
LOAD C:\Program Files (x86)\Cypress\PSoC Creator\4.1\PSoC Creator\psoc\content\cycomponentlibrary\CyComponentLibrary.cylib\CortexM3\ARM_GCC_541\Debug\CyComponentLibrary.a
END GROUP
START GROUP
LOAD c:/program files (x86)/cypress/psoc creator/4.1/psoc creator/import/gnu/arm/5.4.1/bin/../lib/gcc/arm-none-eabi/5.4.1/armv7-m\libgcc.a
LOAD c:/program files (x86)/cypress/psoc creator/4.1/psoc creator/import/gnu/arm/5.4.1/bin/../lib/gcc/arm-none-eabi/5.4.1/../../../../arm-none-eabi/lib/armv7-m\libg_nano.a
LOAD c:/program files (x86)/cypress/psoc creator/4.1/psoc creator/import/gnu/arm/5.4.1/bin/../lib/gcc/arm-none-eabi/5.4.1/../../../../arm-none-eabi/lib/armv7-m\libc_nano.a
END GROUP
START GROUP
LOAD c:/program files (x86)/cypress/psoc creator/4.1/psoc creator/import/gnu/arm/5.4.1/bin/../lib/gcc/arm-none-eabi/5.4.1/armv7-m\libgcc.a
LOAD c:/program files (x86)/cypress/psoc creator/4.1/psoc creator/import/gnu/arm/5.4.1/bin/../lib/gcc/arm-none-eabi/5.4.1/../../../../arm-none-eabi/lib/armv7-m\libc_nano.a
END GROUP
LOAD c:/program files (x86)/cypress/psoc creator/4.1/psoc creator/import/gnu/arm/5.4.1/bin/../lib/gcc/arm-none-eabi/5.4.1/armv7-m/crtend.o
LOAD c:/program files (x86)/cypress/psoc creator/4.1/psoc creator/import/gnu/arm/5.4.1/bin/../lib/gcc/arm-none-eabi/5.4.1/armv7-m/crtn.o
START GROUP
LOAD c:/program files (x86)/cypress/psoc creator/4.1/psoc creator/import/gnu/arm/5.4.1/bin/../lib/gcc/arm-none-eabi/5.4.1/armv7-m\libgcc.a
LOAD c:/program files (x86)/cypress/psoc creator/4.1/psoc creator/import/gnu/arm/5.4.1/bin/../lib/gcc/arm-none-eabi/5.4.1/../../../../arm-none-eabi/lib/armv7-m\libc.a
LOAD c:/program files (x86)/cypress/psoc creator/4.1/psoc creator/import/gnu/arm/5.4.1/bin/../lib/gcc/arm-none-eabi/5.4.1/../../../../arm-none-eabi/lib/armv7-m\libnosys.a
END GROUP
                0x00000000                CY_APPL_ORIGIN = 0x0
                0x00000100                CY_FLASH_ROW_SIZE = 0x100
                0x00000020                CY_ECC_ROW_SIZE = 0x20
                0x00000000                CY_EE_IN_BTLDR = 0x0
                0x00000000                CY_APPL_LOADABLE = 0x0
                0x00000800                CY_EE_SIZE = 0x800
                0x00000001                CY_APPL_NUM = 0x1
                0x00000001                CY_APPL_MAX = 0x1
                0x00000040                CY_METADATA_SIZE = 0x40
                0x00000000                CY_APPL_LOADABLE = 0x0
                0x00000000                CY_CHECKSUM_EXCLUDE_SIZE = ALIGN (0x0, CY_FLASH_ROW_SIZE)
                [!provide]                PROVIDE (__cy_heap_start, _end)
                0x00000001                PROVIDE (__cy_region_num, ((__cy_regions_end - __cy_regions) / 0x10))
                0x20008000                PROVIDE (__cy_stack, (ORIGIN (ram) + LENGTH (ram)))
                [!provide]                PROVIDE (__cy_heap_end, (__cy_stack - 0x800))

.cybootloader   0x00000000        0x0
 *(.cybootloader)
                0x00000000                appl1_start = CY_APPL_ORIGIN?CY_APPL_ORIGIN:ALIGN (CY_FLASH_ROW_SIZE)
                0x0001ff00                appl2_start = (appl1_start + ALIGN ((((LENGTH (rom) - appl1_start) - (0x2 * CY_FLASH_ROW_SIZE)) / 0x2), CY_FLASH_ROW_SIZE))
                0x00000000                appl_start = (CY_APPL_NUM == 0x1)?appl1_start:appl2_start
                0x00000000                ecc_offset = ((appl_start / CY_FLASH_ROW_SIZE) * CY_ECC_ROW_SIZE)
                0x00000000                ee_offset = (CY_APPL_LOADABLE && ! (CY_EE_IN_BTLDR))?((CY_EE_SIZE / CY_APPL_MAX) * (CY_APPL_NUM - 0x1)):0x0
                0x00000800                ee_size = (CY_APPL_LOADABLE && ! (CY_EE_IN_BTLDR))?(CY_EE_SIZE / CY_APPL_MAX):CY_EE_SIZE
                [!provide]                PROVIDE (CY_ECC_OFFSET, ecc_offset)

.text           0x00000000     0x89e0
 CREATE_OBJECT_SYMBOLS
                0x00000000                PROVIDE (__cy_interrupt_vector, RomVectors)
 *(.romvectors)
 .romvectors    0x00000000       0x10 .\CortexM3\ARM_GCC_541\Debug\Cm3Start.o
                0x00000000                RomVectors
                0x00000001                ASSERT ((. != __cy_interrupt_vector), No interrupt vector)
                0x00000001                ASSERT (CY_APPL_ORIGIN?(SIZEOF (.cybootloader) <= CY_APPL_ORIGIN):0x1, Wrong image location)
                0x00000010                PROVIDE (__cy_reset, Reset)
 *(.text.Reset)
 .text.Reset    0x00000010       0x18 .\CortexM3\ARM_GCC_541\Debug\Cm3Start.o
                0x00000010                Reset
                0x00000001                ASSERT ((. != __cy_reset), No reset code)
 *(.dma_init)
                0x00000001                ASSERT ((((appl_start + .) <= 0x10000) || 0x1), DMA Init must be within the first 64k of flash)
 *(.text .text.* .gnu.linkonce.t.*)
 .text          0x00000028       0x5c c:/program files (x86)/cypress/psoc creator/4.1/psoc creator/import/gnu/arm/5.4.1/bin/../lib/gcc/arm-none-eabi/5.4.1/armv7-m/crtbegin.o
 .text.USBUARTH_Maintain_Configuration
                0x00000084       0x18 .\CortexM3\ARM_GCC_541\Debug\main.o
                0x00000084                USBUARTH_Maintain_Configuration
 .text.USBUARTH_DataIsReady
                0x0000009c       0x20 .\CortexM3\ARM_GCC_541\Debug\main.o
                0x0000009c                USBUARTH_DataIsReady
 .text.CommunicationHandlerISR
                0x000000bc      0x1b0 .\CortexM3\ARM_GCC_541\Debug\main.o
                0x000000bc                CommunicationHandlerISR
 .text.USBUARTH_Send
                0x0000026c       0x50 .\CortexM3\ARM_GCC_541\Debug\main.o
                0x0000026c                USBUARTH_Send
 *fill*         0x000002bc        0x4 
 .text.Update_Selector
                0x000002c0      0x190 .\CortexM3\ARM_GCC_541\Debug\main.o
                0x000002c0                Update_Selector
 .text.Connect_Channel_On_Intermediate
                0x00000450       0x2c .\CortexM3\ARM_GCC_541\Debug\main.o
                0x00000450                Connect_Channel_On_Intermediate
 .text.Connect_Contact_To_Intermediate
                0x0000047c       0x34 .\CortexM3\ARM_GCC_541\Debug\main.o
                0x0000047c                Connect_Contact_To_Intermediate
 .text.Disconnect_Contact_From_Intermediate
                0x000004b0       0x40 .\CortexM3\ARM_GCC_541\Debug\main.o
                0x000004b0                Disconnect_Contact_From_Intermediate
 .text.Disconnect_Contact_From_All_Intermediates
                0x000004f0       0x40 .\CortexM3\ARM_GCC_541\Debug\main.o
                0x000004f0                Disconnect_Contact_From_All_Intermediates
 .text.Disconnect_All_Contacts_From_All_Intermediates
                0x00000530       0x34 .\CortexM3\ARM_GCC_541\Debug\main.o
                0x00000530                Disconnect_All_Contacts_From_All_Intermediates
 .text.Disconnect_All_Contacts_From_Intermediate
                0x00000564       0x2c .\CortexM3\ARM_GCC_541\Debug\main.o
                0x00000564                Disconnect_All_Contacts_From_Intermediate
 .text.Connect_Intermediate
                0x00000590       0x38 .\CortexM3\ARM_GCC_541\Debug\main.o
                0x00000590                Connect_Intermediate
 .text.Connect_Intermediates
                0x000005c8       0x18 .\CortexM3\ARM_GCC_541\Debug\main.o
                0x000005c8                Connect_Intermediates
 .text.ADC_Measure_uV
                0x000005e0       0xb8 .\CortexM3\ARM_GCC_541\Debug\main.o
                0x000005e0                ADC_Measure_uV
 .text.SAR1_Measure_V
                0x00000698       0xb8 .\CortexM3\ARM_GCC_541\Debug\main.o
                0x00000698                SAR1_Measure_V
 .text.SAR2_Measure_V
                0x00000750       0xb8 .\CortexM3\ARM_GCC_541\Debug\main.o
                0x00000750                SAR2_Measure_V
 .text.Measure_Current_Vss
                0x00000808      0x114 .\CortexM3\ARM_GCC_541\Debug\main.o
                0x00000808                Measure_Current_Vss
 *fill*         0x0000091c        0x4 
 .text.At_Compliance
                0x00000920       0x54 .\CortexM3\ARM_GCC_541\Debug\main.o
                0x00000920                At_Compliance
 .text.Handle_Compliance_Breach
                0x00000974       0x68 .\CortexM3\ARM_GCC_541\Debug\main.o
                0x00000974                Handle_Compliance_Breach
 *fill*         0x000009dc        0x4 
 .text.Get_Ref  0x000009e0       0x30 .\CortexM3\ARM_GCC_541\Debug\main.o
                0x000009e0                Get_Ref
 .text.Get_Vgs  0x00000a10       0x48 .\CortexM3\ARM_GCC_541\Debug\main.o
                0x00000a10                Get_Vgs
 .text.Get_Vds  0x00000a58       0x48 .\CortexM3\ARM_GCC_541\Debug\main.o
                0x00000a58                Get_Vds
 .text.Set_Vds_Raw
                0x00000aa0       0x74 .\CortexM3\ARM_GCC_541\Debug\main.o
                0x00000aa0                Set_Vds_Raw
 .text.Set_Vgs_Raw
                0x00000b14       0x74 .\CortexM3\ARM_GCC_541\Debug\main.o
                0x00000b14                Set_Vgs_Raw
 .text.Set_Ref_Raw
                0x00000b88       0x7c .\CortexM3\ARM_GCC_541\Debug\main.o
                0x00000b88                Set_Ref_Raw
 .text.Set_Vds_Rel
                0x00000c04       0x64 .\CortexM3\ARM_GCC_541\Debug\main.o
                0x00000c04                Set_Vds_Rel
 .text.Set_Vgs_Rel
                0x00000c68       0x64 .\CortexM3\ARM_GCC_541\Debug\main.o
                0x00000c68                Set_Vgs_Rel
 *fill*         0x00000ccc        0x4 
 .text.Set_Vgs  0x00000cd0       0x38 .\CortexM3\ARM_GCC_541\Debug\main.o
                0x00000cd0                Set_Vgs
 .text.Set_Vds  0x00000d08       0x38 .\CortexM3\ARM_GCC_541\Debug\main.o
                0x00000d08                Set_Vds
 .text.Set_Vgs_mV
                0x00000d40       0x14 .\CortexM3\ARM_GCC_541\Debug\main.o
                0x00000d40                Set_Vgs_mV
 .text.Set_Vds_mV
                0x00000d54       0x14 .\CortexM3\ARM_GCC_541\Debug\main.o
                0x00000d54                Set_Vds_mV
 .text.Zero_All_DACs
                0x00000d68       0x1c .\CortexM3\ARM_GCC_541\Debug\main.o
                0x00000d68                Zero_All_DACs
 *fill*         0x00000d84        0x4 
 .text.Measure  0x00000d88       0xf8 .\CortexM3\ARM_GCC_541\Debug\main.o
                0x00000d88                Measure
 .text.Measure_Multiple
                0x00000e80       0x1c .\CortexM3\ARM_GCC_541\Debug\main.o
                0x00000e80                Measure_Multiple
 .text.Measure_Sweep
                0x00000e9c       0x2c .\CortexM3\ARM_GCC_541\Debug\main.o
                0x00000e9c                Measure_Sweep
 .text.Measure_Gate_Sweep
                0x00000ec8       0xac .\CortexM3\ARM_GCC_541\Debug\main.o
                0x00000ec8                Measure_Gate_Sweep
 .text.Measure_Wide_Gate_Sweep
                0x00000f74       0x84 .\CortexM3\ARM_GCC_541\Debug\main.o
                0x00000f74                Measure_Wide_Gate_Sweep
 .text.Scan     0x00000ff8       0x90 .\CortexM3\ARM_GCC_541\Debug\main.o
                0x00000ff8                Scan
 .text.Scan_Range
                0x00001088       0xa4 .\CortexM3\ARM_GCC_541\Debug\main.o
                0x00001088                Scan_Range
 .text.main     0x0000112c      0x8d4 .\CortexM3\ARM_GCC_541\Debug\main.o
                0x0000112c                main
 .text.CyClockStartupError
                0x00001a00        0x4 .\CortexM3\ARM_GCC_541\Debug\cyfitter_cfg.o
 .text.cfg_write_bytes32
                0x00001a04       0x34 .\CortexM3\ARM_GCC_541\Debug\cyfitter_cfg.o
 .text.CYMEMZERO
                0x00001a38        0xc .\CortexM3\ARM_GCC_541\Debug\cyfitter_cfg.o
 .text.AnalogSetDefault
                0x00001a44       0xd8 .\CortexM3\ARM_GCC_541\Debug\cyfitter_cfg.o
 .text.CYCONFIGCPY
                0x00001b1c        0x8 .\CortexM3\ARM_GCC_541\Debug\cyfitter_cfg.o
 .text.ClockSetup
                0x00001b24      0x104 .\CortexM3\ARM_GCC_541\Debug\cyfitter_cfg.o
 .text.cyfitter_cfg
                0x00001c28      0x11c .\CortexM3\ARM_GCC_541\Debug\cyfitter_cfg.o
                0x00001c28                cyfitter_cfg
 .text.IntDefaultHandler
                0x00001d44       0x10 .\CortexM3\ARM_GCC_541\Debug\Cm3Start.o
                0x00001d44                IntDefaultHandler
 .text._sbrk    0x00001d54       0x30 .\CortexM3\ARM_GCC_541\Debug\Cm3Start.o
                0x00001d54                _sbrk
 .text.Start_c  0x00001d84       0x4c .\CortexM3\ARM_GCC_541\Debug\Cm3Start.o
                0x00001d84                Start_c
 .text.initialize_psoc
                0x00001dd0       0x68 .\CortexM3\ARM_GCC_541\Debug\Cm3Start.o
                0x00001dd0                initialize_psoc
 .text.UART_1_Init
                0x00001e38       0x28 .\CortexM3\ARM_GCC_541\Debug\Design01.a(UART_1.o)
                0x00001e38                UART_1_Init
 .text.UART_1_Enable
                0x00001e60       0x38 .\CortexM3\ARM_GCC_541\Debug\Design01.a(UART_1.o)
                0x00001e60                UART_1_Enable
 .text.UART_1_Start
                0x00001e98       0x1c .\CortexM3\ARM_GCC_541\Debug\Design01.a(UART_1.o)
                0x00001e98                UART_1_Start
 .text.UART_1_GetChar
                0x00001eb4       0x2c .\CortexM3\ARM_GCC_541\Debug\Design01.a(UART_1.o)
                0x00001eb4                UART_1_GetChar
 .text.UART_1_GetRxBufferSize
                0x00001ee0       0x18 .\CortexM3\ARM_GCC_541\Debug\Design01.a(UART_1.o)
                0x00001ee0                UART_1_GetRxBufferSize
 .text.UART_1_PutChar
                0x00001ef8       0x18 .\CortexM3\ARM_GCC_541\Debug\Design01.a(UART_1.o)
                0x00001ef8                UART_1_PutChar
 .text.UART_1_PutString
                0x00001f10       0x24 .\CortexM3\ARM_GCC_541\Debug\Design01.a(UART_1.o)
                0x00001f10                UART_1_PutString
 .text.UART_1_IntClock_Start
                0x00001f34       0x1c .\CortexM3\ARM_GCC_541\Debug\Design01.a(UART_1_IntClock.o)
                0x00001f34                UART_1_IntClock_Start
 .text.CyHalt   0x00001f50        0x4 .\CortexM3\ARM_GCC_541\Debug\Design01.a(CyLib.o)
                0x00001f50                CyHalt
 .text.CyDelay  0x00001f54       0x2c .\CortexM3\ARM_GCC_541\Debug\Design01.a(CyLib.o)
                0x00001f54                CyDelay
 .text.CyDelayUs
                0x00001f80       0x14 .\CortexM3\ARM_GCC_541\Debug\Design01.a(CyLib.o)
                0x00001f80                CyDelayUs
 .text.CyIntSetVector
                0x00001f94       0x28 .\CortexM3\ARM_GCC_541\Debug\Design01.a(CyLib.o)
                0x00001f94                CyIntSetVector
 .text.CyIntSetPriority
                0x00001fbc       0x30 .\CortexM3\ARM_GCC_541\Debug\Design01.a(CyLib.o)
                0x00001fbc                CyIntSetPriority
 .text.CyGetUniqueId
                0x00001fec       0x70 .\CortexM3\ARM_GCC_541\Debug\Design01.a(CyLib.o)
                0x00001fec                CyGetUniqueId
 .text.USBUART_Init
                0x0000205c      0x140 .\CortexM3\ARM_GCC_541\Debug\Design01.a(USBUART.o)
                0x0000205c                USBUART_Init
 .text.USBUART_InitComponent
                0x0000219c       0xb8 .\CortexM3\ARM_GCC_541\Debug\Design01.a(USBUART.o)
                0x0000219c                USBUART_InitComponent
 .text.USBUART_Start
                0x00002254       0x24 .\CortexM3\ARM_GCC_541\Debug\Design01.a(USBUART.o)
                0x00002254                USBUART_Start
 .text.USBUART_ReInitComponent
                0x00002278       0x4c .\CortexM3\ARM_GCC_541\Debug\Design01.a(USBUART.o)
                0x00002278                USBUART_ReInitComponent
 .text.USBUART_GetConfiguration
                0x000022c4        0xc .\CortexM3\ARM_GCC_541\Debug\Design01.a(USBUART.o)
                0x000022c4                USBUART_GetConfiguration
 .text.USBUART_IsConfigurationChanged
                0x000022d0       0x20 .\CortexM3\ARM_GCC_541\Debug\Design01.a(USBUART.o)
                0x000022d0                USBUART_IsConfigurationChanged
 .text.USBUART_GetEPState
                0x000022f0       0x14 .\CortexM3\ARM_GCC_541\Debug\Design01.a(USBUART.o)
                0x000022f0                USBUART_GetEPState
 .text.USBUART_GetEPCount
                0x00002304       0x28 .\CortexM3\ARM_GCC_541\Debug\Design01.a(USBUART.o)
                0x00002304                USBUART_GetEPCount
 .text.USBUART_LoadInEP
                0x0000232c       0x94 .\CortexM3\ARM_GCC_541\Debug\Design01.a(USBUART.o)
                0x0000232c                USBUART_LoadInEP
 .text.USBUART_EnableOutEP
                0x000023c0       0x2c .\CortexM3\ARM_GCC_541\Debug\Design01.a(USBUART.o)
                0x000023c0                USBUART_EnableOutEP
 .text.USBUART_ReadOutEP
                0x000023ec       0x50 .\CortexM3\ARM_GCC_541\Debug\Design01.a(USBUART.o)
                0x000023ec                USBUART_ReadOutEP
 .text.USBUART_GetInterfaceComPort
                0x0000243c       0x38 .\CortexM3\ARM_GCC_541\Debug\Design01.a(USBUART_cdc.o)
                0x0000243c                USBUART_GetInterfaceComPort
 .text.USBUART_DispatchCDCClassRqst
                0x00002474       0x98 .\CortexM3\ARM_GCC_541\Debug\Design01.a(USBUART_cdc.o)
                0x00002474                USBUART_DispatchCDCClassRqst
 .text.USBUART_CDC_Init
                0x0000250c       0x98 .\CortexM3\ARM_GCC_541\Debug\Design01.a(USBUART_cdc.o)
                0x0000250c                USBUART_CDC_Init
 .text.USBUART_PutData
                0x000025a4       0x50 .\CortexM3\ARM_GCC_541\Debug\Design01.a(USBUART_cdc.o)
                0x000025a4                USBUART_PutData
 .text.USBUART_DataIsReady
                0x000025f4       0x18 .\CortexM3\ARM_GCC_541\Debug\Design01.a(USBUART_cdc.o)
                0x000025f4                USBUART_DataIsReady
 .text.USBUART_CDCIsReady
                0x0000260c       0x18 .\CortexM3\ARM_GCC_541\Debug\Design01.a(USBUART_cdc.o)
                0x0000260c                USBUART_CDCIsReady
 .text.USBUART_GetAll
                0x00002624       0x30 .\CortexM3\ARM_GCC_541\Debug\Design01.a(USBUART_cdc.o)
                0x00002624                USBUART_GetAll
 .text.USBUART_Cdc_EpInit
                0x00002654       0x50 .\CortexM3\ARM_GCC_541\Debug\Design01.a(USBUART_cdc.o)
                0x00002654                USBUART_Cdc_EpInit
 .text.USBUART_LoadEP0
                0x000026a4       0x98 .\CortexM3\ARM_GCC_541\Debug\Design01.a(USBUART_drv.o)
                0x000026a4                USBUART_LoadEP0
 .text.USBUART_InitZeroLengthControlTransfer
                0x0000273c       0x34 .\CortexM3\ARM_GCC_541\Debug\Design01.a(USBUART_drv.o)
                0x0000273c                USBUART_InitZeroLengthControlTransfer
 .text.USBUART_ControlReadDataStage
                0x00002770        0x8 .\CortexM3\ARM_GCC_541\Debug\Design01.a(USBUART_drv.o)
                0x00002770                USBUART_ControlReadDataStage
 .text.USBUART_ControlWriteDataStage
                0x00002778       0x84 .\CortexM3\ARM_GCC_541\Debug\Design01.a(USBUART_drv.o)
                0x00002778                USBUART_ControlWriteDataStage
 .text.USBUART_InitNoDataControlTransfer
                0x000027fc       0x2c .\CortexM3\ARM_GCC_541\Debug\Design01.a(USBUART_drv.o)
                0x000027fc                USBUART_InitNoDataControlTransfer
 .text.USBUART_UpdateStatusBlock
                0x00002828       0x24 .\CortexM3\ARM_GCC_541\Debug\Design01.a(USBUART_drv.o)
                0x00002828                USBUART_UpdateStatusBlock
 .text.USBUART_HandleSetup
                0x0000284c       0x5c .\CortexM3\ARM_GCC_541\Debug\Design01.a(USBUART_drv.o)
                0x0000284c                USBUART_HandleSetup
 .text.USBUART_ControlReadStatusStage
                0x000028a8       0x38 .\CortexM3\ARM_GCC_541\Debug\Design01.a(USBUART_drv.o)
                0x000028a8                USBUART_ControlReadStatusStage
 .text.USBUART_HandleOUT
                0x000028e0       0x38 .\CortexM3\ARM_GCC_541\Debug\Design01.a(USBUART_drv.o)
                0x000028e0                USBUART_HandleOUT
 .text.USBUART_ControlWriteStatusStage
                0x00002918       0x20 .\CortexM3\ARM_GCC_541\Debug\Design01.a(USBUART_drv.o)
                0x00002918                USBUART_ControlWriteStatusStage
 .text.USBUART_NoDataControlStatusStage
                0x00002938       0x40 .\CortexM3\ARM_GCC_541\Debug\Design01.a(USBUART_drv.o)
                0x00002938                USBUART_NoDataControlStatusStage
 .text.USBUART_HandleIN
                0x00002978       0x2c .\CortexM3\ARM_GCC_541\Debug\Design01.a(USBUART_drv.o)
                0x00002978                USBUART_HandleIN
 .text.USBUART_EP_0_ISR
                0x000029a4       0xb8 .\CortexM3\ARM_GCC_541\Debug\Design01.a(USBUART_drv.o)
                0x000029a4                USBUART_EP_0_ISR
 .text.USBUART_InitializeStatusBlock
                0x00002a5c       0x24 .\CortexM3\ARM_GCC_541\Debug\Design01.a(USBUART_drv.o)
                0x00002a5c                USBUART_InitializeStatusBlock
 .text.USBUART_InitControlRead
                0x00002a80       0x50 .\CortexM3\ARM_GCC_541\Debug\Design01.a(USBUART_drv.o)
                0x00002a80                USBUART_InitControlRead
 .text.USBUART_InitControlWrite
                0x00002ad0       0x48 .\CortexM3\ARM_GCC_541\Debug\Design01.a(USBUART_drv.o)
                0x00002ad0                USBUART_InitControlWrite
 .text.USBUART_EP_1_ISR
                0x00002b18       0x30 .\CortexM3\ARM_GCC_541\Debug\Design01.a(USBUART_episr.o)
                0x00002b18                USBUART_EP_1_ISR
 .text.USBUART_EP_2_ISR
                0x00002b48       0x34 .\CortexM3\ARM_GCC_541\Debug\Design01.a(USBUART_episr.o)
                0x00002b48                USBUART_EP_2_ISR
 .text.USBUART_EP_3_ISR
                0x00002b7c       0x3c .\CortexM3\ARM_GCC_541\Debug\Design01.a(USBUART_episr.o)
                0x00002b7c                USBUART_EP_3_ISR
 .text.USBUART_SOF_ISR
                0x00002bb8        0x4 .\CortexM3\ARM_GCC_541\Debug\Design01.a(USBUART_episr.o)
                0x00002bb8                USBUART_SOF_ISR
 .text.USBUART_BUS_RESET_ISR
                0x00002bbc        0x8 .\CortexM3\ARM_GCC_541\Debug\Design01.a(USBUART_episr.o)
                0x00002bbc                USBUART_BUS_RESET_ISR
 .text.USBUART_DP_ISR
                0x00002bc4        0x8 .\CortexM3\ARM_GCC_541\Debug\Design01.a(USBUART_pm.o)
                0x00002bc4                USBUART_DP_ISR
 .text.USBUART_ReadDieID
                0x00002bcc       0x6c .\CortexM3\ARM_GCC_541\Debug\Design01.a(USBUART_std.o)
                0x00002bcc                USBUART_ReadDieID
 .text.USBUART_ConfigReg
                0x00002c38       0xa4 .\CortexM3\ARM_GCC_541\Debug\Design01.a(USBUART_std.o)
                0x00002c38                USBUART_ConfigReg
 .text.USBUART_GetConfigTablePtr
                0x00002cdc       0x28 .\CortexM3\ARM_GCC_541\Debug\Design01.a(USBUART_std.o)
                0x00002cdc                USBUART_GetConfigTablePtr
 .text.USBUART_ConfigAltChanged
                0x00002d04      0x11c .\CortexM3\ARM_GCC_541\Debug\Design01.a(USBUART_std.o)
                0x00002d04                USBUART_ConfigAltChanged
 .text.USBUART_GetDeviceTablePtr
                0x00002e20       0x18 .\CortexM3\ARM_GCC_541\Debug\Design01.a(USBUART_std.o)
                0x00002e20                USBUART_GetDeviceTablePtr
 .text.USBUART_GetInterfaceClassTablePtr
                0x00002e38       0x28 .\CortexM3\ARM_GCC_541\Debug\Design01.a(USBUART_std.o)
                0x00002e38                USBUART_GetInterfaceClassTablePtr
 .text.USBUART_Config
                0x00002e60      0x1ec .\CortexM3\ARM_GCC_541\Debug\Design01.a(USBUART_std.o)
                0x00002e60                USBUART_Config
 .text.USBUART_SetEndpointHalt
                0x0000304c       0x64 .\CortexM3\ARM_GCC_541\Debug\Design01.a(USBUART_std.o)
                0x0000304c                USBUART_SetEndpointHalt
 .text.USBUART_ClearEndpointHalt
                0x000030b0       0xac .\CortexM3\ARM_GCC_541\Debug\Design01.a(USBUART_std.o)
                0x000030b0                USBUART_ClearEndpointHalt
 .text.USBUART_ValidateAlternateSetting
                0x0000315c       0x4c .\CortexM3\ARM_GCC_541\Debug\Design01.a(USBUART_std.o)
                0x0000315c                USBUART_ValidateAlternateSetting
 .text.USBUART_HandleStandardRqst
                0x000031a8      0x354 .\CortexM3\ARM_GCC_541\Debug\Design01.a(USBUART_std.o)
                0x000031a8                USBUART_HandleStandardRqst
 .text.USBUART_HandleVendorRqst
                0x000034fc       0x18 .\CortexM3\ARM_GCC_541\Debug\Design01.a(USBUART_vnd.o)
                0x000034fc                USBUART_HandleVendorRqst
 .text.USBUART_Dp_ClearInterrupt
                0x00003514       0x10 .\CortexM3\ARM_GCC_541\Debug\Design01.a(USBUART_Dp.o)
                0x00003514                USBUART_Dp_ClearInterrupt
 .text.ADC_DelSig_1_GainCompensation
                0x00003524       0xe0 .\CortexM3\ARM_GCC_541\Debug\Design01.a(ADC_DelSig_1.o)
 .text.ADC_DelSig_1_SetDSMRef0Reg
                0x00003604       0x4c .\CortexM3\ARM_GCC_541\Debug\Design01.a(ADC_DelSig_1.o)
 .text.ADC_DelSig_1_InitConfig
                0x00003650      0x31c .\CortexM3\ARM_GCC_541\Debug\Design01.a(ADC_DelSig_1.o)
 .text.ADC_DelSig_1_Init
                0x0000396c      0x108 .\CortexM3\ARM_GCC_541\Debug\Design01.a(ADC_DelSig_1.o)
                0x0000396c                ADC_DelSig_1_Init
 .text.ADC_DelSig_1_Enable
                0x00003a74       0xd8 .\CortexM3\ARM_GCC_541\Debug\Design01.a(ADC_DelSig_1.o)
                0x00003a74                ADC_DelSig_1_Enable
 .text.ADC_DelSig_1_Start
                0x00003b4c       0x28 .\CortexM3\ARM_GCC_541\Debug\Design01.a(ADC_DelSig_1.o)
                0x00003b4c                ADC_DelSig_1_Start
 .text.ADC_DelSig_1_StartConvert
                0x00003b74       0x10 .\CortexM3\ARM_GCC_541\Debug\Design01.a(ADC_DelSig_1.o)
                0x00003b74                ADC_DelSig_1_StartConvert
 .text.ADC_DelSig_1_IsEndConversion
                0x00003b84       0x30 .\CortexM3\ARM_GCC_541\Debug\Design01.a(ADC_DelSig_1.o)
                0x00003b84                ADC_DelSig_1_IsEndConversion
 .text.ADC_DelSig_1_GetResult32
                0x00003bb4       0x6c .\CortexM3\ARM_GCC_541\Debug\Design01.a(ADC_DelSig_1.o)
                0x00003bb4                ADC_DelSig_1_GetResult32
 .text.ADC_DelSig_1_CountsTo_uVolts
                0x00003c20       0x4c .\CortexM3\ARM_GCC_541\Debug\Design01.a(ADC_DelSig_1.o)
                0x00003c20                ADC_DelSig_1_CountsTo_uVolts
 .text.ADC_DelSig_1_ISR1
                0x00003c6c        0x4 .\CortexM3\ARM_GCC_541\Debug\Design01.a(ADC_DelSig_1_INT.o)
                0x00003c6c                ADC_DelSig_1_ISR1
 .text.ADC_DelSig_1_ISR2
                0x00003c70        0x4 .\CortexM3\ARM_GCC_541\Debug\Design01.a(ADC_DelSig_1_INT.o)
                0x00003c70                ADC_DelSig_1_ISR2
 .text.ADC_DelSig_1_ISR3
                0x00003c74        0x4 .\CortexM3\ARM_GCC_541\Debug\Design01.a(ADC_DelSig_1_INT.o)
                0x00003c74                ADC_DelSig_1_ISR3
 .text.ADC_DelSig_1_ISR4
                0x00003c78        0x4 .\CortexM3\ARM_GCC_541\Debug\Design01.a(ADC_DelSig_1_INT.o)
                0x00003c78                ADC_DelSig_1_ISR4
 .text.TIA_1_Enable
                0x00003c7c       0x28 .\CortexM3\ARM_GCC_541\Debug\Design01.a(TIA_1.o)
                0x00003c7c                TIA_1_Enable
 .text.TIA_1_SetPower
                0x00003ca4       0x18 .\CortexM3\ARM_GCC_541\Debug\Design01.a(TIA_1.o)
                0x00003ca4                TIA_1_SetPower
 .text.TIA_1_SetResFB
                0x00003cbc       0x20 .\CortexM3\ARM_GCC_541\Debug\Design01.a(TIA_1.o)
                0x00003cbc                TIA_1_SetResFB
 .text.TIA_1_SetCapFB
                0x00003cdc       0x20 .\CortexM3\ARM_GCC_541\Debug\Design01.a(TIA_1.o)
                0x00003cdc                TIA_1_SetCapFB
 .text.TIA_1_Init
                0x00003cfc       0x2c .\CortexM3\ARM_GCC_541\Debug\Design01.a(TIA_1.o)
                0x00003cfc                TIA_1_Init
 .text.TIA_1_Start
                0x00003d28       0x1c .\CortexM3\ARM_GCC_541\Debug\Design01.a(TIA_1.o)
                0x00003d28                TIA_1_Start
 .text.VDAC_Vgs_Enable
                0x00003d44       0x1c .\CortexM3\ARM_GCC_541\Debug\Design01.a(VDAC_Vgs.o)
                0x00003d44                VDAC_Vgs_Enable
 .text.VDAC_Vgs_SetSpeed
                0x00003d60       0x1c .\CortexM3\ARM_GCC_541\Debug\Design01.a(VDAC_Vgs.o)
                0x00003d60                VDAC_Vgs_SetSpeed
 .text.VDAC_Vgs_SetValue
                0x00003d7c        0xc .\CortexM3\ARM_GCC_541\Debug\Design01.a(VDAC_Vgs.o)
                0x00003d7c                VDAC_Vgs_SetValue
 .text.VDAC_Vgs_DacTrim
                0x00003d88       0x24 .\CortexM3\ARM_GCC_541\Debug\Design01.a(VDAC_Vgs.o)
                0x00003d88                VDAC_Vgs_DacTrim
 .text.VDAC_Vgs_SetRange
                0x00003dac       0x20 .\CortexM3\ARM_GCC_541\Debug\Design01.a(VDAC_Vgs.o)
                0x00003dac                VDAC_Vgs_SetRange
 .text.VDAC_Vgs_Init
                0x00003dcc       0x20 .\CortexM3\ARM_GCC_541\Debug\Design01.a(VDAC_Vgs.o)
                0x00003dcc                VDAC_Vgs_Init
 .text.VDAC_Vgs_Start
                0x00003dec       0x24 .\CortexM3\ARM_GCC_541\Debug\Design01.a(VDAC_Vgs.o)
                0x00003dec                VDAC_Vgs_Start
 .text.VDAC_Vds_Enable
                0x00003e10       0x1c .\CortexM3\ARM_GCC_541\Debug\Design01.a(VDAC_Vds.o)
                0x00003e10                VDAC_Vds_Enable
 .text.VDAC_Vds_SetSpeed
                0x00003e2c       0x1c .\CortexM3\ARM_GCC_541\Debug\Design01.a(VDAC_Vds.o)
                0x00003e2c                VDAC_Vds_SetSpeed
 .text.VDAC_Vds_SetValue
                0x00003e48        0xc .\CortexM3\ARM_GCC_541\Debug\Design01.a(VDAC_Vds.o)
                0x00003e48                VDAC_Vds_SetValue
 .text.VDAC_Vds_DacTrim
                0x00003e54       0x24 .\CortexM3\ARM_GCC_541\Debug\Design01.a(VDAC_Vds.o)
                0x00003e54                VDAC_Vds_DacTrim
 .text.VDAC_Vds_SetRange
                0x00003e78       0x20 .\CortexM3\ARM_GCC_541\Debug\Design01.a(VDAC_Vds.o)
                0x00003e78                VDAC_Vds_SetRange
 .text.VDAC_Vds_Init
                0x00003e98       0x20 .\CortexM3\ARM_GCC_541\Debug\Design01.a(VDAC_Vds.o)
                0x00003e98                VDAC_Vds_Init
 .text.VDAC_Vds_Start
                0x00003eb8       0x24 .\CortexM3\ARM_GCC_541\Debug\Design01.a(VDAC_Vds.o)
                0x00003eb8                VDAC_Vds_Start
 .text.ADC_DelSig_1_Ext_CP_Clk_GetDividerRegister
                0x00003edc        0xc .\CortexM3\ARM_GCC_541\Debug\Design01.a(ADC_DelSig_1_Ext_CP_Clk.o)
                0x00003edc                ADC_DelSig_1_Ext_CP_Clk_GetDividerRegister
 .text.ADC_DelSig_1_Ext_CP_Clk_SetModeRegister
                0x00003ee8       0x14 .\CortexM3\ARM_GCC_541\Debug\Design01.a(ADC_DelSig_1_Ext_CP_Clk.o)
                0x00003ee8                ADC_DelSig_1_Ext_CP_Clk_SetModeRegister
 .text.ADC_DelSig_1_Ext_CP_Clk_GetSourceRegister
                0x00003efc       0x10 .\CortexM3\ARM_GCC_541\Debug\Design01.a(ADC_DelSig_1_Ext_CP_Clk.o)
                0x00003efc                ADC_DelSig_1_Ext_CP_Clk_GetSourceRegister
 .text.ADC_DelSig_1_Ext_CP_Clk_SetDividerRegister
                0x00003f0c       0xd8 .\CortexM3\ARM_GCC_541\Debug\Design01.a(ADC_DelSig_1_Ext_CP_Clk.o)
                0x00003f0c                ADC_DelSig_1_Ext_CP_Clk_SetDividerRegister
 .text.ADC_DelSig_1_theACLK_GetDividerRegister
                0x00003fe4        0xc .\CortexM3\ARM_GCC_541\Debug\Design01.a(ADC_DelSig_1_theACLK.o)
                0x00003fe4                ADC_DelSig_1_theACLK_GetDividerRegister
 .text.ADC_DelSig_1_theACLK_SetModeRegister
                0x00003ff0       0x14 .\CortexM3\ARM_GCC_541\Debug\Design01.a(ADC_DelSig_1_theACLK.o)
                0x00003ff0                ADC_DelSig_1_theACLK_SetModeRegister
 .text.ADC_DelSig_1_theACLK_GetSourceRegister
                0x00004004       0x10 .\CortexM3\ARM_GCC_541\Debug\Design01.a(ADC_DelSig_1_theACLK.o)
                0x00004004                ADC_DelSig_1_theACLK_GetSourceRegister
 .text.ADC_DelSig_1_theACLK_SetDividerRegister
                0x00004014       0xdc .\CortexM3\ARM_GCC_541\Debug\Design01.a(ADC_DelSig_1_theACLK.o)
                0x00004014                ADC_DelSig_1_theACLK_SetDividerRegister
 .text.VDAC_Ref_Enable
                0x000040f0       0x1c .\CortexM3\ARM_GCC_541\Debug\Design01.a(VDAC_Ref.o)
                0x000040f0                VDAC_Ref_Enable
 .text.VDAC_Ref_SetSpeed
                0x0000410c       0x1c .\CortexM3\ARM_GCC_541\Debug\Design01.a(VDAC_Ref.o)
                0x0000410c                VDAC_Ref_SetSpeed
 .text.VDAC_Ref_SetValue
                0x00004128        0xc .\CortexM3\ARM_GCC_541\Debug\Design01.a(VDAC_Ref.o)
                0x00004128                VDAC_Ref_SetValue
 .text.VDAC_Ref_DacTrim
                0x00004134       0x24 .\CortexM3\ARM_GCC_541\Debug\Design01.a(VDAC_Ref.o)
                0x00004134                VDAC_Ref_DacTrim
 .text.VDAC_Ref_SetRange
                0x00004158       0x20 .\CortexM3\ARM_GCC_541\Debug\Design01.a(VDAC_Ref.o)
                0x00004158                VDAC_Ref_SetRange
 .text.VDAC_Ref_Init
                0x00004178       0x20 .\CortexM3\ARM_GCC_541\Debug\Design01.a(VDAC_Ref.o)
                0x00004178                VDAC_Ref_Init
 .text.VDAC_Ref_Start
                0x00004198       0x24 .\CortexM3\ARM_GCC_541\Debug\Design01.a(VDAC_Ref.o)
                0x00004198                VDAC_Ref_Start
 .text.I2C_1_Init
                0x000041bc       0x7c .\CortexM3\ARM_GCC_541\Debug\Design01.a(I2C_1.o)
                0x000041bc                I2C_1_Init
 .text.I2C_1_Enable
                0x00004238       0x10 .\CortexM3\ARM_GCC_541\Debug\Design01.a(I2C_1.o)
                0x00004238                I2C_1_Enable
 .text.I2C_1_Start
                0x00004248       0x28 .\CortexM3\ARM_GCC_541\Debug\Design01.a(I2C_1.o)
                0x00004248                I2C_1_Start
 .text.I2C_1_Stop
                0x00004270       0x40 .\CortexM3\ARM_GCC_541\Debug\Design01.a(I2C_1.o)
                0x00004270                I2C_1_Stop
 .text.I2C_1_ISR
                0x000042b0      0x328 .\CortexM3\ARM_GCC_541\Debug\Design01.a(I2C_1_INT.o)
                0x000042b0                I2C_1_ISR
 .text.I2C_1_MasterWriteBuf
                0x000045d8       0xdc .\CortexM3\ARM_GCC_541\Debug\Design01.a(I2C_1_MASTER.o)
                0x000045d8                I2C_1_MasterWriteBuf
 .text.I2C_1_MasterStatus
                0x000046b4       0x30 .\CortexM3\ARM_GCC_541\Debug\Design01.a(I2C_1_MASTER.o)
                0x000046b4                I2C_1_MasterStatus
 .text.I2C_1_MasterClearStatus
                0x000046e4       0x20 .\CortexM3\ARM_GCC_541\Debug\Design01.a(I2C_1_MASTER.o)
                0x000046e4                I2C_1_MasterClearStatus
 .text.CommunicationTimer_Enable
                0x00004704       0x28 .\CortexM3\ARM_GCC_541\Debug\Design01.a(CommunicationTimer.o)
                0x00004704                CommunicationTimer_Enable
 .text.CommunicationTimer_SetInterruptMode
                0x0000472c        0xc .\CortexM3\ARM_GCC_541\Debug\Design01.a(CommunicationTimer.o)
                0x0000472c                CommunicationTimer_SetInterruptMode
 .text.CommunicationTimer_ReadStatusRegister
                0x00004738        0xc .\CortexM3\ARM_GCC_541\Debug\Design01.a(CommunicationTimer.o)
                0x00004738                CommunicationTimer_ReadStatusRegister
 .text.CommunicationTimer_WritePeriod
                0x00004744        0xc .\CortexM3\ARM_GCC_541\Debug\Design01.a(CommunicationTimer.o)
                0x00004744                CommunicationTimer_WritePeriod
 .text.CommunicationTimer_WriteCounter
                0x00004750        0xc .\CortexM3\ARM_GCC_541\Debug\Design01.a(CommunicationTimer.o)
                0x00004750                CommunicationTimer_WriteCounter
 .text.CommunicationTimer_Init
                0x0000475c       0x64 .\CortexM3\ARM_GCC_541\Debug\Design01.a(CommunicationTimer.o)
                0x0000475c                CommunicationTimer_Init
 .text.CommunicationTimer_Start
                0x000047c0       0x1c .\CortexM3\ARM_GCC_541\Debug\Design01.a(CommunicationTimer.o)
                0x000047c0                CommunicationTimer_Start
 .text.CommunicationInterrupt_SetVector
                0x000047dc       0x10 .\CortexM3\ARM_GCC_541\Debug\Design01.a(CommunicationInterrupt.o)
                0x000047dc                CommunicationInterrupt_SetVector
 .text.CommunicationInterrupt_SetPriority
                0x000047ec       0x10 .\CortexM3\ARM_GCC_541\Debug\Design01.a(CommunicationInterrupt.o)
                0x000047ec                CommunicationInterrupt_SetPriority
 .text.CommunicationInterrupt_Enable
                0x000047fc       0x10 .\CortexM3\ARM_GCC_541\Debug\Design01.a(CommunicationInterrupt.o)
                0x000047fc                CommunicationInterrupt_Enable
 .text.CommunicationInterrupt_Disable
                0x0000480c       0x10 .\CortexM3\ARM_GCC_541\Debug\Design01.a(CommunicationInterrupt.o)
                0x0000480c                CommunicationInterrupt_Disable
 .text.CommunicationInterrupt_StartEx
                0x0000481c       0x1c .\CortexM3\ARM_GCC_541\Debug\Design01.a(CommunicationInterrupt.o)
                0x0000481c                CommunicationInterrupt_StartEx
 .text.CommunicationInterrupt_ClearPending
                0x00004838       0x10 .\CortexM3\ARM_GCC_541\Debug\Design01.a(CommunicationInterrupt.o)
                0x00004838                CommunicationInterrupt_ClearPending
 .text.ADC_SAR_1_CalcGain
                0x00004848       0x68 .\CortexM3\ARM_GCC_541\Debug\Design01.a(ADC_SAR_1.o)
 .text.ADC_SAR_1_Enable
                0x000048b0       0x94 .\CortexM3\ARM_GCC_541\Debug\Design01.a(ADC_SAR_1.o)
                0x000048b0                ADC_SAR_1_Enable
 .text.ADC_SAR_1_SetResolution
                0x00004944       0x38 .\CortexM3\ARM_GCC_541\Debug\Design01.a(ADC_SAR_1.o)
                0x00004944                ADC_SAR_1_SetResolution
 .text.ADC_SAR_1_Init
                0x0000497c       0x3c .\CortexM3\ARM_GCC_541\Debug\Design01.a(ADC_SAR_1.o)
                0x0000497c                ADC_SAR_1_Init
 .text.ADC_SAR_1_Start
                0x000049b8       0x1c .\CortexM3\ARM_GCC_541\Debug\Design01.a(ADC_SAR_1.o)
                0x000049b8                ADC_SAR_1_Start
 .text.ADC_SAR_1_StartConvert
                0x000049d4       0x10 .\CortexM3\ARM_GCC_541\Debug\Design01.a(ADC_SAR_1.o)
                0x000049d4                ADC_SAR_1_StartConvert
 .text.ADC_SAR_1_IsEndConversion
                0x000049e4       0x24 .\CortexM3\ARM_GCC_541\Debug\Design01.a(ADC_SAR_1.o)
                0x000049e4                ADC_SAR_1_IsEndConversion
 .text.ADC_SAR_1_GetResult16
                0x00004a08       0x18 .\CortexM3\ARM_GCC_541\Debug\Design01.a(ADC_SAR_1.o)
                0x00004a08                ADC_SAR_1_GetResult16
 .text.ADC_SAR_1_CountsTo_uVolts
                0x00004a20       0x48 .\CortexM3\ARM_GCC_541\Debug\Design01.a(ADC_SAR_1.o)
                0x00004a20                ADC_SAR_1_CountsTo_uVolts
 .text.ADC_SAR_1_ISR
                0x00004a68        0x4 .\CortexM3\ARM_GCC_541\Debug\Design01.a(ADC_SAR_1_INT.o)
                0x00004a68                ADC_SAR_1_ISR
 .text.ADC_SAR_2_CalcGain
                0x00004a6c       0x68 .\CortexM3\ARM_GCC_541\Debug\Design01.a(ADC_SAR_2.o)
 .text.ADC_SAR_2_Enable
                0x00004ad4       0x94 .\CortexM3\ARM_GCC_541\Debug\Design01.a(ADC_SAR_2.o)
                0x00004ad4                ADC_SAR_2_Enable
 .text.ADC_SAR_2_SetResolution
                0x00004b68       0x38 .\CortexM3\ARM_GCC_541\Debug\Design01.a(ADC_SAR_2.o)
                0x00004b68                ADC_SAR_2_SetResolution
 .text.ADC_SAR_2_Init
                0x00004ba0       0x3c .\CortexM3\ARM_GCC_541\Debug\Design01.a(ADC_SAR_2.o)
                0x00004ba0                ADC_SAR_2_Init
 .text.ADC_SAR_2_Start
                0x00004bdc       0x1c .\CortexM3\ARM_GCC_541\Debug\Design01.a(ADC_SAR_2.o)
                0x00004bdc                ADC_SAR_2_Start
 .text.ADC_SAR_2_StartConvert
                0x00004bf8       0x10 .\CortexM3\ARM_GCC_541\Debug\Design01.a(ADC_SAR_2.o)
                0x00004bf8                ADC_SAR_2_StartConvert
 .text.ADC_SAR_2_IsEndConversion
                0x00004c08       0x24 .\CortexM3\ARM_GCC_541\Debug\Design01.a(ADC_SAR_2.o)
                0x00004c08                ADC_SAR_2_IsEndConversion
 .text.ADC_SAR_2_GetResult16
                0x00004c2c       0x18 .\CortexM3\ARM_GCC_541\Debug\Design01.a(ADC_SAR_2.o)
                0x00004c2c                ADC_SAR_2_GetResult16
 .text.ADC_SAR_2_CountsTo_uVolts
                0x00004c44       0x48 .\CortexM3\ARM_GCC_541\Debug\Design01.a(ADC_SAR_2.o)
                0x00004c44                ADC_SAR_2_CountsTo_uVolts
 .text.ADC_SAR_2_ISR
                0x00004c8c        0x4 .\CortexM3\ARM_GCC_541\Debug\Design01.a(ADC_SAR_2_INT.o)
                0x00004c8c                ADC_SAR_2_ISR
 .text.ADC_SAR_1_theACLK_SetModeRegister
                0x00004c90       0x14 .\CortexM3\ARM_GCC_541\Debug\Design01.a(ADC_SAR_1_theACLK.o)
                0x00004c90                ADC_SAR_1_theACLK_SetModeRegister
 .text.ADC_SAR_2_theACLK_SetModeRegister
                0x00004ca4       0x14 .\CortexM3\ARM_GCC_541\Debug\Design01.a(ADC_SAR_2_theACLK.o)
                0x00004ca4                ADC_SAR_2_theACLK_SetModeRegister
 .text          0x00004cb8       0x20 .\CortexM3\ARM_GCC_541\Debug\Design01.a(CyBootAsmGnu.o)
                0x00004cb8                CyDelayCycles
                0x00004cc8                CyEnterCriticalSection
                0x00004cd0                CyExitCriticalSection
 .text.USBUART_DispatchClassRqst
                0x00004cd8       0x60 .\CortexM3\ARM_GCC_541\Debug\Design01.a(USBUART_cls.o)
                0x00004cd8                USBUART_DispatchClassRqst
 .text          0x00004d38      0x370 c:/program files (x86)/cypress/psoc creator/4.1/psoc creator/import/gnu/arm/5.4.1/bin/../lib/gcc/arm-none-eabi/5.4.1/armv7-m\libgcc.a(_arm_addsubdf3.o)
                0x00004d38                __aeabi_drsub
                0x00004d40                __aeabi_dsub
                0x00004d40                __subdf3
                0x00004d44                __aeabi_dadd
                0x00004d44                __adddf3
                0x00004fbc                __floatunsidf
                0x00004fbc                __aeabi_ui2d
                0x00004fdc                __floatsidf
                0x00004fdc                __aeabi_i2d
                0x00005000                __aeabi_f2d
                0x00005000                __extendsfdf2
                0x0000503c                __floatundidf
                0x0000503c                __aeabi_ul2d
                0x0000504c                __floatdidf
                0x0000504c                __aeabi_l2d
 .text          0x000050a8      0x424 c:/program files (x86)/cypress/psoc creator/4.1/psoc creator/import/gnu/arm/5.4.1/bin/../lib/gcc/arm-none-eabi/5.4.1/armv7-m\libgcc.a(_arm_muldivdf3.o)
                0x000050a8                __aeabi_dmul
                0x000050a8                __muldf3
                0x000052fc                __divdf3
                0x000052fc                __aeabi_ddiv
 .text          0x000054cc      0x110 c:/program files (x86)/cypress/psoc creator/4.1/psoc creator/import/gnu/arm/5.4.1/bin/../lib/gcc/arm-none-eabi/5.4.1/armv7-m\libgcc.a(_arm_cmpdf2.o)
                0x000054cc                __gtdf2
                0x000054cc                __gedf2
                0x000054d4                __ltdf2
                0x000054d4                __ledf2
                0x000054dc                __nedf2
                0x000054dc                __eqdf2
                0x000054dc                __cmpdf2
                0x00005558                __aeabi_cdrcmple
                0x00005568                __aeabi_cdcmpeq
                0x00005568                __aeabi_cdcmple
                0x00005578                __aeabi_dcmpeq
                0x0000558c                __aeabi_dcmplt
                0x000055a0                __aeabi_dcmple
                0x000055b4                __aeabi_dcmpge
                0x000055c8                __aeabi_dcmpgt
 .text          0x000055dc       0x50 c:/program files (x86)/cypress/psoc creator/4.1/psoc creator/import/gnu/arm/5.4.1/bin/../lib/gcc/arm-none-eabi/5.4.1/armv7-m\libgcc.a(_arm_fixdfsi.o)
                0x000055dc                __aeabi_d2iz
                0x000055dc                __fixdfsi
 .text          0x0000562c       0xa0 c:/program files (x86)/cypress/psoc creator/4.1/psoc creator/import/gnu/arm/5.4.1/bin/../lib/gcc/arm-none-eabi/5.4.1/armv7-m\libgcc.a(_arm_truncdfsf2.o)
                0x0000562c                __truncdfsf2
                0x0000562c                __aeabi_d2f
 .text          0x000056cc      0x21c c:/program files (x86)/cypress/psoc creator/4.1/psoc creator/import/gnu/arm/5.4.1/bin/../lib/gcc/arm-none-eabi/5.4.1/armv7-m\libgcc.a(_arm_addsubsf3.o)
                0x000056cc                __aeabi_frsub
                0x000056d4                __subsf3
                0x000056d4                __aeabi_fsub
                0x000056d8                __aeabi_fadd
                0x000056d8                __addsf3
                0x00005838                __aeabi_ui2f
                0x00005838                __floatunsisf
                0x00005840                __aeabi_i2f
                0x00005840                __floatsisf
                0x0000585c                __aeabi_ul2f
                0x0000585c                __floatundisf
                0x0000586c                __aeabi_l2f
                0x0000586c                __floatdisf
 .text          0x000058e8      0x2a0 c:/program files (x86)/cypress/psoc creator/4.1/psoc creator/import/gnu/arm/5.4.1/bin/../lib/gcc/arm-none-eabi/5.4.1/armv7-m\libgcc.a(_arm_muldivsf3.o)
                0x000058e8                __mulsf3
                0x000058e8                __aeabi_fmul
                0x00005a50                __aeabi_fdiv
                0x00005a50                __divsf3
 .text          0x00005b88       0x4c c:/program files (x86)/cypress/psoc creator/4.1/psoc creator/import/gnu/arm/5.4.1/bin/../lib/gcc/arm-none-eabi/5.4.1/armv7-m\libgcc.a(_arm_fixsfsi.o)
                0x00005b88                __aeabi_f2iz
                0x00005b88                __fixsfsi
 .text          0x00005bd4       0xa0 c:/program files (x86)/cypress/psoc creator/4.1/psoc creator/import/gnu/arm/5.4.1/bin/../lib/gcc/arm-none-eabi/5.4.1/armv7-m\libgcc.a(_aeabi_ldivmod.o)
                0x00005bd4                __aeabi_ldivmod
 .text          0x00005c74      0x2ec c:/program files (x86)/cypress/psoc creator/4.1/psoc creator/import/gnu/arm/5.4.1/bin/../lib/gcc/arm-none-eabi/5.4.1/armv7-m\libgcc.a(_udivmoddi4.o)
                0x00005c74                __udivmoddi4
 .text          0x00005f60        0x4 c:/program files (x86)/cypress/psoc creator/4.1/psoc creator/import/gnu/arm/5.4.1/bin/../lib/gcc/arm-none-eabi/5.4.1/armv7-m\libgcc.a(_dvmd_tls.o)
                0x00005f60                __aeabi_idiv0
                0x00005f60                __aeabi_ldiv0
 .text.__errno  0x00005f64        0xc c:/program files (x86)/cypress/psoc creator/4.1/psoc creator/import/gnu/arm/5.4.1/bin/../lib/gcc/arm-none-eabi/5.4.1/../../../../arm-none-eabi/lib/armv7-m\libg_nano.a(lib_a-errno.o)
                0x00005f64                __errno
 .text.__libc_init_array
                0x00005f70       0x4c c:/program files (x86)/cypress/psoc creator/4.1/psoc creator/import/gnu/arm/5.4.1/bin/../lib/gcc/arm-none-eabi/5.4.1/../../../../arm-none-eabi/lib/armv7-m\libg_nano.a(lib_a-init.o)
                0x00005f70                __libc_init_array
 .text.memcpy   0x00005fbc       0x16 c:/program files (x86)/cypress/psoc creator/4.1/psoc creator/import/gnu/arm/5.4.1/bin/../lib/gcc/arm-none-eabi/5.4.1/../../../../arm-none-eabi/lib/armv7-m\libg_nano.a(lib_a-memcpy-stub.o)
                0x00005fbc                memcpy
 .text.memset   0x00005fd2       0x10 c:/program files (x86)/cypress/psoc creator/4.1/psoc creator/import/gnu/arm/5.4.1/bin/../lib/gcc/arm-none-eabi/5.4.1/../../../../arm-none-eabi/lib/armv7-m\libg_nano.a(lib_a-memset.o)
                0x00005fd2                memset
 .text.__cvt    0x00005fe2       0xc0 c:/program files (x86)/cypress/psoc creator/4.1/psoc creator/import/gnu/arm/5.4.1/bin/../lib/gcc/arm-none-eabi/5.4.1/../../../../arm-none-eabi/lib/armv7-m\libg_nano.a(lib_a-nano-vfprintf_float.o)
                0x00005fe2                __cvt
 .text.__exponent
                0x000060a2       0x62 c:/program files (x86)/cypress/psoc creator/4.1/psoc creator/import/gnu/arm/5.4.1/bin/../lib/gcc/arm-none-eabi/5.4.1/../../../../arm-none-eabi/lib/armv7-m\libg_nano.a(lib_a-nano-vfprintf_float.o)
                0x000060a2                __exponent
 .text._printf_float
                0x00006104      0x488 c:/program files (x86)/cypress/psoc creator/4.1/psoc creator/import/gnu/arm/5.4.1/bin/../lib/gcc/arm-none-eabi/5.4.1/../../../../arm-none-eabi/lib/armv7-m\libg_nano.a(lib_a-nano-vfprintf_float.o)
                0x00006104                _printf_float
 .text._printf_common
                0x0000658c       0xec c:/program files (x86)/cypress/psoc creator/4.1/psoc creator/import/gnu/arm/5.4.1/bin/../lib/gcc/arm-none-eabi/5.4.1/../../../../arm-none-eabi/lib/armv7-m\libg_nano.a(lib_a-nano-vfprintf_i.o)
                0x0000658c                _printf_common
 .text._printf_i
                0x00006678      0x24c c:/program files (x86)/cypress/psoc creator/4.1/psoc creator/import/gnu/arm/5.4.1/bin/../lib/gcc/arm-none-eabi/5.4.1/../../../../arm-none-eabi/lib/armv7-m\libg_nano.a(lib_a-nano-vfprintf_i.o)
                0x00006678                _printf_i
 .text.sprintf  0x000068c4       0x48 c:/program files (x86)/cypress/psoc creator/4.1/psoc creator/import/gnu/arm/5.4.1/bin/../lib/gcc/arm-none-eabi/5.4.1/../../../../arm-none-eabi/lib/armv7-m\libg_nano.a(lib_a-sprintf.o)
                0x000068c4                siprintf
                0x000068c4                sprintf
 .text.sscanf   0x0000690c       0x54 c:/program files (x86)/cypress/psoc creator/4.1/psoc creator/import/gnu/arm/5.4.1/bin/../lib/gcc/arm-none-eabi/5.4.1/../../../../arm-none-eabi/lib/armv7-m\libg_nano.a(lib_a-sscanf.o)
                0x0000690c                siscanf
                0x0000690c                sscanf
 .text.__seofread
                0x00006960        0x4 c:/program files (x86)/cypress/psoc creator/4.1/psoc creator/import/gnu/arm/5.4.1/bin/../lib/gcc/arm-none-eabi/5.4.1/../../../../arm-none-eabi/lib/armv7-m\libg_nano.a(lib_a-stdio.o)
                0x00006960                __seofread
 .text.strchr   0x00006964       0x1c c:/program files (x86)/cypress/psoc creator/4.1/psoc creator/import/gnu/arm/5.4.1/bin/../lib/gcc/arm-none-eabi/5.4.1/../../../../arm-none-eabi/lib/armv7-m\libg_nano.a(lib_a-strchr.o)
                0x00006964                strchr
 .text          0x00006980       0x10 c:/program files (x86)/cypress/psoc creator/4.1/psoc creator/import/gnu/arm/5.4.1/bin/../lib/gcc/arm-none-eabi/5.4.1/../../../../arm-none-eabi/lib/armv7-m\libg_nano.a(lib_a-strlen.o)
                0x00006980                strlen
 .text.strstr   0x00006990       0x34 c:/program files (x86)/cypress/psoc creator/4.1/psoc creator/import/gnu/arm/5.4.1/bin/../lib/gcc/arm-none-eabi/5.4.1/../../../../arm-none-eabi/lib/armv7-m\libg_nano.a(lib_a-strstr.o)
                0x00006990                strstr
 .text._strtol_r
                0x000069c4      0x10c c:/program files (x86)/cypress/psoc creator/4.1/psoc creator/import/gnu/arm/5.4.1/bin/../lib/gcc/arm-none-eabi/5.4.1/../../../../arm-none-eabi/lib/armv7-m\libg_nano.a(lib_a-strtol.o)
                0x000069c4                _strtol_r
 .text.strtol   0x00006ad0       0x14 c:/program files (x86)/cypress/psoc creator/4.1/psoc creator/import/gnu/arm/5.4.1/bin/../lib/gcc/arm-none-eabi/5.4.1/../../../../arm-none-eabi/lib/armv7-m\libg_nano.a(lib_a-strtol.o)
                0x00006ad0                strtol
 .text.quorem   0x00006ae4      0x116 c:/program files (x86)/cypress/psoc creator/4.1/psoc creator/import/gnu/arm/5.4.1/bin/../lib/gcc/arm-none-eabi/5.4.1/../../../../arm-none-eabi/lib/armv7-m\libg_nano.a(lib_a-dtoa.o)
 *fill*         0x00006bfa        0x6 
 .text._dtoa_r  0x00006c00      0xb30 c:/program files (x86)/cypress/psoc creator/4.1/psoc creator/import/gnu/arm/5.4.1/bin/../lib/gcc/arm-none-eabi/5.4.1/../../../../arm-none-eabi/lib/armv7-m\libg_nano.a(lib_a-dtoa.o)
                0x00006c00                _dtoa_r
 .text._localeconv_r
                0x00007730        0x8 c:/program files (x86)/cypress/psoc creator/4.1/psoc creator/import/gnu/arm/5.4.1/bin/../lib/gcc/arm-none-eabi/5.4.1/../../../../arm-none-eabi/lib/armv7-m\libg_nano.a(lib_a-locale.o)
                0x00007730                _localeconv_r
 .text.malloc   0x00007738       0x10 c:/program files (x86)/cypress/psoc creator/4.1/psoc creator/import/gnu/arm/5.4.1/bin/../lib/gcc/arm-none-eabi/5.4.1/../../../../arm-none-eabi/lib/armv7-m\libg_nano.a(lib_a-malloc.o)
                0x00007738                malloc
 .text.memchr   0x00007748       0x1c c:/program files (x86)/cypress/psoc creator/4.1/psoc creator/import/gnu/arm/5.4.1/bin/../lib/gcc/arm-none-eabi/5.4.1/../../../../arm-none-eabi/lib/armv7-m\libg_nano.a(lib_a-memchr-stub.o)
                0x00007748                memchr
 .text._Balloc  0x00007764       0x6a c:/program files (x86)/cypress/psoc creator/4.1/psoc creator/import/gnu/arm/5.4.1/bin/../lib/gcc/arm-none-eabi/5.4.1/../../../../arm-none-eabi/lib/armv7-m\libg_nano.a(lib_a-mprec.o)
                0x00007764                _Balloc
 .text._Bfree   0x000077ce       0x2e c:/program files (x86)/cypress/psoc creator/4.1/psoc creator/import/gnu/arm/5.4.1/bin/../lib/gcc/arm-none-eabi/5.4.1/../../../../arm-none-eabi/lib/armv7-m\libg_nano.a(lib_a-mprec.o)
                0x000077ce                _Bfree
 .text.__multadd
                0x000077fc       0x76 c:/program files (x86)/cypress/psoc creator/4.1/psoc creator/import/gnu/arm/5.4.1/bin/../lib/gcc/arm-none-eabi/5.4.1/../../../../arm-none-eabi/lib/armv7-m\libg_nano.a(lib_a-mprec.o)
                0x000077fc                __multadd
 .text.__hi0bits
                0x00007872       0x40 c:/program files (x86)/cypress/psoc creator/4.1/psoc creator/import/gnu/arm/5.4.1/bin/../lib/gcc/arm-none-eabi/5.4.1/../../../../arm-none-eabi/lib/armv7-m\libg_nano.a(lib_a-mprec.o)
                0x00007872                __hi0bits
 .text.__lo0bits
                0x000078b2       0x5a c:/program files (x86)/cypress/psoc creator/4.1/psoc creator/import/gnu/arm/5.4.1/bin/../lib/gcc/arm-none-eabi/5.4.1/../../../../arm-none-eabi/lib/armv7-m\libg_nano.a(lib_a-mprec.o)
                0x000078b2                __lo0bits
 .text.__i2b    0x0000790c       0x12 c:/program files (x86)/cypress/psoc creator/4.1/psoc creator/import/gnu/arm/5.4.1/bin/../lib/gcc/arm-none-eabi/5.4.1/../../../../arm-none-eabi/lib/armv7-m\libg_nano.a(lib_a-mprec.o)
                0x0000790c                __i2b
 .text.__multiply
                0x0000791e      0x120 c:/program files (x86)/cypress/psoc creator/4.1/psoc creator/import/gnu/arm/5.4.1/bin/../lib/gcc/arm-none-eabi/5.4.1/../../../../arm-none-eabi/lib/armv7-m\libg_nano.a(lib_a-mprec.o)
                0x0000791e                __multiply
 *fill*         0x00007a3e        0x2 
 .text.__pow5mult
                0x00007a40       0x9c c:/program files (x86)/cypress/psoc creator/4.1/psoc creator/import/gnu/arm/5.4.1/bin/../lib/gcc/arm-none-eabi/5.4.1/../../../../arm-none-eabi/lib/armv7-m\libg_nano.a(lib_a-mprec.o)
                0x00007a40                __pow5mult
 .text.__lshift
                0x00007adc       0xa2 c:/program files (x86)/cypress/psoc creator/4.1/psoc creator/import/gnu/arm/5.4.1/bin/../lib/gcc/arm-none-eabi/5.4.1/../../../../arm-none-eabi/lib/armv7-m\libg_nano.a(lib_a-mprec.o)
                0x00007adc                __lshift
 .text.__mcmp   0x00007b7e       0x38 c:/program files (x86)/cypress/psoc creator/4.1/psoc creator/import/gnu/arm/5.4.1/bin/../lib/gcc/arm-none-eabi/5.4.1/../../../../arm-none-eabi/lib/armv7-m\libg_nano.a(lib_a-mprec.o)
                0x00007b7e                __mcmp
 .text.__mdiff  0x00007bb6       0xbe c:/program files (x86)/cypress/psoc creator/4.1/psoc creator/import/gnu/arm/5.4.1/bin/../lib/gcc/arm-none-eabi/5.4.1/../../../../arm-none-eabi/lib/armv7-m\libg_nano.a(lib_a-mprec.o)
                0x00007bb6                __mdiff
 .text.__d2b    0x00007c74       0x9c c:/program files (x86)/cypress/psoc creator/4.1/psoc creator/import/gnu/arm/5.4.1/bin/../lib/gcc/arm-none-eabi/5.4.1/../../../../arm-none-eabi/lib/armv7-m\libg_nano.a(lib_a-mprec.o)
                0x00007c74                __d2b
 .text._calloc_r
                0x00007d10       0x1c c:/program files (x86)/cypress/psoc creator/4.1/psoc creator/import/gnu/arm/5.4.1/bin/../lib/gcc/arm-none-eabi/5.4.1/../../../../arm-none-eabi/lib/armv7-m\libg_nano.a(lib_a-nano-callocr.o)
                0x00007d10                _calloc_r
 .text._free_r  0x00007d2c       0x98 c:/program files (x86)/cypress/psoc creator/4.1/psoc creator/import/gnu/arm/5.4.1/bin/../lib/gcc/arm-none-eabi/5.4.1/../../../../arm-none-eabi/lib/armv7-m\libg_nano.a(lib_a-nano-freer.o)
                0x00007d2c                _free_r
 .text._malloc_r
                0x00007dc4       0xbc c:/program files (x86)/cypress/psoc creator/4.1/psoc creator/import/gnu/arm/5.4.1/bin/../lib/gcc/arm-none-eabi/5.4.1/../../../../arm-none-eabi/lib/armv7-m\libg_nano.a(lib_a-nano-mallocr.o)
                0x00007dc4                _malloc_r
 .text.__ssputs_r
                0x00007e80       0xb2 c:/program files (x86)/cypress/psoc creator/4.1/psoc creator/import/gnu/arm/5.4.1/bin/../lib/gcc/arm-none-eabi/5.4.1/../../../../arm-none-eabi/lib/armv7-m\libg_nano.a(lib_a-nano-svfprintf.o)
                0x00007e80                __ssputs_r
 *fill*         0x00007f32        0x2 
 .text._svfprintf_r
                0x00007f34      0x1e8 c:/program files (x86)/cypress/psoc creator/4.1/psoc creator/import/gnu/arm/5.4.1/bin/../lib/gcc/arm-none-eabi/5.4.1/../../../../arm-none-eabi/lib/armv7-m\libg_nano.a(lib_a-nano-svfprintf.o)
                0x00007f34                _svfiprintf_r
                0x00007f34                _svfprintf_r
 .text._sungetc_r
                0x0000811c       0x7c c:/program files (x86)/cypress/psoc creator/4.1/psoc creator/import/gnu/arm/5.4.1/bin/../lib/gcc/arm-none-eabi/5.4.1/../../../../arm-none-eabi/lib/armv7-m\libg_nano.a(lib_a-nano-svfscanf.o)
                0x0000811c                _sungetc_r
 .text.__ssrefill_r
                0x00008198       0x3a c:/program files (x86)/cypress/psoc creator/4.1/psoc creator/import/gnu/arm/5.4.1/bin/../lib/gcc/arm-none-eabi/5.4.1/../../../../arm-none-eabi/lib/armv7-m\libg_nano.a(lib_a-nano-svfscanf.o)
                0x00008198                __ssrefill_r
 *fill*         0x000081d2        0x2 
 .text.__ssvfscanf_r
                0x000081d4      0x2a8 c:/program files (x86)/cypress/psoc creator/4.1/psoc creator/import/gnu/arm/5.4.1/bin/../lib/gcc/arm-none-eabi/5.4.1/../../../../arm-none-eabi/lib/armv7-m\libg_nano.a(lib_a-nano-svfscanf.o)
                0x000081d4                __ssvfiscanf_r
                0x000081d4                __ssvfscanf_r
 .text._scanf_chars
                0x0000847c       0xcc c:/program files (x86)/cypress/psoc creator/4.1/psoc creator/import/gnu/arm/5.4.1/bin/../lib/gcc/arm-none-eabi/5.4.1/../../../../arm-none-eabi/lib/armv7-m\libg_nano.a(lib_a-nano-vfscanf_i.o)
                0x0000847c                _scanf_chars
 .text._scanf_i
                0x00008548      0x1e4 c:/program files (x86)/cypress/psoc creator/4.1/psoc creator/import/gnu/arm/5.4.1/bin/../lib/gcc/arm-none-eabi/5.4.1/../../../../arm-none-eabi/lib/armv7-m\libg_nano.a(lib_a-nano-vfscanf_i.o)
                0x00008548                _scanf_i
 .text._sbrk_r  0x0000872c       0x20 c:/program files (x86)/cypress/psoc creator/4.1/psoc creator/import/gnu/arm/5.4.1/bin/../lib/gcc/arm-none-eabi/5.4.1/../../../../arm-none-eabi/lib/armv7-m\libg_nano.a(lib_a-sbrkr.o)
                0x0000872c                _sbrk_r
 .text.__sccl   0x0000874c       0x60 c:/program files (x86)/cypress/psoc creator/4.1/psoc creator/import/gnu/arm/5.4.1/bin/../lib/gcc/arm-none-eabi/5.4.1/../../../../arm-none-eabi/lib/armv7-m\libg_nano.a(lib_a-sccl.o)
                0x0000874c                __sccl
 .text._strtoul_r
                0x000087ac       0xfc c:/program files (x86)/cypress/psoc creator/4.1/psoc creator/import/gnu/arm/5.4.1/bin/../lib/gcc/arm-none-eabi/5.4.1/../../../../arm-none-eabi/lib/armv7-m\libg_nano.a(lib_a-strtoul.o)
                0x000087ac                _strtoul_r
 .text.__submore
                0x000088a8       0x72 c:/program files (x86)/cypress/psoc creator/4.1/psoc creator/import/gnu/arm/5.4.1/bin/../lib/gcc/arm-none-eabi/5.4.1/../../../../arm-none-eabi/lib/armv7-m\libg_nano.a(lib_a-ungetc.o)
                0x000088a8                __submore
 .text.memmove  0x0000891a       0x36 c:/program files (x86)/cypress/psoc creator/4.1/psoc creator/import/gnu/arm/5.4.1/bin/../lib/gcc/arm-none-eabi/5.4.1/../../../../arm-none-eabi/lib/armv7-m\libg_nano.a(lib_a-memmove.o)
                0x0000891a                memmove
 .text.__malloc_lock
                0x00008950        0x2 c:/program files (x86)/cypress/psoc creator/4.1/psoc creator/import/gnu/arm/5.4.1/bin/../lib/gcc/arm-none-eabi/5.4.1/../../../../arm-none-eabi/lib/armv7-m\libg_nano.a(lib_a-mlock.o)
                0x00008950                __malloc_lock
 .text.__malloc_unlock
                0x00008952        0x2 c:/program files (x86)/cypress/psoc creator/4.1/psoc creator/import/gnu/arm/5.4.1/bin/../lib/gcc/arm-none-eabi/5.4.1/../../../../arm-none-eabi/lib/armv7-m\libg_nano.a(lib_a-mlock.o)
                0x00008952                __malloc_unlock
 .text._realloc_r
                0x00008954       0x4c c:/program files (x86)/cypress/psoc creator/4.1/psoc creator/import/gnu/arm/5.4.1/bin/../lib/gcc/arm-none-eabi/5.4.1/../../../../arm-none-eabi/lib/armv7-m\libg_nano.a(lib_a-nano-reallocr.o)
                0x00008954                _realloc_r
 .text._malloc_usable_size_r
                0x000089a0       0x14 c:/program files (x86)/cypress/psoc creator/4.1/psoc creator/import/gnu/arm/5.4.1/bin/../lib/gcc/arm-none-eabi/5.4.1/../../../../arm-none-eabi/lib/armv7-m\libg_nano.a(lib_a-nano-msizer.o)
                0x000089a0                _malloc_usable_size_r
 .text          0x000089b4       0x2c c:/program files (x86)/cypress/psoc creator/4.1/psoc creator/import/gnu/arm/5.4.1/bin/../lib/gcc/arm-none-eabi/5.4.1/armv7-m\libgcc.a(_arm_unorddf2.o)
                0x000089b4                __unorddf2
                0x000089b4                __aeabi_dcmpun
 *(.plt)
 *(.gnu.warning)
 *(.glue_7t)
 .glue_7t       0x000089e0        0x0 linker stubs
 *(.glue_7)
 .glue_7        0x000089e0        0x0 linker stubs
 *(.vfp11_veneer)
 .vfp11_veneer  0x000089e0        0x0 linker stubs
 *(.bootloader)
 *(.ARM.extab* .gnu.linkonce.armextab.*)
 *(.gcc_except_table)

.v4_bx          0x000089e0        0x0
 .v4_bx         0x000089e0        0x0 linker stubs

.iplt           0x000089e0        0x0
 .iplt          0x000089e0        0x0 c:/program files (x86)/cypress/psoc creator/4.1/psoc creator/import/gnu/arm/5.4.1/bin/../lib/gcc/arm-none-eabi/5.4.1/armv7-m/crtbegin.o

.eh_frame_hdr
 *(.eh_frame_hdr)

.eh_frame       0x000089e0        0x4
 *(.eh_frame)
 .eh_frame      0x000089e0        0x0 c:/program files (x86)/cypress/psoc creator/4.1/psoc creator/import/gnu/arm/5.4.1/bin/../lib/gcc/arm-none-eabi/5.4.1/armv7-m/crtbegin.o
 .eh_frame      0x000089e0        0x4 c:/program files (x86)/cypress/psoc creator/4.1/psoc creator/import/gnu/arm/5.4.1/bin/../lib/gcc/arm-none-eabi/5.4.1/armv7-m/crtend.o
                [!provide]                PROVIDE (__exidx_start, .)

.ARM.exidx      0x000089e4        0x8
 *(.ARM.exidx* .gnu.linkonce.armexidx.*)
 .ARM.exidx     0x000089e4        0x8 c:/program files (x86)/cypress/psoc creator/4.1/psoc creator/import/gnu/arm/5.4.1/bin/../lib/gcc/arm-none-eabi/5.4.1/armv7-m\libgcc.a(_udivmoddi4.o)
                0x000089ec                __exidx_end = .

.rodata         0x000089f0      0xa08
 *(.rodata .rodata.* .gnu.linkonce.r.*)
 .rodata.str1.4
                0x000089f0      0x503 .\CortexM3\ARM_GCC_541\Debug\main.o
                                0x507 (size before relaxing)
 *fill*         0x00008ef3        0x1 
 .rodata        0x00008ef4       0x4c .\CortexM3\ARM_GCC_541\Debug\cyfitter_cfg.o
 .rodata.str1.4
                0x00008f40       0x14 .\CortexM3\ARM_GCC_541\Debug\Design01.a(USBUART_std.o)
                                 0x11 (size before relaxing)
 .rodata        0x00008f54      0x18a .\CortexM3\ARM_GCC_541\Debug\Design01.a(USBUART_descr.o)
                0x00008f54                USBUART_TABLE
                0x00008f5c                USBUART_DEVICE0_TABLE
                0x00008f74                USBUART_DEVICE0_CONFIGURATION0_TABLE
                0x00008f9c                USBUART_DEVICE0_CONFIGURATION0_INTERFACE_CLASS
                0x00008fa0                USBUART_DEVICE0_CONFIGURATION0_EP_SETTINGS_TABLE
                0x00008fb8                USBUART_SN_STRING_DESCRIPTOR
                0x00008fbc                USBUART_STRING_DESCRIPTORS
                0x00009088                USBUART_DEVICE0_CONFIGURATION0_DESCR
                0x000090cc                USBUART_DEVICE0_DESCR
 .rodata.str1.1
                0x000090de        0x2 c:/program files (x86)/cypress/psoc creator/4.1/psoc creator/import/gnu/arm/5.4.1/bin/../lib/gcc/arm-none-eabi/5.4.1/../../../../arm-none-eabi/lib/armv7-m\libg_nano.a(lib_a-impure.o)
 .rodata.str1.1
                0x000090e0       0x10 c:/program files (x86)/cypress/psoc creator/4.1/psoc creator/import/gnu/arm/5.4.1/bin/../lib/gcc/arm-none-eabi/5.4.1/../../../../arm-none-eabi/lib/armv7-m\libg_nano.a(lib_a-nano-vfprintf_float.o)
                                 0x12 (size before relaxing)
 .rodata.str1.1
                0x000090f0       0x22 c:/program files (x86)/cypress/psoc creator/4.1/psoc creator/import/gnu/arm/5.4.1/bin/../lib/gcc/arm-none-eabi/5.4.1/../../../../arm-none-eabi/lib/armv7-m\libg_nano.a(lib_a-nano-vfprintf_i.o)
 .rodata._ctype_
                0x00009112      0x101 c:/program files (x86)/cypress/psoc creator/4.1/psoc creator/import/gnu/arm/5.4.1/bin/../lib/gcc/arm-none-eabi/5.4.1/../../../../arm-none-eabi/lib/armv7-m\libg_nano.a(lib_a-ctype_.o)
                0x00009112                _ctype_
 .rodata.str1.1
                0x00009213        0xd c:/program files (x86)/cypress/psoc creator/4.1/psoc creator/import/gnu/arm/5.4.1/bin/../lib/gcc/arm-none-eabi/5.4.1/../../../../arm-none-eabi/lib/armv7-m\libg_nano.a(lib_a-dtoa.o)
                                  0xf (size before relaxing)
 .rodata.str1.1
                0x00009220        0x8 c:/program files (x86)/cypress/psoc creator/4.1/psoc creator/import/gnu/arm/5.4.1/bin/../lib/gcc/arm-none-eabi/5.4.1/../../../../arm-none-eabi/lib/armv7-m\libg_nano.a(lib_a-locale.o)
                                  0xb (size before relaxing)
 .rodata.__mprec_tens
                0x00009228       0xc8 c:/program files (x86)/cypress/psoc creator/4.1/psoc creator/import/gnu/arm/5.4.1/bin/../lib/gcc/arm-none-eabi/5.4.1/../../../../arm-none-eabi/lib/armv7-m\libg_nano.a(lib_a-mprec.o)
                0x00009228                __mprec_tens
 .rodata.p05.5408
                0x000092f0        0xc c:/program files (x86)/cypress/psoc creator/4.1/psoc creator/import/gnu/arm/5.4.1/bin/../lib/gcc/arm-none-eabi/5.4.1/../../../../arm-none-eabi/lib/armv7-m\libg_nano.a(lib_a-mprec.o)
 *fill*         0x000092fc        0x4 
 .rodata.__mprec_bigtens
                0x00009300       0x28 c:/program files (x86)/cypress/psoc creator/4.1/psoc creator/import/gnu/arm/5.4.1/bin/../lib/gcc/arm-none-eabi/5.4.1/../../../../arm-none-eabi/lib/armv7-m\libg_nano.a(lib_a-mprec.o)
                0x00009300                __mprec_bigtens
 .rodata.str1.1
                0x00009328       0x11 c:/program files (x86)/cypress/psoc creator/4.1/psoc creator/import/gnu/arm/5.4.1/bin/../lib/gcc/arm-none-eabi/5.4.1/../../../../arm-none-eabi/lib/armv7-m\libg_nano.a(lib_a-nano-svfprintf.o)
 .rodata.str1.1
                0x00009339        0x4 c:/program files (x86)/cypress/psoc creator/4.1/psoc creator/import/gnu/arm/5.4.1/bin/../lib/gcc/arm-none-eabi/5.4.1/../../../../arm-none-eabi/lib/armv7-m\libg_nano.a(lib_a-nano-svfscanf.o)
 *fill*         0x00009339        0x3 
 .rodata        0x0000933c        0xc c:/program files (x86)/cypress/psoc creator/4.1/psoc creator/import/gnu/arm/5.4.1/bin/../lib/gcc/arm-none-eabi/5.4.1/../../../../arm-none-eabi/lib/armv7-m\libg_nano.a(lib_a-nano-vfscanf_i.o)
 .rodata.str1.1
                0x00009348       0x1b c:/program files (x86)/cypress/psoc creator/4.1/psoc creator/import/gnu/arm/5.4.1/bin/../lib/gcc/arm-none-eabi/5.4.1/../../../../arm-none-eabi/lib/armv7-m\libg_nano.a(lib_a-nano-vfscanf_i.o)
 *fill*         0x00009363        0x1 
 .rodata.__sf_fake_stdin
                0x00009364       0x20 c:/program files (x86)/cypress/psoc creator/4.1/psoc creator/import/gnu/arm/5.4.1/bin/../lib/gcc/arm-none-eabi/5.4.1/../../../../arm-none-eabi/lib/armv7-m\libg_nano.a(lib_a-findfp.o)
                0x00009364                __sf_fake_stdin
 .rodata.__sf_fake_stdout
                0x00009384       0x20 c:/program files (x86)/cypress/psoc creator/4.1/psoc creator/import/gnu/arm/5.4.1/bin/../lib/gcc/arm-none-eabi/5.4.1/../../../../arm-none-eabi/lib/armv7-m\libg_nano.a(lib_a-findfp.o)
                0x00009384                __sf_fake_stdout
 .rodata.__sf_fake_stderr
                0x000093a4       0x20 c:/program files (x86)/cypress/psoc creator/4.1/psoc creator/import/gnu/arm/5.4.1/bin/../lib/gcc/arm-none-eabi/5.4.1/../../../../arm-none-eabi/lib/armv7-m\libg_nano.a(lib_a-findfp.o)
                0x000093a4                __sf_fake_stderr
                0x000093c4                . = ALIGN (0x4)
 *(.init)
 .init          0x000093c4        0x4 c:/program files (x86)/cypress/psoc creator/4.1/psoc creator/import/gnu/arm/5.4.1/bin/../lib/gcc/arm-none-eabi/5.4.1/armv7-m/crti.o
                0x000093c4                _init
 .init          0x000093c8        0x8 c:/program files (x86)/cypress/psoc creator/4.1/psoc creator/import/gnu/arm/5.4.1/bin/../lib/gcc/arm-none-eabi/5.4.1/armv7-m/crtn.o
                0x000093d0                . = ALIGN (0x4)
                0x000093d0                __preinit_array_start = .
 *(.preinit_array)
                0x000093d0                __preinit_array_end = .
                0x000093d0                . = ALIGN (0x4)
                0x000093d0                __init_array_start = .
 *(SORT(.init_array.*))
 *(.init_array)
 .init_array    0x000093d0        0x4 c:/program files (x86)/cypress/psoc creator/4.1/psoc creator/import/gnu/arm/5.4.1/bin/../lib/gcc/arm-none-eabi/5.4.1/armv7-m/crtbegin.o
 .init_array    0x000093d4        0x4 .\CortexM3\ARM_GCC_541\Debug\Cm3Start.o
                0x000093d8                __init_array_end = .
                0x000093d8                . = ALIGN (0x4)
 *(.fini)
 .fini          0x000093d8        0x4 c:/program files (x86)/cypress/psoc creator/4.1/psoc creator/import/gnu/arm/5.4.1/bin/../lib/gcc/arm-none-eabi/5.4.1/armv7-m/crti.o
                0x000093d8                _fini
 .fini          0x000093dc        0x8 c:/program files (x86)/cypress/psoc creator/4.1/psoc creator/import/gnu/arm/5.4.1/bin/../lib/gcc/arm-none-eabi/5.4.1/armv7-m/crtn.o
                0x000093e4                . = ALIGN (0x4)
                0x000093e4                __fini_array_start = .
 *(.fini_array)
 .fini_array    0x000093e4        0x4 c:/program files (x86)/cypress/psoc creator/4.1/psoc creator/import/gnu/arm/5.4.1/bin/../lib/gcc/arm-none-eabi/5.4.1/armv7-m/crtbegin.o
 *(SORT(.fini_array.*))
                0x000093e8                __fini_array_end = .
                0x000093e8                . = ALIGN (0x4)
 *crtbegin.o(.ctors)
 *(EXCLUDE_FILE(*crtend.o) .ctors)
 *(SORT(.ctors.*))
 *crtend.o(.ctors)
                0x000093e8                . = ALIGN (0x4)
 *crtbegin.o(.dtors)
 *(EXCLUDE_FILE(*crtend.o) .dtors)
 *(SORT(.dtors.*))
 *crtend.o(.dtors)
                0x000093e8                . = ALIGN (0x4)
                0x000093e8                __cy_regions = .
                0x000093e8        0x4 LONG 0x93f8 __cy_region_init_ram
                0x000093ec        0x4 LONG 0x1fff80c8 __cy_region_start_data
                0x000093f0        0x4 LONG 0xd8 __cy_region_init_size_ram
                0x000093f4        0x4 LONG 0x628 __cy_region_zero_size_ram
                0x000093f8                __cy_regions_end = .
                0x000093f8                . = ALIGN (0x8)
                0x000093f8                _etext = .

.cy_checksum_exclude
                0x000093f8        0x0
 *(.cy_checksum_exclude)

.ramvectors     0x1fff8000       0xc0
                0x1fff8000                __cy_region_start_ram = .
 *(.ramvectors)
 .ramvectors    0x1fff8000       0xc0 .\CortexM3\ARM_GCC_541\Debug\Cm3Start.o
                0x1fff8000                CyRamVectors

.noinit         0x1fff80c0        0x1
 *(.noinit)
 .noinit        0x1fff80c0        0x1 .\CortexM3\ARM_GCC_541\Debug\Design01.a(CyLib.o)
                0x1fff80c0                CyResetStatus

.data           0x1fff80c8       0xd8 load address 0x000093f8
                0x1fff80c8                __cy_region_start_data = .
 *(.jcr)
 .jcr           0x1fff80c8        0x0 c:/program files (x86)/cypress/psoc creator/4.1/psoc creator/import/gnu/arm/5.4.1/bin/../lib/gcc/arm-none-eabi/5.4.1/armv7-m/crtbegin.o
 .jcr           0x1fff80c8        0x4 c:/program files (x86)/cypress/psoc creator/4.1/psoc creator/import/gnu/arm/5.4.1/bin/../lib/gcc/arm-none-eabi/5.4.1/armv7-m/crtend.o
 *(.got.plt)
 *(.got)
 *(.shdata)
 *(.data .data.* .gnu.linkonce.d.*)
 .data          0x1fff80cc        0x4 .\CortexM3\ARM_GCC_541\Debug\Cm3Start.o
 .data          0x1fff80d0       0x10 .\CortexM3\ARM_GCC_541\Debug\Design01.a(CyLib.o)
                0x1fff80d0                cydelay_32k_ms
                0x1fff80d4                cydelay_freq_khz
                0x1fff80d8                cydelay_freq_mhz
                0x1fff80dc                cydelay_freq_hz
 .data          0x1fff80e0       0x1a .\CortexM3\ARM_GCC_541\Debug\Design01.a(USBUART_cdc.o)
                0x1fff80e0                USBUART_linesCoding
 .data          0x1fff80fa        0x1 .\CortexM3\ARM_GCC_541\Debug\Design01.a(ADC_DelSig_1.o)
                0x1fff80fa                ADC_DelSig_1_Config
 *fill*         0x1fff80fb        0x1 
 .data.impure_data
                0x1fff80fc       0x60 c:/program files (x86)/cypress/psoc creator/4.1/psoc creator/import/gnu/arm/5.4.1/bin/../lib/gcc/arm-none-eabi/5.4.1/../../../../arm-none-eabi/lib/armv7-m\libg_nano.a(lib_a-impure.o)
 .data._impure_ptr
                0x1fff815c        0x4 c:/program files (x86)/cypress/psoc creator/4.1/psoc creator/import/gnu/arm/5.4.1/bin/../lib/gcc/arm-none-eabi/5.4.1/../../../../arm-none-eabi/lib/armv7-m\libg_nano.a(lib_a-impure.o)
                0x1fff815c                _impure_ptr
 .data.__ctype_ptr__
                0x1fff8160        0x4 c:/program files (x86)/cypress/psoc creator/4.1/psoc creator/import/gnu/arm/5.4.1/bin/../lib/gcc/arm-none-eabi/5.4.1/../../../../arm-none-eabi/lib/armv7-m\libg_nano.a(lib_a-ctype_.o)
                0x1fff8160                __ctype_ptr__
 .data.lconv    0x1fff8164       0x38 c:/program files (x86)/cypress/psoc creator/4.1/psoc creator/import/gnu/arm/5.4.1/bin/../lib/gcc/arm-none-eabi/5.4.1/../../../../arm-none-eabi/lib/armv7-m\libg_nano.a(lib_a-locale.o)
                0x1fff81a0                . = ALIGN (0x8)
 *fill*         0x1fff819c        0x4 
 *(.ram)
                0x1fff81a0                _edata = .

.igot.plt       0x1fff81a0        0x0 load address 0x000094d0
 .igot.plt      0x1fff81a0        0x0 c:/program files (x86)/cypress/psoc creator/4.1/psoc creator/import/gnu/arm/5.4.1/bin/../lib/gcc/arm-none-eabi/5.4.1/armv7-m/crtbegin.o

.bss            0x1fff81a0      0x628 load address 0x000094d0
                0x1fff81a0                PROVIDE (__bss_start__, .)
 *(.shbss)
 *(.bss .bss.* .gnu.linkonce.b.*)
 .bss           0x1fff81a0       0x1c c:/program files (x86)/cypress/psoc creator/4.1/psoc creator/import/gnu/arm/5.4.1/bin/../lib/gcc/arm-none-eabi/5.4.1/armv7-m/crtbegin.o
 .bss           0x1fff81bc        0x4 .\CortexM3\ARM_GCC_541\Debug\main.o
                0x1fff81bc                newData
                0x1fff81bd                G_Stop
                0x1fff81be                G_Break
                0x1fff81bf                G_Pause
 .bss           0x1fff81c0        0x2 .\CortexM3\ARM_GCC_541\Debug\Design01.a(UART_1.o)
                0x1fff81c0                UART_1_initVar
 .bss           0x1fff81c2        0x1 .\CortexM3\ARM_GCC_541\Debug\Design01.a(USBUART.o)
                0x1fff81c2                USBUART_initVar
 .bss           0x1fff81c3        0x1 .\CortexM3\ARM_GCC_541\Debug\Design01.a(USBUART_cdc.o)
 .bss           0x1fff81c4        0x2 .\CortexM3\ARM_GCC_541\Debug\Design01.a(USBUART_std.o)
 *fill*         0x1fff81c6        0x2 
 .bss           0x1fff81c8       0x18 .\CortexM3\ARM_GCC_541\Debug\Design01.a(ADC_DelSig_1.o)
                0x1fff81d8                ADC_DelSig_1_stopConversion
                0x1fff81d9                ADC_DelSig_1_convDone
                0x1fff81da                ADC_DelSig_1_initVar
                0x1fff81db                ADC_DelSig_1_started
                0x1fff81dc                ADC_DelSig_1_Offset
 .bss           0x1fff81e0        0x1 .\CortexM3\ARM_GCC_541\Debug\Design01.a(TIA_1.o)
                0x1fff81e0                TIA_1_initVar
 .bss           0x1fff81e1        0x1 .\CortexM3\ARM_GCC_541\Debug\Design01.a(VDAC_Vgs.o)
                0x1fff81e1                VDAC_Vgs_initVar
 .bss           0x1fff81e2        0x1 .\CortexM3\ARM_GCC_541\Debug\Design01.a(VDAC_Vds.o)
                0x1fff81e2                VDAC_Vds_initVar
 .bss           0x1fff81e3        0x1 .\CortexM3\ARM_GCC_541\Debug\Design01.a(VDAC_Ref.o)
                0x1fff81e3                VDAC_Ref_initVar
 .bss           0x1fff81e4        0x1 .\CortexM3\ARM_GCC_541\Debug\Design01.a(I2C_1.o)
                0x1fff81e4                I2C_1_initVar
 .bss           0x1fff81e5        0x1 .\CortexM3\ARM_GCC_541\Debug\Design01.a(CommunicationTimer.o)
                0x1fff81e5                CommunicationTimer_initVar
 .bss           0x1fff81e6        0x1 .\CortexM3\ARM_GCC_541\Debug\Design01.a(ADC_SAR_1.o)
                0x1fff81e6                ADC_SAR_1_initVar
 .bss           0x1fff81e7        0x1 .\CortexM3\ARM_GCC_541\Debug\Design01.a(ADC_SAR_2.o)
                0x1fff81e7                ADC_SAR_2_initVar
 .bss.__malloc_sbrk_start
                0x1fff81e8        0x4 c:/program files (x86)/cypress/psoc creator/4.1/psoc creator/import/gnu/arm/5.4.1/bin/../lib/gcc/arm-none-eabi/5.4.1/../../../../arm-none-eabi/lib/armv7-m\libg_nano.a(lib_a-nano-mallocr.o)
                0x1fff81e8                __malloc_sbrk_start
 .bss.__malloc_free_list
                0x1fff81ec        0x4 c:/program files (x86)/cypress/psoc creator/4.1/psoc creator/import/gnu/arm/5.4.1/bin/../lib/gcc/arm-none-eabi/5.4.1/../../../../arm-none-eabi/lib/armv7-m\libg_nano.a(lib_a-nano-mallocr.o)
                0x1fff81ec                __malloc_free_list
 *(COMMON)
 COMMON         0x1fff81f0      0x4c8 .\CortexM3\ARM_GCC_541\Debug\main.o
                0x1fff81f0                TransmitBuffer
                0x1fff8230                selectors
                0x1fff862c                USBUART_Rx_Position
                0x1fff862e                Vgs_Index_Goal_Relative
                0x1fff8630                Current_Measurement_Sample_Count
                0x1fff8634                USBUART_Receive_Buffer
                0x1fff8674                UART_Receive_Buffer
                0x1fff86b4                Vds_Index_Goal_Relative
                0x1fff86b6                Compliance_Reached
                0x1fff86b7                UART_Rx_Position
 COMMON         0x1fff86b8       0x18 .\CortexM3\ARM_GCC_541\Debug\Design01.a(USBUART_cdc.o)
                0x1fff86b8                USBUART_linesChanged
                0x1fff86bc                USBUART_cdcDataInEp
                0x1fff86c0                USBUART_cdcCommInInterruptEp
                0x1fff86c4                USBUART_cdcDataOutEp
                0x1fff86c8                USBUART_serialStateBitmap
                0x1fff86cc                USBUART_linesControlBitmap
 COMMON         0x1fff86d0       0x9a .\CortexM3\ARM_GCC_541\Debug\Design01.a(USBUART_drv.o)
                0x1fff86d0                USBUART_lastPacketSize
                0x1fff86d1                USBUART_device
                0x1fff86d2                USBUART_transferByteCount
                0x1fff86d4                USBUART_transferState
                0x1fff86d8                USBUART_interfaceSettingLast
                0x1fff86dc                USBUART_currentTD
                0x1fff86e8                USBUART_interfaceNumber
                0x1fff86ec                USBUART_interfaceClass
                0x1fff86f0                USBUART_configurationChanged
                0x1fff86f1                USBUART_ep0Mode
                0x1fff86f2                USBUART_deviceAddress
                0x1fff86f3                USBUART_configuration
                0x1fff86f4                USBUART_ep0Count
                0x1fff86f5                USBUART_deviceStatus
                0x1fff86f8                USBUART_EP
                0x1fff8764                USBUART_interfaceSetting
                0x1fff8766                USBUART_ep0Toggle
                0x1fff8768                USBUART_interfaceStatus
 *fill*         0x1fff876a        0x2 
 COMMON         0x1fff876c        0x4 .\CortexM3\ARM_GCC_541\Debug\Design01.a(ADC_DelSig_1.o)
                0x1fff876c                ADC_DelSig_1_CountsPerVolt
 COMMON         0x1fff8770        0x1 .\CortexM3\ARM_GCC_541\Debug\Design01.a(I2C_1.o)
                0x1fff8770                I2C_1_state
 *fill*         0x1fff8771        0x3 
 COMMON         0x1fff8774       0x11 .\CortexM3\ARM_GCC_541\Debug\Design01.a(I2C_1_MASTER.o)
                0x1fff8774                I2C_1_mstrWrBufIndex
                0x1fff8775                I2C_1_mstrControl
                0x1fff8776                I2C_1_mstrStatus
                0x1fff8777                I2C_1_mstrWrBufSize
                0x1fff8778                I2C_1_mstrRdBufIndex
                0x1fff877c                I2C_1_mstrWrBufPtr
                0x1fff8780                I2C_1_mstrRdBufPtr
                0x1fff8784                I2C_1_mstrRdBufSize
 *fill*         0x1fff8785        0x3 
 COMMON         0x1fff8788        0xa .\CortexM3\ARM_GCC_541\Debug\Design01.a(ADC_SAR_1.o)
                0x1fff8788                ADC_SAR_1_countsPerVolt
                0x1fff878a                ADC_SAR_1_shift
                0x1fff878c                ADC_SAR_1_countsPer10Volt
                0x1fff8790                ADC_SAR_1_offset
 *fill*         0x1fff8792        0x2 
 COMMON         0x1fff8794        0xa .\CortexM3\ARM_GCC_541\Debug\Design01.a(ADC_SAR_2.o)
                0x1fff8794                ADC_SAR_2_countsPer10Volt
                0x1fff8798                ADC_SAR_2_shift
                0x1fff879a                ADC_SAR_2_offset
                0x1fff879c                ADC_SAR_2_countsPerVolt
 *fill*         0x1fff879e        0x2 
 COMMON         0x1fff87a0       0x22 .\CortexM3\ARM_GCC_541\Debug\Design01.a(USBUART_descr.o)
                0x1fff87a0                USBUART_idSerialNumberStringDescriptor
 *fill*         0x1fff87c2        0x2 
 COMMON         0x1fff87c4        0x4 c:/program files (x86)/cypress/psoc creator/4.1/psoc creator/import/gnu/arm/5.4.1/bin/../lib/gcc/arm-none-eabi/5.4.1/../../../../arm-none-eabi/lib/armv7-m\libg_nano.a(lib_a-reent.o)
                0x1fff87c4                errno
                0x1fff87c8                . = ALIGN (0x8)
 *(.ram.b)
                0x1fff87c8                _end = .
                0x1fff87c8                __end = .
                0x1fff87c8                PROVIDE (end, .)
                0x1fff87c8                PROVIDE (__bss_end__, .)
                0x000093f8                __cy_region_init_ram = LOADADDR (.data)
                0x000000d8                __cy_region_init_size_ram = (_edata - ADDR (.data))
                0x00000628                __cy_region_zero_size_ram = (_end - _edata)

.heap           0x1fff87c8      0x200 load address 0x000094d0
                0x1fff87c8                . = _end
                0x1fff89c8                . = (. + 0x200)
 *fill*         0x1fff87c8      0x200 
                0x1fff89c8                __cy_heap_limit = .

.stack          0x20007800      0x800
                0x20007800                __cy_stack_limit = .
                0x20008000                . = (. + 0x800)
 *fill*         0x20007800      0x800 
                0x00000001                ASSERT ((__cy_stack_limit >= __cy_heap_limit), region RAM overflowed with stack)
                0x00000000                cy_checksum_exclude_size = (CY_APPL_LOADABLE == 0x1)?SIZEOF (.cy_checksum_exclude):0x0
                0x00000001                ASSERT ((cy_checksum_exclude_size <= CY_CHECKSUM_EXCLUDE_SIZE), CY_BOOT: Section .cy_checksum_exclude size exceedes specified limit.)

.cyloadermeta
 *(.cyloadermeta)

.cyloadablemeta
 *(.cyloadablemeta)

.cyconfigecc    0x80000000      0x950
 *(.cyconfigecc)
 .cyconfigecc   0x80000000      0x950 .\CortexM3\ARM_GCC_541\Debug\cymetadata.o
                0x80000000                cy_meta_configecc

.cycustnvl      0x90000000        0x4
 *(.cycustnvl)
 .cycustnvl     0x90000000        0x4 .\CortexM3\ARM_GCC_541\Debug\cymetadata.o
                0x90000000                cy_meta_custnvl

.cywolatch      0x90100000        0x4
 *(.cywolatch)
 .cywolatch     0x90100000        0x4 .\CortexM3\ARM_GCC_541\Debug\cymetadata.o
                0x90100000                cy_meta_wonvl

.cyeeprom       0x90200000        0x0
 *(.cyeeprom)
                0x00000001                ASSERT ((. <= ((0x90200000 + ee_offset) + ee_size)), .cyeeprom data will not fit in EEPROM)

.cyflashprotect
                0x90400000      0x100
 *(.cyflashprotect)
 .cyflashprotect
                0x90400000      0x100 .\CortexM3\ARM_GCC_541\Debug\cymetadata.o
                0x90400000                cy_meta_flashprotect

.cymeta         0x90500000        0xc
 *(.cymeta)
 .cymeta        0x90500000        0xc .\CortexM3\ARM_GCC_541\Debug\cymetadata.o
                0x90500000                cy_metadata

.rel.dyn        0x000094d0        0x0 load address 0x9050000c
 .rel.iplt      0x000094d0        0x0 c:/program files (x86)/cypress/psoc creator/4.1/psoc creator/import/gnu/arm/5.4.1/bin/../lib/gcc/arm-none-eabi/5.4.1/armv7-m/crtbegin.o

.stab           0x00000000       0x6c
 *(.stab)
 .stab          0x00000000       0x24 c:/program files (x86)/cypress/psoc creator/4.1/psoc creator/import/gnu/arm/5.4.1/bin/../lib/gcc/arm-none-eabi/5.4.1/../../../../arm-none-eabi/lib/armv7-m\libnosys.a(close.o)
 .stab          0x00000024       0x18 c:/program files (x86)/cypress/psoc creator/4.1/psoc creator/import/gnu/arm/5.4.1/bin/../lib/gcc/arm-none-eabi/5.4.1/../../../../arm-none-eabi/lib/armv7-m\libnosys.a(lseek.o)
                                 0x24 (size before relaxing)
 .stab          0x0000003c       0x18 c:/program files (x86)/cypress/psoc creator/4.1/psoc creator/import/gnu/arm/5.4.1/bin/../lib/gcc/arm-none-eabi/5.4.1/../../../../arm-none-eabi/lib/armv7-m\libnosys.a(read.o)
                                 0x24 (size before relaxing)
 .stab          0x00000054       0x18 c:/program files (x86)/cypress/psoc creator/4.1/psoc creator/import/gnu/arm/5.4.1/bin/../lib/gcc/arm-none-eabi/5.4.1/../../../../arm-none-eabi/lib/armv7-m\libnosys.a(write.o)
                                 0x24 (size before relaxing)

.stabstr        0x00000000       0xdf
 *(.stabstr)
 .stabstr       0x00000000       0xdf c:/program files (x86)/cypress/psoc creator/4.1/psoc creator/import/gnu/arm/5.4.1/bin/../lib/gcc/arm-none-eabi/5.4.1/../../../../arm-none-eabi/lib/armv7-m\libnosys.a(close.o)

.debug
 *(.debug)

.line
 *(.line)

.debug_srcinfo
 *(.debug_srcinfo)

.debug_sfnames
 *(.debug_sfnames)

.debug_aranges  0x00000000     0x13b0
 *(.debug_aranges)
 .debug_aranges
                0x00000000      0x188 .\CortexM3\ARM_GCC_541\Debug\main.o
 .debug_aranges
                0x00000188       0x58 .\CortexM3\ARM_GCC_541\Debug\cyfitter_cfg.o
 .debug_aranges
                0x000001e0       0x18 .\CortexM3\ARM_GCC_541\Debug\cymetadata.o
 .debug_aranges
                0x000001f8       0x48 .\CortexM3\ARM_GCC_541\Debug\Cm3Start.o
 .debug_aranges
                0x00000240       0xf0 .\CortexM3\ARM_GCC_541\Debug\Design01.a(UART_1.o)
 .debug_aranges
                0x00000330       0x70 .\CortexM3\ARM_GCC_541\Debug\Design01.a(UART_1_IntClock.o)
 .debug_aranges
                0x000003a0      0x2a0 .\CortexM3\ARM_GCC_541\Debug\Design01.a(CyLib.o)
 .debug_aranges
                0x00000640       0x98 .\CortexM3\ARM_GCC_541\Debug\Design01.a(cyPm.o)
 .debug_aranges
                0x000006d8       0xc8 .\CortexM3\ARM_GCC_541\Debug\Design01.a(USBUART.o)
 .debug_aranges
                0x000007a0       0xe8 .\CortexM3\ARM_GCC_541\Debug\Design01.a(USBUART_cdc.o)
 .debug_aranges
                0x00000888       0x98 .\CortexM3\ARM_GCC_541\Debug\Design01.a(USBUART_drv.o)
 .debug_aranges
                0x00000920       0x40 .\CortexM3\ARM_GCC_541\Debug\Design01.a(USBUART_episr.o)
 .debug_aranges
                0x00000960       0x40 .\CortexM3\ARM_GCC_541\Debug\Design01.a(USBUART_pm.o)
 .debug_aranges
                0x000009a0       0x80 .\CortexM3\ARM_GCC_541\Debug\Design01.a(USBUART_std.o)
 .debug_aranges
                0x00000a20       0x20 .\CortexM3\ARM_GCC_541\Debug\Design01.a(USBUART_vnd.o)
 .debug_aranges
                0x00000a40       0x48 .\CortexM3\ARM_GCC_541\Debug\Design01.a(USBUART_Dp.o)
 .debug_aranges
                0x00000a88       0xe8 .\CortexM3\ARM_GCC_541\Debug\Design01.a(ADC_DelSig_1.o)
 .debug_aranges
                0x00000b70       0x38 .\CortexM3\ARM_GCC_541\Debug\Design01.a(ADC_DelSig_1_INT.o)
 .debug_aranges
                0x00000ba8       0x50 .\CortexM3\ARM_GCC_541\Debug\Design01.a(TIA_1.o)
 .debug_aranges
                0x00000bf8       0x58 .\CortexM3\ARM_GCC_541\Debug\Design01.a(VDAC_Vgs.o)
 .debug_aranges
                0x00000c50       0x58 .\CortexM3\ARM_GCC_541\Debug\Design01.a(VDAC_Vds.o)
 .debug_aranges
                0x00000ca8       0x70 .\CortexM3\ARM_GCC_541\Debug\Design01.a(ADC_DelSig_1_Ext_CP_Clk.o)
 .debug_aranges
                0x00000d18       0x80 .\CortexM3\ARM_GCC_541\Debug\Design01.a(ADC_DelSig_1_theACLK.o)
 .debug_aranges
                0x00000d98       0x58 .\CortexM3\ARM_GCC_541\Debug\Design01.a(VDAC_Ref.o)
 .debug_aranges
                0x00000df0       0x38 .\CortexM3\ARM_GCC_541\Debug\Design01.a(I2C_1.o)
 .debug_aranges
                0x00000e28       0x20 .\CortexM3\ARM_GCC_541\Debug\Design01.a(I2C_1_INT.o)
 .debug_aranges
                0x00000e48       0x80 .\CortexM3\ARM_GCC_541\Debug\Design01.a(I2C_1_MASTER.o)
 .debug_aranges
                0x00000ec8       0x88 .\CortexM3\ARM_GCC_541\Debug\Design01.a(CommunicationTimer.o)
 .debug_aranges
                0x00000f50       0x80 .\CortexM3\ARM_GCC_541\Debug\Design01.a(CommunicationInterrupt.o)
 .debug_aranges
                0x00000fd0       0xa8 .\CortexM3\ARM_GCC_541\Debug\Design01.a(ADC_SAR_1.o)
 .debug_aranges
                0x00001078       0x20 .\CortexM3\ARM_GCC_541\Debug\Design01.a(ADC_SAR_1_INT.o)
 .debug_aranges
                0x00001098       0xa8 .\CortexM3\ARM_GCC_541\Debug\Design01.a(ADC_SAR_2.o)
 .debug_aranges
                0x00001140       0x20 .\CortexM3\ARM_GCC_541\Debug\Design01.a(ADC_SAR_2_INT.o)
 .debug_aranges
                0x00001160       0x80 .\CortexM3\ARM_GCC_541\Debug\Design01.a(ADC_SAR_1_theACLK.o)
 .debug_aranges
                0x000011e0       0x80 .\CortexM3\ARM_GCC_541\Debug\Design01.a(ADC_SAR_2_theACLK.o)
 .debug_aranges
                0x00001260       0x20 .\CortexM3\ARM_GCC_541\Debug\Design01.a(CyBootAsmGnu.o)
 .debug_aranges
                0x00001280       0x80 .\CortexM3\ARM_GCC_541\Debug\Design01.a(CyFlash.o)
 .debug_aranges
                0x00001300       0x78 .\CortexM3\ARM_GCC_541\Debug\Design01.a(CySpc.o)
 .debug_aranges
                0x00001378       0x20 .\CortexM3\ARM_GCC_541\Debug\Design01.a(USBUART_cls.o)
 .debug_aranges
                0x00001398       0x18 .\CortexM3\ARM_GCC_541\Debug\Design01.a(USBUART_descr.o)
