ARM GAS  C:\Users\noyce\AppData\Local\Temp\ccDZatg0.s 			page 1


   1              		.syntax unified
   2              		.cpu cortex-m0
   3              		.fpu softvfp
   4              		.eabi_attribute 20, 1
   5              		.eabi_attribute 21, 1
   6              		.eabi_attribute 23, 3
   7              		.eabi_attribute 24, 1
   8              		.eabi_attribute 25, 1
   9              		.eabi_attribute 26, 1
  10              		.eabi_attribute 30, 1
  11              		.eabi_attribute 34, 0
  12              		.eabi_attribute 18, 4
  13              		.thumb
  14              		.syntax unified
  15              		.file	"IDAC_1.c"
  16              		.text
  17              	.Ltext0:
  18              		.cfi_sections	.debug_frame
  19              		.section	.text.IDAC_1_Init,"ax",%progbits
  20              		.align	2
  21              		.global	IDAC_1_Init
  22              		.code	16
  23              		.thumb_func
  24              		.type	IDAC_1_Init, %function
  25              	IDAC_1_Init:
  26              	.LFB0:
  27              		.file 1 "Generated_Source\\PSoC4\\IDAC_1.c"
   1:Generated_Source\PSoC4/IDAC_1.c **** /*******************************************************************************
   2:Generated_Source\PSoC4/IDAC_1.c **** * File Name: IDAC_1.c
   3:Generated_Source\PSoC4/IDAC_1.c **** * Version 1.10
   4:Generated_Source\PSoC4/IDAC_1.c **** *
   5:Generated_Source\PSoC4/IDAC_1.c **** * Description:
   6:Generated_Source\PSoC4/IDAC_1.c **** *  This file provides the source code of APIs for the IDAC_P4 component.
   7:Generated_Source\PSoC4/IDAC_1.c **** *
   8:Generated_Source\PSoC4/IDAC_1.c **** *******************************************************************************
   9:Generated_Source\PSoC4/IDAC_1.c **** * Copyright 2013-2015, Cypress Semiconductor Corporation.  All rights reserved.
  10:Generated_Source\PSoC4/IDAC_1.c **** * You may use this file only in accordance with the license, terms, conditions,
  11:Generated_Source\PSoC4/IDAC_1.c **** * disclaimers, and limitations in the end user license agreement accompanying
  12:Generated_Source\PSoC4/IDAC_1.c **** * the software package with which this file was provided.
  13:Generated_Source\PSoC4/IDAC_1.c **** *******************************************************************************/
  14:Generated_Source\PSoC4/IDAC_1.c **** 
  15:Generated_Source\PSoC4/IDAC_1.c **** #include "IDAC_1.h"
  16:Generated_Source\PSoC4/IDAC_1.c **** 
  17:Generated_Source\PSoC4/IDAC_1.c **** uint32 IDAC_1_initVar = 0u;
  18:Generated_Source\PSoC4/IDAC_1.c **** 
  19:Generated_Source\PSoC4/IDAC_1.c **** 
  20:Generated_Source\PSoC4/IDAC_1.c **** /*******************************************************************************
  21:Generated_Source\PSoC4/IDAC_1.c **** * Function Name: IDAC_1_Init
  22:Generated_Source\PSoC4/IDAC_1.c **** ********************************************************************************
  23:Generated_Source\PSoC4/IDAC_1.c **** *
  24:Generated_Source\PSoC4/IDAC_1.c **** * Summary:
  25:Generated_Source\PSoC4/IDAC_1.c **** *  Initializes IDAC registers with initial values provided from customizer.
  26:Generated_Source\PSoC4/IDAC_1.c **** *
  27:Generated_Source\PSoC4/IDAC_1.c **** * Parameters:
  28:Generated_Source\PSoC4/IDAC_1.c **** *  None
  29:Generated_Source\PSoC4/IDAC_1.c **** *
  30:Generated_Source\PSoC4/IDAC_1.c **** * Return:
ARM GAS  C:\Users\noyce\AppData\Local\Temp\ccDZatg0.s 			page 2


  31:Generated_Source\PSoC4/IDAC_1.c **** *  None
  32:Generated_Source\PSoC4/IDAC_1.c **** *
  33:Generated_Source\PSoC4/IDAC_1.c **** * Global variables:
  34:Generated_Source\PSoC4/IDAC_1.c **** *  None
  35:Generated_Source\PSoC4/IDAC_1.c **** *
  36:Generated_Source\PSoC4/IDAC_1.c **** *******************************************************************************/
  37:Generated_Source\PSoC4/IDAC_1.c **** void IDAC_1_Init(void)
  38:Generated_Source\PSoC4/IDAC_1.c **** {
  28              		.loc 1 38 0
  29              		.cfi_startproc
  30              		@ args = 0, pretend = 0, frame = 0
  31              		@ frame_needed = 0, uses_anonymous_args = 0
  32 0000 10B5     		push	{r4, lr}
  33              		.cfi_def_cfa_offset 8
  34              		.cfi_offset 4, -8
  35              		.cfi_offset 14, -4
  39:Generated_Source\PSoC4/IDAC_1.c ****     uint32 regVal;
  40:Generated_Source\PSoC4/IDAC_1.c ****     uint8 enableInterrupts;
  41:Generated_Source\PSoC4/IDAC_1.c **** 
  42:Generated_Source\PSoC4/IDAC_1.c ****     /* Set initial configuration */
  43:Generated_Source\PSoC4/IDAC_1.c ****     enableInterrupts = CyEnterCriticalSection();
  36              		.loc 1 43 0
  37 0002 FFF7FEFF 		bl	CyEnterCriticalSection
  38              	.LVL0:
  44:Generated_Source\PSoC4/IDAC_1.c ****     
  45:Generated_Source\PSoC4/IDAC_1.c ****     #if(IDAC_1_MODE_SOURCE == IDAC_1_IDAC_POLARITY)
  46:Generated_Source\PSoC4/IDAC_1.c ****         regVal  = IDAC_1_CSD_TRIM1_REG & ~(IDAC_1_CSD_IDAC_TRIM1_MASK);
  47:Generated_Source\PSoC4/IDAC_1.c ****         regVal |=  (IDAC_1_SFLASH_TRIM1_REG & IDAC_1_CSD_IDAC_TRIM1_MASK);
  48:Generated_Source\PSoC4/IDAC_1.c ****         IDAC_1_CSD_TRIM1_REG = regVal;
  49:Generated_Source\PSoC4/IDAC_1.c ****     #else
  50:Generated_Source\PSoC4/IDAC_1.c ****         regVal  = IDAC_1_CSD_TRIM2_REG & ~(IDAC_1_CSD_IDAC_TRIM2_MASK);
  39              		.loc 1 50 0
  40 0006 0F4C     		ldr	r4, .L2
  41 0008 2368     		ldr	r3, [r4]
  42 000a 0F22     		movs	r2, #15
  43 000c 9343     		bics	r3, r2
  44 000e 1900     		movs	r1, r3
  45              	.LVL1:
  51:Generated_Source\PSoC4/IDAC_1.c ****         regVal |=  (IDAC_1_SFLASH_TRIM2_REG & IDAC_1_CSD_IDAC_TRIM2_MASK);
  46              		.loc 1 51 0
  47 0010 0D4B     		ldr	r3, .L2+4
  48 0012 1B78     		ldrb	r3, [r3]
  49 0014 1340     		ands	r3, r2
  50 0016 0B43     		orrs	r3, r1
  51              	.LVL2:
  52:Generated_Source\PSoC4/IDAC_1.c ****         IDAC_1_CSD_TRIM2_REG = regVal;
  52              		.loc 1 52 0
  53 0018 2360     		str	r3, [r4]
  53:Generated_Source\PSoC4/IDAC_1.c ****     #endif /* (IDAC_1_MODE_SOURCE == IDAC_1_IDAC_POLARITY) */
  54:Generated_Source\PSoC4/IDAC_1.c **** 
  55:Generated_Source\PSoC4/IDAC_1.c ****     /* clear previous values */
  56:Generated_Source\PSoC4/IDAC_1.c ****     IDAC_1_IDAC_CONTROL_REG &= ((uint32)~((uint32)IDAC_1_IDAC_VALUE_MASK <<
  54              		.loc 1 56 0
  55 001a 0C4A     		ldr	r2, .L2+8
  56 001c 1368     		ldr	r3, [r2]
  57              	.LVL3:
  58 001e 1360     		str	r3, [r2]
ARM GAS  C:\Users\noyce\AppData\Local\Temp\ccDZatg0.s 			page 3


  59              	.LVL4:
  57:Generated_Source\PSoC4/IDAC_1.c ****         IDAC_1_IDAC_VALUE_POSITION)) | ((uint32)~((uint32)IDAC_1_IDAC_MODE_MASK <<
  58:Generated_Source\PSoC4/IDAC_1.c ****         IDAC_1_IDAC_MODE_POSITION))  | ((uint32)~((uint32)IDAC_1_IDAC_RANGE_MASK  <<
  59:Generated_Source\PSoC4/IDAC_1.c ****         IDAC_1_IDAC_RANGE_POSITION));
  60:Generated_Source\PSoC4/IDAC_1.c **** 
  61:Generated_Source\PSoC4/IDAC_1.c ****     IDAC_1_IDAC_POLARITY_CONTROL_REG &= (~(uint32)((uint32)IDAC_1_IDAC_POLARITY_MASK <<
  60              		.loc 1 61 0
  61 0020 0B4B     		ldr	r3, .L2+12
  62 0022 1C68     		ldr	r4, [r3]
  63 0024 0B49     		ldr	r1, .L2+16
  64 0026 2140     		ands	r1, r4
  65 0028 1960     		str	r1, [r3]
  62:Generated_Source\PSoC4/IDAC_1.c ****         IDAC_1_IDAC_POLARITY_POSITION));
  63:Generated_Source\PSoC4/IDAC_1.c **** 
  64:Generated_Source\PSoC4/IDAC_1.c ****     /* set new configuration */
  65:Generated_Source\PSoC4/IDAC_1.c ****     IDAC_1_IDAC_CONTROL_REG |= (((uint32)IDAC_1_IDAC_INIT_VALUE <<
  66              		.loc 1 65 0
  67 002a 1468     		ldr	r4, [r2]
  68 002c 7821     		movs	r1, #120
  69 002e 2143     		orrs	r1, r4
  70 0030 1160     		str	r1, [r2]
  66:Generated_Source\PSoC4/IDAC_1.c ****         IDAC_1_IDAC_VALUE_POSITION) | ((uint32)IDAC_1_IDAC_RANGE <<
  67:Generated_Source\PSoC4/IDAC_1.c ****         IDAC_1_IDAC_RANGE_POSITION));
  68:Generated_Source\PSoC4/IDAC_1.c **** 
  69:Generated_Source\PSoC4/IDAC_1.c ****     IDAC_1_IDAC_POLARITY_CONTROL_REG |= ((uint32)IDAC_1_IDAC_POLARITY <<
  71              		.loc 1 69 0
  72 0032 1A68     		ldr	r2, [r3]
  73 0034 8021     		movs	r1, #128
  74 0036 4902     		lsls	r1, r1, #9
  75 0038 0A43     		orrs	r2, r1
  76 003a 1A60     		str	r2, [r3]
  70:Generated_Source\PSoC4/IDAC_1.c ****                                                            IDAC_1_IDAC_POLARITY_POSITION);
  71:Generated_Source\PSoC4/IDAC_1.c **** 
  72:Generated_Source\PSoC4/IDAC_1.c ****     CyExitCriticalSection(enableInterrupts);
  77              		.loc 1 72 0
  78 003c FFF7FEFF 		bl	CyExitCriticalSection
  79              	.LVL5:
  73:Generated_Source\PSoC4/IDAC_1.c **** 
  74:Generated_Source\PSoC4/IDAC_1.c **** }
  80              		.loc 1 74 0
  81              		@ sp needed
  82 0040 10BD     		pop	{r4, pc}
  83              	.L3:
  84 0042 C046     		.align	2
  85              	.L2:
  86 0044 04FF0840 		.word	1074331396
  87 0048 61F1FF0F 		.word	268431713
  88 004c 08000840 		.word	1074266120
  89 0050 04000840 		.word	1074266116
  90 0054 FFFFFEFF 		.word	-65537
  91              		.cfi_endproc
  92              	.LFE0:
  93              		.size	IDAC_1_Init, .-IDAC_1_Init
  94              		.section	.text.IDAC_1_Enable,"ax",%progbits
  95              		.align	2
  96              		.global	IDAC_1_Enable
  97              		.code	16
ARM GAS  C:\Users\noyce\AppData\Local\Temp\ccDZatg0.s 			page 4


  98              		.thumb_func
  99              		.type	IDAC_1_Enable, %function
 100              	IDAC_1_Enable:
 101              	.LFB1:
  75:Generated_Source\PSoC4/IDAC_1.c **** 
  76:Generated_Source\PSoC4/IDAC_1.c **** 
  77:Generated_Source\PSoC4/IDAC_1.c **** /*******************************************************************************
  78:Generated_Source\PSoC4/IDAC_1.c **** * Function Name: IDAC_1_Enable
  79:Generated_Source\PSoC4/IDAC_1.c **** ********************************************************************************
  80:Generated_Source\PSoC4/IDAC_1.c **** *
  81:Generated_Source\PSoC4/IDAC_1.c **** * Summary:
  82:Generated_Source\PSoC4/IDAC_1.c **** *  Enables IDAC operations.
  83:Generated_Source\PSoC4/IDAC_1.c **** *
  84:Generated_Source\PSoC4/IDAC_1.c **** * Parameters:
  85:Generated_Source\PSoC4/IDAC_1.c **** *  None
  86:Generated_Source\PSoC4/IDAC_1.c **** *
  87:Generated_Source\PSoC4/IDAC_1.c **** * Return:
  88:Generated_Source\PSoC4/IDAC_1.c **** *  None
  89:Generated_Source\PSoC4/IDAC_1.c **** *
  90:Generated_Source\PSoC4/IDAC_1.c **** * Global variables:
  91:Generated_Source\PSoC4/IDAC_1.c **** *  None
  92:Generated_Source\PSoC4/IDAC_1.c **** *
  93:Generated_Source\PSoC4/IDAC_1.c **** *******************************************************************************/
  94:Generated_Source\PSoC4/IDAC_1.c **** void IDAC_1_Enable(void)
  95:Generated_Source\PSoC4/IDAC_1.c **** {
 102              		.loc 1 95 0
 103              		.cfi_startproc
 104              		@ args = 0, pretend = 0, frame = 0
 105              		@ frame_needed = 0, uses_anonymous_args = 0
 106 0000 10B5     		push	{r4, lr}
 107              		.cfi_def_cfa_offset 8
 108              		.cfi_offset 4, -8
 109              		.cfi_offset 14, -4
  96:Generated_Source\PSoC4/IDAC_1.c ****     uint8 enableInterrupts;
  97:Generated_Source\PSoC4/IDAC_1.c **** 
  98:Generated_Source\PSoC4/IDAC_1.c ****     enableInterrupts = CyEnterCriticalSection();
 110              		.loc 1 98 0
 111 0002 FFF7FEFF 		bl	CyEnterCriticalSection
 112              	.LVL6:
  99:Generated_Source\PSoC4/IDAC_1.c **** 
 100:Generated_Source\PSoC4/IDAC_1.c ****     /* Enable the IDAC */
 101:Generated_Source\PSoC4/IDAC_1.c ****     IDAC_1_IDAC_CONTROL_REG |= ((uint32)IDAC_1_IDAC_EN_MODE <<
 113              		.loc 1 101 0
 114 0006 074A     		ldr	r2, .L5
 115 0008 1368     		ldr	r3, [r2]
 116 000a C021     		movs	r1, #192
 117 000c 8900     		lsls	r1, r1, #2
 118 000e 0B43     		orrs	r3, r1
 119 0010 1360     		str	r3, [r2]
 102:Generated_Source\PSoC4/IDAC_1.c ****                                                   IDAC_1_IDAC_MODE_POSITION);
 103:Generated_Source\PSoC4/IDAC_1.c ****     IDAC_1_IDAC_POLARITY_CONTROL_REG |= ((uint32)IDAC_1_IDAC_CSD_EN <<
 120              		.loc 1 103 0
 121 0012 054A     		ldr	r2, .L5+4
 122 0014 1368     		ldr	r3, [r2]
 123 0016 8021     		movs	r1, #128
 124 0018 0906     		lsls	r1, r1, #24
 125 001a 0B43     		orrs	r3, r1
ARM GAS  C:\Users\noyce\AppData\Local\Temp\ccDZatg0.s 			page 5


 126 001c 1360     		str	r3, [r2]
 104:Generated_Source\PSoC4/IDAC_1.c ****                                                            IDAC_1_IDAC_CSD_EN_POSITION);
 105:Generated_Source\PSoC4/IDAC_1.c ****     CyExitCriticalSection(enableInterrupts);
 127              		.loc 1 105 0
 128 001e FFF7FEFF 		bl	CyExitCriticalSection
 129              	.LVL7:
 106:Generated_Source\PSoC4/IDAC_1.c **** 
 107:Generated_Source\PSoC4/IDAC_1.c **** }
 130              		.loc 1 107 0
 131              		@ sp needed
 132 0022 10BD     		pop	{r4, pc}
 133              	.L6:
 134              		.align	2
 135              	.L5:
 136 0024 08000840 		.word	1074266120
 137 0028 04000840 		.word	1074266116
 138              		.cfi_endproc
 139              	.LFE1:
 140              		.size	IDAC_1_Enable, .-IDAC_1_Enable
 141              		.section	.text.IDAC_1_Start,"ax",%progbits
 142              		.align	2
 143              		.global	IDAC_1_Start
 144              		.code	16
 145              		.thumb_func
 146              		.type	IDAC_1_Start, %function
 147              	IDAC_1_Start:
 148              	.LFB2:
 108:Generated_Source\PSoC4/IDAC_1.c **** 
 109:Generated_Source\PSoC4/IDAC_1.c **** 
 110:Generated_Source\PSoC4/IDAC_1.c **** /*******************************************************************************
 111:Generated_Source\PSoC4/IDAC_1.c **** * Function Name: IDAC_1_Start
 112:Generated_Source\PSoC4/IDAC_1.c **** ********************************************************************************
 113:Generated_Source\PSoC4/IDAC_1.c **** *
 114:Generated_Source\PSoC4/IDAC_1.c **** * Summary:
 115:Generated_Source\PSoC4/IDAC_1.c **** *  Starts the IDAC hardware.
 116:Generated_Source\PSoC4/IDAC_1.c **** *
 117:Generated_Source\PSoC4/IDAC_1.c **** * Parameters:
 118:Generated_Source\PSoC4/IDAC_1.c **** *  None
 119:Generated_Source\PSoC4/IDAC_1.c **** *
 120:Generated_Source\PSoC4/IDAC_1.c **** * Return:
 121:Generated_Source\PSoC4/IDAC_1.c **** *  None
 122:Generated_Source\PSoC4/IDAC_1.c **** *
 123:Generated_Source\PSoC4/IDAC_1.c **** * Global variables:
 124:Generated_Source\PSoC4/IDAC_1.c **** *  IDAC_1_initVar
 125:Generated_Source\PSoC4/IDAC_1.c **** *
 126:Generated_Source\PSoC4/IDAC_1.c **** *******************************************************************************/
 127:Generated_Source\PSoC4/IDAC_1.c **** void IDAC_1_Start(void)
 128:Generated_Source\PSoC4/IDAC_1.c **** {
 149              		.loc 1 128 0
 150              		.cfi_startproc
 151              		@ args = 0, pretend = 0, frame = 0
 152              		@ frame_needed = 0, uses_anonymous_args = 0
 153 0000 10B5     		push	{r4, lr}
 154              		.cfi_def_cfa_offset 8
 155              		.cfi_offset 4, -8
 156              		.cfi_offset 14, -4
 129:Generated_Source\PSoC4/IDAC_1.c ****     if(0u == IDAC_1_initVar)
ARM GAS  C:\Users\noyce\AppData\Local\Temp\ccDZatg0.s 			page 6


 157              		.loc 1 129 0
 158 0002 064B     		ldr	r3, .L9
 159 0004 1B68     		ldr	r3, [r3]
 160 0006 002B     		cmp	r3, #0
 161 0008 04D1     		bne	.L8
 130:Generated_Source\PSoC4/IDAC_1.c ****     {
 131:Generated_Source\PSoC4/IDAC_1.c ****         IDAC_1_Init();
 162              		.loc 1 131 0
 163 000a FFF7FEFF 		bl	IDAC_1_Init
 164              	.LVL8:
 132:Generated_Source\PSoC4/IDAC_1.c ****         IDAC_1_initVar = 1u;
 165              		.loc 1 132 0
 166 000e 0122     		movs	r2, #1
 167 0010 024B     		ldr	r3, .L9
 168 0012 1A60     		str	r2, [r3]
 169              	.L8:
 133:Generated_Source\PSoC4/IDAC_1.c ****     }
 134:Generated_Source\PSoC4/IDAC_1.c **** 
 135:Generated_Source\PSoC4/IDAC_1.c ****     IDAC_1_Enable();
 170              		.loc 1 135 0
 171 0014 FFF7FEFF 		bl	IDAC_1_Enable
 172              	.LVL9:
 136:Generated_Source\PSoC4/IDAC_1.c **** 
 137:Generated_Source\PSoC4/IDAC_1.c **** }
 173              		.loc 1 137 0
 174              		@ sp needed
 175 0018 10BD     		pop	{r4, pc}
 176              	.L10:
 177 001a C046     		.align	2
 178              	.L9:
 179 001c 00000000 		.word	.LANCHOR0
 180              		.cfi_endproc
 181              	.LFE2:
 182              		.size	IDAC_1_Start, .-IDAC_1_Start
 183              		.section	.text.IDAC_1_Stop,"ax",%progbits
 184              		.align	2
 185              		.global	IDAC_1_Stop
 186              		.code	16
 187              		.thumb_func
 188              		.type	IDAC_1_Stop, %function
 189              	IDAC_1_Stop:
 190              	.LFB3:
 138:Generated_Source\PSoC4/IDAC_1.c **** 
 139:Generated_Source\PSoC4/IDAC_1.c **** 
 140:Generated_Source\PSoC4/IDAC_1.c **** /*******************************************************************************
 141:Generated_Source\PSoC4/IDAC_1.c **** * Function Name: IDAC_1_Stop
 142:Generated_Source\PSoC4/IDAC_1.c **** ********************************************************************************
 143:Generated_Source\PSoC4/IDAC_1.c **** *
 144:Generated_Source\PSoC4/IDAC_1.c **** * Summary:
 145:Generated_Source\PSoC4/IDAC_1.c **** *  Stops the IDAC hardware.
 146:Generated_Source\PSoC4/IDAC_1.c **** *
 147:Generated_Source\PSoC4/IDAC_1.c **** * Parameters:
 148:Generated_Source\PSoC4/IDAC_1.c **** *  None
 149:Generated_Source\PSoC4/IDAC_1.c **** *
 150:Generated_Source\PSoC4/IDAC_1.c **** * Return:
 151:Generated_Source\PSoC4/IDAC_1.c **** *  None
 152:Generated_Source\PSoC4/IDAC_1.c **** *
ARM GAS  C:\Users\noyce\AppData\Local\Temp\ccDZatg0.s 			page 7


 153:Generated_Source\PSoC4/IDAC_1.c **** * Global variables:
 154:Generated_Source\PSoC4/IDAC_1.c **** *  None
 155:Generated_Source\PSoC4/IDAC_1.c **** *
 156:Generated_Source\PSoC4/IDAC_1.c **** *******************************************************************************/
 157:Generated_Source\PSoC4/IDAC_1.c **** void IDAC_1_Stop(void)
 158:Generated_Source\PSoC4/IDAC_1.c **** {
 191              		.loc 1 158 0
 192              		.cfi_startproc
 193              		@ args = 0, pretend = 0, frame = 0
 194              		@ frame_needed = 0, uses_anonymous_args = 0
 195 0000 10B5     		push	{r4, lr}
 196              		.cfi_def_cfa_offset 8
 197              		.cfi_offset 4, -8
 198              		.cfi_offset 14, -4
 159:Generated_Source\PSoC4/IDAC_1.c ****     uint8 enableInterrupts;
 160:Generated_Source\PSoC4/IDAC_1.c **** 
 161:Generated_Source\PSoC4/IDAC_1.c ****     enableInterrupts = CyEnterCriticalSection();
 199              		.loc 1 161 0
 200 0002 FFF7FEFF 		bl	CyEnterCriticalSection
 201              	.LVL10:
 162:Generated_Source\PSoC4/IDAC_1.c **** 
 163:Generated_Source\PSoC4/IDAC_1.c ****     /* Disable the IDAC */
 164:Generated_Source\PSoC4/IDAC_1.c ****     IDAC_1_IDAC_CONTROL_REG &= ((uint32)~((uint32)IDAC_1_IDAC_MODE_MASK <<
 202              		.loc 1 164 0
 203 0006 044A     		ldr	r2, .L12
 204 0008 1168     		ldr	r1, [r2]
 205 000a 044B     		ldr	r3, .L12+4
 206 000c 0B40     		ands	r3, r1
 207 000e 1360     		str	r3, [r2]
 165:Generated_Source\PSoC4/IDAC_1.c ****         IDAC_1_IDAC_MODE_POSITION));
 166:Generated_Source\PSoC4/IDAC_1.c ****     CyExitCriticalSection(enableInterrupts);
 208              		.loc 1 166 0
 209 0010 FFF7FEFF 		bl	CyExitCriticalSection
 210              	.LVL11:
 167:Generated_Source\PSoC4/IDAC_1.c **** }
 211              		.loc 1 167 0
 212              		@ sp needed
 213 0014 10BD     		pop	{r4, pc}
 214              	.L13:
 215 0016 C046     		.align	2
 216              	.L12:
 217 0018 08000840 		.word	1074266120
 218 001c FFFCFFFF 		.word	-769
 219              		.cfi_endproc
 220              	.LFE3:
 221              		.size	IDAC_1_Stop, .-IDAC_1_Stop
 222              		.section	.text.IDAC_1_SetValue,"ax",%progbits
 223              		.align	2
 224              		.global	IDAC_1_SetValue
 225              		.code	16
 226              		.thumb_func
 227              		.type	IDAC_1_SetValue, %function
 228              	IDAC_1_SetValue:
 229              	.LFB4:
 168:Generated_Source\PSoC4/IDAC_1.c **** 
 169:Generated_Source\PSoC4/IDAC_1.c **** 
 170:Generated_Source\PSoC4/IDAC_1.c **** /*******************************************************************************
ARM GAS  C:\Users\noyce\AppData\Local\Temp\ccDZatg0.s 			page 8


 171:Generated_Source\PSoC4/IDAC_1.c **** * Function Name: IDAC_1_SetValue
 172:Generated_Source\PSoC4/IDAC_1.c **** ********************************************************************************
 173:Generated_Source\PSoC4/IDAC_1.c **** *
 174:Generated_Source\PSoC4/IDAC_1.c **** * Summary:
 175:Generated_Source\PSoC4/IDAC_1.c **** *  Sets the IDAC value.
 176:Generated_Source\PSoC4/IDAC_1.c **** *
 177:Generated_Source\PSoC4/IDAC_1.c **** * Parameters:
 178:Generated_Source\PSoC4/IDAC_1.c **** *  uint32 value
 179:Generated_Source\PSoC4/IDAC_1.c **** *
 180:Generated_Source\PSoC4/IDAC_1.c **** * Return:
 181:Generated_Source\PSoC4/IDAC_1.c **** *  None
 182:Generated_Source\PSoC4/IDAC_1.c **** *
 183:Generated_Source\PSoC4/IDAC_1.c **** * Global variables:
 184:Generated_Source\PSoC4/IDAC_1.c **** *  None
 185:Generated_Source\PSoC4/IDAC_1.c **** *
 186:Generated_Source\PSoC4/IDAC_1.c **** *******************************************************************************/
 187:Generated_Source\PSoC4/IDAC_1.c **** void IDAC_1_SetValue(uint32 value)
 188:Generated_Source\PSoC4/IDAC_1.c **** {
 230              		.loc 1 188 0
 231              		.cfi_startproc
 232              		@ args = 0, pretend = 0, frame = 0
 233              		@ frame_needed = 0, uses_anonymous_args = 0
 234              	.LVL12:
 235 0000 10B5     		push	{r4, lr}
 236              		.cfi_def_cfa_offset 8
 237              		.cfi_offset 4, -8
 238              		.cfi_offset 14, -4
 239 0002 0400     		movs	r4, r0
 189:Generated_Source\PSoC4/IDAC_1.c ****     uint8 enableInterrupts;
 190:Generated_Source\PSoC4/IDAC_1.c ****     uint32 newRegisterValue;
 191:Generated_Source\PSoC4/IDAC_1.c **** 
 192:Generated_Source\PSoC4/IDAC_1.c ****     enableInterrupts = CyEnterCriticalSection();
 240              		.loc 1 192 0
 241 0004 FFF7FEFF 		bl	CyEnterCriticalSection
 242              	.LVL13:
 193:Generated_Source\PSoC4/IDAC_1.c **** 
 194:Generated_Source\PSoC4/IDAC_1.c ****     #if(IDAC_1_IDAC_VALUE_POSITION != 0u)
 195:Generated_Source\PSoC4/IDAC_1.c ****         newRegisterValue = ((IDAC_1_IDAC_CONTROL_REG & (~(uint32)((uint32)IDAC_1_IDAC_VALUE_MASK <<
 196:Generated_Source\PSoC4/IDAC_1.c ****         IDAC_1_IDAC_VALUE_POSITION))) | (value << IDAC_1_IDAC_VALUE_POSITION));
 197:Generated_Source\PSoC4/IDAC_1.c ****     #else
 198:Generated_Source\PSoC4/IDAC_1.c ****         newRegisterValue = ((IDAC_1_IDAC_CONTROL_REG & (~(uint32)IDAC_1_IDAC_VALUE_MASK)) | value);
 243              		.loc 1 198 0
 244 0008 044A     		ldr	r2, .L15
 245 000a 1368     		ldr	r3, [r2]
 246 000c FF21     		movs	r1, #255
 247 000e 8B43     		bics	r3, r1
 248 0010 1C43     		orrs	r4, r3
 249              	.LVL14:
 199:Generated_Source\PSoC4/IDAC_1.c ****     #endif /* IDAC_1_IDAC_VALUE_POSITION != 0u */
 200:Generated_Source\PSoC4/IDAC_1.c **** 
 201:Generated_Source\PSoC4/IDAC_1.c ****     IDAC_1_IDAC_CONTROL_REG = newRegisterValue;
 250              		.loc 1 201 0
 251 0012 1460     		str	r4, [r2]
 202:Generated_Source\PSoC4/IDAC_1.c **** 
 203:Generated_Source\PSoC4/IDAC_1.c ****     CyExitCriticalSection(enableInterrupts);
 252              		.loc 1 203 0
 253 0014 FFF7FEFF 		bl	CyExitCriticalSection
ARM GAS  C:\Users\noyce\AppData\Local\Temp\ccDZatg0.s 			page 9


 254              	.LVL15:
 204:Generated_Source\PSoC4/IDAC_1.c **** }
 255              		.loc 1 204 0
 256              		@ sp needed
 257              	.LVL16:
 258 0018 10BD     		pop	{r4, pc}
 259              	.L16:
 260 001a C046     		.align	2
 261              	.L15:
 262 001c 08000840 		.word	1074266120
 263              		.cfi_endproc
 264              	.LFE4:
 265              		.size	IDAC_1_SetValue, .-IDAC_1_SetValue
 266              		.global	IDAC_1_initVar
 267              		.bss
 268              		.align	2
 269              		.set	.LANCHOR0,. + 0
 270              		.type	IDAC_1_initVar, %object
 271              		.size	IDAC_1_initVar, 4
 272              	IDAC_1_initVar:
 273 0000 00000000 		.space	4
 274              		.text
 275              	.Letext0:
 276              		.file 2 "Generated_Source\\PSoC4\\cytypes.h"
 277              		.file 3 "Generated_Source\\PSoC4\\CyLib.h"
 278              		.section	.debug_info,"",%progbits
 279              	.Ldebug_info0:
 280 0000 1D020000 		.4byte	0x21d
 281 0004 0400     		.2byte	0x4
 282 0006 00000000 		.4byte	.Ldebug_abbrev0
 283 000a 04       		.byte	0x4
 284 000b 01       		.uleb128 0x1
 285 000c 1F010000 		.4byte	.LASF28
 286 0010 0C       		.byte	0xc
 287 0011 FF000000 		.4byte	.LASF29
 288 0015 D7010000 		.4byte	.LASF30
 289 0019 00000000 		.4byte	.Ldebug_ranges0+0
 290 001d 00000000 		.4byte	0
 291 0021 00000000 		.4byte	.Ldebug_line0
 292 0025 02       		.uleb128 0x2
 293 0026 01       		.byte	0x1
 294 0027 06       		.byte	0x6
 295 0028 5D020000 		.4byte	.LASF0
 296 002c 02       		.uleb128 0x2
 297 002d 01       		.byte	0x1
 298 002e 08       		.byte	0x8
 299 002f 74000000 		.4byte	.LASF1
 300 0033 02       		.uleb128 0x2
 301 0034 02       		.byte	0x2
 302 0035 05       		.byte	0x5
 303 0036 2D020000 		.4byte	.LASF2
 304 003a 02       		.uleb128 0x2
 305 003b 02       		.byte	0x2
 306 003c 07       		.byte	0x7
 307 003d 1C000000 		.4byte	.LASF3
 308 0041 02       		.uleb128 0x2
 309 0042 04       		.byte	0x4
ARM GAS  C:\Users\noyce\AppData\Local\Temp\ccDZatg0.s 			page 10


 310 0043 05       		.byte	0x5
 311 0044 48020000 		.4byte	.LASF4
 312 0048 02       		.uleb128 0x2
 313 0049 04       		.byte	0x4
 314 004a 07       		.byte	0x7
 315 004b 87000000 		.4byte	.LASF5
 316 004f 02       		.uleb128 0x2
 317 0050 08       		.byte	0x8
 318 0051 05       		.byte	0x5
 319 0052 C4010000 		.4byte	.LASF6
 320 0056 02       		.uleb128 0x2
 321 0057 08       		.byte	0x8
 322 0058 07       		.byte	0x7
 323 0059 4E000000 		.4byte	.LASF7
 324 005d 03       		.uleb128 0x3
 325 005e 04       		.byte	0x4
 326 005f 05       		.byte	0x5
 327 0060 696E7400 		.ascii	"int\000"
 328 0064 02       		.uleb128 0x2
 329 0065 04       		.byte	0x4
 330 0066 07       		.byte	0x7
 331 0067 2F000000 		.4byte	.LASF8
 332 006b 04       		.uleb128 0x4
 333 006c 99000000 		.4byte	.LASF9
 334 0070 02       		.byte	0x2
 335 0071 D201     		.2byte	0x1d2
 336 0073 2C000000 		.4byte	0x2c
 337 0077 04       		.uleb128 0x4
 338 0078 BE000000 		.4byte	.LASF10
 339 007c 02       		.byte	0x2
 340 007d D401     		.2byte	0x1d4
 341 007f 48000000 		.4byte	0x48
 342 0083 02       		.uleb128 0x2
 343 0084 04       		.byte	0x4
 344 0085 04       		.byte	0x4
 345 0086 48000000 		.4byte	.LASF11
 346 008a 02       		.uleb128 0x2
 347 008b 08       		.byte	0x8
 348 008c 04       		.byte	0x4
 349 008d B0000000 		.4byte	.LASF12
 350 0091 02       		.uleb128 0x2
 351 0092 01       		.byte	0x1
 352 0093 08       		.byte	0x8
 353 0094 D2010000 		.4byte	.LASF13
 354 0098 04       		.uleb128 0x4
 355 0099 82000000 		.4byte	.LASF14
 356 009d 02       		.byte	0x2
 357 009e 7C02     		.2byte	0x27c
 358 00a0 A4000000 		.4byte	0xa4
 359 00a4 05       		.uleb128 0x5
 360 00a5 6B000000 		.4byte	0x6b
 361 00a9 04       		.uleb128 0x4
 362 00aa 00000000 		.4byte	.LASF15
 363 00ae 02       		.byte	0x2
 364 00af 7E02     		.2byte	0x27e
 365 00b1 B5000000 		.4byte	0xb5
 366 00b5 05       		.uleb128 0x5
ARM GAS  C:\Users\noyce\AppData\Local\Temp\ccDZatg0.s 			page 11


 367 00b6 77000000 		.4byte	0x77
 368 00ba 02       		.uleb128 0x2
 369 00bb 08       		.byte	0x8
 370 00bc 04       		.byte	0x4
 371 00bd 51020000 		.4byte	.LASF16
 372 00c1 02       		.uleb128 0x2
 373 00c2 04       		.byte	0x4
 374 00c3 07       		.byte	0x7
 375 00c4 BB010000 		.4byte	.LASF17
 376 00c8 06       		.uleb128 0x6
 377 00c9 69020000 		.4byte	.LASF20
 378 00cd 01       		.byte	0x1
 379 00ce 25       		.byte	0x25
 380 00cf 00000000 		.4byte	.LFB0
 381 00d3 58000000 		.4byte	.LFE0-.LFB0
 382 00d7 01       		.uleb128 0x1
 383 00d8 9C       		.byte	0x9c
 384 00d9 0E010000 		.4byte	0x10e
 385 00dd 07       		.uleb128 0x7
 386 00de B7000000 		.4byte	.LASF18
 387 00e2 01       		.byte	0x1
 388 00e3 27       		.byte	0x27
 389 00e4 77000000 		.4byte	0x77
 390 00e8 00000000 		.4byte	.LLST0
 391 00ec 07       		.uleb128 0x7
 392 00ed 9F000000 		.4byte	.LASF19
 393 00f1 01       		.byte	0x1
 394 00f2 28       		.byte	0x28
 395 00f3 6B000000 		.4byte	0x6b
 396 00f7 2A000000 		.4byte	.LLST1
 397 00fb 08       		.uleb128 0x8
 398 00fc 06000000 		.4byte	.LVL0
 399 0100 0A020000 		.4byte	0x20a
 400 0104 08       		.uleb128 0x8
 401 0105 40000000 		.4byte	.LVL5
 402 0109 15020000 		.4byte	0x215
 403 010d 00       		.byte	0
 404 010e 06       		.uleb128 0x6
 405 010f AD010000 		.4byte	.LASF21
 406 0113 01       		.byte	0x1
 407 0114 5E       		.byte	0x5e
 408 0115 00000000 		.4byte	.LFB1
 409 0119 2C000000 		.4byte	.LFE1-.LFB1
 410 011d 01       		.uleb128 0x1
 411 011e 9C       		.byte	0x9c
 412 011f 45010000 		.4byte	0x145
 413 0123 07       		.uleb128 0x7
 414 0124 9F000000 		.4byte	.LASF19
 415 0128 01       		.byte	0x1
 416 0129 60       		.byte	0x60
 417 012a 6B000000 		.4byte	0x6b
 418 012e 3D000000 		.4byte	.LLST2
 419 0132 08       		.uleb128 0x8
 420 0133 06000000 		.4byte	.LVL6
 421 0137 0A020000 		.4byte	0x20a
 422 013b 08       		.uleb128 0x8
 423 013c 22000000 		.4byte	.LVL7
ARM GAS  C:\Users\noyce\AppData\Local\Temp\ccDZatg0.s 			page 12


 424 0140 15020000 		.4byte	0x215
 425 0144 00       		.byte	0
 426 0145 06       		.uleb128 0x6
 427 0146 DC000000 		.4byte	.LASF22
 428 014a 01       		.byte	0x1
 429 014b 7F       		.byte	0x7f
 430 014c 00000000 		.4byte	.LFB2
 431 0150 20000000 		.4byte	.LFE2-.LFB2
 432 0154 01       		.uleb128 0x1
 433 0155 9C       		.byte	0x9c
 434 0156 6D010000 		.4byte	0x16d
 435 015a 08       		.uleb128 0x8
 436 015b 0E000000 		.4byte	.LVL8
 437 015f C8000000 		.4byte	0xc8
 438 0163 08       		.uleb128 0x8
 439 0164 18000000 		.4byte	.LVL9
 440 0168 0E010000 		.4byte	0x10e
 441 016c 00       		.byte	0
 442 016d 06       		.uleb128 0x6
 443 016e 3C000000 		.4byte	.LASF23
 444 0172 01       		.byte	0x1
 445 0173 9D       		.byte	0x9d
 446 0174 00000000 		.4byte	.LFB3
 447 0178 20000000 		.4byte	.LFE3-.LFB3
 448 017c 01       		.uleb128 0x1
 449 017d 9C       		.byte	0x9c
 450 017e A4010000 		.4byte	0x1a4
 451 0182 07       		.uleb128 0x7
 452 0183 9F000000 		.4byte	.LASF19
 453 0187 01       		.byte	0x1
 454 0188 9F       		.byte	0x9f
 455 0189 6B000000 		.4byte	0x6b
 456 018d 50000000 		.4byte	.LLST3
 457 0191 08       		.uleb128 0x8
 458 0192 06000000 		.4byte	.LVL10
 459 0196 0A020000 		.4byte	0x20a
 460 019a 08       		.uleb128 0x8
 461 019b 14000000 		.4byte	.LVL11
 462 019f 15020000 		.4byte	0x215
 463 01a3 00       		.byte	0
 464 01a4 06       		.uleb128 0x6
 465 01a5 06000000 		.4byte	.LASF24
 466 01a9 01       		.byte	0x1
 467 01aa BB       		.byte	0xbb
 468 01ab 00000000 		.4byte	.LFB4
 469 01af 20000000 		.4byte	.LFE4-.LFB4
 470 01b3 01       		.uleb128 0x1
 471 01b4 9C       		.byte	0x9c
 472 01b5 F9010000 		.4byte	0x1f9
 473 01b9 09       		.uleb128 0x9
 474 01ba 16000000 		.4byte	.LASF31
 475 01be 01       		.byte	0x1
 476 01bf BB       		.byte	0xbb
 477 01c0 77000000 		.4byte	0x77
 478 01c4 63000000 		.4byte	.LLST4
 479 01c8 07       		.uleb128 0x7
 480 01c9 9F000000 		.4byte	.LASF19
ARM GAS  C:\Users\noyce\AppData\Local\Temp\ccDZatg0.s 			page 13


 481 01cd 01       		.byte	0x1
 482 01ce BD       		.byte	0xbd
 483 01cf 6B000000 		.4byte	0x6b
 484 01d3 8F000000 		.4byte	.LLST5
 485 01d7 07       		.uleb128 0x7
 486 01d8 37020000 		.4byte	.LASF25
 487 01dc 01       		.byte	0x1
 488 01dd BE       		.byte	0xbe
 489 01de 77000000 		.4byte	0x77
 490 01e2 A2000000 		.4byte	.LLST6
 491 01e6 08       		.uleb128 0x8
 492 01e7 08000000 		.4byte	.LVL13
 493 01eb 0A020000 		.4byte	0x20a
 494 01ef 08       		.uleb128 0x8
 495 01f0 18000000 		.4byte	.LVL15
 496 01f4 15020000 		.4byte	0x215
 497 01f8 00       		.byte	0
 498 01f9 0A       		.uleb128 0xa
 499 01fa 65000000 		.4byte	.LASF32
 500 01fe 01       		.byte	0x1
 501 01ff 11       		.byte	0x11
 502 0200 77000000 		.4byte	0x77
 503 0204 05       		.uleb128 0x5
 504 0205 03       		.byte	0x3
 505 0206 00000000 		.4byte	IDAC_1_initVar
 506 020a 0B       		.uleb128 0xb
 507 020b C5000000 		.4byte	.LASF26
 508 020f C5000000 		.4byte	.LASF26
 509 0213 03       		.byte	0x3
 510 0214 E5       		.byte	0xe5
 511 0215 0B       		.uleb128 0xb
 512 0216 E9000000 		.4byte	.LASF27
 513 021a E9000000 		.4byte	.LASF27
 514 021e 03       		.byte	0x3
 515 021f E6       		.byte	0xe6
 516 0220 00       		.byte	0
 517              		.section	.debug_abbrev,"",%progbits
 518              	.Ldebug_abbrev0:
 519 0000 01       		.uleb128 0x1
 520 0001 11       		.uleb128 0x11
 521 0002 01       		.byte	0x1
 522 0003 25       		.uleb128 0x25
 523 0004 0E       		.uleb128 0xe
 524 0005 13       		.uleb128 0x13
 525 0006 0B       		.uleb128 0xb
 526 0007 03       		.uleb128 0x3
 527 0008 0E       		.uleb128 0xe
 528 0009 1B       		.uleb128 0x1b
 529 000a 0E       		.uleb128 0xe
 530 000b 55       		.uleb128 0x55
 531 000c 17       		.uleb128 0x17
 532 000d 11       		.uleb128 0x11
 533 000e 01       		.uleb128 0x1
 534 000f 10       		.uleb128 0x10
 535 0010 17       		.uleb128 0x17
 536 0011 00       		.byte	0
 537 0012 00       		.byte	0
ARM GAS  C:\Users\noyce\AppData\Local\Temp\ccDZatg0.s 			page 14


 538 0013 02       		.uleb128 0x2
 539 0014 24       		.uleb128 0x24
 540 0015 00       		.byte	0
 541 0016 0B       		.uleb128 0xb
 542 0017 0B       		.uleb128 0xb
 543 0018 3E       		.uleb128 0x3e
 544 0019 0B       		.uleb128 0xb
 545 001a 03       		.uleb128 0x3
 546 001b 0E       		.uleb128 0xe
 547 001c 00       		.byte	0
 548 001d 00       		.byte	0
 549 001e 03       		.uleb128 0x3
 550 001f 24       		.uleb128 0x24
 551 0020 00       		.byte	0
 552 0021 0B       		.uleb128 0xb
 553 0022 0B       		.uleb128 0xb
 554 0023 3E       		.uleb128 0x3e
 555 0024 0B       		.uleb128 0xb
 556 0025 03       		.uleb128 0x3
 557 0026 08       		.uleb128 0x8
 558 0027 00       		.byte	0
 559 0028 00       		.byte	0
 560 0029 04       		.uleb128 0x4
 561 002a 16       		.uleb128 0x16
 562 002b 00       		.byte	0
 563 002c 03       		.uleb128 0x3
 564 002d 0E       		.uleb128 0xe
 565 002e 3A       		.uleb128 0x3a
 566 002f 0B       		.uleb128 0xb
 567 0030 3B       		.uleb128 0x3b
 568 0031 05       		.uleb128 0x5
 569 0032 49       		.uleb128 0x49
 570 0033 13       		.uleb128 0x13
 571 0034 00       		.byte	0
 572 0035 00       		.byte	0
 573 0036 05       		.uleb128 0x5
 574 0037 35       		.uleb128 0x35
 575 0038 00       		.byte	0
 576 0039 49       		.uleb128 0x49
 577 003a 13       		.uleb128 0x13
 578 003b 00       		.byte	0
 579 003c 00       		.byte	0
 580 003d 06       		.uleb128 0x6
 581 003e 2E       		.uleb128 0x2e
 582 003f 01       		.byte	0x1
 583 0040 3F       		.uleb128 0x3f
 584 0041 19       		.uleb128 0x19
 585 0042 03       		.uleb128 0x3
 586 0043 0E       		.uleb128 0xe
 587 0044 3A       		.uleb128 0x3a
 588 0045 0B       		.uleb128 0xb
 589 0046 3B       		.uleb128 0x3b
 590 0047 0B       		.uleb128 0xb
 591 0048 27       		.uleb128 0x27
 592 0049 19       		.uleb128 0x19
 593 004a 11       		.uleb128 0x11
 594 004b 01       		.uleb128 0x1
ARM GAS  C:\Users\noyce\AppData\Local\Temp\ccDZatg0.s 			page 15


 595 004c 12       		.uleb128 0x12
 596 004d 06       		.uleb128 0x6
 597 004e 40       		.uleb128 0x40
 598 004f 18       		.uleb128 0x18
 599 0050 9742     		.uleb128 0x2117
 600 0052 19       		.uleb128 0x19
 601 0053 01       		.uleb128 0x1
 602 0054 13       		.uleb128 0x13
 603 0055 00       		.byte	0
 604 0056 00       		.byte	0
 605 0057 07       		.uleb128 0x7
 606 0058 34       		.uleb128 0x34
 607 0059 00       		.byte	0
 608 005a 03       		.uleb128 0x3
 609 005b 0E       		.uleb128 0xe
 610 005c 3A       		.uleb128 0x3a
 611 005d 0B       		.uleb128 0xb
 612 005e 3B       		.uleb128 0x3b
 613 005f 0B       		.uleb128 0xb
 614 0060 49       		.uleb128 0x49
 615 0061 13       		.uleb128 0x13
 616 0062 02       		.uleb128 0x2
 617 0063 17       		.uleb128 0x17
 618 0064 00       		.byte	0
 619 0065 00       		.byte	0
 620 0066 08       		.uleb128 0x8
 621 0067 898201   		.uleb128 0x4109
 622 006a 00       		.byte	0
 623 006b 11       		.uleb128 0x11
 624 006c 01       		.uleb128 0x1
 625 006d 31       		.uleb128 0x31
 626 006e 13       		.uleb128 0x13
 627 006f 00       		.byte	0
 628 0070 00       		.byte	0
 629 0071 09       		.uleb128 0x9
 630 0072 05       		.uleb128 0x5
 631 0073 00       		.byte	0
 632 0074 03       		.uleb128 0x3
 633 0075 0E       		.uleb128 0xe
 634 0076 3A       		.uleb128 0x3a
 635 0077 0B       		.uleb128 0xb
 636 0078 3B       		.uleb128 0x3b
 637 0079 0B       		.uleb128 0xb
 638 007a 49       		.uleb128 0x49
 639 007b 13       		.uleb128 0x13
 640 007c 02       		.uleb128 0x2
 641 007d 17       		.uleb128 0x17
 642 007e 00       		.byte	0
 643 007f 00       		.byte	0
 644 0080 0A       		.uleb128 0xa
 645 0081 34       		.uleb128 0x34
 646 0082 00       		.byte	0
 647 0083 03       		.uleb128 0x3
 648 0084 0E       		.uleb128 0xe
 649 0085 3A       		.uleb128 0x3a
 650 0086 0B       		.uleb128 0xb
 651 0087 3B       		.uleb128 0x3b
ARM GAS  C:\Users\noyce\AppData\Local\Temp\ccDZatg0.s 			page 16


 652 0088 0B       		.uleb128 0xb
 653 0089 49       		.uleb128 0x49
 654 008a 13       		.uleb128 0x13
 655 008b 3F       		.uleb128 0x3f
 656 008c 19       		.uleb128 0x19
 657 008d 02       		.uleb128 0x2
 658 008e 18       		.uleb128 0x18
 659 008f 00       		.byte	0
 660 0090 00       		.byte	0
 661 0091 0B       		.uleb128 0xb
 662 0092 2E       		.uleb128 0x2e
 663 0093 00       		.byte	0
 664 0094 3F       		.uleb128 0x3f
 665 0095 19       		.uleb128 0x19
 666 0096 3C       		.uleb128 0x3c
 667 0097 19       		.uleb128 0x19
 668 0098 6E       		.uleb128 0x6e
 669 0099 0E       		.uleb128 0xe
 670 009a 03       		.uleb128 0x3
 671 009b 0E       		.uleb128 0xe
 672 009c 3A       		.uleb128 0x3a
 673 009d 0B       		.uleb128 0xb
 674 009e 3B       		.uleb128 0x3b
 675 009f 0B       		.uleb128 0xb
 676 00a0 00       		.byte	0
 677 00a1 00       		.byte	0
 678 00a2 00       		.byte	0
 679              		.section	.debug_loc,"",%progbits
 680              	.Ldebug_loc0:
 681              	.LLST0:
 682 0000 10000000 		.4byte	.LVL1
 683 0004 18000000 		.4byte	.LVL2
 684 0008 0100     		.2byte	0x1
 685 000a 51       		.byte	0x51
 686 000b 18000000 		.4byte	.LVL2
 687 000f 1E000000 		.4byte	.LVL3
 688 0013 0100     		.2byte	0x1
 689 0015 53       		.byte	0x53
 690 0016 1E000000 		.4byte	.LVL3
 691 001a 20000000 		.4byte	.LVL4
 692 001e 0200     		.2byte	0x2
 693 0020 74       		.byte	0x74
 694 0021 00       		.sleb128 0
 695 0022 00000000 		.4byte	0
 696 0026 00000000 		.4byte	0
 697              	.LLST1:
 698 002a 06000000 		.4byte	.LVL0
 699 002e 3F000000 		.4byte	.LVL5-1
 700 0032 0100     		.2byte	0x1
 701 0034 50       		.byte	0x50
 702 0035 00000000 		.4byte	0
 703 0039 00000000 		.4byte	0
 704              	.LLST2:
 705 003d 06000000 		.4byte	.LVL6
 706 0041 21000000 		.4byte	.LVL7-1
 707 0045 0100     		.2byte	0x1
 708 0047 50       		.byte	0x50
ARM GAS  C:\Users\noyce\AppData\Local\Temp\ccDZatg0.s 			page 17


 709 0048 00000000 		.4byte	0
 710 004c 00000000 		.4byte	0
 711              	.LLST3:
 712 0050 06000000 		.4byte	.LVL10
 713 0054 13000000 		.4byte	.LVL11-1
 714 0058 0100     		.2byte	0x1
 715 005a 50       		.byte	0x50
 716 005b 00000000 		.4byte	0
 717 005f 00000000 		.4byte	0
 718              	.LLST4:
 719 0063 00000000 		.4byte	.LVL12
 720 0067 07000000 		.4byte	.LVL13-1
 721 006b 0100     		.2byte	0x1
 722 006d 50       		.byte	0x50
 723 006e 07000000 		.4byte	.LVL13-1
 724 0072 12000000 		.4byte	.LVL14
 725 0076 0100     		.2byte	0x1
 726 0078 54       		.byte	0x54
 727 0079 12000000 		.4byte	.LVL14
 728 007d 20000000 		.4byte	.LFE4
 729 0081 0400     		.2byte	0x4
 730 0083 F3       		.byte	0xf3
 731 0084 01       		.uleb128 0x1
 732 0085 50       		.byte	0x50
 733 0086 9F       		.byte	0x9f
 734 0087 00000000 		.4byte	0
 735 008b 00000000 		.4byte	0
 736              	.LLST5:
 737 008f 08000000 		.4byte	.LVL13
 738 0093 17000000 		.4byte	.LVL15-1
 739 0097 0100     		.2byte	0x1
 740 0099 50       		.byte	0x50
 741 009a 00000000 		.4byte	0
 742 009e 00000000 		.4byte	0
 743              	.LLST6:
 744 00a2 12000000 		.4byte	.LVL14
 745 00a6 18000000 		.4byte	.LVL16
 746 00aa 0100     		.2byte	0x1
 747 00ac 54       		.byte	0x54
 748 00ad 00000000 		.4byte	0
 749 00b1 00000000 		.4byte	0
 750              		.section	.debug_aranges,"",%progbits
 751 0000 3C000000 		.4byte	0x3c
 752 0004 0200     		.2byte	0x2
 753 0006 00000000 		.4byte	.Ldebug_info0
 754 000a 04       		.byte	0x4
 755 000b 00       		.byte	0
 756 000c 0000     		.2byte	0
 757 000e 0000     		.2byte	0
 758 0010 00000000 		.4byte	.LFB0
 759 0014 58000000 		.4byte	.LFE0-.LFB0
 760 0018 00000000 		.4byte	.LFB1
 761 001c 2C000000 		.4byte	.LFE1-.LFB1
 762 0020 00000000 		.4byte	.LFB2
 763 0024 20000000 		.4byte	.LFE2-.LFB2
 764 0028 00000000 		.4byte	.LFB3
 765 002c 20000000 		.4byte	.LFE3-.LFB3
ARM GAS  C:\Users\noyce\AppData\Local\Temp\ccDZatg0.s 			page 18


 766 0030 00000000 		.4byte	.LFB4
 767 0034 20000000 		.4byte	.LFE4-.LFB4
 768 0038 00000000 		.4byte	0
 769 003c 00000000 		.4byte	0
 770              		.section	.debug_ranges,"",%progbits
 771              	.Ldebug_ranges0:
 772 0000 00000000 		.4byte	.LFB0
 773 0004 58000000 		.4byte	.LFE0
 774 0008 00000000 		.4byte	.LFB1
 775 000c 2C000000 		.4byte	.LFE1
 776 0010 00000000 		.4byte	.LFB2
 777 0014 20000000 		.4byte	.LFE2
 778 0018 00000000 		.4byte	.LFB3
 779 001c 20000000 		.4byte	.LFE3
 780 0020 00000000 		.4byte	.LFB4
 781 0024 20000000 		.4byte	.LFE4
 782 0028 00000000 		.4byte	0
 783 002c 00000000 		.4byte	0
 784              		.section	.debug_line,"",%progbits
 785              	.Ldebug_line0:
 786 0000 C0000000 		.section	.debug_str,"MS",%progbits,1
 786      02004E00 
 786      00000201 
 786      FB0E0D00 
 786      01010101 
 787              	.LASF15:
 788 0000 72656733 		.ascii	"reg32\000"
 788      3200
 789              	.LASF24:
 790 0006 49444143 		.ascii	"IDAC_1_SetValue\000"
 790      5F315F53 
 790      65745661 
 790      6C756500 
 791              	.LASF31:
 792 0016 76616C75 		.ascii	"value\000"
 792      6500
 793              	.LASF3:
 794 001c 73686F72 		.ascii	"short unsigned int\000"
 794      7420756E 
 794      7369676E 
 794      65642069 
 794      6E7400
 795              	.LASF8:
 796 002f 756E7369 		.ascii	"unsigned int\000"
 796      676E6564 
 796      20696E74 
 796      00
 797              	.LASF23:
 798 003c 49444143 		.ascii	"IDAC_1_Stop\000"
 798      5F315F53 
 798      746F7000 
 799              	.LASF11:
 800 0048 666C6F61 		.ascii	"float\000"
 800      7400
 801              	.LASF7:
 802 004e 6C6F6E67 		.ascii	"long long unsigned int\000"
 802      206C6F6E 
ARM GAS  C:\Users\noyce\AppData\Local\Temp\ccDZatg0.s 			page 19


 802      6720756E 
 802      7369676E 
 802      65642069 
 803              	.LASF32:
 804 0065 49444143 		.ascii	"IDAC_1_initVar\000"
 804      5F315F69 
 804      6E697456 
 804      617200
 805              	.LASF1:
 806 0074 756E7369 		.ascii	"unsigned char\000"
 806      676E6564 
 806      20636861 
 806      7200
 807              	.LASF14:
 808 0082 72656738 		.ascii	"reg8\000"
 808      00
 809              	.LASF5:
 810 0087 6C6F6E67 		.ascii	"long unsigned int\000"
 810      20756E73 
 810      69676E65 
 810      6420696E 
 810      7400
 811              	.LASF9:
 812 0099 75696E74 		.ascii	"uint8\000"
 812      3800
 813              	.LASF19:
 814 009f 656E6162 		.ascii	"enableInterrupts\000"
 814      6C65496E 
 814      74657272 
 814      75707473 
 814      00
 815              	.LASF12:
 816 00b0 646F7562 		.ascii	"double\000"
 816      6C6500
 817              	.LASF18:
 818 00b7 72656756 		.ascii	"regVal\000"
 818      616C00
 819              	.LASF10:
 820 00be 75696E74 		.ascii	"uint32\000"
 820      333200
 821              	.LASF26:
 822 00c5 4379456E 		.ascii	"CyEnterCriticalSection\000"
 822      74657243 
 822      72697469 
 822      63616C53 
 822      65637469 
 823              	.LASF22:
 824 00dc 49444143 		.ascii	"IDAC_1_Start\000"
 824      5F315F53 
 824      74617274 
 824      00
 825              	.LASF27:
 826 00e9 43794578 		.ascii	"CyExitCriticalSection\000"
 826      69744372 
 826      69746963 
 826      616C5365 
 826      6374696F 
ARM GAS  C:\Users\noyce\AppData\Local\Temp\ccDZatg0.s 			page 20


 827              	.LASF29:
 828 00ff 47656E65 		.ascii	"Generated_Source\\PSoC4\\IDAC_1.c\000"
 828      72617465 
 828      645F536F 
 828      75726365 
 828      5C50536F 
 829              	.LASF28:
 830 011f 474E5520 		.ascii	"GNU C11 5.4.1 20160609 (release) [ARM/embedded-5-br"
 830      43313120 
 830      352E342E 
 830      31203230 
 830      31363036 
 831 0152 616E6368 		.ascii	"anch revision 237715] -mcpu=cortex-m0 -mthumb -g -O"
 831      20726576 
 831      6973696F 
 831      6E203233 
 831      37373135 
 832 0185 67202D66 		.ascii	"g -ffunction-sections -ffat-lto-objects\000"
 832      66756E63 
 832      74696F6E 
 832      2D736563 
 832      74696F6E 
 833              	.LASF21:
 834 01ad 49444143 		.ascii	"IDAC_1_Enable\000"
 834      5F315F45 
 834      6E61626C 
 834      6500
 835              	.LASF17:
 836 01bb 73697A65 		.ascii	"sizetype\000"
 836      74797065 
 836      00
 837              	.LASF6:
 838 01c4 6C6F6E67 		.ascii	"long long int\000"
 838      206C6F6E 
 838      6720696E 
 838      7400
 839              	.LASF13:
 840 01d2 63686172 		.ascii	"char\000"
 840      00
 841              	.LASF30:
 842 01d7 433A5C55 		.ascii	"C:\\Users\\noyce\\home\\Research\\illumina\\PSoC\\L"
 842      73657273 
 842      5C6E6F79 
 842      63655C68 
 842      6F6D655C 
 843 0203 61796F75 		.ascii	"ayout 2_14 Device Selector\\Design01.cydsn\000"
 843      7420325F 
 843      31342044 
 843      65766963 
 843      65205365 
 844              	.LASF2:
 845 022d 73686F72 		.ascii	"short int\000"
 845      7420696E 
 845      7400
 846              	.LASF25:
 847 0237 6E657752 		.ascii	"newRegisterValue\000"
 847      65676973 
ARM GAS  C:\Users\noyce\AppData\Local\Temp\ccDZatg0.s 			page 21


 847      74657256 
 847      616C7565 
 847      00
 848              	.LASF4:
 849 0248 6C6F6E67 		.ascii	"long int\000"
 849      20696E74 
 849      00
 850              	.LASF16:
 851 0251 6C6F6E67 		.ascii	"long double\000"
 851      20646F75 
 851      626C6500 
 852              	.LASF0:
 853 025d 7369676E 		.ascii	"signed char\000"
 853      65642063 
 853      68617200 
 854              	.LASF20:
 855 0269 49444143 		.ascii	"IDAC_1_Init\000"
 855      5F315F49 
 855      6E697400 
 856              		.ident	"GCC: (GNU Tools for ARM Embedded Processors) 5.4.1 20160609 (release) [ARM/embedded-5-bran
