Archive member included to satisfy reference by file (symbol)

.\CortexM3\ARM_GCC_541\Debug\Design01.a(UART_1.o)
                              .\CortexM3\ARM_GCC_541\Debug\main.o (UART_1_Start)
.\CortexM3\ARM_GCC_541\Debug\Design01.a(UART_1_IntClock.o)
                              .\CortexM3\ARM_GCC_541\Debug\Design01.a(UART_1.o) (UART_1_IntClock_Start)
.\CortexM3\ARM_GCC_541\Debug\Design01.a(CyLib.o)
                              .\CortexM3\ARM_GCC_541\Debug\Cm3Start.o (CyHalt)
.\CortexM3\ARM_GCC_541\Debug\Design01.a(cyPm.o)
                              .\CortexM3\ARM_GCC_541\Debug\Design01.a(CyLib.o) (CyPmReadStatus)
.\CortexM3\ARM_GCC_541\Debug\Design01.a(USBUART.o)
                              .\CortexM3\ARM_GCC_541\Debug\main.o (USBUART_Start)
.\CortexM3\ARM_GCC_541\Debug\Design01.a(USBUART_cdc.o)
                              .\CortexM3\ARM_GCC_541\Debug\main.o (USBUART_CDC_Init)
.\CortexM3\ARM_GCC_541\Debug\Design01.a(USBUART_drv.o)
                              .\CortexM3\ARM_GCC_541\Debug\Design01.a(USBUART.o) (USBUART_lastPacketSize)
.\CortexM3\ARM_GCC_541\Debug\Design01.a(USBUART_episr.o)
                              .\CortexM3\ARM_GCC_541\Debug\Design01.a(USBUART.o) (USBUART_EP_1_ISR)
.\CortexM3\ARM_GCC_541\Debug\Design01.a(USBUART_pm.o)
                              .\CortexM3\ARM_GCC_541\Debug\Design01.a(USBUART.o) (USBUART_DP_ISR)
.\CortexM3\ARM_GCC_541\Debug\Design01.a(USBUART_std.o)
                              .\CortexM3\ARM_GCC_541\Debug\Design01.a(USBUART_pm.o) (USBUART_ConfigReg)
.\CortexM3\ARM_GCC_541\Debug\Design01.a(USBUART_vnd.o)
                              .\CortexM3\ARM_GCC_541\Debug\Design01.a(USBUART_drv.o) (USBUART_HandleVendorRqst)
.\CortexM3\ARM_GCC_541\Debug\Design01.a(USBUART_Dp.o)
                              .\CortexM3\ARM_GCC_541\Debug\Design01.a(USBUART.o) (USBUART_Dp_ClearInterrupt)
.\CortexM3\ARM_GCC_541\Debug\Design01.a(ADC_DelSig_1.o)
                              .\CortexM3\ARM_GCC_541\Debug\main.o (ADC_DelSig_1_Start)
.\CortexM3\ARM_GCC_541\Debug\Design01.a(ADC_DelSig_1_INT.o)
                              .\CortexM3\ARM_GCC_541\Debug\Design01.a(ADC_DelSig_1.o) (ADC_DelSig_1_ISR1)
.\CortexM3\ARM_GCC_541\Debug\Design01.a(TIA_1.o)
                              .\CortexM3\ARM_GCC_541\Debug\main.o (TIA_1_Start)
.\CortexM3\ARM_GCC_541\Debug\Design01.a(VDAC_Vgs.o)
                              .\CortexM3\ARM_GCC_541\Debug\main.o (VDAC_Vgs_SetValue)
.\CortexM3\ARM_GCC_541\Debug\Design01.a(VDAC_Vds.o)
                              .\CortexM3\ARM_GCC_541\Debug\main.o (VDAC_Vds_SetValue)
.\CortexM3\ARM_GCC_541\Debug\Design01.a(ADC_DelSig_1_Ext_CP_Clk.o)
                              .\CortexM3\ARM_GCC_541\Debug\Design01.a(ADC_DelSig_1.o) (ADC_DelSig_1_Ext_CP_Clk_SetModeRegister)
.\CortexM3\ARM_GCC_541\Debug\Design01.a(ADC_DelSig_1_theACLK.o)
                              .\CortexM3\ARM_GCC_541\Debug\Design01.a(ADC_DelSig_1.o) (ADC_DelSig_1_theACLK_SetModeRegister)
.\CortexM3\ARM_GCC_541\Debug\Design01.a(VDAC_Ref.o)
                              .\CortexM3\ARM_GCC_541\Debug\main.o (VDAC_Ref_SetValue)
.\CortexM3\ARM_GCC_541\Debug\Design01.a(I2C_1.o)
                              .\CortexM3\ARM_GCC_541\Debug\main.o (I2C_1_Start)
.\CortexM3\ARM_GCC_541\Debug\Design01.a(I2C_1_INT.o)
                              .\CortexM3\ARM_GCC_541\Debug\Design01.a(I2C_1.o) (I2C_1_ISR)
.\CortexM3\ARM_GCC_541\Debug\Design01.a(I2C_1_MASTER.o)
                              .\CortexM3\ARM_GCC_541\Debug\main.o (I2C_1_MasterWriteBuf)
.\CortexM3\ARM_GCC_541\Debug\Design01.a(CommunicationTimer.o)
                              .\CortexM3\ARM_GCC_541\Debug\main.o (CommunicationTimer_ReadStatusRegister)
.\CortexM3\ARM_GCC_541\Debug\Design01.a(CommunicationInterrupt.o)
                              .\CortexM3\ARM_GCC_541\Debug\main.o (CommunicationInterrupt_StartEx)
.\CortexM3\ARM_GCC_541\Debug\Design01.a(ADC_SAR_1.o)
                              .\CortexM3\ARM_GCC_541\Debug\main.o (ADC_SAR_1_Start)
.\CortexM3\ARM_GCC_541\Debug\Design01.a(ADC_SAR_1_INT.o)
                              .\CortexM3\ARM_GCC_541\Debug\Design01.a(ADC_SAR_1.o) (ADC_SAR_1_ISR)
.\CortexM3\ARM_GCC_541\Debug\Design01.a(ADC_SAR_2.o)
                              .\CortexM3\ARM_GCC_541\Debug\main.o (ADC_SAR_2_Start)
.\CortexM3\ARM_GCC_541\Debug\Design01.a(ADC_SAR_2_INT.o)
                              .\CortexM3\ARM_GCC_541\Debug\Design01.a(ADC_SAR_2.o) (ADC_SAR_2_ISR)
.\CortexM3\ARM_GCC_541\Debug\Design01.a(ADC_SAR_1_theACLK.o)
                              .\CortexM3\ARM_GCC_541\Debug\Design01.a(ADC_SAR_1.o) (ADC_SAR_1_theACLK_SetModeRegister)
.\CortexM3\ARM_GCC_541\Debug\Design01.a(ADC_SAR_2_theACLK.o)
                              .\CortexM3\ARM_GCC_541\Debug\Design01.a(ADC_SAR_2.o) (ADC_SAR_2_theACLK_SetModeRegister)
.\CortexM3\ARM_GCC_541\Debug\Design01.a(CyBootAsmGnu.o)
[...]
Memory Configuration

Name             Origin             Length             Attributes
rom              0x00000000         0x00040000         xr
ram              0x1fff8000         0x00010000         xrw
*default*        0x00000000         0xffffffff

Linker script and memory map

LOAD c:/program files (x86)/cypress/psoc creator/4.1/psoc creator/import/gnu/arm/5.4.1/bin/../lib/gcc/arm-none-eabi/5.4.1/armv7-m/crti.o
LOAD c:/program files (x86)/cypress/psoc creator/4.1/psoc creator/import/gnu/arm/5.4.1/bin/../lib/gcc/arm-none-eabi/5.4.1/armv7-m/crtbegin.o
LOAD c:/program files (x86)/cypress/psoc creator/4.1/psoc creator/import/gnu/arm/5.4.1/bin/../lib/gcc/arm-none-eabi/5.4.1/../../../../arm-none-eabi/lib/armv7-m/crt0.o
START GROUP
LOAD .\CortexM3\ARM_GCC_541\Debug\main.o
LOAD .\CortexM3\ARM_GCC_541\Debug\cyfitter_cfg.o
LOAD .\CortexM3\ARM_GCC_541\Debug\cymetadata.o
LOAD .\CortexM3\ARM_GCC_541\Debug\Cm3Start.o
LOAD .\CortexM3\ARM_GCC_541\Debug\Design01.a
LOAD C:\Program Files (x86)\Cypress\PSoC Creator\4.1\PSoC Creator\psoc\content\cycomponentlibrary\CyComponentLibrary.cylib\CortexM3\ARM_GCC_541\Debug\CyComponentLibrary.a
END GROUP
START GROUP
LOAD c:/program files (x86)/cypress/psoc creator/4.1/psoc creator/import/gnu/arm/5.4.1/bin/../lib/gcc/arm-none-eabi/5.4.1/armv7-m\libgcc.a
LOAD c:/program files (x86)/cypress/psoc creator/4.1/psoc creator/import/gnu/arm/5.4.1/bin/../lib/gcc/arm-none-eabi/5.4.1/../../../../arm-none-eabi/lib/armv7-m\libg_nano.a
LOAD c:/program files (x86)/cypress/psoc creator/4.1/psoc creator/import/gnu/arm/5.4.1/bin/../lib/gcc/arm-none-eabi/5.4.1/../../../../arm-none-eabi/lib/armv7-m\libc_nano.a
END GROUP
START GROUP
LOAD c:/program files (x86)/cypress/psoc creator/4.1/psoc creator/import/gnu/arm/5.4.1/bin/../lib/gcc/arm-none-eabi/5.4.1/armv7-m\libgcc.a
LOAD c:/program files (x86)/cypress/psoc creator/4.1/psoc creator/import/gnu/arm/5.4.1/bin/../lib/gcc/arm-none-eabi/5.4.1/../../../../arm-none-eabi/lib/armv7-m\libc_nano.a
END GROUP
LOAD c:/program files (x86)/cypress/psoc creator/4.1/psoc creator/import/gnu/arm/5.4.1/bin/../lib/gcc/arm-none-eabi/5.4.1/armv7-m/crtend.o
LOAD c:/program files (x86)/cypress/psoc creator/4.1/psoc creator/import/gnu/arm/5.4.1/bin/../lib/gcc/arm-none-eabi/5.4.1/armv7-m/crtn.o
START GROUP
LOAD c:/program files (x86)/cypress/psoc creator/4.1/psoc creator/import/gnu/arm/5.4.1/bin/../lib/gcc/arm-none-eabi/5.4.1/armv7-m\libgcc.a
LOAD c:/program files (x86)/cypress/psoc creator/4.1/psoc creator/import/gnu/arm/5.4.1/bin/../lib/gcc/arm-none-eabi/5.4.1/../../../../arm-none-eabi/lib/armv7-m\libc.a
LOAD c:/program files (x86)/cypress/psoc creator/4.1/psoc creator/import/gnu/arm/5.4.1/bin/../lib/gcc/arm-none-eabi/5.4.1/../../../../arm-none-eabi/lib/armv7-m\libnosys.a
END GROUP
                0x00000000                CY_APPL_ORIGIN = 0x0
                0x00000100                CY_FLASH_ROW_SIZE = 0x100
                0x00000020                CY_ECC_ROW_SIZE = 0x20
                0x00000000                CY_EE_IN_BTLDR = 0x0
                0x00000000                CY_APPL_LOADABLE = 0x0
                0x00000800                CY_EE_SIZE = 0x800
                0x00000001                CY_APPL_NUM = 0x1
                0x00000001                CY_APPL_MAX = 0x1
                0x00000040                CY_METADATA_SIZE = 0x40
                0x00000000                CY_APPL_LOADABLE = 0x0
                0x00000000                CY_CHECKSUM_EXCLUDE_SIZE = ALIGN (0x0, CY_FLASH_ROW_SIZE)
                [!provide]                PROVIDE (__cy_heap_start, _end)
                0x00000001                PROVIDE (__cy_region_num, ((__cy_regions_end - __cy_regions) / 0x10))
                0x20008000                PROVIDE (__cy_stack, (ORIGIN (ram) + LENGTH (ram)))
                [!provide]                PROVIDE (__cy_heap_end, (__cy_stack - 0x800))

.cybootloader   0x00000000        0x0
 *(.cybootloader)
                0x00000000                appl1_start = CY_APPL_ORIGIN?CY_APPL_ORIGIN:ALIGN (CY_FLASH_ROW_SIZE)
                0x0001ff00                appl2_start = (appl1_start + ALIGN ((((LENGTH (rom) - appl1_start) - (0x2 * CY_FLASH_ROW_SIZE)) / 0x2), CY_FLASH_ROW_SIZE))
                0x00000000                appl_start = (CY_APPL_NUM == 0x1)?appl1_start:appl2_start
                0x00000000                ecc_offset = ((appl_start / CY_FLASH_ROW_SIZE) * CY_ECC_ROW_SIZE)
                0x00000000                ee_offset = (CY_APPL_LOADABLE && ! (CY_EE_IN_BTLDR))?((CY_EE_SIZE / CY_APPL_MAX) * (CY_APPL_NUM - 0x1)):0x0
                0x00000800                ee_size = (CY_APPL_LOADABLE && ! (CY_EE_IN_BTLDR))?(CY_EE_SIZE / CY_APPL_MAX):CY_EE_SIZE
                [!provide]                PROVIDE (CY_ECC_OFFSET, ecc_offset)

.text           0x00000000     0x7c1c
 CREATE_OBJECT_SYMBOLS
                0x00000000                PROVIDE (__cy_interrupt_vector, RomVectors)
 *(.romvectors)
 .romvectors    0x00000000       0x10 .\CortexM3\ARM_GCC_541\Debug\Cm3Start.o
                0x00000000                RomVectors
                0x00000001                ASSERT ((. != __cy_interrupt_vector), No interrupt vector)
                0x00000001                ASSERT (CY_APPL_ORIGIN?(SIZEOF (.cybootloader) <= CY_APPL_ORIGIN):0x1, Wrong image location)
                0x00000010                PROVIDE (__cy_reset, Reset)
 *(.text.Reset)
 .text.Reset    0x00000010       0x18 .\CortexM3\ARM_GCC_541\Debug\Cm3Start.o
                0x00000010                Reset
                0x00000001                ASSERT ((. != __cy_reset), No reset code)
 *(.dma_init)
                0x00000001                ASSERT ((((appl_start + .) <= 0x10000) || 0x1), DMA Init must be within the first 64k of flash)
 *(.text .text.* .gnu.linkonce.t.*)
 .text          0x00000028       0x5c c:/program files (x86)/cypress/psoc creator/4.1/psoc creator/import/gnu/arm/5.4.1/bin/../lib/gcc/arm-none-eabi/5.4.1/armv7-m/crtbegin.o
 .text.USBUARTH_Maintain_Configuration
                0x00000084       0x18 .\CortexM3\ARM_GCC_541\Debug\main.o
                0x00000084                USBUARTH_Maintain_Configuration
 .text.USBUARTH_DataIsReady
                0x0000009c       0x20 .\CortexM3\ARM_GCC_541\Debug\main.o
                0x0000009c                USBUARTH_DataIsReady
 .text.CommunicationHandlerISR
                0x000000bc      0x1b0 .\CortexM3\ARM_GCC_541\Debug\main.o
                0x000000bc                CommunicationHandlerISR
 .text.USBUARTH_Send
                0x0000026c       0x50 .\CortexM3\ARM_GCC_541\Debug\main.o
                0x0000026c                USBUARTH_Send
 .text.Setup_Selector_I2C_Struct
                0x000002bc       0x34 .\CortexM3\ARM_GCC_541\Debug\main.o
                0x000002bc                Setup_Selector_I2C_Struct
 .text.Update_Selector
                0x000002f0      0x190 .\CortexM3\ARM_GCC_541\Debug\main.o
                0x000002f0                Update_Selector
 .text.ADC_Measure_uV
                0x00000480       0xb8 .\CortexM3\ARM_GCC_541\Debug\main.o
                0x00000480                ADC_Measure_uV
 .text.Measure_Sweep
                0x00000538       0x64 .\CortexM3\ARM_GCC_541\Debug\main.o
                0x00000538                Measure_Sweep
 .text.Setup_Selectors
                0x0000059c       0x3c .\CortexM3\ARM_GCC_541\Debug\main.o
                0x0000059c                Setup_Selectors
 .text.Connect_Channel_On_Intermediate
                0x000005d8       0x2c .\CortexM3\ARM_GCC_541\Debug\main.o
                0x000005d8                Connect_Channel_On_Intermediate
 .text.Connect_Contact_To_Intermediate
                0x00000604       0x34 .\CortexM3\ARM_GCC_541\Debug\main.o
                0x00000604                Connect_Contact_To_Intermediate
 .text.Disconnect_Contact_From_Intermediate
                0x00000638       0x40 .\CortexM3\ARM_GCC_541\Debug\main.o
                0x00000638                Disconnect_Contact_From_Intermediate
 .text.Disconnect_Contact_From_All_Intermediates
                0x00000678       0x40 .\CortexM3\ARM_GCC_541\Debug\main.o
                0x00000678                Disconnect_Contact_From_All_Intermediates
 .text.Disconnect_All_Contacts_From_All_Intermediates
                0x000006b8       0x34 .\CortexM3\ARM_GCC_541\Debug\main.o
                0x000006b8                Disconnect_All_Contacts_From_All_Intermediates
 .text.Disconnect_All_Contacts_From_Intermediate
                0x000006ec       0x2c .\CortexM3\ARM_GCC_541\Debug\main.o
                0x000006ec                Disconnect_All_Contacts_From_Intermediate
 .text.Connect_Intermediate
                0x00000718       0x38 .\CortexM3\ARM_GCC_541\Debug\main.o
                0x00000718                Connect_Intermediate
 .text.Connect_Intermediates
                0x00000750       0x18 .\CortexM3\ARM_GCC_541\Debug\main.o
                0x00000750                Connect_Intermediates
 .text.MeasureCurrentVss
                0x00000768      0x114 .\CortexM3\ARM_GCC_541\Debug\main.o
                0x00000768                MeasureCurrentVss
 *fill*         0x0000087c        0x4 
 .text.AtCompliance
                0x00000880       0x54 .\CortexM3\ARM_GCC_541\Debug\main.o
                0x00000880                AtCompliance
 .text.handleComplianceBreach
                0x000008d4       0x68 .\CortexM3\ARM_GCC_541\Debug\main.o
                0x000008d4                handleComplianceBreach
 .text.SetVdsRaw
                0x0000093c       0x74 .\CortexM3\ARM_GCC_541\Debug\main.o
                0x0000093c                SetVdsRaw
 .text.SetVgsRaw
                0x000009b0       0x74 .\CortexM3\ARM_GCC_541\Debug\main.o
                0x000009b0                SetVgsRaw
 .text.SetVds   0x00000a24       0x38 .\CortexM3\ARM_GCC_541\Debug\main.o
                0x00000a24                SetVds
 .text.SetVgs   0x00000a5c       0x38 .\CortexM3\ARM_GCC_541\Debug\main.o
                0x00000a5c                SetVgs
 .text.SetRef   0x00000a94       0x7c .\CortexM3\ARM_GCC_541\Debug\main.o
                0x00000a94                SetRef
 .text.getRef   0x00000b10       0x30 .\CortexM3\ARM_GCC_541\Debug\main.o
                0x00000b10                getRef
 .text.getVgs   0x00000b40       0x48 .\CortexM3\ARM_GCC_541\Debug\main.o
                0x00000b40                getVgs
 .text.getVds   0x00000b88       0x48 .\CortexM3\ARM_GCC_541\Debug\main.o
                0x00000b88                getVds
 .text.Zero_All_DACs
                0x00000bd0       0x1c .\CortexM3\ARM_GCC_541\Debug\main.o
                0x00000bd0                Zero_All_DACs
 *fill*         0x00000bec        0x4 
 .text.measure  0x00000bf0       0xd8 .\CortexM3\ARM_GCC_541\Debug\main.o
                0x00000bf0                measure
 .text.Measure_Gate_Sweep
                0x00000cc8      0x128 .\CortexM3\ARM_GCC_541\Debug\main.o
                0x00000cc8                Measure_Gate_Sweep
 .text.Measure_Wide_Gate_Sweep
                0x00000df0      0x164 .\CortexM3\ARM_GCC_541\Debug\main.o
                0x00000df0                Measure_Wide_Gate_Sweep
 .text.scan     0x00000f54       0x98 .\CortexM3\ARM_GCC_541\Debug\main.o
                0x00000f54                scan
 .text.Scan_Range
                0x00000fec       0xac .\CortexM3\ARM_GCC_541\Debug\main.o
                0x00000fec                Scan_Range
 .text.main     0x00001098      0x6b4 .\CortexM3\ARM_GCC_541\Debug\main.o
                0x00001098                main
 .text.CyClockStartupError
                0x0000174c        0x4 .\CortexM3\ARM_GCC_541\Debug\cyfitter_cfg.o
 .text.cfg_write_bytes32
                0x00001750       0x34 .\CortexM3\ARM_GCC_541\Debug\cyfitter_cfg.o
 .text.CYMEMZERO
                0x00001784        0xc .\CortexM3\ARM_GCC_541\Debug\cyfitter_cfg.o
 .text.AnalogSetDefault
                0x00001790      0x128 .\CortexM3\ARM_GCC_541\Debug\cyfitter_cfg.o
 .text.CYCONFIGCPY
                0x000018b8        0x8 .\CortexM3\ARM_GCC_541\Debug\cyfitter_cfg.o
 .text.ClockSetup
                0x000018c0      0x104 .\CortexM3\ARM_GCC_541\Debug\cyfitter_cfg.o
 .text.cyfitter_cfg
                0x000019c4      0x154 .\CortexM3\ARM_GCC_541\Debug\cyfitter_cfg.o
                0x000019c4                cyfitter_cfg
 .text.IntDefaultHandler
                0x00001b18       0x10 .\CortexM3\ARM_GCC_541\Debug\Cm3Start.o
                0x00001b18                IntDefaultHandler
 .text._sbrk    0x00001b28       0x30 .\CortexM3\ARM_GCC_541\Debug\Cm3Start.o
                0x00001b28                _sbrk
 .text.Start_c  0x00001b58       0x4c .\CortexM3\ARM_GCC_541\Debug\Cm3Start.o
                0x00001b58                Start_c
 .text.initialize_psoc
                0x00001ba4       0x68 .\CortexM3\ARM_GCC_541\Debug\Cm3Start.o
                0x00001ba4                initialize_psoc
 .text.UART_1_Init
                0x00001c0c       0x28 .\CortexM3\ARM_GCC_541\Debug\Design01.a(UART_1.o)
                0x00001c0c                UART_1_Init
 .text.UART_1_Enable
                0x00001c34       0x38 .\CortexM3\ARM_GCC_541\Debug\Design01.a(UART_1.o)
                0x00001c34                UART_1_Enable
 .text.UART_1_Start
                0x00001c6c       0x1c .\CortexM3\ARM_GCC_541\Debug\Design01.a(UART_1.o)
                0x00001c6c                UART_1_Start
 .text.UART_1_GetChar
                0x00001c88       0x2c .\CortexM3\ARM_GCC_541\Debug\Design01.a(UART_1.o)
                0x00001c88                UART_1_GetChar
 .text.UART_1_GetRxBufferSize
                0x00001cb4       0x18 .\CortexM3\ARM_GCC_541\Debug\Design01.a(UART_1.o)
                0x00001cb4                UART_1_GetRxBufferSize
 .text.UART_1_PutChar
                0x00001ccc       0x18 .\CortexM3\ARM_GCC_541\Debug\Design01.a(UART_1.o)
                0x00001ccc                UART_1_PutChar
 .text.UART_1_PutString
                0x00001ce4       0x24 .\CortexM3\ARM_GCC_541\Debug\Design01.a(UART_1.o)
                0x00001ce4                UART_1_PutString
 .text.UART_1_IntClock_Start
                0x00001d08       0x1c .\CortexM3\ARM_GCC_541\Debug\Design01.a(UART_1_IntClock.o)
                0x00001d08                UART_1_IntClock_Start
 .text.CyHalt   0x00001d24        0x4 .\CortexM3\ARM_GCC_541\Debug\Design01.a(CyLib.o)
                0x00001d24                CyHalt
 .text.CyDelay  0x00001d28       0x2c .\CortexM3\ARM_GCC_541\Debug\Design01.a(CyLib.o)
                0x00001d28                CyDelay
 .text.CyDelayUs
                0x00001d54       0x14 .\CortexM3\ARM_GCC_541\Debug\Design01.a(CyLib.o)
                0x00001d54                CyDelayUs
 .text.CyIntSetVector
                0x00001d68       0x28 .\CortexM3\ARM_GCC_541\Debug\Design01.a(CyLib.o)
                0x00001d68                CyIntSetVector
 .text.CyIntSetPriority
                0x00001d90       0x30 .\CortexM3\ARM_GCC_541\Debug\Design01.a(CyLib.o)
                0x00001d90                CyIntSetPriority
 .text.CyGetUniqueId
                0x00001dc0       0x70 .\CortexM3\ARM_GCC_541\Debug\Design01.a(CyLib.o)
                0x00001dc0                CyGetUniqueId
 .text.USBUART_Init
                0x00001e30      0x140 .\CortexM3\ARM_GCC_541\Debug\Design01.a(USBUART.o)
                0x00001e30                USBUART_Init
 .text.USBUART_InitComponent
                0x00001f70       0xb8 .\CortexM3\ARM_GCC_541\Debug\Design01.a(USBUART.o)
                0x00001f70                USBUART_InitComponent
 .text.USBUART_Start
                0x00002028       0x24 .\CortexM3\ARM_GCC_541\Debug\Design01.a(USBUART.o)
                0x00002028                USBUART_Start
 .text.USBUART_ReInitComponent
                0x0000204c       0x4c .\CortexM3\ARM_GCC_541\Debug\Design01.a(USBUART.o)
                0x0000204c                USBUART_ReInitComponent
 .text.USBUART_GetConfiguration
                0x00002098        0xc .\CortexM3\ARM_GCC_541\Debug\Design01.a(USBUART.o)
                0x00002098                USBUART_GetConfiguration
 .text.USBUART_IsConfigurationChanged
                0x000020a4       0x20 .\CortexM3\ARM_GCC_541\Debug\Design01.a(USBUART.o)
                0x000020a4                USBUART_IsConfigurationChanged
 .text.USBUART_GetEPState
                0x000020c4       0x14 .\CortexM3\ARM_GCC_541\Debug\Design01.a(USBUART.o)
                0x000020c4                USBUART_GetEPState
 .text.USBUART_GetEPCount
                0x000020d8       0x28 .\CortexM3\ARM_GCC_541\Debug\Design01.a(USBUART.o)
                0x000020d8                USBUART_GetEPCount
 .text.USBUART_LoadInEP
                0x00002100       0x94 .\CortexM3\ARM_GCC_541\Debug\Design01.a(USBUART.o)
                0x00002100                USBUART_LoadInEP
 .text.USBUART_EnableOutEP
                0x00002194       0x2c .\CortexM3\ARM_GCC_541\Debug\Design01.a(USBUART.o)
                0x00002194                USBUART_EnableOutEP
 .text.USBUART_ReadOutEP
                0x000021c0       0x50 .\CortexM3\ARM_GCC_541\Debug\Design01.a(USBUART.o)
                0x000021c0                USBUART_ReadOutEP
 .text.USBUART_GetInterfaceComPort
                0x00002210       0x38 .\CortexM3\ARM_GCC_541\Debug\Design01.a(USBUART_cdc.o)
                0x00002210                USBUART_GetInterfaceComPort
 .text.USBUART_DispatchCDCClassRqst
                0x00002248       0x98 .\CortexM3\ARM_GCC_541\Debug\Design01.a(USBUART_cdc.o)
                0x00002248                USBUART_DispatchCDCClassRqst
 .text.USBUART_CDC_Init
                0x000022e0       0x98 .\CortexM3\ARM_GCC_541\Debug\Design01.a(USBUART_cdc.o)
                0x000022e0                USBUART_CDC_Init
 .text.USBUART_PutData
                0x00002378       0x50 .\CortexM3\ARM_GCC_541\Debug\Design01.a(USBUART_cdc.o)
                0x00002378                USBUART_PutData
 .text.USBUART_DataIsReady
                0x000023c8       0x18 .\CortexM3\ARM_GCC_541\Debug\Design01.a(USBUART_cdc.o)
                0x000023c8                USBUART_DataIsReady
 .text.USBUART_CDCIsReady
                0x000023e0       0x18 .\CortexM3\ARM_GCC_541\Debug\Design01.a(USBUART_cdc.o)
                0x000023e0                USBUART_CDCIsReady
 .text.USBUART_GetAll
                0x000023f8       0x30 .\CortexM3\ARM_GCC_541\Debug\Design01.a(USBUART_cdc.o)
                0x000023f8                USBUART_GetAll
 .text.USBUART_Cdc_EpInit
                0x00002428       0x50 .\CortexM3\ARM_GCC_541\Debug\Design01.a(USBUART_cdc.o)
                0x00002428                USBUART_Cdc_EpInit
 .text.USBUART_LoadEP0
                0x00002478       0x98 .\CortexM3\ARM_GCC_541\Debug\Design01.a(USBUART_drv.o)
                0x00002478                USBUART_LoadEP0
 .text.USBUART_InitZeroLengthControlTransfer
                0x00002510       0x34 .\CortexM3\ARM_GCC_541\Debug\Design01.a(USBUART_drv.o)
                0x00002510                USBUART_InitZeroLengthControlTransfer
 .text.USBUART_ControlReadDataStage
                0x00002544        0x8 .\CortexM3\ARM_GCC_541\Debug\Design01.a(USBUART_drv.o)
                0x00002544                USBUART_ControlReadDataStage
 .text.USBUART_ControlWriteDataStage
                0x0000254c       0x84 .\CortexM3\ARM_GCC_541\Debug\Design01.a(USBUART_drv.o)
                0x0000254c                USBUART_ControlWriteDataStage
 .text.USBUART_InitNoDataControlTransfer
                0x000025d0       0x2c .\CortexM3\ARM_GCC_541\Debug\Design01.a(USBUART_drv.o)
                0x000025d0                USBUART_InitNoDataControlTransfer
 .text.USBUART_UpdateStatusBlock
                0x000025fc       0x24 .\CortexM3\ARM_GCC_541\Debug\Design01.a(USBUART_drv.o)
                0x000025fc                USBUART_UpdateStatusBlock
 .text.USBUART_HandleSetup
                0x00002620       0x5c .\CortexM3\ARM_GCC_541\Debug\Design01.a(USBUART_drv.o)
                0x00002620                USBUART_HandleSetup
 .text.USBUART_ControlReadStatusStage
                0x0000267c       0x38 .\CortexM3\ARM_GCC_541\Debug\Design01.a(USBUART_drv.o)
                0x0000267c                USBUART_ControlReadStatusStage
 .text.USBUART_HandleOUT
                0x000026b4       0x38 .\CortexM3\ARM_GCC_541\Debug\Design01.a(USBUART_drv.o)
                0x000026b4                USBUART_HandleOUT
 .text.USBUART_ControlWriteStatusStage
                0x000026ec       0x20 .\CortexM3\ARM_GCC_541\Debug\Design01.a(USBUART_drv.o)
                0x000026ec                USBUART_ControlWriteStatusStage
 .text.USBUART_NoDataControlStatusStage
                0x0000270c       0x40 .\CortexM3\ARM_GCC_541\Debug\Design01.a(USBUART_drv.o)
                0x0000270c                USBUART_NoDataControlStatusStage
 .text.USBUART_HandleIN
                0x0000274c       0x2c .\CortexM3\ARM_GCC_541\Debug\Design01.a(USBUART_drv.o)
                0x0000274c                USBUART_HandleIN
 .text.USBUART_EP_0_ISR
                0x00002778       0xb8 .\CortexM3\ARM_GCC_541\Debug\Design01.a(USBUART_drv.o)
                0x00002778                USBUART_EP_0_ISR
 .text.USBUART_InitializeStatusBlock
                0x00002830       0x24 .\CortexM3\ARM_GCC_541\Debug\Design01.a(USBUART_drv.o)
                0x00002830                USBUART_InitializeStatusBlock
 .text.USBUART_InitControlRead
                0x00002854       0x50 .\CortexM3\ARM_GCC_541\Debug\Design01.a(USBUART_drv.o)
                0x00002854                USBUART_InitControlRead
 .text.USBUART_InitControlWrite
                0x000028a4       0x48 .\CortexM3\ARM_GCC_541\Debug\Design01.a(USBUART_drv.o)
                0x000028a4                USBUART_InitControlWrite
 .text.USBUART_EP_1_ISR
                0x000028ec       0x30 .\CortexM3\ARM_GCC_541\Debug\Design01.a(USBUART_episr.o)
                0x000028ec                USBUART_EP_1_ISR
 .text.USBUART_EP_2_ISR
                0x0000291c       0x34 .\CortexM3\ARM_GCC_541\Debug\Design01.a(USBUART_episr.o)
                0x0000291c                USBUART_EP_2_ISR
 .text.USBUART_EP_3_ISR
                0x00002950       0x3c .\CortexM3\ARM_GCC_541\Debug\Design01.a(USBUART_episr.o)
                0x00002950                USBUART_EP_3_ISR
 .text.USBUART_SOF_ISR
                0x0000298c        0x4 .\CortexM3\ARM_GCC_541\Debug\Design01.a(USBUART_episr.o)
                0x0000298c                USBUART_SOF_ISR
 .text.USBUART_BUS_RESET_ISR
                0x00002990        0x8 .\CortexM3\ARM_GCC_541\Debug\Design01.a(USBUART_episr.o)
                0x00002990                USBUART_BUS_RESET_ISR
 .text.USBUART_DP_ISR
                0x00002998        0x8 .\CortexM3\ARM_GCC_541\Debug\Design01.a(USBUART_pm.o)
                0x00002998                USBUART_DP_ISR
 .text.USBUART_ReadDieID
                0x000029a0       0x6c .\CortexM3\ARM_GCC_541\Debug\Design01.a(USBUART_std.o)
                0x000029a0                USBUART_ReadDieID
 .text.USBUART_ConfigReg
                0x00002a0c       0xa4 .\CortexM3\ARM_GCC_541\Debug\Design01.a(USBUART_std.o)
                0x00002a0c                USBUART_ConfigReg
 .text.USBUART_GetConfigTablePtr
                0x00002ab0       0x28 .\CortexM3\ARM_GCC_541\Debug\Design01.a(USBUART_std.o)
                0x00002ab0                USBUART_GetConfigTablePtr
 .text.USBUART_ConfigAltChanged
                0x00002ad8      0x11c .\CortexM3\ARM_GCC_541\Debug\Design01.a(USBUART_std.o)
                0x00002ad8                USBUART_ConfigAltChanged
 .text.USBUART_GetDeviceTablePtr
                0x00002bf4       0x18 .\CortexM3\ARM_GCC_541\Debug\Design01.a(USBUART_std.o)
                0x00002bf4                USBUART_GetDeviceTablePtr
 .text.USBUART_GetInterfaceClassTablePtr
                0x00002c0c       0x28 .\CortexM3\ARM_GCC_541\Debug\Design01.a(USBUART_std.o)
                0x00002c0c                USBUART_GetInterfaceClassTablePtr
 .text.USBUART_Config
                0x00002c34      0x1ec .\CortexM3\ARM_GCC_541\Debug\Design01.a(USBUART_std.o)
                0x00002c34                USBUART_Config
 .text.USBUART_SetEndpointHalt
                0x00002e20       0x64 .\CortexM3\ARM_GCC_541\Debug\Design01.a(USBUART_std.o)
                0x00002e20                USBUART_SetEndpointHalt
 .text.USBUART_ClearEndpointHalt
                0x00002e84       0xac .\CortexM3\ARM_GCC_541\Debug\Design01.a(USBUART_std.o)
                0x00002e84                USBUART_ClearEndpointHalt
 .text.USBUART_ValidateAlternateSetting
                0x00002f30       0x4c .\CortexM3\ARM_GCC_541\Debug\Design01.a(USBUART_std.o)
                0x00002f30                USBUART_ValidateAlternateSetting
 .text.USBUART_HandleStandardRqst
                0x00002f7c      0x354 .\CortexM3\ARM_GCC_541\Debug\Design01.a(USBUART_std.o)
                0x00002f7c                USBUART_HandleStandardRqst
 .text.USBUART_HandleVendorRqst
                0x000032d0       0x18 .\CortexM3\ARM_GCC_541\Debug\Design01.a(USBUART_vnd.o)
                0x000032d0                USBUART_HandleVendorRqst
 .text.USBUART_Dp_ClearInterrupt
                0x000032e8       0x10 .\CortexM3\ARM_GCC_541\Debug\Design01.a(USBUART_Dp.o)
                0x000032e8                USBUART_Dp_ClearInterrupt
 .text.ADC_DelSig_1_GainCompensation
                0x000032f8       0xe0 .\CortexM3\ARM_GCC_541\Debug\Design01.a(ADC_DelSig_1.o)
 .text.ADC_DelSig_1_SetDSMRef0Reg
                0x000033d8       0x4c .\CortexM3\ARM_GCC_541\Debug\Design01.a(ADC_DelSig_1.o)
 .text.ADC_DelSig_1_InitConfig
                0x00003424      0x31c .\CortexM3\ARM_GCC_541\Debug\Design01.a(ADC_DelSig_1.o)
 .text.ADC_DelSig_1_Init
                0x00003740      0x108 .\CortexM3\ARM_GCC_541\Debug\Design01.a(ADC_DelSig_1.o)
                0x00003740                ADC_DelSig_1_Init
 .text.ADC_DelSig_1_Enable
                0x00003848       0xd8 .\CortexM3\ARM_GCC_541\Debug\Design01.a(ADC_DelSig_1.o)
                0x00003848                ADC_DelSig_1_Enable
 .text.ADC_DelSig_1_Start
                0x00003920       0x28 .\CortexM3\ARM_GCC_541\Debug\Design01.a(ADC_DelSig_1.o)
                0x00003920                ADC_DelSig_1_Start
 .text.ADC_DelSig_1_StartConvert
                0x00003948       0x10 .\CortexM3\ARM_GCC_541\Debug\Design01.a(ADC_DelSig_1.o)
                0x00003948                ADC_DelSig_1_StartConvert
 .text.ADC_DelSig_1_IsEndConversion
                0x00003958       0x30 .\CortexM3\ARM_GCC_541\Debug\Design01.a(ADC_DelSig_1.o)
                0x00003958                ADC_DelSig_1_IsEndConversion
 .text.ADC_DelSig_1_GetResult32
                0x00003988       0x6c .\CortexM3\ARM_GCC_541\Debug\Design01.a(ADC_DelSig_1.o)
                0x00003988                ADC_DelSig_1_GetResult32
 .text.ADC_DelSig_1_CountsTo_uVolts
                0x000039f4       0x4c .\CortexM3\ARM_GCC_541\Debug\Design01.a(ADC_DelSig_1.o)
                0x000039f4                ADC_DelSig_1_CountsTo_uVolts
 .text.ADC_DelSig_1_ISR1
                0x00003a40        0x4 .\CortexM3\ARM_GCC_541\Debug\Design01.a(ADC_DelSig_1_INT.o)
                0x00003a40                ADC_DelSig_1_ISR1
 .text.ADC_DelSig_1_ISR2
                0x00003a44        0x4 .\CortexM3\ARM_GCC_541\Debug\Design01.a(ADC_DelSig_1_INT.o)
                0x00003a44                ADC_DelSig_1_ISR2
 .text.ADC_DelSig_1_ISR3
                0x00003a48        0x4 .\CortexM3\ARM_GCC_541\Debug\Design01.a(ADC_DelSig_1_INT.o)
                0x00003a48                ADC_DelSig_1_ISR3
 .text.ADC_DelSig_1_ISR4
                0x00003a4c        0x4 .\CortexM3\ARM_GCC_541\Debug\Design01.a(ADC_DelSig_1_INT.o)
                0x00003a4c                ADC_DelSig_1_ISR4
 .text.TIA_1_Enable
                0x00003a50       0x28 .\CortexM3\ARM_GCC_541\Debug\Design01.a(TIA_1.o)
                0x00003a50                TIA_1_Enable
 .text.TIA_1_SetPower
                0x00003a78       0x18 .\CortexM3\ARM_GCC_541\Debug\Design01.a(TIA_1.o)
                0x00003a78                TIA_1_SetPower
 .text.TIA_1_SetResFB
                0x00003a90       0x20 .\CortexM3\ARM_GCC_541\Debug\Design01.a(TIA_1.o)
                0x00003a90                TIA_1_SetResFB
 .text.TIA_1_SetCapFB
                0x00003ab0       0x20 .\CortexM3\ARM_GCC_541\Debug\Design01.a(TIA_1.o)
                0x00003ab0                TIA_1_SetCapFB
 .text.TIA_1_Init
                0x00003ad0       0x2c .\CortexM3\ARM_GCC_541\Debug\Design01.a(TIA_1.o)
                0x00003ad0                TIA_1_Init
 .text.TIA_1_Start
                0x00003afc       0x1c .\CortexM3\ARM_GCC_541\Debug\Design01.a(TIA_1.o)
                0x00003afc                TIA_1_Start
 .text.VDAC_Vgs_Enable
                0x00003b18       0x1c .\CortexM3\ARM_GCC_541\Debug\Design01.a(VDAC_Vgs.o)
                0x00003b18                VDAC_Vgs_Enable
 .text.VDAC_Vgs_SetSpeed
                0x00003b34       0x1c .\CortexM3\ARM_GCC_541\Debug\Design01.a(VDAC_Vgs.o)
                0x00003b34                VDAC_Vgs_SetSpeed
 .text.VDAC_Vgs_SetValue
                0x00003b50        0xc .\CortexM3\ARM_GCC_541\Debug\Design01.a(VDAC_Vgs.o)
                0x00003b50                VDAC_Vgs_SetValue
 .text.VDAC_Vgs_DacTrim
                0x00003b5c       0x24 .\CortexM3\ARM_GCC_541\Debug\Design01.a(VDAC_Vgs.o)
                0x00003b5c                VDAC_Vgs_DacTrim
 .text.VDAC_Vgs_SetRange
                0x00003b80       0x20 .\CortexM3\ARM_GCC_541\Debug\Design01.a(VDAC_Vgs.o)
                0x00003b80                VDAC_Vgs_SetRange
 .text.VDAC_Vgs_Init
                0x00003ba0       0x20 .\CortexM3\ARM_GCC_541\Debug\Design01.a(VDAC_Vgs.o)
                0x00003ba0                VDAC_Vgs_Init
 .text.VDAC_Vgs_Start
                0x00003bc0       0x24 .\CortexM3\ARM_GCC_541\Debug\Design01.a(VDAC_Vgs.o)
                0x00003bc0                VDAC_Vgs_Start
 .text.VDAC_Vds_Enable
                0x00003be4       0x1c .\CortexM3\ARM_GCC_541\Debug\Design01.a(VDAC_Vds.o)
                0x00003be4                VDAC_Vds_Enable
 .text.VDAC_Vds_SetSpeed
                0x00003c00       0x1c .\CortexM3\ARM_GCC_541\Debug\Design01.a(VDAC_Vds.o)
                0x00003c00                VDAC_Vds_SetSpeed
 .text.VDAC_Vds_SetValue
                0x00003c1c        0xc .\CortexM3\ARM_GCC_541\Debug\Design01.a(VDAC_Vds.o)
                0x00003c1c                VDAC_Vds_SetValue
 .text.VDAC_Vds_DacTrim
                0x00003c28       0x24 .\CortexM3\ARM_GCC_541\Debug\Design01.a(VDAC_Vds.o)
                0x00003c28                VDAC_Vds_DacTrim
 .text.VDAC_Vds_SetRange
                0x00003c4c       0x20 .\CortexM3\ARM_GCC_541\Debug\Design01.a(VDAC_Vds.o)
                0x00003c4c                VDAC_Vds_SetRange
 .text.VDAC_Vds_Init
                0x00003c6c       0x20 .\CortexM3\ARM_GCC_541\Debug\Design01.a(VDAC_Vds.o)
                0x00003c6c                VDAC_Vds_Init
 .text.VDAC_Vds_Start
                0x00003c8c       0x24 .\CortexM3\ARM_GCC_541\Debug\Design01.a(VDAC_Vds.o)
                0x00003c8c                VDAC_Vds_Start
 .text.ADC_DelSig_1_Ext_CP_Clk_GetDividerRegister
                0x00003cb0        0xc .\CortexM3\ARM_GCC_541\Debug\Design01.a(ADC_DelSig_1_Ext_CP_Clk.o)
                0x00003cb0                ADC_DelSig_1_Ext_CP_Clk_GetDividerRegister
 .text.ADC_DelSig_1_Ext_CP_Clk_SetModeRegister
                0x00003cbc       0x14 .\CortexM3\ARM_GCC_541\Debug\Design01.a(ADC_DelSig_1_Ext_CP_Clk.o)
                0x00003cbc                ADC_DelSig_1_Ext_CP_Clk_SetModeRegister
 .text.ADC_DelSig_1_Ext_CP_Clk_GetSourceRegister
                0x00003cd0       0x10 .\CortexM3\ARM_GCC_541\Debug\Design01.a(ADC_DelSig_1_Ext_CP_Clk.o)
                0x00003cd0                ADC_DelSig_1_Ext_CP_Clk_GetSourceRegister
 .text.ADC_DelSig_1_Ext_CP_Clk_SetDividerRegister
                0x00003ce0       0xd8 .\CortexM3\ARM_GCC_541\Debug\Design01.a(ADC_DelSig_1_Ext_CP_Clk.o)
                0x00003ce0                ADC_DelSig_1_Ext_CP_Clk_SetDividerRegister
 .text.ADC_DelSig_1_theACLK_GetDividerRegister
                0x00003db8        0xc .\CortexM3\ARM_GCC_541\Debug\Design01.a(ADC_DelSig_1_theACLK.o)
                0x00003db8                ADC_DelSig_1_theACLK_GetDividerRegister
 .text.ADC_DelSig_1_theACLK_SetModeRegister
                0x00003dc4       0x14 .\CortexM3\ARM_GCC_541\Debug\Design01.a(ADC_DelSig_1_theACLK.o)
                0x00003dc4                ADC_DelSig_1_theACLK_SetModeRegister
 .text.ADC_DelSig_1_theACLK_GetSourceRegister
                0x00003dd8       0x10 .\CortexM3\ARM_GCC_541\Debug\Design01.a(ADC_DelSig_1_theACLK.o)
                0x00003dd8                ADC_DelSig_1_theACLK_GetSourceRegister
 .text.ADC_DelSig_1_theACLK_SetDividerRegister
                0x00003de8       0xdc .\CortexM3\ARM_GCC_541\Debug\Design01.a(ADC_DelSig_1_theACLK.o)
                0x00003de8                ADC_DelSig_1_theACLK_SetDividerRegister
 .text.VDAC_Ref_Enable
                0x00003ec4       0x1c .\CortexM3\ARM_GCC_541\Debug\Design01.a(VDAC_Ref.o)
                0x00003ec4                VDAC_Ref_Enable
 .text.VDAC_Ref_SetSpeed
                0x00003ee0       0x1c .\CortexM3\ARM_GCC_541\Debug\Design01.a(VDAC_Ref.o)
                0x00003ee0                VDAC_Ref_SetSpeed
 .text.VDAC_Ref_SetValue
                0x00003efc        0xc .\CortexM3\ARM_GCC_541\Debug\Design01.a(VDAC_Ref.o)
                0x00003efc                VDAC_Ref_SetValue
 .text.VDAC_Ref_DacTrim
                0x00003f08       0x24 .\CortexM3\ARM_GCC_541\Debug\Design01.a(VDAC_Ref.o)
                0x00003f08                VDAC_Ref_DacTrim
 .text.VDAC_Ref_SetRange
                0x00003f2c       0x20 .\CortexM3\ARM_GCC_541\Debug\Design01.a(VDAC_Ref.o)
                0x00003f2c                VDAC_Ref_SetRange
 .text.VDAC_Ref_Init
                0x00003f4c       0x20 .\CortexM3\ARM_GCC_541\Debug\Design01.a(VDAC_Ref.o)
                0x00003f4c                VDAC_Ref_Init
 .text.VDAC_Ref_Start
                0x00003f6c       0x24 .\CortexM3\ARM_GCC_541\Debug\Design01.a(VDAC_Ref.o)
                0x00003f6c                VDAC_Ref_Start
 .text.I2C_1_Init
                0x00003f90       0x7c .\CortexM3\ARM_GCC_541\Debug\Design01.a(I2C_1.o)
                0x00003f90                I2C_1_Init
 .text.I2C_1_Enable
                0x0000400c       0x10 .\CortexM3\ARM_GCC_541\Debug\Design01.a(I2C_1.o)
                0x0000400c                I2C_1_Enable
 .text.I2C_1_Start
                0x0000401c       0x28 .\CortexM3\ARM_GCC_541\Debug\Design01.a(I2C_1.o)
                0x0000401c                I2C_1_Start
 .text.I2C_1_Stop
                0x00004044       0x40 .\CortexM3\ARM_GCC_541\Debug\Design01.a(I2C_1.o)
                0x00004044                I2C_1_Stop
 .text.I2C_1_ISR
                0x00004084      0x328 .\CortexM3\ARM_GCC_541\Debug\Design01.a(I2C_1_INT.o)
                0x00004084                I2C_1_ISR
 .text.I2C_1_MasterWriteBuf
                0x000043ac       0xdc .\CortexM3\ARM_GCC_541\Debug\Design01.a(I2C_1_MASTER.o)
                0x000043ac                I2C_1_MasterWriteBuf
 .text.I2C_1_MasterStatus
                0x00004488       0x30 .\CortexM3\ARM_GCC_541\Debug\Design01.a(I2C_1_MASTER.o)
                0x00004488                I2C_1_MasterStatus
 .text.I2C_1_MasterClearStatus
                0x000044b8       0x20 .\CortexM3\ARM_GCC_541\Debug\Design01.a(I2C_1_MASTER.o)
                0x000044b8                I2C_1_MasterClearStatus
 .text.CommunicationTimer_Enable
                0x000044d8       0x28 .\CortexM3\ARM_GCC_541\Debug\Design01.a(CommunicationTimer.o)
                0x000044d8                CommunicationTimer_Enable
 .text.CommunicationTimer_SetInterruptMode
                0x00004500        0xc .\CortexM3\ARM_GCC_541\Debug\Design01.a(CommunicationTimer.o)
                0x00004500                CommunicationTimer_SetInterruptMode
 .text.CommunicationTimer_ReadStatusRegister
                0x0000450c        0xc .\CortexM3\ARM_GCC_541\Debug\Design01.a(CommunicationTimer.o)
                0x0000450c                CommunicationTimer_ReadStatusRegister
 .text.CommunicationTimer_WritePeriod
                0x00004518        0xc .\CortexM3\ARM_GCC_541\Debug\Design01.a(CommunicationTimer.o)
                0x00004518                CommunicationTimer_WritePeriod
 .text.CommunicationTimer_WriteCounter
                0x00004524        0xc .\CortexM3\ARM_GCC_541\Debug\Design01.a(CommunicationTimer.o)
                0x00004524                CommunicationTimer_WriteCounter
 .text.CommunicationTimer_Init
                0x00004530       0x64 .\CortexM3\ARM_GCC_541\Debug\Design01.a(CommunicationTimer.o)
                0x00004530                CommunicationTimer_Init
 .text.CommunicationTimer_Start
                0x00004594       0x1c .\CortexM3\ARM_GCC_541\Debug\Design01.a(CommunicationTimer.o)
                0x00004594                CommunicationTimer_Start
 .text.CommunicationInterrupt_SetVector
                0x000045b0       0x10 .\CortexM3\ARM_GCC_541\Debug\Design01.a(CommunicationInterrupt.o)
                0x000045b0                CommunicationInterrupt_SetVector
 .text.CommunicationInterrupt_SetPriority
                0x000045c0       0x10 .\CortexM3\ARM_GCC_541\Debug\Design01.a(CommunicationInterrupt.o)
                0x000045c0                CommunicationInterrupt_SetPriority
 .text.CommunicationInterrupt_Enable
                0x000045d0       0x10 .\CortexM3\ARM_GCC_541\Debug\Design01.a(CommunicationInterrupt.o)
                0x000045d0                CommunicationInterrupt_Enable
 .text.CommunicationInterrupt_Disable
                0x000045e0       0x10 .\CortexM3\ARM_GCC_541\Debug\Design01.a(CommunicationInterrupt.o)
                0x000045e0                CommunicationInterrupt_Disable
 .text.CommunicationInterrupt_StartEx
                0x000045f0       0x1c .\CortexM3\ARM_GCC_541\Debug\Design01.a(CommunicationInterrupt.o)
                0x000045f0                CommunicationInterrupt_StartEx
 .text.CommunicationInterrupt_ClearPending
                0x0000460c       0x10 .\CortexM3\ARM_GCC_541\Debug\Design01.a(CommunicationInterrupt.o)
                0x0000460c                CommunicationInterrupt_ClearPending
 .text.ADC_SAR_1_CalcGain
                0x0000461c       0x70 .\CortexM3\ARM_GCC_541\Debug\Design01.a(ADC_SAR_1.o)
 .text.ADC_SAR_1_Enable
                0x0000468c       0x98 .\CortexM3\ARM_GCC_541\Debug\Design01.a(ADC_SAR_1.o)
                0x0000468c                ADC_SAR_1_Enable
 .text.ADC_SAR_1_SetResolution
                0x00004724       0x38 .\CortexM3\ARM_GCC_541\Debug\Design01.a(ADC_SAR_1.o)
                0x00004724                ADC_SAR_1_SetResolution
 .text.ADC_SAR_1_Init
                0x0000475c       0x3c .\CortexM3\ARM_GCC_541\Debug\Design01.a(ADC_SAR_1.o)
                0x0000475c                ADC_SAR_1_Init
 .text.ADC_SAR_1_Start
                0x00004798       0x1c .\CortexM3\ARM_GCC_541\Debug\Design01.a(ADC_SAR_1.o)
                0x00004798                ADC_SAR_1_Start
 .text.ADC_SAR_1_StartConvert
                0x000047b4       0x10 .\CortexM3\ARM_GCC_541\Debug\Design01.a(ADC_SAR_1.o)
                0x000047b4                ADC_SAR_1_StartConvert
 .text.ADC_SAR_1_IsEndConversion
                0x000047c4       0x24 .\CortexM3\ARM_GCC_541\Debug\Design01.a(ADC_SAR_1.o)
                0x000047c4                ADC_SAR_1_IsEndConversion
 .text.ADC_SAR_1_GetResult16
                0x000047e8       0x18 .\CortexM3\ARM_GCC_541\Debug\Design01.a(ADC_SAR_1.o)
                0x000047e8                ADC_SAR_1_GetResult16
 .text.ADC_SAR_1_CountsTo_Volts
                0x00004800       0x50 .\CortexM3\ARM_GCC_541\Debug\Design01.a(ADC_SAR_1.o)
                0x00004800                ADC_SAR_1_CountsTo_Volts
 .text.ADC_SAR_1_ISR
                0x00004850        0x4 .\CortexM3\ARM_GCC_541\Debug\Design01.a(ADC_SAR_1_INT.o)
                0x00004850                ADC_SAR_1_ISR
 .text.ADC_SAR_2_CalcGain
                0x00004854       0x70 .\CortexM3\ARM_GCC_541\Debug\Design01.a(ADC_SAR_2.o)
 .text.ADC_SAR_2_Enable
                0x000048c4       0x98 .\CortexM3\ARM_GCC_541\Debug\Design01.a(ADC_SAR_2.o)
                0x000048c4                ADC_SAR_2_Enable
 .text.ADC_SAR_2_SetResolution
                0x0000495c       0x38 .\CortexM3\ARM_GCC_541\Debug\Design01.a(ADC_SAR_2.o)
                0x0000495c                ADC_SAR_2_SetResolution
 .text.ADC_SAR_2_Init
                0x00004994       0x3c .\CortexM3\ARM_GCC_541\Debug\Design01.a(ADC_SAR_2.o)
                0x00004994                ADC_SAR_2_Init
 .text.ADC_SAR_2_Start
                0x000049d0       0x1c .\CortexM3\ARM_GCC_541\Debug\Design01.a(ADC_SAR_2.o)
                0x000049d0                ADC_SAR_2_Start
 .text.ADC_SAR_2_StartConvert
                0x000049ec       0x10 .\CortexM3\ARM_GCC_541\Debug\Design01.a(ADC_SAR_2.o)
                0x000049ec                ADC_SAR_2_StartConvert
 .text.ADC_SAR_2_IsEndConversion
                0x000049fc       0x24 .\CortexM3\ARM_GCC_541\Debug\Design01.a(ADC_SAR_2.o)
                0x000049fc                ADC_SAR_2_IsEndConversion
 .text.ADC_SAR_2_GetResult16
                0x00004a20       0x18 .\CortexM3\ARM_GCC_541\Debug\Design01.a(ADC_SAR_2.o)
                0x00004a20                ADC_SAR_2_GetResult16
 .text.ADC_SAR_2_CountsTo_Volts
                0x00004a38       0x50 .\CortexM3\ARM_GCC_541\Debug\Design01.a(ADC_SAR_2.o)
                0x00004a38                ADC_SAR_2_CountsTo_Volts
 .text.ADC_SAR_2_ISR
                0x00004a88        0x4 .\CortexM3\ARM_GCC_541\Debug\Design01.a(ADC_SAR_2_INT.o)
                0x00004a88                ADC_SAR_2_ISR
 .text.ADC_SAR_1_theACLK_SetModeRegister
                0x00004a8c       0x14 .\CortexM3\ARM_GCC_541\Debug\Design01.a(ADC_SAR_1_theACLK.o)
                0x00004a8c                ADC_SAR_1_theACLK_SetModeRegister
 .text.ADC_SAR_2_theACLK_SetModeRegister
                0x00004aa0       0x14 .\CortexM3\ARM_GCC_541\Debug\Design01.a(ADC_SAR_2_theACLK.o)
                0x00004aa0                ADC_SAR_2_theACLK_SetModeRegister
 *fill*         0x00004ab4        0x4 
 .text          0x00004ab8       0x20 .\CortexM3\ARM_GCC_541\Debug\Design01.a(CyBootAsmGnu.o)
                0x00004ab8                CyDelayCycles
                0x00004ac8                CyEnterCriticalSection
                0x00004ad0                CyExitCriticalSection
 .text.USBUART_DispatchClassRqst
                0x00004ad8       0x60 .\CortexM3\ARM_GCC_541\Debug\Design01.a(USBUART_cls.o)
                0x00004ad8                USBUART_DispatchClassRqst
 .text          0x00004b38      0x370 c:/program files (x86)/cypress/psoc creator/4.1/psoc creator/import/gnu/arm/5.4.1/bin/../lib/gcc/arm-none-eabi/5.4.1/armv7-m\libgcc.a(_arm_addsubdf3.o)
                0x00004b38                __aeabi_drsub
                0x00004b40                __aeabi_dsub
                0x00004b40                __subdf3
                0x00004b44                __aeabi_dadd
                0x00004b44                __adddf3
                0x00004dbc                __floatunsidf
                0x00004dbc                __aeabi_ui2d
                0x00004ddc                __floatsidf
                0x00004ddc                __aeabi_i2d
                0x00004e00                __aeabi_f2d
                0x00004e00                __extendsfdf2
                0x00004e3c                __floatundidf
                0x00004e3c                __aeabi_ul2d
                0x00004e4c                __floatdidf
                0x00004e4c                __aeabi_l2d
 .text          0x00004ea8      0x424 c:/program files (x86)/cypress/psoc creator/4.1/psoc creator/import/gnu/arm/5.4.1/bin/../lib/gcc/arm-none-eabi/5.4.1/armv7-m\libgcc.a(_arm_muldivdf3.o)
                0x00004ea8                __aeabi_dmul
                0x00004ea8                __muldf3
                0x000050fc                __divdf3
                0x000050fc                __aeabi_ddiv
 .text          0x000052cc      0x110 c:/program files (x86)/cypress/psoc creator/4.1/psoc creator/import/gnu/arm/5.4.1/bin/../lib/gcc/arm-none-eabi/5.4.1/armv7-m\libgcc.a(_arm_cmpdf2.o)
                0x000052cc                __gtdf2
                0x000052cc                __gedf2
                0x000052d4                __ltdf2
                0x000052d4                __ledf2
                0x000052dc                __nedf2
                0x000052dc                __eqdf2
                0x000052dc                __cmpdf2
                0x00005358                __aeabi_cdrcmple
                0x00005368                __aeabi_cdcmpeq
                0x00005368                __aeabi_cdcmple
                0x00005378                __aeabi_dcmpeq
                0x0000538c                __aeabi_dcmplt
                0x000053a0                __aeabi_dcmple
                0x000053b4                __aeabi_dcmpge
                0x000053c8                __aeabi_dcmpgt
 .text          0x000053dc       0xa0 c:/program files (x86)/cypress/psoc creator/4.1/psoc creator/import/gnu/arm/5.4.1/bin/../lib/gcc/arm-none-eabi/5.4.1/armv7-m\libgcc.a(_arm_truncdfsf2.o)
                0x000053dc                __truncdfsf2
                0x000053dc                __aeabi_d2f
 .text          0x0000547c      0x21c c:/program files (x86)/cypress/psoc creator/4.1/psoc creator/import/gnu/arm/5.4.1/bin/../lib/gcc/arm-none-eabi/5.4.1/armv7-m\libgcc.a(_arm_addsubsf3.o)
                0x0000547c                __aeabi_frsub
                0x00005484                __subsf3
                0x00005484                __aeabi_fsub
                0x00005488                __aeabi_fadd
                0x00005488                __addsf3
                0x000055e8                __aeabi_ui2f
                0x000055e8                __floatunsisf
                0x000055f0                __aeabi_i2f
                0x000055f0                __floatsisf
                0x0000560c                __aeabi_ul2f
                0x0000560c                __floatundisf
                0x0000561c                __aeabi_l2f
                0x0000561c                __floatdisf
 .text          0x00005698      0x2a0 c:/program files (x86)/cypress/psoc creator/4.1/psoc creator/import/gnu/arm/5.4.1/bin/../lib/gcc/arm-none-eabi/5.4.1/armv7-m\libgcc.a(_arm_muldivsf3.o)
                0x00005698                __mulsf3
                0x00005698                __aeabi_fmul
                0x00005800                __aeabi_fdiv
                0x00005800                __divsf3
 .text          0x00005938       0x4c c:/program files (x86)/cypress/psoc creator/4.1/psoc creator/import/gnu/arm/5.4.1/bin/../lib/gcc/arm-none-eabi/5.4.1/armv7-m\libgcc.a(_arm_fixsfsi.o)
                0x00005938                __aeabi_f2iz
                0x00005938                __fixsfsi
 .text.__errno  0x00005984        0xc c:/program files (x86)/cypress/psoc creator/4.1/psoc creator/import/gnu/arm/5.4.1/bin/../lib/gcc/arm-none-eabi/5.4.1/../../../../arm-none-eabi/lib/armv7-m\libg_nano.a(lib_a-errno.o)
                0x00005984                __errno
 .text.__libc_init_array
                0x00005990       0x4c c:/program files (x86)/cypress/psoc creator/4.1/psoc creator/import/gnu/arm/5.4.1/bin/../lib/gcc/arm-none-eabi/5.4.1/../../../../arm-none-eabi/lib/armv7-m\libg_nano.a(lib_a-init.o)
                0x00005990                __libc_init_array
 .text.memcpy   0x000059dc       0x16 c:/program files (x86)/cypress/psoc creator/4.1/psoc creator/import/gnu/arm/5.4.1/bin/../lib/gcc/arm-none-eabi/5.4.1/../../../../arm-none-eabi/lib/armv7-m\libg_nano.a(lib_a-memcpy-stub.o)
                0x000059dc                memcpy
 .text.memset   0x000059f2       0x10 c:/program files (x86)/cypress/psoc creator/4.1/psoc creator/import/gnu/arm/5.4.1/bin/../lib/gcc/arm-none-eabi/5.4.1/../../../../arm-none-eabi/lib/armv7-m\libg_nano.a(lib_a-memset.o)
                0x000059f2                memset
 .text.__cvt    0x00005a02       0xc0 c:/program files (x86)/cypress/psoc creator/4.1/psoc creator/import/gnu/arm/5.4.1/bin/../lib/gcc/arm-none-eabi/5.4.1/../../../../arm-none-eabi/lib/armv7-m\libg_nano.a(lib_a-nano-vfprintf_float.o)
                0x00005a02                __cvt
 .text.__exponent
                0x00005ac2       0x62 c:/program files (x86)/cypress/psoc creator/4.1/psoc creator/import/gnu/arm/5.4.1/bin/../lib/gcc/arm-none-eabi/5.4.1/../../../../arm-none-eabi/lib/armv7-m\libg_nano.a(lib_a-nano-vfprintf_float.o)
                0x00005ac2                __exponent
 .text._printf_float
                0x00005b24      0x488 c:/program files (x86)/cypress/psoc creator/4.1/psoc creator/import/gnu/arm/5.4.1/bin/../lib/gcc/arm-none-eabi/5.4.1/../../../../arm-none-eabi/lib/armv7-m\libg_nano.a(lib_a-nano-vfprintf_float.o)
                0x00005b24                _printf_float
 .text._printf_common
                0x00005fac       0xec c:/program files (x86)/cypress/psoc creator/4.1/psoc creator/import/gnu/arm/5.4.1/bin/../lib/gcc/arm-none-eabi/5.4.1/../../../../arm-none-eabi/lib/armv7-m\libg_nano.a(lib_a-nano-vfprintf_i.o)
                0x00005fac                _printf_common
 .text._printf_i
                0x00006098      0x24c c:/program files (x86)/cypress/psoc creator/4.1/psoc creator/import/gnu/arm/5.4.1/bin/../lib/gcc/arm-none-eabi/5.4.1/../../../../arm-none-eabi/lib/armv7-m\libg_nano.a(lib_a-nano-vfprintf_i.o)
                0x00006098                _printf_i
 .text.sprintf  0x000062e4       0x48 c:/program files (x86)/cypress/psoc creator/4.1/psoc creator/import/gnu/arm/5.4.1/bin/../lib/gcc/arm-none-eabi/5.4.1/../../../../arm-none-eabi/lib/armv7-m\libg_nano.a(lib_a-sprintf.o)
                0x000062e4                siprintf
                0x000062e4                sprintf
 .text.strchr   0x0000632c       0x1c c:/program files (x86)/cypress/psoc creator/4.1/psoc creator/import/gnu/arm/5.4.1/bin/../lib/gcc/arm-none-eabi/5.4.1/../../../../arm-none-eabi/lib/armv7-m\libg_nano.a(lib_a-strchr.o)
                0x0000632c                strchr
 .text          0x00006348       0x10 c:/program files (x86)/cypress/psoc creator/4.1/psoc creator/import/gnu/arm/5.4.1/bin/../lib/gcc/arm-none-eabi/5.4.1/../../../../arm-none-eabi/lib/armv7-m\libg_nano.a(lib_a-strlen.o)
                0x00006348                strlen
 .text.strstr   0x00006358       0x34 c:/program files (x86)/cypress/psoc creator/4.1/psoc creator/import/gnu/arm/5.4.1/bin/../lib/gcc/arm-none-eabi/5.4.1/../../../../arm-none-eabi/lib/armv7-m\libg_nano.a(lib_a-strstr.o)
                0x00006358                strstr
 .text._strtol_r
                0x0000638c      0x10c c:/program files (x86)/cypress/psoc creator/4.1/psoc creator/import/gnu/arm/5.4.1/bin/../lib/gcc/arm-none-eabi/5.4.1/../../../../arm-none-eabi/lib/armv7-m\libg_nano.a(lib_a-strtol.o)
                0x0000638c                _strtol_r
 .text.strtol   0x00006498       0x14 c:/program files (x86)/cypress/psoc creator/4.1/psoc creator/import/gnu/arm/5.4.1/bin/../lib/gcc/arm-none-eabi/5.4.1/../../../../arm-none-eabi/lib/armv7-m\libg_nano.a(lib_a-strtol.o)
                0x00006498                strtol
 .text.quorem   0x000064ac      0x116 c:/program files (x86)/cypress/psoc creator/4.1/psoc creator/import/gnu/arm/5.4.1/bin/../lib/gcc/arm-none-eabi/5.4.1/../../../../arm-none-eabi/lib/armv7-m\libg_nano.a(lib_a-dtoa.o)
 *fill*         0x000065c2        0x6 
 .text._dtoa_r  0x000065c8      0xb30 c:/program files (x86)/cypress/psoc creator/4.1/psoc creator/import/gnu/arm/5.4.1/bin/../lib/gcc/arm-none-eabi/5.4.1/../../../../arm-none-eabi/lib/armv7-m\libg_nano.a(lib_a-dtoa.o)
                0x000065c8                _dtoa_r
 .text._localeconv_r
                0x000070f8        0x8 c:/program files (x86)/cypress/psoc creator/4.1/psoc creator/import/gnu/arm/5.4.1/bin/../lib/gcc/arm-none-eabi/5.4.1/../../../../arm-none-eabi/lib/armv7-m\libg_nano.a(lib_a-locale.o)
                0x000070f8                _localeconv_r
 .text.malloc   0x00007100       0x10 c:/program files (x86)/cypress/psoc creator/4.1/psoc creator/import/gnu/arm/5.4.1/bin/../lib/gcc/arm-none-eabi/5.4.1/../../../../arm-none-eabi/lib/armv7-m\libg_nano.a(lib_a-malloc.o)
                0x00007100                malloc
 .text.memchr   0x00007110       0x1c c:/program files (x86)/cypress/psoc creator/4.1/psoc creator/import/gnu/arm/5.4.1/bin/../lib/gcc/arm-none-eabi/5.4.1/../../../../arm-none-eabi/lib/armv7-m\libg_nano.a(lib_a-memchr-stub.o)
                0x00007110                memchr
 .text._Balloc  0x0000712c       0x6a c:/program files (x86)/cypress/psoc creator/4.1/psoc creator/import/gnu/arm/5.4.1/bin/../lib/gcc/arm-none-eabi/5.4.1/../../../../arm-none-eabi/lib/armv7-m\libg_nano.a(lib_a-mprec.o)
                0x0000712c                _Balloc
 .text._Bfree   0x00007196       0x2e c:/program files (x86)/cypress/psoc creator/4.1/psoc creator/import/gnu/arm/5.4.1/bin/../lib/gcc/arm-none-eabi/5.4.1/../../../../arm-none-eabi/lib/armv7-m\libg_nano.a(lib_a-mprec.o)
                0x00007196                _Bfree
 .text.__multadd
                0x000071c4       0x76 c:/program files (x86)/cypress/psoc creator/4.1/psoc creator/import/gnu/arm/5.4.1/bin/../lib/gcc/arm-none-eabi/5.4.1/../../../../arm-none-eabi/lib/armv7-m\libg_nano.a(lib_a-mprec.o)
                0x000071c4                __multadd
 .text.__hi0bits
                0x0000723a       0x40 c:/program files (x86)/cypress/psoc creator/4.1/psoc creator/import/gnu/arm/5.4.1/bin/../lib/gcc/arm-none-eabi/5.4.1/../../../../arm-none-eabi/lib/armv7-m\libg_nano.a(lib_a-mprec.o)
                0x0000723a                __hi0bits
 .text.__lo0bits
                0x0000727a       0x5a c:/program files (x86)/cypress/psoc creator/4.1/psoc creator/import/gnu/arm/5.4.1/bin/../lib/gcc/arm-none-eabi/5.4.1/../../../../arm-none-eabi/lib/armv7-m\libg_nano.a(lib_a-mprec.o)
                0x0000727a                __lo0bits
 .text.__i2b    0x000072d4       0x12 c:/program files (x86)/cypress/psoc creator/4.1/psoc creator/import/gnu/arm/5.4.1/bin/../lib/gcc/arm-none-eabi/5.4.1/../../../../arm-none-eabi/lib/armv7-m\libg_nano.a(lib_a-mprec.o)
                0x000072d4                __i2b
 .text.__multiply
                0x000072e6      0x120 c:/program files (x86)/cypress/psoc creator/4.1/psoc creator/import/gnu/arm/5.4.1/bin/../lib/gcc/arm-none-eabi/5.4.1/../../../../arm-none-eabi/lib/armv7-m\libg_nano.a(lib_a-mprec.o)
                0x000072e6                __multiply
 *fill*         0x00007406        0x2 
 .text.__pow5mult
                0x00007408       0x9c c:/program files (x86)/cypress/psoc creator/4.1/psoc creator/import/gnu/arm/5.4.1/bin/../lib/gcc/arm-none-eabi/5.4.1/../../../../arm-none-eabi/lib/armv7-m\libg_nano.a(lib_a-mprec.o)
                0x00007408                __pow5mult
 .text.__lshift
                0x000074a4       0xa2 c:/program files (x86)/cypress/psoc creator/4.1/psoc creator/import/gnu/arm/5.4.1/bin/../lib/gcc/arm-none-eabi/5.4.1/../../../../arm-none-eabi/lib/armv7-m\libg_nano.a(lib_a-mprec.o)
                0x000074a4                __lshift
 .text.__mcmp   0x00007546       0x38 c:/program files (x86)/cypress/psoc creator/4.1/psoc creator/import/gnu/arm/5.4.1/bin/../lib/gcc/arm-none-eabi/5.4.1/../../../../arm-none-eabi/lib/armv7-m\libg_nano.a(lib_a-mprec.o)
                0x00007546                __mcmp
 .text.__mdiff  0x0000757e       0xbe c:/program files (x86)/cypress/psoc creator/4.1/psoc creator/import/gnu/arm/5.4.1/bin/../lib/gcc/arm-none-eabi/5.4.1/../../../../arm-none-eabi/lib/armv7-m\libg_nano.a(lib_a-mprec.o)
                0x0000757e                __mdiff
 .text.__d2b    0x0000763c       0x9c c:/program files (x86)/cypress/psoc creator/4.1/psoc creator/import/gnu/arm/5.4.1/bin/../lib/gcc/arm-none-eabi/5.4.1/../../../../arm-none-eabi/lib/armv7-m\libg_nano.a(lib_a-mprec.o)
                0x0000763c                __d2b
 .text._calloc_r
                0x000076d8       0x1c c:/program files (x86)/cypress/psoc creator/4.1/psoc creator/import/gnu/arm/5.4.1/bin/../lib/gcc/arm-none-eabi/5.4.1/../../../../arm-none-eabi/lib/armv7-m\libg_nano.a(lib_a-nano-callocr.o)
                0x000076d8                _calloc_r
 .text._free_r  0x000076f4       0x98 c:/program files (x86)/cypress/psoc creator/4.1/psoc creator/import/gnu/arm/5.4.1/bin/../lib/gcc/arm-none-eabi/5.4.1/../../../../arm-none-eabi/lib/armv7-m\libg_nano.a(lib_a-nano-freer.o)
                0x000076f4                _free_r
 .text._malloc_r
                0x0000778c       0xbc c:/program files (x86)/cypress/psoc creator/4.1/psoc creator/import/gnu/arm/5.4.1/bin/../lib/gcc/arm-none-eabi/5.4.1/../../../../arm-none-eabi/lib/armv7-m\libg_nano.a(lib_a-nano-mallocr.o)
                0x0000778c                _malloc_r
 .text.__ssputs_r
                0x00007848       0xb2 c:/program files (x86)/cypress/psoc creator/4.1/psoc creator/import/gnu/arm/5.4.1/bin/../lib/gcc/arm-none-eabi/5.4.1/../../../../arm-none-eabi/lib/armv7-m\libg_nano.a(lib_a-nano-svfprintf.o)
                0x00007848                __ssputs_r
 *fill*         0x000078fa        0x2 
 .text._svfprintf_r
                0x000078fc      0x1e8 c:/program files (x86)/cypress/psoc creator/4.1/psoc creator/import/gnu/arm/5.4.1/bin/../lib/gcc/arm-none-eabi/5.4.1/../../../../arm-none-eabi/lib/armv7-m\libg_nano.a(lib_a-nano-svfprintf.o)
                0x000078fc                _svfiprintf_r
                0x000078fc                _svfprintf_r
 .text._sbrk_r  0x00007ae4       0x20 c:/program files (x86)/cypress/psoc creator/4.1/psoc creator/import/gnu/arm/5.4.1/bin/../lib/gcc/arm-none-eabi/5.4.1/../../../../arm-none-eabi/lib/armv7-m\libg_nano.a(lib_a-sbrkr.o)
                0x00007ae4                _sbrk_r
 .text.memmove  0x00007b04       0x36 c:/program files (x86)/cypress/psoc creator/4.1/psoc creator/import/gnu/arm/5.4.1/bin/../lib/gcc/arm-none-eabi/5.4.1/../../../../arm-none-eabi/lib/armv7-m\libg_nano.a(lib_a-memmove.o)
                0x00007b04                memmove
 .text.__malloc_lock
                0x00007b3a        0x2 c:/program files (x86)/cypress/psoc creator/4.1/psoc creator/import/gnu/arm/5.4.1/bin/../lib/gcc/arm-none-eabi/5.4.1/../../../../arm-none-eabi/lib/armv7-m\libg_nano.a(lib_a-mlock.o)
                0x00007b3a                __malloc_lock
 .text.__malloc_unlock
                0x00007b3c        0x2 c:/program files (x86)/cypress/psoc creator/4.1/psoc creator/import/gnu/arm/5.4.1/bin/../lib/gcc/arm-none-eabi/5.4.1/../../../../arm-none-eabi/lib/armv7-m\libg_nano.a(lib_a-mlock.o)
                0x00007b3c                __malloc_unlock
 .text._realloc_r
                0x00007b3e       0x4c c:/program files (x86)/cypress/psoc creator/4.1/psoc creator/import/gnu/arm/5.4.1/bin/../lib/gcc/arm-none-eabi/5.4.1/../../../../arm-none-eabi/lib/armv7-m\libg_nano.a(lib_a-nano-reallocr.o)
                0x00007b3e                _realloc_r
 .text._malloc_usable_size_r
                0x00007b8a       0x14 c:/program files (x86)/cypress/psoc creator/4.1/psoc creator/import/gnu/arm/5.4.1/bin/../lib/gcc/arm-none-eabi/5.4.1/../../../../arm-none-eabi/lib/armv7-m\libg_nano.a(lib_a-nano-msizer.o)
                0x00007b8a                _malloc_usable_size_r
 *fill*         0x00007b9e        0x2 
 .text          0x00007ba0       0x2c c:/program files (x86)/cypress/psoc creator/4.1/psoc creator/import/gnu/arm/5.4.1/bin/../lib/gcc/arm-none-eabi/5.4.1/armv7-m\libgcc.a(_arm_unorddf2.o)
                0x00007ba0                __unorddf2
                0x00007ba0                __aeabi_dcmpun
 .text          0x00007bcc       0x50 c:/program files (x86)/cypress/psoc creator/4.1/psoc creator/import/gnu/arm/5.4.1/bin/../lib/gcc/arm-none-eabi/5.4.1/armv7-m\libgcc.a(_arm_fixdfsi.o)
                0x00007bcc                __aeabi_d2iz
                0x00007bcc                __fixdfsi
 *(.plt)
 *(.gnu.warning)
 *(.glue_7t)
 .glue_7t       0x00007c1c        0x0 linker stubs
 *(.glue_7)
 .glue_7        0x00007c1c        0x0 linker stubs
 *(.vfp11_veneer)
 .vfp11_veneer  0x00007c1c        0x0 linker stubs
 *(.bootloader)
 *(.ARM.extab* .gnu.linkonce.armextab.*)
 *(.gcc_except_table)

.v4_bx          0x00007c1c        0x0
 .v4_bx         0x00007c1c        0x0 linker stubs

.iplt           0x00007c1c        0x0
 .iplt          0x00007c1c        0x0 c:/program files (x86)/cypress/psoc creator/4.1/psoc creator/import/gnu/arm/5.4.1/bin/../lib/gcc/arm-none-eabi/5.4.1/armv7-m/crtbegin.o

.eh_frame_hdr
 *(.eh_frame_hdr)

.eh_frame       0x00007c1c        0x4
 *(.eh_frame)
 .eh_frame      0x00007c1c        0x0 c:/program files (x86)/cypress/psoc creator/4.1/psoc creator/import/gnu/arm/5.4.1/bin/../lib/gcc/arm-none-eabi/5.4.1/armv7-m/crtbegin.o
 .eh_frame      0x00007c1c        0x4 c:/program files (x86)/cypress/psoc creator/4.1/psoc creator/import/gnu/arm/5.4.1/bin/../lib/gcc/arm-none-eabi/5.4.1/armv7-m/crtend.o
                [!provide]                PROVIDE (__exidx_start, .)

.ARM.exidx
 *(.ARM.exidx* .gnu.linkonce.armexidx.*)
                0x00007c20                __exidx_end = .

.rodata         0x00007c20      0x888
 *(.rodata .rodata.* .gnu.linkonce.r.*)
 .rodata.str1.4
                0x00007c20      0x401 .\CortexM3\ARM_GCC_541\Debug\main.o
                                0x405 (size before relaxing)
 *fill*         0x00008021        0x3 
 .rodata        0x00008024       0x4c .\CortexM3\ARM_GCC_541\Debug\cyfitter_cfg.o
 .rodata.str1.4
                0x00008070       0x14 .\CortexM3\ARM_GCC_541\Debug\Design01.a(USBUART_std.o)
                                 0x11 (size before relaxing)
 .rodata        0x00008084      0x18a .\CortexM3\ARM_GCC_541\Debug\Design01.a(USBUART_descr.o)
                0x00008084                USBUART_TABLE
                0x0000808c                USBUART_DEVICE0_TABLE
                0x000080a4                USBUART_DEVICE0_CONFIGURATION0_TABLE
                0x000080cc                USBUART_DEVICE0_CONFIGURATION0_INTERFACE_CLASS
                0x000080d0                USBUART_DEVICE0_CONFIGURATION0_EP_SETTINGS_TABLE
                0x000080e8                USBUART_SN_STRING_DESCRIPTOR
                0x000080ec                USBUART_STRING_DESCRIPTORS
                0x000081b8                USBUART_DEVICE0_CONFIGURATION0_DESCR
                0x000081fc                USBUART_DEVICE0_DESCR
 .rodata.str1.1
                0x0000820e        0x2 c:/program files (x86)/cypress/psoc creator/4.1/psoc creator/import/gnu/arm/5.4.1/bin/../lib/gcc/arm-none-eabi/5.4.1/../../../../arm-none-eabi/lib/armv7-m\libg_nano.a(lib_a-impure.o)
 .rodata.str1.1
                0x00008210       0x12 c:/program files (x86)/cypress/psoc creator/4.1/psoc creator/import/gnu/arm/5.4.1/bin/../lib/gcc/arm-none-eabi/5.4.1/../../../../arm-none-eabi/lib/armv7-m\libg_nano.a(lib_a-nano-vfprintf_float.o)
 .rodata.str1.1
                0x00008222       0x22 c:/program files (x86)/cypress/psoc creator/4.1/psoc creator/import/gnu/arm/5.4.1/bin/../lib/gcc/arm-none-eabi/5.4.1/../../../../arm-none-eabi/lib/armv7-m\libg_nano.a(lib_a-nano-vfprintf_i.o)
 .rodata._ctype_
                0x00008244      0x101 c:/program files (x86)/cypress/psoc creator/4.1/psoc creator/import/gnu/arm/5.4.1/bin/../lib/gcc/arm-none-eabi/5.4.1/../../../../arm-none-eabi/lib/armv7-m\libg_nano.a(lib_a-ctype_.o)
                0x00008244                _ctype_
 .rodata.str1.1
                0x00008345        0xd c:/program files (x86)/cypress/psoc creator/4.1/psoc creator/import/gnu/arm/5.4.1/bin/../lib/gcc/arm-none-eabi/5.4.1/../../../../arm-none-eabi/lib/armv7-m\libg_nano.a(lib_a-dtoa.o)
                                  0xf (size before relaxing)
 .rodata.str1.1
                0x00008352        0x8 c:/program files (x86)/cypress/psoc creator/4.1/psoc creator/import/gnu/arm/5.4.1/bin/../lib/gcc/arm-none-eabi/5.4.1/../../../../arm-none-eabi/lib/armv7-m\libg_nano.a(lib_a-locale.o)
                                  0xb (size before relaxing)
 *fill*         0x0000835a        0x6 
 .rodata.__mprec_tens
                0x00008360       0xc8 c:/program files (x86)/cypress/psoc creator/4.1/psoc creator/import/gnu/arm/5.4.1/bin/../lib/gcc/arm-none-eabi/5.4.1/../../../../arm-none-eabi/lib/armv7-m\libg_nano.a(lib_a-mprec.o)
                0x00008360                __mprec_tens
 .rodata.p05.5408
                0x00008428        0xc c:/program files (x86)/cypress/psoc creator/4.1/psoc creator/import/gnu/arm/5.4.1/bin/../lib/gcc/arm-none-eabi/5.4.1/../../../../arm-none-eabi/lib/armv7-m\libg_nano.a(lib_a-mprec.o)
 *fill*         0x00008434        0x4 
 .rodata.__mprec_bigtens
                0x00008438       0x28 c:/program files (x86)/cypress/psoc creator/4.1/psoc creator/import/gnu/arm/5.4.1/bin/../lib/gcc/arm-none-eabi/5.4.1/../../../../arm-none-eabi/lib/armv7-m\libg_nano.a(lib_a-mprec.o)
                0x00008438                __mprec_bigtens
 .rodata.str1.1
                0x00008460       0x11 c:/program files (x86)/cypress/psoc creator/4.1/psoc creator/import/gnu/arm/5.4.1/bin/../lib/gcc/arm-none-eabi/5.4.1/../../../../arm-none-eabi/lib/armv7-m\libg_nano.a(lib_a-nano-svfprintf.o)
                0x00008474                . = ALIGN (0x4)
 *fill*         0x00008471        0x3 
 *(.init)
 .init          0x00008474        0x4 c:/program files (x86)/cypress/psoc creator/4.1/psoc creator/import/gnu/arm/5.4.1/bin/../lib/gcc/arm-none-eabi/5.4.1/armv7-m/crti.o
                0x00008474                _init
 .init          0x00008478        0x8 c:/program files (x86)/cypress/psoc creator/4.1/psoc creator/import/gnu/arm/5.4.1/bin/../lib/gcc/arm-none-eabi/5.4.1/armv7-m/crtn.o
                0x00008480                . = ALIGN (0x4)
                0x00008480                __preinit_array_start = .
 *(.preinit_array)
                0x00008480                __preinit_array_end = .
                0x00008480                . = ALIGN (0x4)
                0x00008480                __init_array_start = .
 *(SORT(.init_array.*))
 *(.init_array)
 .init_array    0x00008480        0x4 c:/program files (x86)/cypress/psoc creator/4.1/psoc creator/import/gnu/arm/5.4.1/bin/../lib/gcc/arm-none-eabi/5.4.1/armv7-m/crtbegin.o
 .init_array    0x00008484        0x4 .\CortexM3\ARM_GCC_541\Debug\Cm3Start.o
                0x00008488                __init_array_end = .
                0x00008488                . = ALIGN (0x4)
 *(.fini)
 .fini          0x00008488        0x4 c:/program files (x86)/cypress/psoc creator/4.1/psoc creator/import/gnu/arm/5.4.1/bin/../lib/gcc/arm-none-eabi/5.4.1/armv7-m/crti.o
                0x00008488                _fini
 .fini          0x0000848c        0x8 c:/program files (x86)/cypress/psoc creator/4.1/psoc creator/import/gnu/arm/5.4.1/bin/../lib/gcc/arm-none-eabi/5.4.1/armv7-m/crtn.o
                0x00008494                . = ALIGN (0x4)
                0x00008494                __fini_array_start = .
 *(.fini_array)
 .fini_array    0x00008494        0x4 c:/program files (x86)/cypress/psoc creator/4.1/psoc creator/import/gnu/arm/5.4.1/bin/../lib/gcc/arm-none-eabi/5.4.1/armv7-m/crtbegin.o
 *(SORT(.fini_array.*))
                0x00008498                __fini_array_end = .
                0x00008498                . = ALIGN (0x4)
 *crtbegin.o(.ctors)
 *(EXCLUDE_FILE(*crtend.o) .ctors)
 *(SORT(.ctors.*))
 *crtend.o(.ctors)
                0x00008498                . = ALIGN (0x4)
 *crtbegin.o(.dtors)
 *(EXCLUDE_FILE(*crtend.o) .dtors)
 *(SORT(.dtors.*))
 *crtend.o(.dtors)
                0x00008498                . = ALIGN (0x4)
                0x00008498                __cy_regions = .
                0x00008498        0x4 LONG 0x84a8 __cy_region_init_ram
                0x0000849c        0x4 LONG 0x1fff80c8 __cy_region_start_data
                0x000084a0        0x4 LONG 0xd8 __cy_region_init_size_ram
                0x000084a4        0x4 LONG 0x628 __cy_region_zero_size_ram
                0x000084a8                __cy_regions_end = .
                0x000084a8                . = ALIGN (0x8)
                0x000084a8                _etext = .

.cy_checksum_exclude
                0x000084a8        0x0
 *(.cy_checksum_exclude)

.ramvectors     0x1fff8000       0xc0
                0x1fff8000                __cy_region_start_ram = .
 *(.ramvectors)
 .ramvectors    0x1fff8000       0xc0 .\CortexM3\ARM_GCC_541\Debug\Cm3Start.o
                0x1fff8000                CyRamVectors

.noinit         0x1fff80c0        0x1
 *(.noinit)
 .noinit        0x1fff80c0        0x1 .\CortexM3\ARM_GCC_541\Debug\Design01.a(CyLib.o)
                0x1fff80c0                CyResetStatus

.data           0x1fff80c8       0xd8 load address 0x000084a8
                0x1fff80c8                __cy_region_start_data = .
 *(.jcr)
 .jcr           0x1fff80c8        0x0 c:/program files (x86)/cypress/psoc creator/4.1/psoc creator/import/gnu/arm/5.4.1/bin/../lib/gcc/arm-none-eabi/5.4.1/armv7-m/crtbegin.o
 .jcr           0x1fff80c8        0x4 c:/program files (x86)/cypress/psoc creator/4.1/psoc creator/import/gnu/arm/5.4.1/bin/../lib/gcc/arm-none-eabi/5.4.1/armv7-m/crtend.o
 *(.got.plt)
 *(.got)
 *(.shdata)
 *(.data .data.* .gnu.linkonce.d.*)
 .data          0x1fff80cc        0x4 .\CortexM3\ARM_GCC_541\Debug\Cm3Start.o
 .data          0x1fff80d0       0x10 .\CortexM3\ARM_GCC_541\Debug\Design01.a(CyLib.o)
                0x1fff80d0                cydelay_32k_ms
                0x1fff80d4                cydelay_freq_khz
                0x1fff80d8                cydelay_freq_mhz
                0x1fff80dc                cydelay_freq_hz
 .data          0x1fff80e0       0x1a .\CortexM3\ARM_GCC_541\Debug\Design01.a(USBUART_cdc.o)
                0x1fff80e0                USBUART_linesCoding
 .data          0x1fff80fa        0x1 .\CortexM3\ARM_GCC_541\Debug\Design01.a(ADC_DelSig_1.o)
                0x1fff80fa                ADC_DelSig_1_Config
 *fill*         0x1fff80fb        0x1 
 .data.impure_data
                0x1fff80fc       0x60 c:/program files (x86)/cypress/psoc creator/4.1/psoc creator/import/gnu/arm/5.4.1/bin/../lib/gcc/arm-none-eabi/5.4.1/../../../../arm-none-eabi/lib/armv7-m\libg_nano.a(lib_a-impure.o)
 .data._impure_ptr
                0x1fff815c        0x4 c:/program files (x86)/cypress/psoc creator/4.1/psoc creator/import/gnu/arm/5.4.1/bin/../lib/gcc/arm-none-eabi/5.4.1/../../../../arm-none-eabi/lib/armv7-m\libg_nano.a(lib_a-impure.o)
                0x1fff815c                _impure_ptr
 .data.__ctype_ptr__
                0x1fff8160        0x4 c:/program files (x86)/cypress/psoc creator/4.1/psoc creator/import/gnu/arm/5.4.1/bin/../lib/gcc/arm-none-eabi/5.4.1/../../../../arm-none-eabi/lib/armv7-m\libg_nano.a(lib_a-ctype_.o)
                0x1fff8160                __ctype_ptr__
 .data.lconv    0x1fff8164       0x38 c:/program files (x86)/cypress/psoc creator/4.1/psoc creator/import/gnu/arm/5.4.1/bin/../lib/gcc/arm-none-eabi/5.4.1/../../../../arm-none-eabi/lib/armv7-m\libg_nano.a(lib_a-locale.o)
                0x1fff81a0                . = ALIGN (0x8)
 *fill*         0x1fff819c        0x4 
 *(.ram)
                0x1fff81a0                _edata = .

.igot.plt       0x1fff81a0        0x0 load address 0x00008580
 .igot.plt      0x1fff81a0        0x0 c:/program files (x86)/cypress/psoc creator/4.1/psoc creator/import/gnu/arm/5.4.1/bin/../lib/gcc/arm-none-eabi/5.4.1/armv7-m/crtbegin.o

.bss            0x1fff81a0      0x628 load address 0x00008580
                0x1fff81a0                PROVIDE (__bss_start__, .)
 *(.shbss)
 *(.bss .bss.* .gnu.linkonce.b.*)
 .bss           0x1fff81a0       0x1c c:/program files (x86)/cypress/psoc creator/4.1/psoc creator/import/gnu/arm/5.4.1/bin/../lib/gcc/arm-none-eabi/5.4.1/armv7-m/crtbegin.o
 .bss           0x1fff81bc        0x4 .\CortexM3\ARM_GCC_541\Debug\main.o
                0x1fff81bc                newData
                0x1fff81bd                G_Stop
                0x1fff81be                G_Break
                0x1fff81bf                G_Pause
 .bss           0x1fff81c0        0x2 .\CortexM3\ARM_GCC_541\Debug\Design01.a(UART_1.o)
                0x1fff81c0                UART_1_initVar
 .bss           0x1fff81c2        0x1 .\CortexM3\ARM_GCC_541\Debug\Design01.a(USBUART.o)
                0x1fff81c2                USBUART_initVar
 .bss           0x1fff81c3        0x1 .\CortexM3\ARM_GCC_541\Debug\Design01.a(USBUART_cdc.o)
 .bss           0x1fff81c4        0x2 .\CortexM3\ARM_GCC_541\Debug\Design01.a(USBUART_std.o)
 *fill*         0x1fff81c6        0x2 
 .bss           0x1fff81c8       0x14 .\CortexM3\ARM_GCC_541\Debug\Design01.a(ADC_DelSig_1.o)
                0x1fff81d8                ADC_DelSig_1_stopConversion
                0x1fff81d9                ADC_DelSig_1_convDone
                0x1fff81da                ADC_DelSig_1_initVar
                0x1fff81db                ADC_DelSig_1_started
 .bss           0x1fff81dc        0x1 .\CortexM3\ARM_GCC_541\Debug\Design01.a(TIA_1.o)
                0x1fff81dc                TIA_1_initVar
 .bss           0x1fff81dd        0x1 .\CortexM3\ARM_GCC_541\Debug\Design01.a(VDAC_Vgs.o)
                0x1fff81dd                VDAC_Vgs_initVar
 .bss           0x1fff81de        0x1 .\CortexM3\ARM_GCC_541\Debug\Design01.a(VDAC_Vds.o)
                0x1fff81de                VDAC_Vds_initVar
 .bss           0x1fff81df        0x1 .\CortexM3\ARM_GCC_541\Debug\Design01.a(VDAC_Ref.o)
                0x1fff81df                VDAC_Ref_initVar
 .bss           0x1fff81e0        0x1 .\CortexM3\ARM_GCC_541\Debug\Design01.a(I2C_1.o)
                0x1fff81e0                I2C_1_initVar
 .bss           0x1fff81e1        0x1 .\CortexM3\ARM_GCC_541\Debug\Design01.a(CommunicationTimer.o)
                0x1fff81e1                CommunicationTimer_initVar
 .bss           0x1fff81e2        0x1 .\CortexM3\ARM_GCC_541\Debug\Design01.a(ADC_SAR_1.o)
                0x1fff81e2                ADC_SAR_1_initVar
 .bss           0x1fff81e3        0x1 .\CortexM3\ARM_GCC_541\Debug\Design01.a(ADC_SAR_2.o)
                0x1fff81e3                ADC_SAR_2_initVar
 .bss.__malloc_sbrk_start
                0x1fff81e4        0x4 c:/program files (x86)/cypress/psoc creator/4.1/psoc creator/import/gnu/arm/5.4.1/bin/../lib/gcc/arm-none-eabi/5.4.1/../../../../arm-none-eabi/lib/armv7-m\libg_nano.a(lib_a-nano-mallocr.o)
                0x1fff81e4                __malloc_sbrk_start
 .bss.__malloc_free_list
                0x1fff81e8        0x4 c:/program files (x86)/cypress/psoc creator/4.1/psoc creator/import/gnu/arm/5.4.1/bin/../lib/gcc/arm-none-eabi/5.4.1/../../../../arm-none-eabi/lib/armv7-m\libg_nano.a(lib_a-nano-mallocr.o)
                0x1fff81e8                __malloc_free_list
 *(COMMON)
 COMMON         0x1fff81ec      0x4c4 .\CortexM3\ARM_GCC_541\Debug\main.o
                0x1fff81ec                TransmitBuffer
                0x1fff822c                selectors
                0x1fff8628                USBUART_Rx_Position
                0x1fff862a                Vgs_Index_Goal_Relative
                0x1fff862c                USBUART_Receive_Buffer
                0x1fff866c                UART_Receive_Buffer
                0x1fff86ac                Vds_Index_Goal_Relative
                0x1fff86ae                Compliance_Reached
                0x1fff86af                UART_Rx_Position
 COMMON         0x1fff86b0       0x18 .\CortexM3\ARM_GCC_541\Debug\Design01.a(USBUART_cdc.o)
                0x1fff86b0                USBUART_linesChanged
                0x1fff86b4                USBUART_cdcDataInEp
                0x1fff86b8                USBUART_cdcCommInInterruptEp
                0x1fff86bc                USBUART_cdcDataOutEp
                0x1fff86c0                USBUART_serialStateBitmap
                0x1fff86c4                USBUART_linesControlBitmap
 COMMON         0x1fff86c8       0x9a .\CortexM3\ARM_GCC_541\Debug\Design01.a(USBUART_drv.o)
                0x1fff86c8                USBUART_lastPacketSize
                0x1fff86c9                USBUART_device
                0x1fff86ca                USBUART_transferByteCount
                0x1fff86cc                USBUART_transferState
                0x1fff86d0                USBUART_interfaceSettingLast
                0x1fff86d4                USBUART_currentTD
                0x1fff86e0                USBUART_interfaceNumber
                0x1fff86e4                USBUART_interfaceClass
                0x1fff86e8                USBUART_configurationChanged
                0x1fff86e9                USBUART_ep0Mode
                0x1fff86ea                USBUART_deviceAddress
                0x1fff86eb                USBUART_configuration
                0x1fff86ec                USBUART_ep0Count
                0x1fff86ed                USBUART_deviceStatus
                0x1fff86f0                USBUART_EP
                0x1fff875c                USBUART_interfaceSetting
                0x1fff875e                USBUART_ep0Toggle
                0x1fff8760                USBUART_interfaceStatus
 *fill*         0x1fff8762        0x2 
 COMMON         0x1fff8764        0x8 .\CortexM3\ARM_GCC_541\Debug\Design01.a(ADC_DelSig_1.o)
                0x1fff8764                ADC_DelSig_1_CountsPerVolt
                0x1fff8768                ADC_DelSig_1_Offset
 COMMON         0x1fff876c        0x1 .\CortexM3\ARM_GCC_541\Debug\Design01.a(I2C_1.o)
                0x1fff876c                I2C_1_state
 *fill*         0x1fff876d        0x3 
 COMMON         0x1fff8770       0x11 .\CortexM3\ARM_GCC_541\Debug\Design01.a(I2C_1_MASTER.o)
                0x1fff8770                I2C_1_mstrWrBufIndex
                0x1fff8771                I2C_1_mstrControl
                0x1fff8772                I2C_1_mstrStatus
                0x1fff8773                I2C_1_mstrWrBufSize
                0x1fff8774                I2C_1_mstrRdBufIndex
                0x1fff8778                I2C_1_mstrWrBufPtr
                0x1fff877c                I2C_1_mstrRdBufPtr
                0x1fff8780                I2C_1_mstrRdBufSize
 *fill*         0x1fff8781        0x3 
 COMMON         0x1fff8784        0xa .\CortexM3\ARM_GCC_541\Debug\Design01.a(ADC_SAR_1.o)
                0x1fff8784                ADC_SAR_1_countsPerVolt
                0x1fff8786                ADC_SAR_1_shift
                0x1fff8788                ADC_SAR_1_countsPer10Volt
                0x1fff878c                ADC_SAR_1_offset
 *fill*         0x1fff878e        0x2 
 COMMON         0x1fff8790        0xa .\CortexM3\ARM_GCC_541\Debug\Design01.a(ADC_SAR_2.o)
                0x1fff8790                ADC_SAR_2_countsPer10Volt
                0x1fff8794                ADC_SAR_2_shift
                0x1fff8796                ADC_SAR_2_offset
                0x1fff8798                ADC_SAR_2_countsPerVolt
 *fill*         0x1fff879a        0x2 
 COMMON         0x1fff879c       0x22 .\CortexM3\ARM_GCC_541\Debug\Design01.a(USBUART_descr.o)
                0x1fff879c                USBUART_idSerialNumberStringDescriptor
 *fill*         0x1fff87be        0x2 
 COMMON         0x1fff87c0        0x4 c:/program files (x86)/cypress/psoc creator/4.1/psoc creator/import/gnu/arm/5.4.1/bin/../lib/gcc/arm-none-eabi/5.4.1/../../../../arm-none-eabi/lib/armv7-m\libg_nano.a(lib_a-reent.o)
                0x1fff87c0                errno
                0x1fff87c8                . = ALIGN (0x8)
 *fill*         0x1fff87c4        0x4 
 *(.ram.b)
                0x1fff87c8                _end = .
                0x1fff87c8                __end = .
                0x1fff87c8                PROVIDE (end, .)
                0x1fff87c8                PROVIDE (__bss_end__, .)
                0x000084a8                __cy_region_init_ram = LOADADDR (.data)
                0x000000d8                __cy_region_init_size_ram = (_edata - ADDR (.data))
                0x00000628                __cy_region_zero_size_ram = (_end - _edata)

.heap           0x1fff87c8      0x200 load address 0x00008580
                0x1fff87c8                . = _end
                0x1fff89c8                . = (. + 0x200)
 *fill*         0x1fff87c8      0x200 
                0x1fff89c8                __cy_heap_limit = .

.stack          0x20007800      0x800
                0x20007800                __cy_stack_limit = .
                0x20008000                . = (. + 0x800)
 *fill*         0x20007800      0x800 
                0x00000001                ASSERT ((__cy_stack_limit >= __cy_heap_limit), region RAM overflowed with stack)
                0x00000000                cy_checksum_exclude_size = (CY_APPL_LOADABLE == 0x1)?SIZEOF (.cy_checksum_exclude):0x0
                0x00000001                ASSERT ((cy_checksum_exclude_size <= CY_CHECKSUM_EXCLUDE_SIZE), CY_BOOT: Section .cy_checksum_exclude size exceedes specified limit.)

.cyloadermeta
 *(.cyloadermeta)

.cyloadablemeta
 *(.cyloadablemeta)

.cyconfigecc    0x80000000      0x95c
 *(.cyconfigecc)
 .cyconfigecc   0x80000000      0x95c .\CortexM3\ARM_GCC_541\Debug\cymetadata.o
                0x80000000                cy_meta_configecc

.cycustnvl      0x90000000        0x4
 *(.cycustnvl)
 .cycustnvl     0x90000000        0x4 .\CortexM3\ARM_GCC_541\Debug\cymetadata.o
                0x90000000                cy_meta_custnvl

.cywolatch      0x90100000        0x4
 *(.cywolatch)
 .cywolatch     0x90100000        0x4 .\CortexM3\ARM_GCC_541\Debug\cymetadata.o
                0x90100000                cy_meta_wonvl

.cyeeprom       0x90200000        0x0
 *(.cyeeprom)
                0x00000001                ASSERT ((. <= ((0x90200000 + ee_offset) + ee_size)), .cyeeprom data will not fit in EEPROM)

.cyflashprotect
                0x90400000      0x100
 *(.cyflashprotect)
 .cyflashprotect
                0x90400000      0x100 .\CortexM3\ARM_GCC_541\Debug\cymetadata.o
                0x90400000                cy_meta_flashprotect

.cymeta         0x90500000        0xc
 *(.cymeta)
 .cymeta        0x90500000        0xc .\CortexM3\ARM_GCC_541\Debug\cymetadata.o
                0x90500000                cy_metadata

.rel.dyn        0x00008580        0x0 load address 0x9050000c
 .rel.iplt      0x00008580        0x0 c:/program files (x86)/cypress/psoc creator/4.1/psoc creator/import/gnu/arm/5.4.1/bin/../lib/gcc/arm-none-eabi/5.4.1/armv7-m/crtbegin.o

.stab
 *(.stab)

.stabstr
 *(.stabstr)

.debug
 *(.debug)

.line
 *(.line)

.debug_srcinfo
 *(.debug_srcinfo)

.debug_sfnames
 *(.debug_sfnames)

.debug_aranges  0x00000000     0x1370
 *(.debug_aranges)
 .debug_aranges
                0x00000000      0x148 .\CortexM3\ARM_GCC_541\Debug\main.o
 .debug_aranges
                0x00000148       0x58 .\CortexM3\ARM_GCC_541\Debug\cyfitter_cfg.o
 .debug_aranges
                0x000001a0       0x18 .\CortexM3\ARM_GCC_541\Debug\cymetadata.o
 .debug_aranges
                0x000001b8       0x48 .\CortexM3\ARM_GCC_541\Debug\Cm3Start.o
 .debug_aranges
                0x00000200       0xf0 .\CortexM3\ARM_GCC_541\Debug\Design01.a(UART_1.o)
 .debug_aranges
                0x000002f0       0x70 .\CortexM3\ARM_GCC_541\Debug\Design01.a(UART_1_IntClock.o)
 .debug_aranges
                0x00000360      0x2a0 .\CortexM3\ARM_GCC_541\Debug\Design01.a(CyLib.o)
 .debug_aranges
                0x00000600       0x98 .\CortexM3\ARM_GCC_541\Debug\Design01.a(cyPm.o)
 .debug_aranges
                0x00000698       0xc8 .\CortexM3\ARM_GCC_541\Debug\Design01.a(USBUART.o)
 .debug_aranges
                0x00000760       0xe8 .\CortexM3\ARM_GCC_541\Debug\Design01.a(USBUART_cdc.o)
 .debug_aranges
                0x00000848       0x98 .\CortexM3\ARM_GCC_541\Debug\Design01.a(USBUART_drv.o)
 .debug_aranges
                0x000008e0       0x40 .\CortexM3\ARM_GCC_541\Debug\Design01.a(USBUART_episr.o)
 .debug_aranges
                0x00000920       0x40 .\CortexM3\ARM_GCC_541\Debug\Design01.a(USBUART_pm.o)
 .debug_aranges
                0x00000960       0x80 .\CortexM3\ARM_GCC_541\Debug\Design01.a(USBUART_std.o)
 .debug_aranges
                0x000009e0       0x20 .\CortexM3\ARM_GCC_541\Debug\Design01.a(USBUART_vnd.o)
 .debug_aranges
                0x00000a00       0x48 .\CortexM3\ARM_GCC_541\Debug\Design01.a(USBUART_Dp.o)
 .debug_aranges
                0x00000a48       0xe8 .\CortexM3\ARM_GCC_541\Debug\Design01.a(ADC_DelSig_1.o)
 .debug_aranges
                0x00000b30       0x38 .\CortexM3\ARM_GCC_541\Debug\Design01.a(ADC_DelSig_1_INT.o)
 .debug_aranges
                0x00000b68       0x50 .\CortexM3\ARM_GCC_541\Debug\Design01.a(TIA_1.o)
 .debug_aranges
                0x00000bb8       0x58 .\CortexM3\ARM_GCC_541\Debug\Design01.a(VDAC_Vgs.o)
 .debug_aranges
                0x00000c10       0x58 .\CortexM3\ARM_GCC_541\Debug\Design01.a(VDAC_Vds.o)
 .debug_aranges
                0x00000c68       0x70 .\CortexM3\ARM_GCC_541\Debug\Design01.a(ADC_DelSig_1_Ext_CP_Clk.o)
 .debug_aranges
                0x00000cd8       0x80 .\CortexM3\ARM_GCC_541\Debug\Design01.a(ADC_DelSig_1_theACLK.o)
 .debug_aranges
                0x00000d58       0x58 .\CortexM3\ARM_GCC_541\Debug\Design01.a(VDAC_Ref.o)
 .debug_aranges
                0x00000db0       0x38 .\CortexM3\ARM_GCC_541\Debug\Design01.a(I2C_1.o)
 .debug_aranges
                0x00000de8       0x20 .\CortexM3\ARM_GCC_541\Debug\Design01.a(I2C_1_INT.o)
 .debug_aranges
                0x00000e08       0x80 .\CortexM3\ARM_GCC_541\Debug\Design01.a(I2C_1_MASTER.o)
 .debug_aranges
                0x00000e88       0x88 .\CortexM3\ARM_GCC_541\Debug\Design01.a(CommunicationTimer.o)
 .debug_aranges
                0x00000f10       0x80 .\CortexM3\ARM_GCC_541\Debug\Design01.a(CommunicationInterrupt.o)
 .debug_aranges
                0x00000f90       0xa8 .\CortexM3\ARM_GCC_541\Debug\Design01.a(ADC_SAR_1.o)
 .debug_aranges
                0x00001038       0x20 .\CortexM3\ARM_GCC_541\Debug\Design01.a(ADC_SAR_1_INT.o)
 .debug_aranges
                0x00001058       0xa8 .\CortexM3\ARM_GCC_541\Debug\Design01.a(ADC_SAR_2.o)
 .debug_aranges
                0x00001100       0x20 .\CortexM3\ARM_GCC_541\Debug\Design01.a(ADC_SAR_2_INT.o)
 .debug_aranges
                0x00001120       0x80 .\CortexM3\ARM_GCC_541\Debug\Design01.a(ADC_SAR_1_theACLK.o)
 .debug_aranges
                0x000011a0       0x80 .\CortexM3\ARM_GCC_541\Debug\Design01.a(ADC_SAR_2_theACLK.o)
 .debug_aranges
                0x00001220       0x20 .\CortexM3\ARM_GCC_541\Debug\Design01.a(CyBootAsmGnu.o)
 .debug_aranges
                0x00001240       0x80 .\CortexM3\ARM_GCC_541\Debug\Design01.a(CyFlash.o)
 .debug_aranges
                0x000012c0       0x78 .\CortexM3\ARM_GCC_541\Debug\Design01.a(CySpc.o)
 .debug_aranges
                0x00001338       0x20 .\CortexM3\ARM_GCC_541\Debug\Design01.a(USBUART_cls.o)
 .debug_aranges
                0x00001358       0x18 .\CortexM3\ARM_GCC_541\Debug\Design01.a(USBUART_descr.o)

.debug_pubnames
 *(.debug_pubnames)

.debug_info     0x00000000     0xd4b4
 *(.debug_info .gnu.linkonce.wi.*)
 .debug_info    0x00000000     0x2d63 .\CortexM3\ARM_GCC_541\Debug\main.o
 .debug_info    0x00002d63      0x69d .\CortexM3\ARM_GCC_541\Debug\cyfitter_cfg.o
 .debug_info    0x00003400      0x139 .\CortexM3\ARM_GCC_541\Debug\cymetadata.o
 .debug_info    0x00003539      0x3bb .\CortexM3\ARM_GCC_541\Debug\Cm3Start.o
 .debug_info    0x000038f4      0x60c .\CortexM3\ARM_GCC_541\Debug\Design01.a(UART_1.o)
 .debug_info    0x00003f00      0x283 .\CortexM3\ARM_GCC_541\Debug\Design01.a(UART_1_IntClock.o)
 .debug_info    0x00004183     0x1374 .\CortexM3\ARM_GCC_541\Debug\Design01.a(CyLib.o)
 .debug_info    0x000054f7      0xa2a .\CortexM3\ARM_GCC_541\Debug\Design01.a(cyPm.o)
 .debug_info    0x00005f21      0x98f .\CortexM3\ARM_GCC_541\Debug\Design01.a(USBUART.o)
 .debug_info    0x000068b0      0xaf7 .\CortexM3\ARM_GCC_541\Debug\Design01.a(USBUART_cdc.o)
 .debug_info    0x000073a7      0x655 .\CortexM3\ARM_GCC_541\Debug\Design01.a(USBUART_drv.o)
 .debug_info    0x000079fc      0x254 .\CortexM3\ARM_GCC_541\Debug\Design01.a(USBUART_episr.o)
 .debug_info    0x00007c50      0x2e4 .\CortexM3\ARM_GCC_541\Debug\Design01.a(USBUART_pm.o)
 .debug_info    0x00007f34      0xb26 .\CortexM3\ARM_GCC_541\Debug\Design01.a(USBUART_std.o)
 .debug_info    0x00008a5a       0xed .\CortexM3\ARM_GCC_541\Debug\Design01.a(USBUART_vnd.o)
 .debug_info    0x00008b47      0x174 .\CortexM3\ARM_GCC_541\Debug\Design01.a(USBUART_Dp.o)
 .debug_info    0x00008cbb      0xb91 .\CortexM3\ARM_GCC_541\Debug\Design01.a(ADC_DelSig_1.o)
 .debug_info    0x0000984c       0xd3 .\CortexM3\ARM_GCC_541\Debug\Design01.a(ADC_DelSig_1_INT.o)
 .debug_info    0x0000991f      0x1d5 .\CortexM3\ARM_GCC_541\Debug\Design01.a(TIA_1.o)
 .debug_info    0x00009af4      0x1de .\CortexM3\ARM_GCC_541\Debug\Design01.a(VDAC_Vgs.o)
 .debug_info    0x00009cd2      0x1df .\CortexM3\ARM_GCC_541\Debug\Design01.a(VDAC_Vds.o)
 .debug_info    0x00009eb1      0x283 .\CortexM3\ARM_GCC_541\Debug\Design01.a(ADC_DelSig_1_Ext_CP_Clk.o)
 .debug_info    0x0000a134      0x2c4 .\CortexM3\ARM_GCC_541\Debug\Design01.a(ADC_DelSig_1_theACLK.o)
 .debug_info    0x0000a3f8      0x1df .\CortexM3\ARM_GCC_541\Debug\Design01.a(VDAC_Ref.o)
 .debug_info    0x0000a5d7      0x1e0 .\CortexM3\ARM_GCC_541\Debug\Design01.a(I2C_1.o)
 .debug_info    0x0000a7b7      0x184 .\CortexM3\ARM_GCC_541\Debug\Design01.a(I2C_1_INT.o)
 .debug_info    0x0000a93b      0x407 .\CortexM3\ARM_GCC_541\Debug\Design01.a(I2C_1_MASTER.o)
 .debug_info    0x0000ad42      0x293 .\CortexM3\ARM_GCC_541\Debug\Design01.a(CommunicationTimer.o)
 .debug_info    0x0000afd5      0x2d2 .\CortexM3\ARM_GCC_541\Debug\Design01.a(CommunicationInterrupt.o)
 .debug_info    0x0000b2a7      0x5d0 .\CortexM3\ARM_GCC_541\Debug\Design01.a(ADC_SAR_1.o)
 .debug_info    0x0000b877       0x92 .\CortexM3\ARM_GCC_541\Debug\Design01.a(ADC_SAR_1_INT.o)
 .debug_info    0x0000b909      0x5d0 .\CortexM3\ARM_GCC_541\Debug\Design01.a(ADC_SAR_2.o)
 .debug_info    0x0000bed9       0x92 .\CortexM3\ARM_GCC_541\Debug\Design01.a(ADC_SAR_2_INT.o)
 .debug_info    0x0000bf6b      0x2c4 .\CortexM3\ARM_GCC_541\Debug\Design01.a(ADC_SAR_1_theACLK.o)
 .debug_info    0x0000c22f      0x2c4 .\CortexM3\ARM_GCC_541\Debug\Design01.a(ADC_SAR_2_theACLK.o)
 .debug_info    0x0000c4f3       0x9d .\CortexM3\ARM_GCC_541\Debug\Design01.a(CyBootAsmGnu.o)
 .debug_info    0x0000c590      0x5b8 .\CortexM3\ARM_GCC_541\Debug\Design01.a(CyFlash.o)
 .debug_info    0x0000cb48      0x4e9 .\CortexM3\ARM_GCC_541\Debug\Design01.a(CySpc.o)
 .debug_info    0x0000d031      0x1de .\CortexM3\ARM_GCC_541\Debug\Design01.a(USBUART_cls.o)
 .debug_info    0x0000d20f      0x2a5 .\CortexM3\ARM_GCC_541\Debug\Design01.a(USBUART_descr.o)

.debug_abbrev   0x00000000     0x3210
 *(.debug_abbrev)
 .debug_abbrev  0x00000000      0x306 .\CortexM3\ARM_GCC_541\Debug\main.o
 .debug_abbrev  0x00000306      0x20d .\CortexM3\ARM_GCC_541\Debug\cyfitter_cfg.o
 .debug_abbrev  0x00000513       0x77 .\CortexM3\ARM_GCC_541\Debug\cymetadata.o
 .debug_abbrev  0x0000058a      0x1e8 .\CortexM3\ARM_GCC_541\Debug\Cm3Start.o
 .debug_abbrev  0x00000772      0x175 .\CortexM3\ARM_GCC_541\Debug\Design01.a(UART_1.o)
 .debug_abbrev  0x000008e7      0x139 .\CortexM3\ARM_GCC_541\Debug\Design01.a(UART_1_IntClock.o)
 .debug_abbrev  0x00000a20      0x254 .\CortexM3\ARM_GCC_541\Debug\Design01.a(CyLib.o)
 .debug_abbrev  0x00000c74      0x1ab .\CortexM3\ARM_GCC_541\Debug\Design01.a(cyPm.o)
 .debug_abbrev  0x00000e1f      0x215 .\CortexM3\ARM_GCC_541\Debug\Design01.a(USBUART.o)
 .debug_abbrev  0x00001034      0x245 .\CortexM3\ARM_GCC_541\Debug\Design01.a(USBUART_cdc.o)
 .debug_abbrev  0x00001279      0x189 .\CortexM3\ARM_GCC_541\Debug\Design01.a(USBUART_drv.o)
 .debug_abbrev  0x00001402      0x11b .\CortexM3\ARM_GCC_541\Debug\Design01.a(USBUART_episr.o)
 .debug_abbrev  0x0000151d      0x108 .\CortexM3\ARM_GCC_541\Debug\Design01.a(USBUART_pm.o)
 .debug_abbrev  0x00001625      0x20a .\CortexM3\ARM_GCC_541\Debug\Design01.a(USBUART_std.o)
 .debug_abbrev  0x0000182f       0x9b .\CortexM3\ARM_GCC_541\Debug\Design01.a(USBUART_vnd.o)
 .debug_abbrev  0x000018ca       0x90 .\CortexM3\ARM_GCC_541\Debug\Design01.a(USBUART_Dp.o)
 .debug_abbrev  0x0000195a      0x1eb .\CortexM3\ARM_GCC_541\Debug\Design01.a(ADC_DelSig_1.o)
 .debug_abbrev  0x00001b45       0x42 .\CortexM3\ARM_GCC_541\Debug\Design01.a(ADC_DelSig_1_INT.o)
 .debug_abbrev  0x00001b87       0xf7 .\CortexM3\ARM_GCC_541\Debug\Design01.a(TIA_1.o)
 .debug_abbrev  0x00001c7e       0xf7 .\CortexM3\ARM_GCC_541\Debug\Design01.a(VDAC_Vgs.o)
 .debug_abbrev  0x00001d75       0xf7 .\CortexM3\ARM_GCC_541\Debug\Design01.a(VDAC_Vds.o)
 .debug_abbrev  0x00001e6c      0x139 .\CortexM3\ARM_GCC_541\Debug\Design01.a(ADC_DelSig_1_Ext_CP_Clk.o)
 .debug_abbrev  0x00001fa5      0x121 .\CortexM3\ARM_GCC_541\Debug\Design01.a(ADC_DelSig_1_theACLK.o)
 .debug_abbrev  0x000020c6       0xf7 .\CortexM3\ARM_GCC_541\Debug\Design01.a(VDAC_Ref.o)
 .debug_abbrev  0x000021bd       0xe1 .\CortexM3\ARM_GCC_541\Debug\Design01.a(I2C_1.o)
 .debug_abbrev  0x0000229e       0xb6 .\CortexM3\ARM_GCC_541\Debug\Design01.a(I2C_1_INT.o)
 .debug_abbrev  0x00002354      0x13c .\CortexM3\ARM_GCC_541\Debug\Design01.a(I2C_1_MASTER.o)
 .debug_abbrev  0x00002490      0x11a .\CortexM3\ARM_GCC_541\Debug\Design01.a(CommunicationTimer.o)
 .debug_abbrev  0x000025aa      0x173 .\CortexM3\ARM_GCC_541\Debug\Design01.a(CommunicationInterrupt.o)